

================================================================
== Vitis HLS Report for 'bnn_top_Pipeline_L4_B'
================================================================
* Date:           Sat May  9 04:49:34 2026

* Version:        2025.1 (Build 6135595 on May 21 2025)
* Project:        bnn_top
* Solution:       solution (Vivado IP Flow Target)
* Product family: zynq
* Target device:  xc7z020-clg400-1


================================================================
== Performance Estimates
================================================================
+ Timing: 
    * Summary: 
    +--------+----------+----------+------------+
    |  Clock |  Target  | Estimated| Uncertainty|
    +--------+----------+----------+------------+
    |ap_clk  |  10.00 ns|  7.212 ns|     2.70 ns|
    +--------+----------+----------+------------+

+ Latency: 
    * Summary: 
    +---------+---------+-----------+-----------+-----+-----+------------------------------------------------+
    |  Latency (cycles) |   Latency (absolute)  |  Interval |                    Pipeline                    |
    |   min   |   max   |    min    |    max    | min | max |                      Type                      |
    +---------+---------+-----------+-----------+-----+-----+------------------------------------------------+
    |        5|        5|  50.000 ns|  50.000 ns|    3|    3|  loop auto-rewind stp (delay=0 clock cycles(s))|
    +---------+---------+-----------+-----------+-----+-----+------------------------------------------------+

    + Detail: 
        * Instance: 
        N/A

        * Loop: 
        +----------+---------+---------+----------+-----------+-----------+------+----------+
        |          |  Latency (cycles) | Iteration|  Initiation Interval  | Trip |          |
        | Loop Name|   min   |   max   |  Latency |  achieved |   target  | Count| Pipelined|
        +----------+---------+---------+----------+-----------+-----------+------+----------+
        |- L4_B    |        3|        3|         3|          1|          1|     2|       yes|
        +----------+---------+---------+----------+-----------+-----------+------+----------+

============================================================
+ Verbose Summary: Synthesis Manager
============================================================
InlineROM: 1
ExposeGlobal: 0
============================================================
+ Verbose Summary: CDFG Model
============================================================
IsTopModel: 0
ResetActiveHigh: 1
IsCombinational: 0
IsDatapathOnly: 0
HasWiredReturn: 1
HasMFsm: 2
HasVarLatency: 1
IsPipeline: 0
IsRtlPipelined: 0
IsInstanceOverlapped: 0
IsDontTouch: 0
HasImplIP: 0
IsGatedGlobalClock: 0

+ Individual pipeline summary: 
  * Pipeline-0: initiation interval (II) = 1, depth = 3


============================================================
+ Verbose Summary: Schedule
============================================================
* Number of FSM states : 3
* Pipeline : 1
  Pipeline-0 : II = 1, D = 3, States = { 1 2 3 }
* Dataflow Pipeline: 0

* FSM state transitions: 
1 --> 2 
2 --> 3 
3 --> 

* FSM state operations: 

State 1 <SV = 0> <Delay = 4.74>
ST_1 : Operation 6 [1/1] (0.00ns)   --->   "%o = alloca i32 1" [bnn_top.cpp:89]   --->   Operation 6 'alloca' 'o' <Predicate = true> <Delay = 0.00>
ST_1 : Operation 7 [1/1] (0.00ns)   --->   "%specaxissidechannel_ln0 = specaxissidechannel void @_ssdm_op_SpecAXISSideChannel, i32 %s_axis_input_V_data_V, i4 %s_axis_input_V_keep_V, i4 %s_axis_input_V_strb_V, i1 %s_axis_input_V_user_V, i1 %s_axis_input_V_last_V, i1 %s_axis_input_V_id_V, i1 %s_axis_input_V_dest_V, void @empty_5"   --->   Operation 7 'specaxissidechannel' 'specaxissidechannel_ln0' <Predicate = true> <Delay = 0.00>
ST_1 : Operation 8 [1/1] (0.00ns)   --->   "%specinterface_ln0 = specinterface void @_ssdm_op_SpecInterface, i1 %s_axis_input_V_dest_V, void @empty, i32 0, i32 0, void @empty_0, i32 0, i32 0, void @empty_1, void @empty_1, void @empty_1, i32 0, i32 0, i32 0, i32 0, void @empty_1, void @empty_1, i32 4294967295, i32 0, i32 0"   --->   Operation 8 'specinterface' 'specinterface_ln0' <Predicate = true> <Delay = 0.00>
ST_1 : Operation 9 [1/1] (0.00ns)   --->   "%specinterface_ln0 = specinterface void @_ssdm_op_SpecInterface, i1 %s_axis_input_V_id_V, void @empty, i32 0, i32 0, void @empty_0, i32 0, i32 0, void @empty_1, void @empty_1, void @empty_1, i32 0, i32 0, i32 0, i32 0, void @empty_1, void @empty_1, i32 4294967295, i32 0, i32 0"   --->   Operation 9 'specinterface' 'specinterface_ln0' <Predicate = true> <Delay = 0.00>
ST_1 : Operation 10 [1/1] (0.00ns)   --->   "%specinterface_ln0 = specinterface void @_ssdm_op_SpecInterface, i1 %s_axis_input_V_last_V, void @empty, i32 0, i32 0, void @empty_0, i32 0, i32 0, void @empty_1, void @empty_1, void @empty_1, i32 0, i32 0, i32 0, i32 0, void @empty_1, void @empty_1, i32 4294967295, i32 0, i32 0"   --->   Operation 10 'specinterface' 'specinterface_ln0' <Predicate = true> <Delay = 0.00>
ST_1 : Operation 11 [1/1] (0.00ns)   --->   "%specinterface_ln0 = specinterface void @_ssdm_op_SpecInterface, i1 %s_axis_input_V_user_V, void @empty, i32 0, i32 0, void @empty_0, i32 0, i32 0, void @empty_1, void @empty_1, void @empty_1, i32 0, i32 0, i32 0, i32 0, void @empty_1, void @empty_1, i32 4294967295, i32 0, i32 0"   --->   Operation 11 'specinterface' 'specinterface_ln0' <Predicate = true> <Delay = 0.00>
ST_1 : Operation 12 [1/1] (0.00ns)   --->   "%specinterface_ln0 = specinterface void @_ssdm_op_SpecInterface, i4 %s_axis_input_V_strb_V, void @empty, i32 0, i32 0, void @empty_0, i32 0, i32 0, void @empty_1, void @empty_1, void @empty_1, i32 0, i32 0, i32 0, i32 0, void @empty_1, void @empty_1, i32 4294967295, i32 0, i32 0"   --->   Operation 12 'specinterface' 'specinterface_ln0' <Predicate = true> <Delay = 0.00>
ST_1 : Operation 13 [1/1] (0.00ns)   --->   "%specinterface_ln0 = specinterface void @_ssdm_op_SpecInterface, i4 %s_axis_input_V_keep_V, void @empty, i32 0, i32 0, void @empty_0, i32 0, i32 0, void @empty_1, void @empty_1, void @empty_1, i32 0, i32 0, i32 0, i32 0, void @empty_1, void @empty_1, i32 4294967295, i32 0, i32 0"   --->   Operation 13 'specinterface' 'specinterface_ln0' <Predicate = true> <Delay = 0.00>
ST_1 : Operation 14 [1/1] (0.00ns)   --->   "%specinterface_ln0 = specinterface void @_ssdm_op_SpecInterface, i32 %s_axis_input_V_data_V, void @empty, i32 0, i32 0, void @empty_0, i32 0, i32 0, void @empty_1, void @empty_1, void @empty_1, i32 0, i32 0, i32 0, i32 0, void @empty_1, void @empty_1, i32 4294967295, i32 0, i32 0"   --->   Operation 14 'specinterface' 'specinterface_ln0' <Predicate = true> <Delay = 0.00>
ST_1 : Operation 15 [1/1] (1.58ns)   --->   "%store_ln89 = store i2 0, i2 %o" [bnn_top.cpp:89]   --->   Operation 15 'store' 'store_ln89' <Predicate = true> <Delay = 1.58>
ST_1 : Operation 16 [1/1] (0.00ns)   --->   "%br_ln89 = br void %for.body221" [bnn_top.cpp:89]   --->   Operation 16 'br' 'br_ln89' <Predicate = true> <Delay = 0.00>
ST_1 : Operation 17 [1/1] (0.00ns)   --->   "%o_2 = load i2 %o" [bnn_top.cpp:89]   --->   Operation 17 'load' 'o_2' <Predicate = true> <Delay = 0.00>
ST_1 : Operation 18 [1/1] (1.56ns)   --->   "%icmp_ln89 = icmp_eq  i2 %o_2, i2 2" [bnn_top.cpp:89]   --->   Operation 18 'icmp' 'icmp_ln89' <Predicate = true> <Delay = 1.56> <CoreInst = "Cmp">   --->   Core 9 'Cmp' <Latency = 0> <II = 1> <Delay = 1.56> <FuncUnit> <Opcode : 'seteq' 'setne' 'setle' 'setge' 'setlt' 'setgt'> <InPorts = 2> <OutPorts = 1>
ST_1 : Operation 19 [1/1] (1.56ns)   --->   "%add_ln89 = add i2 %o_2, i2 1" [bnn_top.cpp:89]   --->   Operation 19 'add' 'add_ln89' <Predicate = true> <Delay = 1.56> <CoreInst = "Adder">   --->   Core 1 'Adder' <Latency = 0> <II = 1> <Delay = 1.56> <FuncUnit> <Opcode : 'add' 'sub'> <InPorts = 2> <OutPorts = 1>
ST_1 : Operation 20 [1/1] (0.00ns)   --->   "%br_ln89 = br i1 %icmp_ln89, void %for.body221.split, void %WR_OUT.exitStub" [bnn_top.cpp:89]   --->   Operation 20 'br' 'br_ln89' <Predicate = true> <Delay = 0.00>
ST_1 : Operation 21 [1/1] (1.56ns)   --->   "%icmp_ln92 = icmp_eq  i2 %o_2, i2 1" [bnn_top.cpp:92]   --->   Operation 21 'icmp' 'icmp_ln92' <Predicate = (!icmp_ln89)> <Delay = 1.56> <CoreInst = "Cmp">   --->   Core 9 'Cmp' <Latency = 0> <II = 1> <Delay = 1.56> <FuncUnit> <Opcode : 'seteq' 'setne' 'setle' 'setge' 'setlt' 'setgt'> <InPorts = 2> <OutPorts = 1>
ST_1 : Operation 22 [1/1] (1.56ns)   --->   "%icmp_ln93 = icmp_eq  i2 %o_2, i2 0" [bnn_top.cpp:93]   --->   Operation 22 'icmp' 'icmp_ln93' <Predicate = (!icmp_ln89)> <Delay = 1.56> <CoreInst = "Cmp">   --->   Core 9 'Cmp' <Latency = 0> <II = 1> <Delay = 1.56> <FuncUnit> <Opcode : 'seteq' 'setne' 'setle' 'setge' 'setlt' 'setgt'> <InPorts = 2> <OutPorts = 1>
ST_1 : Operation 23 [1/1] (0.00ns)   --->   "%br_ln93 = br i1 %icmp_ln93, void %V42.i.i.i1042407.case.1, void %V42.i.i.i1042407.case.0" [bnn_top.cpp:93]   --->   Operation 23 'br' 'br_ln93' <Predicate = (!icmp_ln89)> <Delay = 0.00>
ST_1 : Operation 24 [1/1] (1.58ns)   --->   "%store_ln89 = store i2 %add_ln89, i2 %o" [bnn_top.cpp:89]   --->   Operation 24 'store' 'store_ln89' <Predicate = (!icmp_ln89)> <Delay = 1.58>
ST_1 : Operation 25 [1/1] (0.00ns)   --->   "%br_ln89 = br void %for.body221" [bnn_top.cpp:89]   --->   Operation 25 'br' 'br_ln89' <Predicate = (!icmp_ln89)> <Delay = 0.00>

State 2 <SV = 1> <Delay = 7.21>
ST_2 : Operation 26 [1/1] (0.51ns)   --->   "%empty = read i44 @_ssdm_op_Read.axis.volatile.i32P0A.i4P0A.i4P0A.i1P0A.i1P0A.i1P0A.i1P0A, i32 %s_axis_input_V_data_V, i4 %s_axis_input_V_keep_V, i4 %s_axis_input_V_strb_V, i1 %s_axis_input_V_user_V, i1 %s_axis_input_V_last_V, i1 %s_axis_input_V_id_V, i1 %s_axis_input_V_dest_V" [bnn_top.cpp:91]   --->   Operation 26 'read' 'empty' <Predicate = true> <Delay = 0.51> <CoreInst = "regslice">   --->   Core 135 'regslice' <Latency = 0> <II = 1> <Delay = 1.86> <Adapter> <Opcode : 'read' 'write'>
ST_2 : Operation 27 [1/1] (0.00ns)   --->   "%p_s = extractvalue i44 %empty" [bnn_top.cpp:91]   --->   Operation 27 'extractvalue' 'p_s' <Predicate = true> <Delay = 0.00>
ST_2 : Operation 28 [1/1] (0.00ns)   --->   "%act4_read = read i16 @_ssdm_op_Read.ap_auto.i16P0A, i16 %act4" [bnn_top.cpp:92]   --->   Operation 28 'read' 'act4_read' <Predicate = true> <Delay = 0.00>
ST_2 : Operation 29 [1/1] (0.00ns)   --->   "%act4_1_read = read i16 @_ssdm_op_Read.ap_auto.i16P0A, i16 %act4_1" [bnn_top.cpp:92]   --->   Operation 29 'read' 'act4_1_read' <Predicate = true> <Delay = 0.00>
ST_2 : Operation 30 [1/1] (0.80ns)   --->   "%select_ln92 = select i1 %icmp_ln92, i16 %act4_1_read, i16 %act4_read" [bnn_top.cpp:92]   --->   Operation 30 'select' 'select_ln92' <Predicate = true> <Delay = 0.80> <CoreInst = "Sel">   --->   Core 73 'Sel' <Latency = 0> <II = 1> <Delay = 0.80> <FuncUnit> <Opcode : 'select'> <InPorts = 3> <OutPorts = 1>
ST_2 : Operation 31 [1/1] (0.00ns)   --->   "%shl_ln7 = bitconcatenate i26 @_ssdm_op_BitConcatenate.i26.i16.i10, i16 %select_ln92, i10 0" [bnn_top.cpp:92]   --->   Operation 31 'bitconcatenate' 'shl_ln7' <Predicate = true> <Delay = 0.00>
ST_2 : Operation 32 [1/1] (0.00ns)   --->   "%sext_ln92 = sext i26 %shl_ln7" [bnn_top.cpp:92]   --->   Operation 32 'sext' 'sext_ln92' <Predicate = true> <Delay = 0.00>
ST_2 : Operation 33 [1/1] (0.00ns)   --->   "%trunc_ln92 = trunc i32 %p_s" [bnn_top.cpp:92]   --->   Operation 33 'trunc' 'trunc_ln92' <Predicate = true> <Delay = 0.00>
ST_2 : Operation 34 [1/1] (0.00ns)   --->   "%shl_ln92_1 = bitconcatenate i26 @_ssdm_op_BitConcatenate.i26.i16.i10, i16 %trunc_ln92, i10 0" [bnn_top.cpp:92]   --->   Operation 34 'bitconcatenate' 'shl_ln92_1' <Predicate = true> <Delay = 0.00>
ST_2 : Operation 35 [1/1] (0.00ns)   --->   "%sext_ln92_1 = sext i26 %shl_ln92_1" [bnn_top.cpp:92]   --->   Operation 35 'sext' 'sext_ln92_1' <Predicate = true> <Delay = 0.00>
ST_2 : Operation 36 [1/1] (2.37ns)   --->   "%add_ln92 = add i26 %shl_ln7, i26 %shl_ln92_1" [bnn_top.cpp:92]   --->   Operation 36 'add' 'add_ln92' <Predicate = true> <Delay = 2.37> <CoreInst = "Adder">   --->   Core 1 'Adder' <Latency = 0> <II = 1> <Delay = 2.37> <FuncUnit> <Opcode : 'add' 'sub'> <InPorts = 2> <OutPorts = 1>
ST_2 : Operation 37 [1/1] (2.37ns)   --->   "%acc = add i27 %sext_ln92, i27 %sext_ln92_1" [bnn_top.cpp:92]   --->   Operation 37 'add' 'acc' <Predicate = true> <Delay = 2.37> <CoreInst = "Adder">   --->   Core 1 'Adder' <Latency = 0> <II = 1> <Delay = 2.37> <FuncUnit> <Opcode : 'add' 'sub'> <InPorts = 2> <OutPorts = 1>
ST_2 : Operation 38 [1/1] (0.00ns)   --->   "%tmp = bitselect i1 @_ssdm_op_BitSelect.i1.i27.i32, i27 %acc, i32 26" [bnn_top.cpp:93]   --->   Operation 38 'bitselect' 'tmp' <Predicate = true> <Delay = 0.00>
ST_2 : Operation 39 [1/1] (0.00ns) (grouped into LUT with out node add_ln93)   --->   "%trunc_ln4 = partselect i16 @_ssdm_op_PartSelect.i16.i26.i32.i32, i26 %add_ln92, i32 10, i32 25" [bnn_top.cpp:93]   --->   Operation 39 'partselect' 'trunc_ln4' <Predicate = true> <Delay = 0.00>
ST_2 : Operation 40 [1/1] (0.00ns) (grouped into LUT with out node add_ln93)   --->   "%tmp_9 = bitselect i1 @_ssdm_op_BitSelect.i1.i26.i32, i26 %add_ln92, i32 9" [bnn_top.cpp:93]   --->   Operation 40 'bitselect' 'tmp_9' <Predicate = true> <Delay = 0.00>
ST_2 : Operation 41 [1/1] (0.00ns)   --->   "%tmp_10 = bitselect i1 @_ssdm_op_BitSelect.i1.i26.i32, i26 %add_ln92, i32 25" [bnn_top.cpp:93]   --->   Operation 41 'bitselect' 'tmp_10' <Predicate = true> <Delay = 0.00>
ST_2 : Operation 42 [1/1] (0.00ns) (grouped into LUT with out node add_ln93)   --->   "%and_ln93 = and i1 %tmp, i1 %tmp_9" [bnn_top.cpp:93]   --->   Operation 42 'and' 'and_ln93' <Predicate = true> <Delay = 0.00> <CoreInst = "LogicGate">   --->   Core 74 'LogicGate' <Latency = 0> <II = 1> <Delay = 0.97> <FuncUnit> <Opcode : 'and' 'or' 'xor'> <InPorts = 2> <OutPorts = 1>
ST_2 : Operation 43 [1/1] (0.00ns) (grouped into LUT with out node add_ln93)   --->   "%zext_ln93 = zext i1 %and_ln93" [bnn_top.cpp:93]   --->   Operation 43 'zext' 'zext_ln93' <Predicate = true> <Delay = 0.00>
ST_2 : Operation 44 [1/1] (2.07ns) (out node of the LUT)   --->   "%add_ln93 = add i16 %trunc_ln4, i16 %zext_ln93" [bnn_top.cpp:93]   --->   Operation 44 'add' 'add_ln93' <Predicate = true> <Delay = 2.07> <CoreInst = "Adder">   --->   Core 1 'Adder' <Latency = 0> <II = 1> <Delay = 2.07> <FuncUnit> <Opcode : 'add' 'sub'> <InPorts = 2> <OutPorts = 1>
ST_2 : Operation 45 [1/1] (0.00ns)   --->   "%tmp_11 = bitselect i1 @_ssdm_op_BitSelect.i1.i16.i32, i16 %add_ln93, i32 15" [bnn_top.cpp:93]   --->   Operation 45 'bitselect' 'tmp_11' <Predicate = true> <Delay = 0.00>
ST_2 : Operation 46 [1/1] (0.00ns) (grouped into LUT with out node or_ln93_2)   --->   "%xor_ln93 = xor i1 %tmp_11, i1 1" [bnn_top.cpp:93]   --->   Operation 46 'xor' 'xor_ln93' <Predicate = true> <Delay = 0.00> <CoreInst = "LogicGate">   --->   Core 74 'LogicGate' <Latency = 0> <II = 1> <Delay = 0.97> <FuncUnit> <Opcode : 'and' 'or' 'xor'> <InPorts = 2> <OutPorts = 1>
ST_2 : Operation 47 [1/1] (0.00ns) (grouped into LUT with out node or_ln93_2)   --->   "%and_ln93_1 = and i1 %tmp_10, i1 %xor_ln93" [bnn_top.cpp:93]   --->   Operation 47 'and' 'and_ln93_1' <Predicate = true> <Delay = 0.00> <CoreInst = "LogicGate">   --->   Core 74 'LogicGate' <Latency = 0> <II = 1> <Delay = 0.97> <FuncUnit> <Opcode : 'and' 'or' 'xor'> <InPorts = 2> <OutPorts = 1>
ST_2 : Operation 48 [1/1] (0.00ns) (grouped into LUT with out node and_ln93_2)   --->   "%xor_ln93_3 = xor i1 %tmp_10, i1 1" [bnn_top.cpp:93]   --->   Operation 48 'xor' 'xor_ln93_3' <Predicate = true> <Delay = 0.00> <CoreInst = "LogicGate">   --->   Core 74 'LogicGate' <Latency = 0> <II = 1> <Delay = 0.97> <FuncUnit> <Opcode : 'and' 'or' 'xor'> <InPorts = 2> <OutPorts = 1>
ST_2 : Operation 49 [1/1] (0.00ns) (grouped into LUT with out node and_ln93_2)   --->   "%or_ln93 = or i1 %tmp_11, i1 %xor_ln93_3" [bnn_top.cpp:93]   --->   Operation 49 'or' 'or_ln93' <Predicate = true> <Delay = 0.00> <CoreInst = "LogicGate">   --->   Core 74 'LogicGate' <Latency = 0> <II = 1> <Delay = 0.97> <FuncUnit> <Opcode : 'and' 'or' 'xor'> <InPorts = 2> <OutPorts = 1>
ST_2 : Operation 50 [1/1] (0.00ns) (grouped into LUT with out node and_ln93_2)   --->   "%xor_ln93_4 = xor i1 %tmp, i1 %or_ln93" [bnn_top.cpp:93]   --->   Operation 50 'xor' 'xor_ln93_4' <Predicate = true> <Delay = 0.00> <CoreInst = "LogicGate">   --->   Core 74 'LogicGate' <Latency = 0> <II = 1> <Delay = 0.97> <FuncUnit> <Opcode : 'and' 'or' 'xor'> <InPorts = 2> <OutPorts = 1>
ST_2 : Operation 51 [1/1] (0.00ns) (grouped into LUT with out node and_ln93_2)   --->   "%xor_ln93_1 = xor i1 %tmp, i1 1" [bnn_top.cpp:93]   --->   Operation 51 'xor' 'xor_ln93_1' <Predicate = true> <Delay = 0.00> <CoreInst = "LogicGate">   --->   Core 74 'LogicGate' <Latency = 0> <II = 1> <Delay = 0.97> <FuncUnit> <Opcode : 'and' 'or' 'xor'> <InPorts = 2> <OutPorts = 1>
ST_2 : Operation 52 [1/1] (0.00ns) (grouped into LUT with out node and_ln93_2)   --->   "%xor_ln93_2 = xor i1 %xor_ln93_4, i1 1" [bnn_top.cpp:93]   --->   Operation 52 'xor' 'xor_ln93_2' <Predicate = true> <Delay = 0.00> <CoreInst = "LogicGate">   --->   Core 74 'LogicGate' <Latency = 0> <II = 1> <Delay = 0.97> <FuncUnit> <Opcode : 'and' 'or' 'xor'> <InPorts = 2> <OutPorts = 1>
ST_2 : Operation 53 [1/1] (0.00ns) (grouped into LUT with out node and_ln93_2)   --->   "%or_ln93_1 = or i1 %tmp_11, i1 %xor_ln93_2" [bnn_top.cpp:93]   --->   Operation 53 'or' 'or_ln93_1' <Predicate = true> <Delay = 0.00> <CoreInst = "LogicGate">   --->   Core 74 'LogicGate' <Latency = 0> <II = 1> <Delay = 0.97> <FuncUnit> <Opcode : 'and' 'or' 'xor'> <InPorts = 2> <OutPorts = 1>
ST_2 : Operation 54 [1/1] (0.97ns) (out node of the LUT)   --->   "%and_ln93_2 = and i1 %or_ln93_1, i1 %xor_ln93_1" [bnn_top.cpp:93]   --->   Operation 54 'and' 'and_ln93_2' <Predicate = true> <Delay = 0.97> <CoreInst = "LogicGate">   --->   Core 74 'LogicGate' <Latency = 0> <II = 1> <Delay = 0.97> <FuncUnit> <Opcode : 'and' 'or' 'xor'> <InPorts = 2> <OutPorts = 1>
ST_2 : Operation 55 [1/1] (0.00ns) (grouped into LUT with out node or_ln93_2)   --->   "%or_ln93_3 = or i1 %and_ln93_1, i1 %tmp_11" [bnn_top.cpp:93]   --->   Operation 55 'or' 'or_ln93_3' <Predicate = true> <Delay = 0.00> <CoreInst = "LogicGate">   --->   Core 74 'LogicGate' <Latency = 0> <II = 1> <Delay = 0.97> <FuncUnit> <Opcode : 'and' 'or' 'xor'> <InPorts = 2> <OutPorts = 1>
ST_2 : Operation 56 [1/1] (0.00ns) (grouped into LUT with out node or_ln93_2)   --->   "%xor_ln93_5 = xor i1 %or_ln93_3, i1 1" [bnn_top.cpp:93]   --->   Operation 56 'xor' 'xor_ln93_5' <Predicate = true> <Delay = 0.00> <CoreInst = "LogicGate">   --->   Core 74 'LogicGate' <Latency = 0> <II = 1> <Delay = 0.97> <FuncUnit> <Opcode : 'and' 'or' 'xor'> <InPorts = 2> <OutPorts = 1>
ST_2 : Operation 57 [1/1] (0.00ns) (grouped into LUT with out node or_ln93_2)   --->   "%and_ln93_3 = and i1 %tmp, i1 %xor_ln93_5" [bnn_top.cpp:93]   --->   Operation 57 'and' 'and_ln93_3' <Predicate = true> <Delay = 0.00> <CoreInst = "LogicGate">   --->   Core 74 'LogicGate' <Latency = 0> <II = 1> <Delay = 0.97> <FuncUnit> <Opcode : 'and' 'or' 'xor'> <InPorts = 2> <OutPorts = 1>
ST_2 : Operation 58 [1/1] (0.97ns) (out node of the LUT)   --->   "%or_ln93_2 = or i1 %and_ln93_2, i1 %and_ln93_3" [bnn_top.cpp:93]   --->   Operation 58 'or' 'or_ln93_2' <Predicate = true> <Delay = 0.97> <CoreInst = "LogicGate">   --->   Core 74 'LogicGate' <Latency = 0> <II = 1> <Delay = 0.97> <FuncUnit> <Opcode : 'and' 'or' 'xor'> <InPorts = 2> <OutPorts = 1>
ST_2 : Operation 68 [1/1] (1.58ns)   --->   "%ret_ln0 = ret"   --->   Operation 68 'ret' 'ret_ln0' <Predicate = (icmp_ln89)> <Delay = 1.58>

State 3 <SV = 2> <Delay = 0.80>
ST_3 : Operation 59 [1/1] (0.00ns)   --->   "%specpipeline_ln90 = specpipeline void @_ssdm_op_SpecPipeline, i32 1, i32 0, i32 0, i32 0, void @empty_1" [bnn_top.cpp:90]   --->   Operation 59 'specpipeline' 'specpipeline_ln90' <Predicate = true> <Delay = 0.00>
ST_3 : Operation 60 [1/1] (0.00ns)   --->   "%speclooptripcount_ln89 = speclooptripcount void @_ssdm_op_SpecLoopTripCount, i64 2, i64 2, i64 2" [bnn_top.cpp:89]   --->   Operation 60 'speclooptripcount' 'speclooptripcount_ln89' <Predicate = true> <Delay = 0.00>
ST_3 : Operation 61 [1/1] (0.00ns)   --->   "%specloopname_ln89 = specloopname void @_ssdm_op_SpecLoopName, void @empty_8" [bnn_top.cpp:89]   --->   Operation 61 'specloopname' 'specloopname_ln89' <Predicate = true> <Delay = 0.00>
ST_3 : Operation 62 [1/1] (0.00ns) (grouped into LUT with out node act4_3)   --->   "%select_ln93 = select i1 %and_ln93_2, i16 32767, i16 32768" [bnn_top.cpp:93]   --->   Operation 62 'select' 'select_ln93' <Predicate = (or_ln93_2)> <Delay = 0.00> <CoreInst = "Sel">   --->   Core 73 'Sel' <Latency = 0> <II = 1> <Delay = 0.80> <FuncUnit> <Opcode : 'select'> <InPorts = 3> <OutPorts = 1>
ST_3 : Operation 63 [1/1] (0.80ns) (out node of the LUT)   --->   "%act4_3 = select i1 %or_ln93_2, i16 %select_ln93, i16 %add_ln93" [bnn_top.cpp:93]   --->   Operation 63 'select' 'act4_3' <Predicate = true> <Delay = 0.80> <CoreInst = "Sel">   --->   Core 73 'Sel' <Latency = 0> <II = 1> <Delay = 0.80> <FuncUnit> <Opcode : 'select'> <InPorts = 3> <OutPorts = 1>
ST_3 : Operation 64 [1/1] (0.00ns)   --->   "%write_ln93 = write void @_ssdm_op_Write.ap_auto.i16P0A, i16 %act4_1, i16 %act4_3" [bnn_top.cpp:93]   --->   Operation 64 'write' 'write_ln93' <Predicate = (!icmp_ln93)> <Delay = 0.00>
ST_3 : Operation 65 [1/1] (0.00ns)   --->   "%br_ln93 = br void %V42.i.i.i1042407.exit" [bnn_top.cpp:93]   --->   Operation 65 'br' 'br_ln93' <Predicate = (!icmp_ln93)> <Delay = 0.00>
ST_3 : Operation 66 [1/1] (0.00ns)   --->   "%write_ln93 = write void @_ssdm_op_Write.ap_auto.i16P0A, i16 %act4, i16 %act4_3" [bnn_top.cpp:93]   --->   Operation 66 'write' 'write_ln93' <Predicate = (icmp_ln93)> <Delay = 0.00>
ST_3 : Operation 67 [1/1] (0.00ns)   --->   "%br_ln93 = br void %V42.i.i.i1042407.exit" [bnn_top.cpp:93]   --->   Operation 67 'br' 'br_ln93' <Predicate = (icmp_ln93)> <Delay = 0.00>


============================================================
+ Verbose Summary: Timing violations
============================================================
Target clock period: 10.000ns, clock uncertainty: 2.700ns.

 <State 1>: 4.741ns
The critical path consists of the following:
	'store' operation 0 bit ('store_ln89', bnn_top.cpp:89) of constant 0 on local variable 'o', bnn_top.cpp:89 [19]  (1.588 ns)
	'load' operation 2 bit ('o', bnn_top.cpp:89) on local variable 'o', bnn_top.cpp:89 [22]  (0.000 ns)
	'icmp' operation 1 bit ('icmp_ln89', bnn_top.cpp:89) [23]  (1.565 ns)
	'store' operation 0 bit ('store_ln89', bnn_top.cpp:89) of variable 'add_ln89', bnn_top.cpp:89 on local variable 'o', bnn_top.cpp:89 [75]  (1.588 ns)

 <State 2>: 7.212ns
The critical path consists of the following:
	wire read operation ('act4_read', bnn_top.cpp:92) on port 'act4' (bnn_top.cpp:92) [32]  (0.000 ns)
	'select' operation 16 bit ('select_ln92', bnn_top.cpp:92) [35]  (0.805 ns)
	'add' operation 26 bit ('add_ln92', bnn_top.cpp:92) [41]  (2.374 ns)
	'add' operation 16 bit ('add_ln93', bnn_top.cpp:93) [49]  (2.077 ns)
	'or' operation 1 bit ('or_ln93_1', bnn_top.cpp:93) [58]  (0.000 ns)
	'and' operation 1 bit ('and_ln93_2', bnn_top.cpp:93) [59]  (0.978 ns)
	'or' operation 1 bit ('or_ln93_2', bnn_top.cpp:93) [64]  (0.978 ns)

 <State 3>: 0.805ns
The critical path consists of the following:
	'select' operation 16 bit ('select_ln93', bnn_top.cpp:93) [63]  (0.000 ns)
	'select' operation 16 bit ('act4', bnn_top.cpp:93) [65]  (0.805 ns)
	wire write operation ('write_ln93', bnn_top.cpp:93) on port 'act4' (bnn_top.cpp:93) [72]  (0.000 ns)


============================================================
+ Verbose Summary: Binding
============================================================
N/A
* FSMD analyzer results:
  - Output states:
 - Input state : 
  - Chain level:
	State 1
	State 2
	State 3


============================================================
+ Verbose Summary: Datapath Resource usage 
============================================================
N/A
