

================================================================
== Vitis HLS Report for 'bnn_top_Pipeline_L3_W_L3_IN'
================================================================
* Date:           Sat May  9 04:49:32 2026

* Version:        2025.1 (Build 6135595 on May 21 2025)
* Project:        bnn_top
* Solution:       solution (Vivado IP Flow Target)
* Product family: zynq
* Target device:  xc7z020-clg400-1


================================================================
== Performance Estimates
================================================================
+ Timing: 
    * Summary: 
    +--------+----------+-----------+------------+
    |  Clock |  Target  | Estimated | Uncertainty|
    +--------+----------+-----------+------------+
    |ap_clk  |  10.00 ns|  10.703 ns|     2.70 ns|
    +--------+----------+-----------+------------+

+ Latency: 
    * Summary: 
    +---------+---------+----------+----------+-------+-------+------------------------------------------------+
    |  Latency (cycles) |  Latency (absolute) |    Interval   |                    Pipeline                    |
    |   min   |   max   |    min   |    max   |  min  |  max  |                      Type                      |
    +---------+---------+----------+----------+-------+-------+------------------------------------------------+
    |    65541|    65541|  0.701 ms|  0.701 ms|  65537|  65537|  loop auto-rewind stp (delay=0 clock cycles(s))|
    +---------+---------+----------+----------+-------+-------+------------------------------------------------+

    + Detail: 
        * Instance: 
        N/A

        * Loop: 
        +--------------+---------+---------+----------+-----------+-----------+-------+----------+
        |              |  Latency (cycles) | Iteration|  Initiation Interval  |  Trip |          |
        |   Loop Name  |   min   |   max   |  Latency |  achieved |   target  | Count | Pipelined|
        +--------------+---------+---------+----------+-----------+-----------+-------+----------+
        |- L3_W_L3_IN  |    65539|    65539|         5|          1|          1|  65536|       yes|
        +--------------+---------+---------+----------+-----------+-----------+-------+----------+

============================================================
+ Verbose Summary: Synthesis Manager
============================================================
InlineROM: 1
ExposeGlobal: 0
============================================================
+ Verbose Summary: CDFG Model
============================================================
IsTopModel: 0
ResetActiveHigh: 1
IsCombinational: 0
IsDatapathOnly: 0
HasWiredReturn: 1
HasMFsm: 2
HasVarLatency: 1
IsPipeline: 0
IsRtlPipelined: 0
IsInstanceOverlapped: 0
IsDontTouch: 0
HasImplIP: 0
IsGatedGlobalClock: 0

+ Individual pipeline summary: 
  * Pipeline-0: initiation interval (II) = 1, depth = 5


============================================================
+ Verbose Summary: Schedule
============================================================
* Number of FSM states : 5
* Pipeline : 1
  Pipeline-0 : II = 1, D = 5, States = { 1 2 3 4 5 }
* Dataflow Pipeline: 0

* FSM state transitions: 
1 --> 2 
2 --> 3 
3 --> 4 
4 --> 5 
5 --> 

* FSM state operations: 

State 1 <SV = 0> <Delay = 7.78>
ST_1 : Operation 8 [1/1] (0.00ns)   --->   "%acc = alloca i32 1" [bnn_top.cpp:63]   --->   Operation 8 'alloca' 'acc' <Predicate = true> <Delay = 0.00>
ST_1 : Operation 9 [1/1] (0.00ns)   --->   "%i = alloca i32 1" [bnn_top.cpp:64]   --->   Operation 9 'alloca' 'i' <Predicate = true> <Delay = 0.00>
ST_1 : Operation 10 [1/1] (0.00ns)   --->   "%o = alloca i32 1" [bnn_top.cpp:62]   --->   Operation 10 'alloca' 'o' <Predicate = true> <Delay = 0.00>
ST_1 : Operation 11 [1/1] (0.00ns)   --->   "%indvar_flatten13 = alloca i32 1"   --->   Operation 11 'alloca' 'indvar_flatten13' <Predicate = true> <Delay = 0.00>
ST_1 : Operation 12 [1/1] (0.00ns)   --->   "%specaxissidechannel_ln0 = specaxissidechannel void @_ssdm_op_SpecAXISSideChannel, i32 %s_axis_input_V_data_V, i4 %s_axis_input_V_keep_V, i4 %s_axis_input_V_strb_V, i1 %s_axis_input_V_user_V, i1 %s_axis_input_V_last_V, i1 %s_axis_input_V_id_V, i1 %s_axis_input_V_dest_V, void @empty_5"   --->   Operation 12 'specaxissidechannel' 'specaxissidechannel_ln0' <Predicate = true> <Delay = 0.00>
ST_1 : Operation 13 [1/1] (0.00ns)   --->   "%specinterface_ln0 = specinterface void @_ssdm_op_SpecInterface, i1 %s_axis_input_V_dest_V, void @empty, i32 0, i32 0, void @empty_0, i32 0, i32 0, void @empty_1, void @empty_1, void @empty_1, i32 0, i32 0, i32 0, i32 0, void @empty_1, void @empty_1, i32 4294967295, i32 0, i32 0"   --->   Operation 13 'specinterface' 'specinterface_ln0' <Predicate = true> <Delay = 0.00>
ST_1 : Operation 14 [1/1] (0.00ns)   --->   "%specinterface_ln0 = specinterface void @_ssdm_op_SpecInterface, i1 %s_axis_input_V_id_V, void @empty, i32 0, i32 0, void @empty_0, i32 0, i32 0, void @empty_1, void @empty_1, void @empty_1, i32 0, i32 0, i32 0, i32 0, void @empty_1, void @empty_1, i32 4294967295, i32 0, i32 0"   --->   Operation 14 'specinterface' 'specinterface_ln0' <Predicate = true> <Delay = 0.00>
ST_1 : Operation 15 [1/1] (0.00ns)   --->   "%specinterface_ln0 = specinterface void @_ssdm_op_SpecInterface, i1 %s_axis_input_V_last_V, void @empty, i32 0, i32 0, void @empty_0, i32 0, i32 0, void @empty_1, void @empty_1, void @empty_1, i32 0, i32 0, i32 0, i32 0, void @empty_1, void @empty_1, i32 4294967295, i32 0, i32 0"   --->   Operation 15 'specinterface' 'specinterface_ln0' <Predicate = true> <Delay = 0.00>
ST_1 : Operation 16 [1/1] (0.00ns)   --->   "%specinterface_ln0 = specinterface void @_ssdm_op_SpecInterface, i1 %s_axis_input_V_user_V, void @empty, i32 0, i32 0, void @empty_0, i32 0, i32 0, void @empty_1, void @empty_1, void @empty_1, i32 0, i32 0, i32 0, i32 0, void @empty_1, void @empty_1, i32 4294967295, i32 0, i32 0"   --->   Operation 16 'specinterface' 'specinterface_ln0' <Predicate = true> <Delay = 0.00>
ST_1 : Operation 17 [1/1] (0.00ns)   --->   "%specinterface_ln0 = specinterface void @_ssdm_op_SpecInterface, i4 %s_axis_input_V_strb_V, void @empty, i32 0, i32 0, void @empty_0, i32 0, i32 0, void @empty_1, void @empty_1, void @empty_1, i32 0, i32 0, i32 0, i32 0, void @empty_1, void @empty_1, i32 4294967295, i32 0, i32 0"   --->   Operation 17 'specinterface' 'specinterface_ln0' <Predicate = true> <Delay = 0.00>
ST_1 : Operation 18 [1/1] (0.00ns)   --->   "%specinterface_ln0 = specinterface void @_ssdm_op_SpecInterface, i4 %s_axis_input_V_keep_V, void @empty, i32 0, i32 0, void @empty_0, i32 0, i32 0, void @empty_1, void @empty_1, void @empty_1, i32 0, i32 0, i32 0, i32 0, void @empty_1, void @empty_1, i32 4294967295, i32 0, i32 0"   --->   Operation 18 'specinterface' 'specinterface_ln0' <Predicate = true> <Delay = 0.00>
ST_1 : Operation 19 [1/1] (0.00ns)   --->   "%specinterface_ln0 = specinterface void @_ssdm_op_SpecInterface, i32 %s_axis_input_V_data_V, void @empty, i32 0, i32 0, void @empty_0, i32 0, i32 0, void @empty_1, void @empty_1, void @empty_1, i32 0, i32 0, i32 0, i32 0, void @empty_1, void @empty_1, i32 4294967295, i32 0, i32 0"   --->   Operation 19 'specinterface' 'specinterface_ln0' <Predicate = true> <Delay = 0.00>
ST_1 : Operation 20 [1/1] (1.58ns)   --->   "%store_ln0 = store i17 0, i17 %indvar_flatten13"   --->   Operation 20 'store' 'store_ln0' <Predicate = true> <Delay = 1.58>
ST_1 : Operation 21 [1/1] (1.58ns)   --->   "%store_ln62 = store i9 0, i9 %o" [bnn_top.cpp:62]   --->   Operation 21 'store' 'store_ln62' <Predicate = true> <Delay = 1.58>
ST_1 : Operation 22 [1/1] (1.58ns)   --->   "%store_ln64 = store i9 0, i9 %i" [bnn_top.cpp:64]   --->   Operation 22 'store' 'store_ln64' <Predicate = true> <Delay = 1.58>
ST_1 : Operation 23 [1/1] (1.58ns)   --->   "%store_ln63 = store i32 0, i32 %acc" [bnn_top.cpp:63]   --->   Operation 23 'store' 'store_ln63' <Predicate = true> <Delay = 1.58>
ST_1 : Operation 24 [1/1] (0.00ns)   --->   "%br_ln62 = br void %for.body130" [bnn_top.cpp:62]   --->   Operation 24 'br' 'br_ln62' <Predicate = true> <Delay = 0.00>
ST_1 : Operation 25 [1/1] (0.00ns)   --->   "%indvar_flatten13_load = load i17 %indvar_flatten13" [bnn_top.cpp:62]   --->   Operation 25 'load' 'indvar_flatten13_load' <Predicate = true> <Delay = 0.00>
ST_1 : Operation 26 [1/1] (2.10ns)   --->   "%icmp_ln62 = icmp_eq  i17 %indvar_flatten13_load, i17 65536" [bnn_top.cpp:62]   --->   Operation 26 'icmp' 'icmp_ln62' <Predicate = true> <Delay = 2.10> <CoreInst = "Cmp">   --->   Core 9 'Cmp' <Latency = 0> <II = 1> <Delay = 2.10> <FuncUnit> <Opcode : 'seteq' 'setne' 'setle' 'setge' 'setlt' 'setgt'> <InPorts = 2> <OutPorts = 1>
ST_1 : Operation 27 [1/1] (2.10ns)   --->   "%add_ln62 = add i17 %indvar_flatten13_load, i17 1" [bnn_top.cpp:62]   --->   Operation 27 'add' 'add_ln62' <Predicate = true> <Delay = 2.10> <CoreInst = "Adder">   --->   Core 1 'Adder' <Latency = 0> <II = 1> <Delay = 2.10> <FuncUnit> <Opcode : 'add' 'sub'> <InPorts = 2> <OutPorts = 1>
ST_1 : Operation 28 [1/1] (0.00ns)   --->   "%br_ln62 = br i1 %icmp_ln62, void %for.end147, void %for.body158.preheader.exitStub" [bnn_top.cpp:62]   --->   Operation 28 'br' 'br_ln62' <Predicate = true> <Delay = 0.00>
ST_1 : Operation 29 [1/1] (0.00ns)   --->   "%i_load = load i9 %i" [bnn_top.cpp:64]   --->   Operation 29 'load' 'i_load' <Predicate = (!icmp_ln62)> <Delay = 0.00>
ST_1 : Operation 30 [1/1] (1.82ns)   --->   "%icmp_ln64 = icmp_eq  i9 %i_load, i9 256" [bnn_top.cpp:64]   --->   Operation 30 'icmp' 'icmp_ln64' <Predicate = (!icmp_ln62)> <Delay = 1.82> <CoreInst = "Cmp">   --->   Core 9 'Cmp' <Latency = 0> <II = 1> <Delay = 1.82> <FuncUnit> <Opcode : 'seteq' 'setne' 'setle' 'setge' 'setlt' 'setgt'> <InPorts = 2> <OutPorts = 1>
ST_1 : Operation 31 [1/1] (0.96ns)   --->   "%select_ln62 = select i1 %icmp_ln64, i9 0, i9 %i_load" [bnn_top.cpp:62]   --->   Operation 31 'select' 'select_ln62' <Predicate = (!icmp_ln62)> <Delay = 0.96> <CoreInst = "Sel">   --->   Core 73 'Sel' <Latency = 0> <II = 1> <Delay = 0.96> <FuncUnit> <Opcode : 'select'> <InPorts = 3> <OutPorts = 1>
ST_1 : Operation 32 [1/1] (0.00ns)   --->   "%zext_ln64 = zext i9 %select_ln62" [bnn_top.cpp:64]   --->   Operation 32 'zext' 'zext_ln64' <Predicate = (!icmp_ln62)> <Delay = 0.00>
ST_1 : Operation 33 [1/1] (0.00ns)   --->   "%act2_addr = getelementptr i16 %act2, i64 0, i64 %zext_ln64" [bnn_top.cpp:67]   --->   Operation 33 'getelementptr' 'act2_addr' <Predicate = (!icmp_ln62)> <Delay = 0.00>
ST_1 : Operation 34 [2/2] (3.25ns)   --->   "%act2_load = load i8 %act2_addr" [bnn_top.cpp:67]   --->   Operation 34 'load' 'act2_load' <Predicate = (!icmp_ln62)> <Delay = 3.25> <CoreInst = "RAM">   --->   Core 81 'RAM' <Latency = 1> <II = 1> <Delay = 3.25> <Storage> <Opcode : 'load' 'store'> <Ports = 2> <Width = 16> <Depth = 256> <RAM>
ST_1 : Operation 35 [1/1] (1.82ns)   --->   "%add_ln64 = add i9 %select_ln62, i9 1" [bnn_top.cpp:64]   --->   Operation 35 'add' 'add_ln64' <Predicate = (!icmp_ln62)> <Delay = 1.82> <CoreInst = "Adder">   --->   Core 1 'Adder' <Latency = 0> <II = 1> <Delay = 1.82> <FuncUnit> <Opcode : 'add' 'sub'> <InPorts = 2> <OutPorts = 1>
ST_1 : Operation 36 [1/1] (1.58ns)   --->   "%store_ln62 = store i17 %add_ln62, i17 %indvar_flatten13" [bnn_top.cpp:62]   --->   Operation 36 'store' 'store_ln62' <Predicate = (!icmp_ln62)> <Delay = 1.58>
ST_1 : Operation 37 [1/1] (1.58ns)   --->   "%store_ln64 = store i9 %add_ln64, i9 %i" [bnn_top.cpp:64]   --->   Operation 37 'store' 'store_ln64' <Predicate = (!icmp_ln62)> <Delay = 1.58>

State 2 <SV = 1> <Delay = 10.1>
ST_2 : Operation 38 [1/1] (0.51ns)   --->   "%empty = read i44 @_ssdm_op_Read.axis.volatile.i32P0A.i4P0A.i4P0A.i1P0A.i1P0A.i1P0A.i1P0A, i32 %s_axis_input_V_data_V, i4 %s_axis_input_V_keep_V, i4 %s_axis_input_V_strb_V, i1 %s_axis_input_V_user_V, i1 %s_axis_input_V_last_V, i1 %s_axis_input_V_id_V, i1 %s_axis_input_V_dest_V" [bnn_top.cpp:66]   --->   Operation 38 'read' 'empty' <Predicate = true> <Delay = 0.51> <CoreInst = "regslice">   --->   Core 135 'regslice' <Latency = 0> <II = 1> <Delay = 1.86> <Adapter> <Opcode : 'read' 'write'>
ST_2 : Operation 39 [1/1] (0.00ns)   --->   "%p_s = extractvalue i44 %empty" [bnn_top.cpp:66]   --->   Operation 39 'extractvalue' 'p_s' <Predicate = true> <Delay = 0.00>
ST_2 : Operation 40 [1/1] (0.00ns)   --->   "%trunc_ln67 = trunc i32 %p_s" [bnn_top.cpp:67]   --->   Operation 40 'trunc' 'trunc_ln67' <Predicate = true> <Delay = 0.00>
ST_2 : Operation 41 [1/1] (0.00ns)   --->   "%shl_ln4 = bitconcatenate i26 @_ssdm_op_BitConcatenate.i26.i16.i10, i16 %trunc_ln67, i10 0" [bnn_top.cpp:67]   --->   Operation 41 'bitconcatenate' 'shl_ln4' <Predicate = true> <Delay = 0.00>
ST_2 : Operation 42 [1/2] ( I:3.25ns O:3.25ns )   --->   "%act2_load = load i8 %act2_addr" [bnn_top.cpp:67]   --->   Operation 42 'load' 'act2_load' <Predicate = true> <Delay = 3.25> <CoreInst = "RAM">   --->   Core 81 'RAM' <Latency = 1> <II = 1> <Delay = 3.25> <Storage> <Opcode : 'load' 'store'> <Ports = 2> <Width = 16> <Depth = 256> <RAM>
ST_2 : Operation 43 [1/1] (0.00ns)   --->   "%shl_ln67_1 = bitconcatenate i26 @_ssdm_op_BitConcatenate.i26.i16.i10, i16 %act2_load, i10 0" [bnn_top.cpp:67]   --->   Operation 43 'bitconcatenate' 'shl_ln67_1' <Predicate = true> <Delay = 0.00>
ST_2 : Operation 44 [1/1] (0.00ns)   --->   "%sext_ln67 = sext i26 %shl_ln4" [bnn_top.cpp:67]   --->   Operation 44 'sext' 'sext_ln67' <Predicate = true> <Delay = 0.00>
ST_2 : Operation 45 [1/1] (0.00ns)   --->   "%sext_ln67_1 = sext i26 %shl_ln67_1" [bnn_top.cpp:67]   --->   Operation 45 'sext' 'sext_ln67_1' <Predicate = true> <Delay = 0.00>
ST_2 : Operation 46 [1/1] (6.91ns)   --->   "%mul_ln67 = mul i52 %sext_ln67_1, i52 %sext_ln67" [bnn_top.cpp:67]   --->   Operation 46 'mul' 'mul_ln67' <Predicate = true> <Delay = 6.91> <CoreInst = "Multiplier">   --->   Core 3 'Multiplier' <Latency = 0> <II = 1> <Delay = 6.91> <FuncUnit> <Opcode : 'mul'> <InPorts = 2> <OutPorts = 1>
ST_2 : Operation 47 [1/1] (1.82ns)   --->   "%icmp_ln64_1 = icmp_eq  i9 %add_ln64, i9 256" [bnn_top.cpp:64]   --->   Operation 47 'icmp' 'icmp_ln64_1' <Predicate = true> <Delay = 1.82> <CoreInst = "Cmp">   --->   Core 9 'Cmp' <Latency = 0> <II = 1> <Delay = 1.82> <FuncUnit> <Opcode : 'seteq' 'setne' 'setle' 'setge' 'setlt' 'setgt'> <InPorts = 2> <OutPorts = 1>
ST_2 : Operation 48 [1/1] (0.00ns)   --->   "%br_ln64 = br i1 %icmp_ln64_1, void %new.latch.for.body130.split, void %last.iter.for.body130.split" [bnn_top.cpp:64]   --->   Operation 48 'br' 'br_ln64' <Predicate = true> <Delay = 0.00>

State 3 <SV = 2> <Delay = 10.7>
ST_3 : Operation 49 [1/1] (0.00ns)   --->   "%acc_load = load i32 %acc" [bnn_top.cpp:62]   --->   Operation 49 'load' 'acc_load' <Predicate = (!icmp_ln64)> <Delay = 0.00>
ST_3 : Operation 50 [1/1] (0.69ns)   --->   "%select_ln62_2 = select i1 %icmp_ln64, i32 0, i32 %acc_load" [bnn_top.cpp:62]   --->   Operation 50 'select' 'select_ln62_2' <Predicate = true> <Delay = 0.69> <CoreInst = "Sel">   --->   Core 73 'Sel' <Latency = 0> <II = 1> <Delay = 0.69> <FuncUnit> <Opcode : 'select'> <InPorts = 3> <OutPorts = 1>
ST_3 : Operation 51 [1/1] (0.00ns)   --->   "%shl_ln67_2 = bitconcatenate i52 @_ssdm_op_BitConcatenate.i52.i32.i20, i32 %select_ln62_2, i20 0" [bnn_top.cpp:67]   --->   Operation 51 'bitconcatenate' 'shl_ln67_2' <Predicate = true> <Delay = 0.00>
ST_3 : Operation 52 [1/1] (0.00ns)   --->   "%sext_ln67_2 = sext i52 %shl_ln67_2" [bnn_top.cpp:67]   --->   Operation 52 'sext' 'sext_ln67_2' <Predicate = true> <Delay = 0.00>
ST_3 : Operation 53 [1/1] (0.00ns)   --->   "%sext_ln67_3 = sext i52 %mul_ln67" [bnn_top.cpp:67]   --->   Operation 53 'sext' 'sext_ln67_3' <Predicate = true> <Delay = 0.00>
ST_3 : Operation 54 [1/1] (3.21ns)   --->   "%add_ln67_1 = add i52 %shl_ln67_2, i52 %mul_ln67" [bnn_top.cpp:67]   --->   Operation 54 'add' 'add_ln67_1' <Predicate = true> <Delay = 3.21> <CoreInst = "Adder">   --->   Core 1 'Adder' <Latency = 0> <II = 1> <Delay = 3.21> <FuncUnit> <Opcode : 'add' 'sub'> <InPorts = 2> <OutPorts = 1>
ST_3 : Operation 55 [1/1] (3.21ns)   --->   "%add_ln67 = add i53 %sext_ln67_2, i53 %sext_ln67_3" [bnn_top.cpp:67]   --->   Operation 55 'add' 'add_ln67' <Predicate = true> <Delay = 3.21> <CoreInst = "Adder">   --->   Core 1 'Adder' <Latency = 0> <II = 1> <Delay = 3.21> <FuncUnit> <Opcode : 'add' 'sub'> <InPorts = 2> <OutPorts = 1>
ST_3 : Operation 56 [1/1] (0.00ns)   --->   "%tmp = bitselect i1 @_ssdm_op_BitSelect.i1.i53.i32, i53 %add_ln67, i32 52" [bnn_top.cpp:67]   --->   Operation 56 'bitselect' 'tmp' <Predicate = true> <Delay = 0.00>
ST_3 : Operation 57 [1/1] (0.00ns) (grouped into LUT with out node acc_5)   --->   "%acc_4 = partselect i32 @_ssdm_op_PartSelect.i32.i52.i32.i32, i52 %add_ln67_1, i32 20, i32 51" [bnn_top.cpp:67]   --->   Operation 57 'partselect' 'acc_4' <Predicate = true> <Delay = 0.00>
ST_3 : Operation 58 [1/1] (0.00ns) (grouped into LUT with out node acc_5)   --->   "%tmp_12 = bitselect i1 @_ssdm_op_BitSelect.i1.i52.i32, i52 %mul_ln67, i32 19" [bnn_top.cpp:67]   --->   Operation 58 'bitselect' 'tmp_12' <Predicate = true> <Delay = 0.00>
ST_3 : Operation 59 [1/1] (0.00ns)   --->   "%tmp_13 = bitselect i1 @_ssdm_op_BitSelect.i1.i52.i32, i52 %add_ln67_1, i32 51" [bnn_top.cpp:67]   --->   Operation 59 'bitselect' 'tmp_13' <Predicate = true> <Delay = 0.00>
ST_3 : Operation 60 [1/1] (0.00ns) (grouped into LUT with out node acc_5)   --->   "%and_ln67 = and i1 %tmp, i1 %tmp_12" [bnn_top.cpp:67]   --->   Operation 60 'and' 'and_ln67' <Predicate = true> <Delay = 0.00> <CoreInst = "LogicGate">   --->   Core 74 'LogicGate' <Latency = 0> <II = 1> <Delay = 0.97> <FuncUnit> <Opcode : 'and' 'or' 'xor'> <InPorts = 2> <OutPorts = 1>
ST_3 : Operation 61 [1/1] (0.00ns) (grouped into LUT with out node acc_5)   --->   "%zext_ln67 = zext i1 %and_ln67" [bnn_top.cpp:67]   --->   Operation 61 'zext' 'zext_ln67' <Predicate = true> <Delay = 0.00>
ST_3 : Operation 62 [1/1] (2.55ns) (out node of the LUT)   --->   "%acc_5 = add i32 %acc_4, i32 %zext_ln67" [bnn_top.cpp:67]   --->   Operation 62 'add' 'acc_5' <Predicate = true> <Delay = 2.55> <CoreInst = "Adder">   --->   Core 1 'Adder' <Latency = 0> <II = 1> <Delay = 2.55> <FuncUnit> <Opcode : 'add' 'sub'> <InPorts = 2> <OutPorts = 1>
ST_3 : Operation 63 [1/1] (0.00ns)   --->   "%tmp_14 = bitselect i1 @_ssdm_op_BitSelect.i1.i32.i32, i32 %acc_5, i32 31" [bnn_top.cpp:67]   --->   Operation 63 'bitselect' 'tmp_14' <Predicate = true> <Delay = 0.00>
ST_3 : Operation 64 [1/1] (0.00ns) (grouped into LUT with out node or_ln67_2)   --->   "%xor_ln67 = xor i1 %tmp_14, i1 1" [bnn_top.cpp:67]   --->   Operation 64 'xor' 'xor_ln67' <Predicate = true> <Delay = 0.00> <CoreInst = "LogicGate">   --->   Core 74 'LogicGate' <Latency = 0> <II = 1> <Delay = 0.97> <FuncUnit> <Opcode : 'and' 'or' 'xor'> <InPorts = 2> <OutPorts = 1>
ST_3 : Operation 65 [1/1] (0.00ns) (grouped into LUT with out node or_ln67_2)   --->   "%and_ln67_1 = and i1 %tmp_13, i1 %xor_ln67" [bnn_top.cpp:67]   --->   Operation 65 'and' 'and_ln67_1' <Predicate = true> <Delay = 0.00> <CoreInst = "LogicGate">   --->   Core 74 'LogicGate' <Latency = 0> <II = 1> <Delay = 0.97> <FuncUnit> <Opcode : 'and' 'or' 'xor'> <InPorts = 2> <OutPorts = 1>
ST_3 : Operation 66 [1/1] (0.00ns) (grouped into LUT with out node and_ln67_2)   --->   "%xor_ln67_2 = xor i1 %tmp_13, i1 1" [bnn_top.cpp:67]   --->   Operation 66 'xor' 'xor_ln67_2' <Predicate = true> <Delay = 0.00> <CoreInst = "LogicGate">   --->   Core 74 'LogicGate' <Latency = 0> <II = 1> <Delay = 0.97> <FuncUnit> <Opcode : 'and' 'or' 'xor'> <InPorts = 2> <OutPorts = 1>
ST_3 : Operation 67 [1/1] (0.00ns) (grouped into LUT with out node and_ln67_2)   --->   "%or_ln67 = or i1 %tmp_14, i1 %xor_ln67_2" [bnn_top.cpp:67]   --->   Operation 67 'or' 'or_ln67' <Predicate = true> <Delay = 0.00> <CoreInst = "LogicGate">   --->   Core 74 'LogicGate' <Latency = 0> <II = 1> <Delay = 0.97> <FuncUnit> <Opcode : 'and' 'or' 'xor'> <InPorts = 2> <OutPorts = 1>
ST_3 : Operation 68 [1/1] (0.00ns) (grouped into LUT with out node and_ln67_2)   --->   "%xor_ln67_1 = xor i1 %tmp, i1 1" [bnn_top.cpp:67]   --->   Operation 68 'xor' 'xor_ln67_1' <Predicate = true> <Delay = 0.00> <CoreInst = "LogicGate">   --->   Core 74 'LogicGate' <Latency = 0> <II = 1> <Delay = 0.97> <FuncUnit> <Opcode : 'and' 'or' 'xor'> <InPorts = 2> <OutPorts = 1>
ST_3 : Operation 69 [1/1] (0.00ns) (grouped into LUT with out node and_ln67_2)   --->   "%xor_ln67_4 = xor i1 %or_ln67, i1 1" [bnn_top.cpp:67]   --->   Operation 69 'xor' 'xor_ln67_4' <Predicate = true> <Delay = 0.00> <CoreInst = "LogicGate">   --->   Core 74 'LogicGate' <Latency = 0> <II = 1> <Delay = 0.97> <FuncUnit> <Opcode : 'and' 'or' 'xor'> <InPorts = 2> <OutPorts = 1>
ST_3 : Operation 70 [1/1] (0.00ns) (grouped into LUT with out node and_ln67_2)   --->   "%xor_ln67_3 = xor i1 %xor_ln67_4, i1 %tmp" [bnn_top.cpp:67]   --->   Operation 70 'xor' 'xor_ln67_3' <Predicate = true> <Delay = 0.00> <CoreInst = "LogicGate">   --->   Core 74 'LogicGate' <Latency = 0> <II = 1> <Delay = 0.97> <FuncUnit> <Opcode : 'and' 'or' 'xor'> <InPorts = 2> <OutPorts = 1>
ST_3 : Operation 71 [1/1] (0.00ns) (grouped into LUT with out node and_ln67_2)   --->   "%or_ln67_1 = or i1 %tmp_14, i1 %xor_ln67_3" [bnn_top.cpp:67]   --->   Operation 71 'or' 'or_ln67_1' <Predicate = true> <Delay = 0.00> <CoreInst = "LogicGate">   --->   Core 74 'LogicGate' <Latency = 0> <II = 1> <Delay = 0.97> <FuncUnit> <Opcode : 'and' 'or' 'xor'> <InPorts = 2> <OutPorts = 1>
ST_3 : Operation 72 [1/1] (0.97ns) (out node of the LUT)   --->   "%and_ln67_2 = and i1 %or_ln67_1, i1 %xor_ln67_1" [bnn_top.cpp:67]   --->   Operation 72 'and' 'and_ln67_2' <Predicate = true> <Delay = 0.97> <CoreInst = "LogicGate">   --->   Core 74 'LogicGate' <Latency = 0> <II = 1> <Delay = 0.97> <FuncUnit> <Opcode : 'and' 'or' 'xor'> <InPorts = 2> <OutPorts = 1>
ST_3 : Operation 73 [1/1] (0.00ns) (grouped into LUT with out node or_ln67_2)   --->   "%or_ln67_3 = or i1 %and_ln67_1, i1 %tmp_14" [bnn_top.cpp:67]   --->   Operation 73 'or' 'or_ln67_3' <Predicate = true> <Delay = 0.00> <CoreInst = "LogicGate">   --->   Core 74 'LogicGate' <Latency = 0> <II = 1> <Delay = 0.97> <FuncUnit> <Opcode : 'and' 'or' 'xor'> <InPorts = 2> <OutPorts = 1>
ST_3 : Operation 74 [1/1] (0.00ns) (grouped into LUT with out node or_ln67_2)   --->   "%xor_ln67_5 = xor i1 %or_ln67_3, i1 1" [bnn_top.cpp:67]   --->   Operation 74 'xor' 'xor_ln67_5' <Predicate = true> <Delay = 0.00> <CoreInst = "LogicGate">   --->   Core 74 'LogicGate' <Latency = 0> <II = 1> <Delay = 0.97> <FuncUnit> <Opcode : 'and' 'or' 'xor'> <InPorts = 2> <OutPorts = 1>
ST_3 : Operation 75 [1/1] (0.00ns) (grouped into LUT with out node or_ln67_2)   --->   "%and_ln67_3 = and i1 %tmp, i1 %xor_ln67_5" [bnn_top.cpp:67]   --->   Operation 75 'and' 'and_ln67_3' <Predicate = true> <Delay = 0.00> <CoreInst = "LogicGate">   --->   Core 74 'LogicGate' <Latency = 0> <II = 1> <Delay = 0.97> <FuncUnit> <Opcode : 'and' 'or' 'xor'> <InPorts = 2> <OutPorts = 1>
ST_3 : Operation 76 [1/1] (0.00ns) (grouped into LUT with out node acc_6)   --->   "%select_ln67 = select i1 %and_ln67_2, i32 2147483647, i32 2147483648" [bnn_top.cpp:67]   --->   Operation 76 'select' 'select_ln67' <Predicate = true> <Delay = 0.00> <CoreInst = "Sel">   --->   Core 73 'Sel' <Latency = 0> <II = 1> <Delay = 0.69> <FuncUnit> <Opcode : 'select'> <InPorts = 3> <OutPorts = 1>
ST_3 : Operation 77 [1/1] (0.97ns) (out node of the LUT)   --->   "%or_ln67_2 = or i1 %and_ln67_2, i1 %and_ln67_3" [bnn_top.cpp:67]   --->   Operation 77 'or' 'or_ln67_2' <Predicate = true> <Delay = 0.97> <CoreInst = "LogicGate">   --->   Core 74 'LogicGate' <Latency = 0> <II = 1> <Delay = 0.97> <FuncUnit> <Opcode : 'and' 'or' 'xor'> <InPorts = 2> <OutPorts = 1>
ST_3 : Operation 78 [1/1] (0.69ns) (out node of the LUT)   --->   "%acc_6 = select i1 %or_ln67_2, i32 %select_ln67, i32 %acc_5" [bnn_top.cpp:67]   --->   Operation 78 'select' 'acc_6' <Predicate = true> <Delay = 0.69> <CoreInst = "Sel">   --->   Core 73 'Sel' <Latency = 0> <II = 1> <Delay = 0.69> <FuncUnit> <Opcode : 'select'> <InPorts = 3> <OutPorts = 1>
ST_3 : Operation 79 [1/1] (0.00ns)   --->   "%tmp_15 = bitselect i1 @_ssdm_op_BitSelect.i1.i32.i32, i32 %acc_6, i32 31" [bnn_top.cpp:69]   --->   Operation 79 'bitselect' 'tmp_15' <Predicate = true> <Delay = 0.00>
ST_3 : Operation 80 [1/1] (0.00ns)   --->   "%trunc_ln69 = trunc i32 %acc_6" [bnn_top.cpp:69]   --->   Operation 80 'trunc' 'trunc_ln69' <Predicate = true> <Delay = 0.00>
ST_3 : Operation 81 [1/1] (0.00ns)   --->   "%tmp_s = partselect i5 @_ssdm_op_PartSelect.i5.i32.i32, i32 %acc_6, i32 27" [bnn_top.cpp:69]   --->   Operation 81 'partselect' 'tmp_s' <Predicate = true> <Delay = 0.00>
ST_3 : Operation 82 [1/1] (0.00ns)   --->   "%tmp_10 = partselect i6 @_ssdm_op_PartSelect.i6.i32.i32, i32 %acc_6, i32 26" [bnn_top.cpp:69]   --->   Operation 82 'partselect' 'tmp_10' <Predicate = true> <Delay = 0.00>
ST_3 : Operation 83 [1/1] (1.58ns)   --->   "%store_ln63 = store i32 %acc_6, i32 %acc" [bnn_top.cpp:63]   --->   Operation 83 'store' 'store_ln63' <Predicate = true> <Delay = 1.58>

State 4 <SV = 3> <Delay = 6.84>
ST_4 : Operation 84 [1/1] (0.00ns) (grouped into LUT with out node add_ln69)   --->   "%trunc_ln2 = partselect i16 @_ssdm_op_PartSelect.i16.i32.i32.i32, i32 %acc_6, i32 10, i32 25" [bnn_top.cpp:69]   --->   Operation 84 'partselect' 'trunc_ln2' <Predicate = true> <Delay = 0.00>
ST_4 : Operation 85 [1/1] (0.00ns) (grouped into LUT with out node add_ln69)   --->   "%tmp_16 = bitselect i1 @_ssdm_op_BitSelect.i1.i32.i32, i32 %acc_6, i32 9" [bnn_top.cpp:69]   --->   Operation 85 'bitselect' 'tmp_16' <Predicate = true> <Delay = 0.00>
ST_4 : Operation 86 [1/1] (1.82ns)   --->   "%icmp_ln69 = icmp_ne  i9 %trunc_ln69, i9 0" [bnn_top.cpp:69]   --->   Operation 86 'icmp' 'icmp_ln69' <Predicate = true> <Delay = 1.82> <CoreInst = "Cmp">   --->   Core 9 'Cmp' <Latency = 0> <II = 1> <Delay = 1.82> <FuncUnit> <Opcode : 'seteq' 'setne' 'setle' 'setge' 'setlt' 'setgt'> <InPorts = 2> <OutPorts = 1>
ST_4 : Operation 87 [1/1] (0.00ns) (grouped into LUT with out node and_ln69_1)   --->   "%tmp_17 = bitselect i1 @_ssdm_op_BitSelect.i1.i32.i32, i32 %acc_6, i32 25" [bnn_top.cpp:69]   --->   Operation 87 'bitselect' 'tmp_17' <Predicate = true> <Delay = 0.00>
ST_4 : Operation 88 [1/1] (0.00ns) (grouped into LUT with out node add_ln69)   --->   "%or_ln69 = or i1 %tmp_15, i1 %icmp_ln69" [bnn_top.cpp:69]   --->   Operation 88 'or' 'or_ln69' <Predicate = true> <Delay = 0.00> <CoreInst = "LogicGate">   --->   Core 74 'LogicGate' <Latency = 0> <II = 1> <Delay = 0.97> <FuncUnit> <Opcode : 'and' 'or' 'xor'> <InPorts = 2> <OutPorts = 1>
ST_4 : Operation 89 [1/1] (0.00ns) (grouped into LUT with out node add_ln69)   --->   "%and_ln69 = and i1 %or_ln69, i1 %tmp_16" [bnn_top.cpp:69]   --->   Operation 89 'and' 'and_ln69' <Predicate = true> <Delay = 0.00> <CoreInst = "LogicGate">   --->   Core 74 'LogicGate' <Latency = 0> <II = 1> <Delay = 0.97> <FuncUnit> <Opcode : 'and' 'or' 'xor'> <InPorts = 2> <OutPorts = 1>
ST_4 : Operation 90 [1/1] (0.00ns) (grouped into LUT with out node add_ln69)   --->   "%zext_ln69 = zext i1 %and_ln69" [bnn_top.cpp:69]   --->   Operation 90 'zext' 'zext_ln69' <Predicate = true> <Delay = 0.00>
ST_4 : Operation 91 [1/1] (2.07ns) (out node of the LUT)   --->   "%add_ln69 = add i16 %trunc_ln2, i16 %zext_ln69" [bnn_top.cpp:69]   --->   Operation 91 'add' 'add_ln69' <Predicate = true> <Delay = 2.07> <CoreInst = "Adder">   --->   Core 1 'Adder' <Latency = 0> <II = 1> <Delay = 2.07> <FuncUnit> <Opcode : 'add' 'sub'> <InPorts = 2> <OutPorts = 1>
ST_4 : Operation 92 [1/1] (0.00ns)   --->   "%tmp_18 = bitselect i1 @_ssdm_op_BitSelect.i1.i16.i32, i16 %add_ln69, i32 15" [bnn_top.cpp:69]   --->   Operation 92 'bitselect' 'tmp_18' <Predicate = true> <Delay = 0.00>
ST_4 : Operation 93 [1/1] (0.00ns) (grouped into LUT with out node and_ln69_1)   --->   "%xor_ln69 = xor i1 %tmp_18, i1 1" [bnn_top.cpp:69]   --->   Operation 93 'xor' 'xor_ln69' <Predicate = true> <Delay = 0.00> <CoreInst = "LogicGate">   --->   Core 74 'LogicGate' <Latency = 0> <II = 1> <Delay = 0.97> <FuncUnit> <Opcode : 'and' 'or' 'xor'> <InPorts = 2> <OutPorts = 1>
ST_4 : Operation 94 [1/1] (0.97ns) (out node of the LUT)   --->   "%and_ln69_1 = and i1 %tmp_17, i1 %xor_ln69" [bnn_top.cpp:69]   --->   Operation 94 'and' 'and_ln69_1' <Predicate = true> <Delay = 0.97> <CoreInst = "LogicGate">   --->   Core 74 'LogicGate' <Latency = 0> <II = 1> <Delay = 0.97> <FuncUnit> <Opcode : 'and' 'or' 'xor'> <InPorts = 2> <OutPorts = 1>
ST_4 : Operation 95 [1/1] (0.00ns) (grouped into LUT with out node and_ln69_5)   --->   "%tmp_19 = bitselect i1 @_ssdm_op_BitSelect.i1.i32.i32, i32 %acc_6, i32 26" [bnn_top.cpp:69]   --->   Operation 95 'bitselect' 'tmp_19' <Predicate = true> <Delay = 0.00>
ST_4 : Operation 96 [1/1] (1.78ns)   --->   "%icmp_ln69_1 = icmp_eq  i5 %tmp_s, i5 31" [bnn_top.cpp:69]   --->   Operation 96 'icmp' 'icmp_ln69_1' <Predicate = true> <Delay = 1.78> <CoreInst = "Cmp">   --->   Core 9 'Cmp' <Latency = 0> <II = 1> <Delay = 1.78> <FuncUnit> <Opcode : 'seteq' 'setne' 'setle' 'setge' 'setlt' 'setgt'> <InPorts = 2> <OutPorts = 1>
ST_4 : Operation 97 [1/1] (1.82ns)   --->   "%icmp_ln69_2 = icmp_eq  i6 %tmp_10, i6 63" [bnn_top.cpp:69]   --->   Operation 97 'icmp' 'icmp_ln69_2' <Predicate = true> <Delay = 1.82> <CoreInst = "Cmp">   --->   Core 9 'Cmp' <Latency = 0> <II = 1> <Delay = 1.82> <FuncUnit> <Opcode : 'seteq' 'setne' 'setle' 'setge' 'setlt' 'setgt'> <InPorts = 2> <OutPorts = 1>
ST_4 : Operation 98 [1/1] (1.82ns)   --->   "%icmp_ln69_3 = icmp_eq  i6 %tmp_10, i6 0" [bnn_top.cpp:69]   --->   Operation 98 'icmp' 'icmp_ln69_3' <Predicate = true> <Delay = 1.82> <CoreInst = "Cmp">   --->   Core 9 'Cmp' <Latency = 0> <II = 1> <Delay = 1.82> <FuncUnit> <Opcode : 'seteq' 'setne' 'setle' 'setge' 'setlt' 'setgt'> <InPorts = 2> <OutPorts = 1>
ST_4 : Operation 99 [1/1] (0.00ns) (grouped into LUT with out node and_ln69_4)   --->   "%select_ln69 = select i1 %and_ln69_1, i1 %icmp_ln69_2, i1 %icmp_ln69_3" [bnn_top.cpp:69]   --->   Operation 99 'select' 'select_ln69' <Predicate = true> <Delay = 0.00> <CoreInst = "Sel">   --->   Core 73 'Sel' <Latency = 0> <II = 1> <Delay = 0.99> <FuncUnit> <Opcode : 'select'> <InPorts = 3> <OutPorts = 1>
ST_4 : Operation 100 [1/1] (0.00ns) (grouped into LUT with out node and_ln69_5)   --->   "%xor_ln69_1 = xor i1 %tmp_19, i1 1" [bnn_top.cpp:69]   --->   Operation 100 'xor' 'xor_ln69_1' <Predicate = true> <Delay = 0.00> <CoreInst = "LogicGate">   --->   Core 74 'LogicGate' <Latency = 0> <II = 1> <Delay = 0.97> <FuncUnit> <Opcode : 'and' 'or' 'xor'> <InPorts = 2> <OutPorts = 1>
ST_4 : Operation 101 [1/1] (0.00ns) (grouped into LUT with out node and_ln69_5)   --->   "%and_ln69_2 = and i1 %icmp_ln69_1, i1 %xor_ln69_1" [bnn_top.cpp:69]   --->   Operation 101 'and' 'and_ln69_2' <Predicate = true> <Delay = 0.00> <CoreInst = "LogicGate">   --->   Core 74 'LogicGate' <Latency = 0> <II = 1> <Delay = 0.97> <FuncUnit> <Opcode : 'and' 'or' 'xor'> <InPorts = 2> <OutPorts = 1>
ST_4 : Operation 102 [1/1] (0.00ns) (grouped into LUT with out node and_ln69_5)   --->   "%select_ln69_1 = select i1 %and_ln69_1, i1 %and_ln69_2, i1 %icmp_ln69_2" [bnn_top.cpp:69]   --->   Operation 102 'select' 'select_ln69_1' <Predicate = true> <Delay = 0.00> <CoreInst = "Sel">   --->   Core 73 'Sel' <Latency = 0> <II = 1> <Delay = 0.99> <FuncUnit> <Opcode : 'select'> <InPorts = 3> <OutPorts = 1>
ST_4 : Operation 103 [1/1] (0.00ns) (grouped into LUT with out node or_ln69_2)   --->   "%and_ln69_3 = and i1 %and_ln69_1, i1 %icmp_ln69_2" [bnn_top.cpp:69]   --->   Operation 103 'and' 'and_ln69_3' <Predicate = true> <Delay = 0.00> <CoreInst = "LogicGate">   --->   Core 74 'LogicGate' <Latency = 0> <II = 1> <Delay = 0.97> <FuncUnit> <Opcode : 'and' 'or' 'xor'> <InPorts = 2> <OutPorts = 1>
ST_4 : Operation 104 [1/1] (0.00ns) (grouped into LUT with out node and_ln69_4)   --->   "%xor_ln69_2 = xor i1 %select_ln69, i1 1" [bnn_top.cpp:69]   --->   Operation 104 'xor' 'xor_ln69_2' <Predicate = true> <Delay = 0.00> <CoreInst = "LogicGate">   --->   Core 74 'LogicGate' <Latency = 0> <II = 1> <Delay = 0.97> <FuncUnit> <Opcode : 'and' 'or' 'xor'> <InPorts = 2> <OutPorts = 1>
ST_4 : Operation 105 [1/1] (0.00ns) (grouped into LUT with out node and_ln69_4)   --->   "%or_ln69_1 = or i1 %tmp_18, i1 %xor_ln69_2" [bnn_top.cpp:69]   --->   Operation 105 'or' 'or_ln69_1' <Predicate = true> <Delay = 0.00> <CoreInst = "LogicGate">   --->   Core 74 'LogicGate' <Latency = 0> <II = 1> <Delay = 0.97> <FuncUnit> <Opcode : 'and' 'or' 'xor'> <InPorts = 2> <OutPorts = 1>
ST_4 : Operation 106 [1/1] (0.00ns) (grouped into LUT with out node and_ln69_4)   --->   "%xor_ln69_3 = xor i1 %tmp_15, i1 1" [bnn_top.cpp:69]   --->   Operation 106 'xor' 'xor_ln69_3' <Predicate = true> <Delay = 0.00> <CoreInst = "LogicGate">   --->   Core 74 'LogicGate' <Latency = 0> <II = 1> <Delay = 0.97> <FuncUnit> <Opcode : 'and' 'or' 'xor'> <InPorts = 2> <OutPorts = 1>
ST_4 : Operation 107 [1/1] (0.99ns) (out node of the LUT)   --->   "%and_ln69_4 = and i1 %or_ln69_1, i1 %xor_ln69_3" [bnn_top.cpp:69]   --->   Operation 107 'and' 'and_ln69_4' <Predicate = true> <Delay = 0.99> <CoreInst = "LogicGate">   --->   Core 74 'LogicGate' <Latency = 0> <II = 1> <Delay = 0.97> <FuncUnit> <Opcode : 'and' 'or' 'xor'> <InPorts = 2> <OutPorts = 1>
ST_4 : Operation 108 [1/1] (0.99ns) (out node of the LUT)   --->   "%and_ln69_5 = and i1 %tmp_18, i1 %select_ln69_1" [bnn_top.cpp:69]   --->   Operation 108 'and' 'and_ln69_5' <Predicate = true> <Delay = 0.99> <CoreInst = "LogicGate">   --->   Core 74 'LogicGate' <Latency = 0> <II = 1> <Delay = 0.97> <FuncUnit> <Opcode : 'and' 'or' 'xor'> <InPorts = 2> <OutPorts = 1>
ST_4 : Operation 109 [1/1] (0.00ns) (grouped into LUT with out node or_ln69_2)   --->   "%or_ln69_3 = or i1 %and_ln69_3, i1 %and_ln69_5" [bnn_top.cpp:69]   --->   Operation 109 'or' 'or_ln69_3' <Predicate = true> <Delay = 0.00> <CoreInst = "LogicGate">   --->   Core 74 'LogicGate' <Latency = 0> <II = 1> <Delay = 0.97> <FuncUnit> <Opcode : 'and' 'or' 'xor'> <InPorts = 2> <OutPorts = 1>
ST_4 : Operation 110 [1/1] (0.00ns) (grouped into LUT with out node or_ln69_2)   --->   "%xor_ln69_4 = xor i1 %or_ln69_3, i1 1" [bnn_top.cpp:69]   --->   Operation 110 'xor' 'xor_ln69_4' <Predicate = true> <Delay = 0.00> <CoreInst = "LogicGate">   --->   Core 74 'LogicGate' <Latency = 0> <II = 1> <Delay = 0.97> <FuncUnit> <Opcode : 'and' 'or' 'xor'> <InPorts = 2> <OutPorts = 1>
ST_4 : Operation 111 [1/1] (0.00ns) (grouped into LUT with out node or_ln69_2)   --->   "%and_ln69_6 = and i1 %tmp_15, i1 %xor_ln69_4" [bnn_top.cpp:69]   --->   Operation 111 'and' 'and_ln69_6' <Predicate = true> <Delay = 0.00> <CoreInst = "LogicGate">   --->   Core 74 'LogicGate' <Latency = 0> <II = 1> <Delay = 0.97> <FuncUnit> <Opcode : 'and' 'or' 'xor'> <InPorts = 2> <OutPorts = 1>
ST_4 : Operation 112 [1/1] (0.97ns) (out node of the LUT)   --->   "%or_ln69_2 = or i1 %and_ln69_4, i1 %and_ln69_6" [bnn_top.cpp:69]   --->   Operation 112 'or' 'or_ln69_2' <Predicate = true> <Delay = 0.97> <CoreInst = "LogicGate">   --->   Core 74 'LogicGate' <Latency = 0> <II = 1> <Delay = 0.97> <FuncUnit> <Opcode : 'and' 'or' 'xor'> <InPorts = 2> <OutPorts = 1>
ST_4 : Operation 127 [1/1] (1.58ns)   --->   "%ret_ln0 = ret"   --->   Operation 127 'ret' 'ret_ln0' <Predicate = (icmp_ln62)> <Delay = 1.58>

State 5 <SV = 4> <Delay = 6.04>
ST_5 : Operation 113 [1/1] (0.00ns)   --->   "%o_load = load i9 %o" [bnn_top.cpp:62]   --->   Operation 113 'load' 'o_load' <Predicate = true> <Delay = 0.00>
ST_5 : Operation 114 [1/1] (0.00ns)   --->   "%specloopname_ln0 = specloopname void @_ssdm_op_SpecLoopName, void @L3_W_L3_IN_str"   --->   Operation 114 'specloopname' 'specloopname_ln0' <Predicate = true> <Delay = 0.00>
ST_5 : Operation 115 [1/1] (0.00ns)   --->   "%speclooptripcount_ln0 = speclooptripcount void @_ssdm_op_SpecLoopTripCount, i64 65536, i64 65536, i64 65536"   --->   Operation 115 'speclooptripcount' 'speclooptripcount_ln0' <Predicate = true> <Delay = 0.00>
ST_5 : Operation 116 [1/1] (1.82ns)   --->   "%add_ln62_1 = add i9 %o_load, i9 1" [bnn_top.cpp:62]   --->   Operation 116 'add' 'add_ln62_1' <Predicate = (icmp_ln64)> <Delay = 1.82> <CoreInst = "Adder">   --->   Core 1 'Adder' <Latency = 0> <II = 1> <Delay = 1.82> <FuncUnit> <Opcode : 'add' 'sub'> <InPorts = 2> <OutPorts = 1>
ST_5 : Operation 117 [1/1] (0.96ns)   --->   "%select_ln62_1 = select i1 %icmp_ln64, i9 %add_ln62_1, i9 %o_load" [bnn_top.cpp:62]   --->   Operation 117 'select' 'select_ln62_1' <Predicate = true> <Delay = 0.96> <CoreInst = "Sel">   --->   Core 73 'Sel' <Latency = 0> <II = 1> <Delay = 0.96> <FuncUnit> <Opcode : 'select'> <InPorts = 3> <OutPorts = 1>
ST_5 : Operation 118 [1/1] (0.00ns)   --->   "%zext_ln62 = zext i9 %select_ln62_1" [bnn_top.cpp:62]   --->   Operation 118 'zext' 'zext_ln62' <Predicate = true> <Delay = 0.00>
ST_5 : Operation 119 [1/1] (0.00ns)   --->   "%specpipeline_ln65 = specpipeline void @_ssdm_op_SpecPipeline, i32 1, i32 0, i32 0, i32 0, void @empty_1" [bnn_top.cpp:65]   --->   Operation 119 'specpipeline' 'specpipeline_ln65' <Predicate = true> <Delay = 0.00>
ST_5 : Operation 120 [1/1] (0.00ns) (grouped into LUT with out node select_ln69_3)   --->   "%select_ln69_2 = select i1 %and_ln69_4, i16 32767, i16 32768" [bnn_top.cpp:69]   --->   Operation 120 'select' 'select_ln69_2' <Predicate = (or_ln69_2)> <Delay = 0.00> <CoreInst = "Sel">   --->   Core 73 'Sel' <Latency = 0> <II = 1> <Delay = 0.80> <FuncUnit> <Opcode : 'select'> <InPorts = 3> <OutPorts = 1>
ST_5 : Operation 121 [1/1] (0.80ns) (out node of the LUT)   --->   "%select_ln69_3 = select i1 %or_ln69_2, i16 %select_ln69_2, i16 %add_ln69" [bnn_top.cpp:69]   --->   Operation 121 'select' 'select_ln69_3' <Predicate = true> <Delay = 0.80> <CoreInst = "Sel">   --->   Core 73 'Sel' <Latency = 0> <II = 1> <Delay = 0.80> <FuncUnit> <Opcode : 'select'> <InPorts = 3> <OutPorts = 1>
ST_5 : Operation 122 [1/1] (0.00ns)   --->   "%act3_addr = getelementptr i16 %act3, i64 0, i64 %zext_ln62" [bnn_top.cpp:69]   --->   Operation 122 'getelementptr' 'act3_addr' <Predicate = true> <Delay = 0.00>
ST_5 : Operation 123 [1/1] ( I:3.25ns O:3.25ns )   --->   "%store_ln69 = store i16 %select_ln69_3, i8 %act3_addr" [bnn_top.cpp:69]   --->   Operation 123 'store' 'store_ln69' <Predicate = (icmp_ln64_1)> <Delay = 3.25> <CoreInst = "RAM">   --->   Core 81 'RAM' <Latency = 1> <II = 1> <Delay = 3.25> <Storage> <Opcode : 'load' 'store'> <Ports = 2> <Width = 16> <Depth = 256> <RAM>
ST_5 : Operation 124 [1/1] (0.00ns)   --->   "%br_ln64 = br void %new.latch.for.body130.split" [bnn_top.cpp:64]   --->   Operation 124 'br' 'br_ln64' <Predicate = (icmp_ln64_1)> <Delay = 0.00>
ST_5 : Operation 125 [1/1] (1.58ns)   --->   "%store_ln62 = store i9 %select_ln62_1, i9 %o" [bnn_top.cpp:62]   --->   Operation 125 'store' 'store_ln62' <Predicate = true> <Delay = 1.58>
ST_5 : Operation 126 [1/1] (0.00ns)   --->   "%br_ln64 = br void %for.body130" [bnn_top.cpp:64]   --->   Operation 126 'br' 'br_ln64' <Predicate = true> <Delay = 0.00>


============================================================
+ Verbose Summary: Timing violations
============================================================
Target clock period: 10.000ns, clock uncertainty: 2.700ns.

 <State 1>: 7.789ns
The critical path consists of the following:
	'store' operation 0 bit ('store_ln64', bnn_top.cpp:64) of constant 0 on local variable 'i', bnn_top.cpp:64 [24]  (1.588 ns)
	'load' operation 9 bit ('i_load', bnn_top.cpp:64) on local variable 'i', bnn_top.cpp:64 [34]  (0.000 ns)
	'icmp' operation 1 bit ('icmp_ln64', bnn_top.cpp:64) [38]  (1.823 ns)
	'select' operation 9 bit ('select_ln62', bnn_top.cpp:62) [39]  (0.968 ns)
	'add' operation 9 bit ('add_ln64', bnn_top.cpp:64) [84]  (1.823 ns)
	'store' operation 0 bit ('store_ln64', bnn_top.cpp:64) of variable 'add_ln64', bnn_top.cpp:64 on local variable 'i', bnn_top.cpp:64 [129]  (1.588 ns)

 <State 2>: 10.169ns
The critical path consists of the following:
	'load' operation 16 bit ('act2_load', bnn_top.cpp:67) on array 'act2' [50]  (3.254 ns)
	'mul' operation 52 bit ('mul_ln67', bnn_top.cpp:67) [54]  (6.915 ns)

 <State 3>: 10.703ns
The critical path consists of the following:
	'load' operation 32 bit ('acc_load', bnn_top.cpp:62) on local variable 'acc', bnn_top.cpp:63 [33]  (0.000 ns)
	'select' operation 32 bit ('select_ln62_2', bnn_top.cpp:62) [55]  (0.698 ns)
	'add' operation 52 bit ('add_ln67_1', bnn_top.cpp:67) [59]  (3.211 ns)
	'add' operation 32 bit ('acc', bnn_top.cpp:67) [67]  (2.552 ns)
	'or' operation 1 bit ('or_ln67_1', bnn_top.cpp:67) [76]  (0.000 ns)
	'and' operation 1 bit ('and_ln67_2', bnn_top.cpp:67) [77]  (0.978 ns)
	'or' operation 1 bit ('or_ln67_2', bnn_top.cpp:67) [82]  (0.978 ns)
	'select' operation 32 bit ('acc', bnn_top.cpp:67) [83]  (0.698 ns)
	'store' operation 0 bit ('store_ln63', bnn_top.cpp:63) of variable 'acc', bnn_top.cpp:67 on local variable 'acc', bnn_top.cpp:63 [130]  (1.588 ns)

 <State 4>: 6.849ns
The critical path consists of the following:
	'icmp' operation 1 bit ('icmp_ln69', bnn_top.cpp:69) [90]  (1.823 ns)
	'or' operation 1 bit ('or_ln69', bnn_top.cpp:69) [92]  (0.000 ns)
	'and' operation 1 bit ('and_ln69', bnn_top.cpp:69) [93]  (0.000 ns)
	'add' operation 16 bit ('add_ln69', bnn_top.cpp:69) [95]  (2.077 ns)
	'xor' operation 1 bit ('xor_ln69', bnn_top.cpp:69) [97]  (0.000 ns)
	'and' operation 1 bit ('and_ln69_1', bnn_top.cpp:69) [98]  (0.978 ns)
	'select' operation 1 bit ('select_ln69', bnn_top.cpp:69) [105]  (0.000 ns)
	'xor' operation 1 bit ('xor_ln69_2', bnn_top.cpp:69) [110]  (0.000 ns)
	'or' operation 1 bit ('or_ln69_1', bnn_top.cpp:69) [111]  (0.000 ns)
	'and' operation 1 bit ('and_ln69_4', bnn_top.cpp:69) [113]  (0.993 ns)
	'or' operation 1 bit ('or_ln69_2', bnn_top.cpp:69) [119]  (0.978 ns)

 <State 5>: 6.044ns
The critical path consists of the following:
	'load' operation 9 bit ('o_load', bnn_top.cpp:62) on local variable 'o', bnn_top.cpp:62 [35]  (0.000 ns)
	'add' operation 9 bit ('add_ln62_1', bnn_top.cpp:62) [40]  (1.823 ns)
	'select' operation 9 bit ('select_ln62_1', bnn_top.cpp:62) [41]  (0.968 ns)
	'getelementptr' operation 8 bit ('act3_addr', bnn_top.cpp:69) [121]  (0.000 ns)
	'store' operation 0 bit ('store_ln69', bnn_top.cpp:69) of variable 'select_ln69_3', bnn_top.cpp:69 on array 'act3' [124]  (3.254 ns)


============================================================
+ Verbose Summary: Binding
============================================================
N/A
* FSMD analyzer results:
  - Output states:
 - Input state : 
  - Chain level:
	State 1
	State 2
	State 3
	State 4
	State 5


============================================================
+ Verbose Summary: Datapath Resource usage 
============================================================
N/A
