

================================================================
== Vitis HLS Report for 'bnn_top_Pipeline_L4_W_L4_IN'
================================================================
* Date:           Sat May  9 04:49:34 2026

* Version:        2025.1 (Build 6135595 on May 21 2025)
* Project:        bnn_top
* Solution:       solution (Vivado IP Flow Target)
* Product family: zynq
* Target device:  xc7z020-clg400-1


================================================================
== Performance Estimates
================================================================
+ Timing: 
    * Summary: 
    +--------+----------+-----------+------------+
    |  Clock |  Target  | Estimated | Uncertainty|
    +--------+----------+-----------+------------+
    |ap_clk  |  10.00 ns|  10.703 ns|     2.70 ns|
    +--------+----------+-----------+------------+

+ Latency: 
    * Summary: 
    +---------+---------+----------+----------+-----+-----+------------------------------------------------+
    |  Latency (cycles) |  Latency (absolute) |  Interval |                    Pipeline                    |
    |   min   |   max   |    min   |    max   | min | max |                      Type                      |
    +---------+---------+----------+----------+-----+-----+------------------------------------------------+
    |      516|      516|  5.523 us|  5.523 us|  513|  513|  loop auto-rewind stp (delay=0 clock cycles(s))|
    +---------+---------+----------+----------+-----+-----+------------------------------------------------+

    + Detail: 
        * Instance: 
        N/A

        * Loop: 
        +--------------+---------+---------+----------+-----------+-----------+------+----------+
        |              |  Latency (cycles) | Iteration|  Initiation Interval  | Trip |          |
        |   Loop Name  |   min   |   max   |  Latency |  achieved |   target  | Count| Pipelined|
        +--------------+---------+---------+----------+-----------+-----------+------+----------+
        |- L4_W_L4_IN  |      514|      514|         4|          1|          1|   512|       yes|
        +--------------+---------+---------+----------+-----------+-----------+------+----------+

============================================================
+ Verbose Summary: Synthesis Manager
============================================================
InlineROM: 1
ExposeGlobal: 0
============================================================
+ Verbose Summary: CDFG Model
============================================================
IsTopModel: 0
ResetActiveHigh: 1
IsCombinational: 0
IsDatapathOnly: 0
HasWiredReturn: 1
HasMFsm: 2
HasVarLatency: 1
IsPipeline: 0
IsRtlPipelined: 0
IsInstanceOverlapped: 0
IsDontTouch: 0
HasImplIP: 0
IsGatedGlobalClock: 0

+ Individual pipeline summary: 
  * Pipeline-0: initiation interval (II) = 1, depth = 4


============================================================
+ Verbose Summary: Schedule
============================================================
* Number of FSM states : 4
* Pipeline : 1
  Pipeline-0 : II = 1, D = 4, States = { 1 2 3 4 }
* Dataflow Pipeline: 0

* FSM state transitions: 
1 --> 2 
2 --> 3 
3 --> 4 
4 --> 

* FSM state operations: 

State 1 <SV = 0> <Delay = 7.78>
ST_1 : Operation 7 [1/1] (0.00ns)   --->   "%acc = alloca i32 1" [bnn_top.cpp:81]   --->   Operation 7 'alloca' 'acc' <Predicate = true> <Delay = 0.00>
ST_1 : Operation 8 [1/1] (0.00ns)   --->   "%i = alloca i32 1" [bnn_top.cpp:82]   --->   Operation 8 'alloca' 'i' <Predicate = true> <Delay = 0.00>
ST_1 : Operation 9 [1/1] (0.00ns)   --->   "%o = alloca i32 1" [bnn_top.cpp:80]   --->   Operation 9 'alloca' 'o' <Predicate = true> <Delay = 0.00>
ST_1 : Operation 10 [1/1] (0.00ns)   --->   "%indvar_flatten20 = alloca i32 1"   --->   Operation 10 'alloca' 'indvar_flatten20' <Predicate = true> <Delay = 0.00>
ST_1 : Operation 11 [1/1] (0.00ns)   --->   "%specaxissidechannel_ln0 = specaxissidechannel void @_ssdm_op_SpecAXISSideChannel, i32 %s_axis_input_V_data_V, i4 %s_axis_input_V_keep_V, i4 %s_axis_input_V_strb_V, i1 %s_axis_input_V_user_V, i1 %s_axis_input_V_last_V, i1 %s_axis_input_V_id_V, i1 %s_axis_input_V_dest_V, void @empty_5"   --->   Operation 11 'specaxissidechannel' 'specaxissidechannel_ln0' <Predicate = true> <Delay = 0.00>
ST_1 : Operation 12 [1/1] (0.00ns)   --->   "%specinterface_ln0 = specinterface void @_ssdm_op_SpecInterface, i1 %s_axis_input_V_dest_V, void @empty, i32 0, i32 0, void @empty_0, i32 0, i32 0, void @empty_1, void @empty_1, void @empty_1, i32 0, i32 0, i32 0, i32 0, void @empty_1, void @empty_1, i32 4294967295, i32 0, i32 0"   --->   Operation 12 'specinterface' 'specinterface_ln0' <Predicate = true> <Delay = 0.00>
ST_1 : Operation 13 [1/1] (0.00ns)   --->   "%specinterface_ln0 = specinterface void @_ssdm_op_SpecInterface, i1 %s_axis_input_V_id_V, void @empty, i32 0, i32 0, void @empty_0, i32 0, i32 0, void @empty_1, void @empty_1, void @empty_1, i32 0, i32 0, i32 0, i32 0, void @empty_1, void @empty_1, i32 4294967295, i32 0, i32 0"   --->   Operation 13 'specinterface' 'specinterface_ln0' <Predicate = true> <Delay = 0.00>
ST_1 : Operation 14 [1/1] (0.00ns)   --->   "%specinterface_ln0 = specinterface void @_ssdm_op_SpecInterface, i1 %s_axis_input_V_last_V, void @empty, i32 0, i32 0, void @empty_0, i32 0, i32 0, void @empty_1, void @empty_1, void @empty_1, i32 0, i32 0, i32 0, i32 0, void @empty_1, void @empty_1, i32 4294967295, i32 0, i32 0"   --->   Operation 14 'specinterface' 'specinterface_ln0' <Predicate = true> <Delay = 0.00>
ST_1 : Operation 15 [1/1] (0.00ns)   --->   "%specinterface_ln0 = specinterface void @_ssdm_op_SpecInterface, i1 %s_axis_input_V_user_V, void @empty, i32 0, i32 0, void @empty_0, i32 0, i32 0, void @empty_1, void @empty_1, void @empty_1, i32 0, i32 0, i32 0, i32 0, void @empty_1, void @empty_1, i32 4294967295, i32 0, i32 0"   --->   Operation 15 'specinterface' 'specinterface_ln0' <Predicate = true> <Delay = 0.00>
ST_1 : Operation 16 [1/1] (0.00ns)   --->   "%specinterface_ln0 = specinterface void @_ssdm_op_SpecInterface, i4 %s_axis_input_V_strb_V, void @empty, i32 0, i32 0, void @empty_0, i32 0, i32 0, void @empty_1, void @empty_1, void @empty_1, i32 0, i32 0, i32 0, i32 0, void @empty_1, void @empty_1, i32 4294967295, i32 0, i32 0"   --->   Operation 16 'specinterface' 'specinterface_ln0' <Predicate = true> <Delay = 0.00>
ST_1 : Operation 17 [1/1] (0.00ns)   --->   "%specinterface_ln0 = specinterface void @_ssdm_op_SpecInterface, i4 %s_axis_input_V_keep_V, void @empty, i32 0, i32 0, void @empty_0, i32 0, i32 0, void @empty_1, void @empty_1, void @empty_1, i32 0, i32 0, i32 0, i32 0, void @empty_1, void @empty_1, i32 4294967295, i32 0, i32 0"   --->   Operation 17 'specinterface' 'specinterface_ln0' <Predicate = true> <Delay = 0.00>
ST_1 : Operation 18 [1/1] (0.00ns)   --->   "%specinterface_ln0 = specinterface void @_ssdm_op_SpecInterface, i32 %s_axis_input_V_data_V, void @empty, i32 0, i32 0, void @empty_0, i32 0, i32 0, void @empty_1, void @empty_1, void @empty_1, i32 0, i32 0, i32 0, i32 0, void @empty_1, void @empty_1, i32 4294967295, i32 0, i32 0"   --->   Operation 18 'specinterface' 'specinterface_ln0' <Predicate = true> <Delay = 0.00>
ST_1 : Operation 19 [1/1] (1.58ns)   --->   "%store_ln0 = store i10 0, i10 %indvar_flatten20"   --->   Operation 19 'store' 'store_ln0' <Predicate = true> <Delay = 1.58>
ST_1 : Operation 20 [1/1] (1.58ns)   --->   "%store_ln80 = store i2 0, i2 %o" [bnn_top.cpp:80]   --->   Operation 20 'store' 'store_ln80' <Predicate = true> <Delay = 1.58>
ST_1 : Operation 21 [1/1] (1.58ns)   --->   "%store_ln82 = store i9 0, i9 %i" [bnn_top.cpp:82]   --->   Operation 21 'store' 'store_ln82' <Predicate = true> <Delay = 1.58>
ST_1 : Operation 22 [1/1] (1.58ns)   --->   "%store_ln81 = store i32 0, i32 %acc" [bnn_top.cpp:81]   --->   Operation 22 'store' 'store_ln81' <Predicate = true> <Delay = 1.58>
ST_1 : Operation 23 [1/1] (0.00ns)   --->   "%br_ln80 = br void %for.body193" [bnn_top.cpp:80]   --->   Operation 23 'br' 'br_ln80' <Predicate = true> <Delay = 0.00>
ST_1 : Operation 24 [1/1] (0.00ns)   --->   "%indvar_flatten20_load = load i10 %indvar_flatten20" [bnn_top.cpp:80]   --->   Operation 24 'load' 'indvar_flatten20_load' <Predicate = true> <Delay = 0.00>
ST_1 : Operation 25 [1/1] (1.73ns)   --->   "%icmp_ln80 = icmp_eq  i10 %indvar_flatten20_load, i10 512" [bnn_top.cpp:80]   --->   Operation 25 'icmp' 'icmp_ln80' <Predicate = true> <Delay = 1.73> <CoreInst = "Cmp">   --->   Core 9 'Cmp' <Latency = 0> <II = 1> <Delay = 1.73> <FuncUnit> <Opcode : 'seteq' 'setne' 'setle' 'setge' 'setlt' 'setgt'> <InPorts = 2> <OutPorts = 1>
ST_1 : Operation 26 [1/1] (1.73ns)   --->   "%add_ln80 = add i10 %indvar_flatten20_load, i10 1" [bnn_top.cpp:80]   --->   Operation 26 'add' 'add_ln80' <Predicate = true> <Delay = 1.73> <CoreInst = "Adder">   --->   Core 1 'Adder' <Latency = 0> <II = 1> <Delay = 1.73> <FuncUnit> <Opcode : 'add' 'sub'> <InPorts = 2> <OutPorts = 1>
ST_1 : Operation 27 [1/1] (0.00ns)   --->   "%br_ln80 = br i1 %icmp_ln80, void %for.end210, void %for.body221.preheader.exitStub" [bnn_top.cpp:80]   --->   Operation 27 'br' 'br_ln80' <Predicate = true> <Delay = 0.00>
ST_1 : Operation 28 [1/1] (0.00ns)   --->   "%i_load = load i9 %i" [bnn_top.cpp:82]   --->   Operation 28 'load' 'i_load' <Predicate = (!icmp_ln80)> <Delay = 0.00>
ST_1 : Operation 29 [1/1] (1.82ns)   --->   "%icmp_ln82 = icmp_eq  i9 %i_load, i9 256" [bnn_top.cpp:82]   --->   Operation 29 'icmp' 'icmp_ln82' <Predicate = (!icmp_ln80)> <Delay = 1.82> <CoreInst = "Cmp">   --->   Core 9 'Cmp' <Latency = 0> <II = 1> <Delay = 1.82> <FuncUnit> <Opcode : 'seteq' 'setne' 'setle' 'setge' 'setlt' 'setgt'> <InPorts = 2> <OutPorts = 1>
ST_1 : Operation 30 [1/1] (0.96ns)   --->   "%select_ln80 = select i1 %icmp_ln82, i9 0, i9 %i_load" [bnn_top.cpp:80]   --->   Operation 30 'select' 'select_ln80' <Predicate = (!icmp_ln80)> <Delay = 0.96> <CoreInst = "Sel">   --->   Core 73 'Sel' <Latency = 0> <II = 1> <Delay = 0.96> <FuncUnit> <Opcode : 'select'> <InPorts = 3> <OutPorts = 1>
ST_1 : Operation 31 [1/1] (0.00ns)   --->   "%zext_ln82 = zext i9 %select_ln80" [bnn_top.cpp:82]   --->   Operation 31 'zext' 'zext_ln82' <Predicate = (!icmp_ln80)> <Delay = 0.00>
ST_1 : Operation 32 [1/1] (0.00ns)   --->   "%act3_addr = getelementptr i16 %act3, i64 0, i64 %zext_ln82" [bnn_top.cpp:85]   --->   Operation 32 'getelementptr' 'act3_addr' <Predicate = (!icmp_ln80)> <Delay = 0.00>
ST_1 : Operation 33 [2/2] (3.25ns)   --->   "%act3_load = load i8 %act3_addr" [bnn_top.cpp:85]   --->   Operation 33 'load' 'act3_load' <Predicate = (!icmp_ln80)> <Delay = 3.25> <CoreInst = "RAM">   --->   Core 81 'RAM' <Latency = 1> <II = 1> <Delay = 3.25> <Storage> <Opcode : 'load' 'store'> <Ports = 2> <Width = 16> <Depth = 256> <RAM>
ST_1 : Operation 34 [1/1] (1.82ns)   --->   "%add_ln82 = add i9 %select_ln80, i9 1" [bnn_top.cpp:82]   --->   Operation 34 'add' 'add_ln82' <Predicate = (!icmp_ln80)> <Delay = 1.82> <CoreInst = "Adder">   --->   Core 1 'Adder' <Latency = 0> <II = 1> <Delay = 1.82> <FuncUnit> <Opcode : 'add' 'sub'> <InPorts = 2> <OutPorts = 1>
ST_1 : Operation 35 [1/1] (1.58ns)   --->   "%store_ln80 = store i10 %add_ln80, i10 %indvar_flatten20" [bnn_top.cpp:80]   --->   Operation 35 'store' 'store_ln80' <Predicate = (!icmp_ln80)> <Delay = 1.58>
ST_1 : Operation 36 [1/1] (1.58ns)   --->   "%store_ln82 = store i9 %add_ln82, i9 %i" [bnn_top.cpp:82]   --->   Operation 36 'store' 'store_ln82' <Predicate = (!icmp_ln80)> <Delay = 1.58>

State 2 <SV = 1> <Delay = 10.1>
ST_2 : Operation 37 [1/1] (0.00ns)   --->   "%o_load = load i2 %o" [bnn_top.cpp:80]   --->   Operation 37 'load' 'o_load' <Predicate = true> <Delay = 0.00>
ST_2 : Operation 38 [1/1] (1.56ns)   --->   "%add_ln80_1 = add i2 %o_load, i2 1" [bnn_top.cpp:80]   --->   Operation 38 'add' 'add_ln80_1' <Predicate = (icmp_ln82)> <Delay = 1.56> <CoreInst = "Adder">   --->   Core 1 'Adder' <Latency = 0> <II = 1> <Delay = 1.56> <FuncUnit> <Opcode : 'add' 'sub'> <InPorts = 2> <OutPorts = 1>
ST_2 : Operation 39 [1/1] (0.99ns)   --->   "%select_ln80_1 = select i1 %icmp_ln82, i2 %add_ln80_1, i2 %o_load" [bnn_top.cpp:80]   --->   Operation 39 'select' 'select_ln80_1' <Predicate = true> <Delay = 0.99> <CoreInst = "Sel">   --->   Core 73 'Sel' <Latency = 0> <II = 1> <Delay = 0.99> <FuncUnit> <Opcode : 'select'> <InPorts = 3> <OutPorts = 1>
ST_2 : Operation 40 [1/1] (0.51ns)   --->   "%empty = read i44 @_ssdm_op_Read.axis.volatile.i32P0A.i4P0A.i4P0A.i1P0A.i1P0A.i1P0A.i1P0A, i32 %s_axis_input_V_data_V, i4 %s_axis_input_V_keep_V, i4 %s_axis_input_V_strb_V, i1 %s_axis_input_V_user_V, i1 %s_axis_input_V_last_V, i1 %s_axis_input_V_id_V, i1 %s_axis_input_V_dest_V" [bnn_top.cpp:84]   --->   Operation 40 'read' 'empty' <Predicate = true> <Delay = 0.51> <CoreInst = "regslice">   --->   Core 135 'regslice' <Latency = 0> <II = 1> <Delay = 1.86> <Adapter> <Opcode : 'read' 'write'>
ST_2 : Operation 41 [1/1] (0.00ns)   --->   "%p_s = extractvalue i44 %empty" [bnn_top.cpp:84]   --->   Operation 41 'extractvalue' 'p_s' <Predicate = true> <Delay = 0.00>
ST_2 : Operation 42 [1/1] (0.00ns)   --->   "%trunc_ln85 = trunc i32 %p_s" [bnn_top.cpp:85]   --->   Operation 42 'trunc' 'trunc_ln85' <Predicate = true> <Delay = 0.00>
ST_2 : Operation 43 [1/1] (0.00ns)   --->   "%shl_ln6 = bitconcatenate i26 @_ssdm_op_BitConcatenate.i26.i16.i10, i16 %trunc_ln85, i10 0" [bnn_top.cpp:85]   --->   Operation 43 'bitconcatenate' 'shl_ln6' <Predicate = true> <Delay = 0.00>
ST_2 : Operation 44 [1/2] ( I:3.25ns O:3.25ns )   --->   "%act3_load = load i8 %act3_addr" [bnn_top.cpp:85]   --->   Operation 44 'load' 'act3_load' <Predicate = true> <Delay = 3.25> <CoreInst = "RAM">   --->   Core 81 'RAM' <Latency = 1> <II = 1> <Delay = 3.25> <Storage> <Opcode : 'load' 'store'> <Ports = 2> <Width = 16> <Depth = 256> <RAM>
ST_2 : Operation 45 [1/1] (0.00ns)   --->   "%shl_ln85_1 = bitconcatenate i26 @_ssdm_op_BitConcatenate.i26.i16.i10, i16 %act3_load, i10 0" [bnn_top.cpp:85]   --->   Operation 45 'bitconcatenate' 'shl_ln85_1' <Predicate = true> <Delay = 0.00>
ST_2 : Operation 46 [1/1] (0.00ns)   --->   "%sext_ln85 = sext i26 %shl_ln6" [bnn_top.cpp:85]   --->   Operation 46 'sext' 'sext_ln85' <Predicate = true> <Delay = 0.00>
ST_2 : Operation 47 [1/1] (0.00ns)   --->   "%sext_ln85_1 = sext i26 %shl_ln85_1" [bnn_top.cpp:85]   --->   Operation 47 'sext' 'sext_ln85_1' <Predicate = true> <Delay = 0.00>
ST_2 : Operation 48 [1/1] (6.91ns)   --->   "%mul_ln85 = mul i52 %sext_ln85_1, i52 %sext_ln85" [bnn_top.cpp:85]   --->   Operation 48 'mul' 'mul_ln85' <Predicate = true> <Delay = 6.91> <CoreInst = "Multiplier">   --->   Core 3 'Multiplier' <Latency = 0> <II = 1> <Delay = 6.91> <FuncUnit> <Opcode : 'mul'> <InPorts = 2> <OutPorts = 1>
ST_2 : Operation 49 [1/1] (1.82ns)   --->   "%icmp_ln82_1 = icmp_eq  i9 %add_ln82, i9 256" [bnn_top.cpp:82]   --->   Operation 49 'icmp' 'icmp_ln82_1' <Predicate = true> <Delay = 1.82> <CoreInst = "Cmp">   --->   Core 9 'Cmp' <Latency = 0> <II = 1> <Delay = 1.82> <FuncUnit> <Opcode : 'seteq' 'setne' 'setle' 'setge' 'setlt' 'setgt'> <InPorts = 2> <OutPorts = 1>
ST_2 : Operation 50 [1/1] (1.56ns)   --->   "%icmp_ln87_4 = icmp_eq  i2 %select_ln80_1, i2 0" [bnn_top.cpp:87]   --->   Operation 50 'icmp' 'icmp_ln87_4' <Predicate = true> <Delay = 1.56> <CoreInst = "Cmp">   --->   Core 9 'Cmp' <Latency = 0> <II = 1> <Delay = 1.56> <FuncUnit> <Opcode : 'seteq' 'setne' 'setle' 'setge' 'setlt' 'setgt'> <InPorts = 2> <OutPorts = 1>
ST_2 : Operation 51 [1/1] (0.00ns)   --->   "%br_ln82 = br i1 %icmp_ln82_1, void %new.latch.for.body193.split, void %last.iter.for.body193.split" [bnn_top.cpp:82]   --->   Operation 51 'br' 'br_ln82' <Predicate = true> <Delay = 0.00>
ST_2 : Operation 52 [1/1] (0.00ns)   --->   "%br_ln87 = br i1 %icmp_ln87_4, void %arrayidx213.case.1, void %arrayidx213.case.0" [bnn_top.cpp:87]   --->   Operation 52 'br' 'br_ln87' <Predicate = (icmp_ln82_1)> <Delay = 0.00>
ST_2 : Operation 53 [1/1] (0.00ns)   --->   "%br_ln82 = br void %new.latch.for.body193.split" [bnn_top.cpp:82]   --->   Operation 53 'br' 'br_ln82' <Predicate = (icmp_ln82_1)> <Delay = 0.00>
ST_2 : Operation 54 [1/1] (1.58ns)   --->   "%store_ln80 = store i2 %select_ln80_1, i2 %o" [bnn_top.cpp:80]   --->   Operation 54 'store' 'store_ln80' <Predicate = true> <Delay = 1.58>

State 3 <SV = 2> <Delay = 10.7>
ST_3 : Operation 55 [1/1] (0.00ns)   --->   "%acc_load = load i32 %acc" [bnn_top.cpp:80]   --->   Operation 55 'load' 'acc_load' <Predicate = (!icmp_ln82)> <Delay = 0.00>
ST_3 : Operation 56 [1/1] (0.69ns)   --->   "%select_ln80_2 = select i1 %icmp_ln82, i32 0, i32 %acc_load" [bnn_top.cpp:80]   --->   Operation 56 'select' 'select_ln80_2' <Predicate = true> <Delay = 0.69> <CoreInst = "Sel">   --->   Core 73 'Sel' <Latency = 0> <II = 1> <Delay = 0.69> <FuncUnit> <Opcode : 'select'> <InPorts = 3> <OutPorts = 1>
ST_3 : Operation 57 [1/1] (0.00ns)   --->   "%shl_ln85_2 = bitconcatenate i52 @_ssdm_op_BitConcatenate.i52.i32.i20, i32 %select_ln80_2, i20 0" [bnn_top.cpp:85]   --->   Operation 57 'bitconcatenate' 'shl_ln85_2' <Predicate = true> <Delay = 0.00>
ST_3 : Operation 58 [1/1] (0.00ns)   --->   "%sext_ln85_2 = sext i52 %shl_ln85_2" [bnn_top.cpp:85]   --->   Operation 58 'sext' 'sext_ln85_2' <Predicate = true> <Delay = 0.00>
ST_3 : Operation 59 [1/1] (0.00ns)   --->   "%sext_ln85_3 = sext i52 %mul_ln85" [bnn_top.cpp:85]   --->   Operation 59 'sext' 'sext_ln85_3' <Predicate = true> <Delay = 0.00>
ST_3 : Operation 60 [1/1] (3.21ns)   --->   "%add_ln85_1 = add i52 %shl_ln85_2, i52 %mul_ln85" [bnn_top.cpp:85]   --->   Operation 60 'add' 'add_ln85_1' <Predicate = true> <Delay = 3.21> <CoreInst = "Adder">   --->   Core 1 'Adder' <Latency = 0> <II = 1> <Delay = 3.21> <FuncUnit> <Opcode : 'add' 'sub'> <InPorts = 2> <OutPorts = 1>
ST_3 : Operation 61 [1/1] (3.21ns)   --->   "%add_ln85 = add i53 %sext_ln85_2, i53 %sext_ln85_3" [bnn_top.cpp:85]   --->   Operation 61 'add' 'add_ln85' <Predicate = true> <Delay = 3.21> <CoreInst = "Adder">   --->   Core 1 'Adder' <Latency = 0> <II = 1> <Delay = 3.21> <FuncUnit> <Opcode : 'add' 'sub'> <InPorts = 2> <OutPorts = 1>
ST_3 : Operation 62 [1/1] (0.00ns)   --->   "%tmp = bitselect i1 @_ssdm_op_BitSelect.i1.i53.i32, i53 %add_ln85, i32 52" [bnn_top.cpp:85]   --->   Operation 62 'bitselect' 'tmp' <Predicate = true> <Delay = 0.00>
ST_3 : Operation 63 [1/1] (0.00ns) (grouped into LUT with out node acc_2)   --->   "%acc_1 = partselect i32 @_ssdm_op_PartSelect.i32.i52.i32.i32, i52 %add_ln85_1, i32 20, i32 51" [bnn_top.cpp:85]   --->   Operation 63 'partselect' 'acc_1' <Predicate = true> <Delay = 0.00>
ST_3 : Operation 64 [1/1] (0.00ns) (grouped into LUT with out node acc_2)   --->   "%tmp_1 = bitselect i1 @_ssdm_op_BitSelect.i1.i52.i32, i52 %mul_ln85, i32 19" [bnn_top.cpp:85]   --->   Operation 64 'bitselect' 'tmp_1' <Predicate = true> <Delay = 0.00>
ST_3 : Operation 65 [1/1] (0.00ns)   --->   "%tmp_2 = bitselect i1 @_ssdm_op_BitSelect.i1.i52.i32, i52 %add_ln85_1, i32 51" [bnn_top.cpp:85]   --->   Operation 65 'bitselect' 'tmp_2' <Predicate = true> <Delay = 0.00>
ST_3 : Operation 66 [1/1] (0.00ns) (grouped into LUT with out node acc_2)   --->   "%and_ln85 = and i1 %tmp, i1 %tmp_1" [bnn_top.cpp:85]   --->   Operation 66 'and' 'and_ln85' <Predicate = true> <Delay = 0.00> <CoreInst = "LogicGate">   --->   Core 74 'LogicGate' <Latency = 0> <II = 1> <Delay = 0.97> <FuncUnit> <Opcode : 'and' 'or' 'xor'> <InPorts = 2> <OutPorts = 1>
ST_3 : Operation 67 [1/1] (0.00ns) (grouped into LUT with out node acc_2)   --->   "%zext_ln85 = zext i1 %and_ln85" [bnn_top.cpp:85]   --->   Operation 67 'zext' 'zext_ln85' <Predicate = true> <Delay = 0.00>
ST_3 : Operation 68 [1/1] (2.55ns) (out node of the LUT)   --->   "%acc_2 = add i32 %acc_1, i32 %zext_ln85" [bnn_top.cpp:85]   --->   Operation 68 'add' 'acc_2' <Predicate = true> <Delay = 2.55> <CoreInst = "Adder">   --->   Core 1 'Adder' <Latency = 0> <II = 1> <Delay = 2.55> <FuncUnit> <Opcode : 'add' 'sub'> <InPorts = 2> <OutPorts = 1>
ST_3 : Operation 69 [1/1] (0.00ns)   --->   "%tmp_3 = bitselect i1 @_ssdm_op_BitSelect.i1.i32.i32, i32 %acc_2, i32 31" [bnn_top.cpp:85]   --->   Operation 69 'bitselect' 'tmp_3' <Predicate = true> <Delay = 0.00>
ST_3 : Operation 70 [1/1] (0.00ns) (grouped into LUT with out node or_ln85_2)   --->   "%xor_ln85 = xor i1 %tmp_3, i1 1" [bnn_top.cpp:85]   --->   Operation 70 'xor' 'xor_ln85' <Predicate = true> <Delay = 0.00> <CoreInst = "LogicGate">   --->   Core 74 'LogicGate' <Latency = 0> <II = 1> <Delay = 0.97> <FuncUnit> <Opcode : 'and' 'or' 'xor'> <InPorts = 2> <OutPorts = 1>
ST_3 : Operation 71 [1/1] (0.00ns) (grouped into LUT with out node or_ln85_2)   --->   "%and_ln85_1 = and i1 %tmp_2, i1 %xor_ln85" [bnn_top.cpp:85]   --->   Operation 71 'and' 'and_ln85_1' <Predicate = true> <Delay = 0.00> <CoreInst = "LogicGate">   --->   Core 74 'LogicGate' <Latency = 0> <II = 1> <Delay = 0.97> <FuncUnit> <Opcode : 'and' 'or' 'xor'> <InPorts = 2> <OutPorts = 1>
ST_3 : Operation 72 [1/1] (0.00ns) (grouped into LUT with out node and_ln85_2)   --->   "%xor_ln85_2 = xor i1 %tmp_2, i1 1" [bnn_top.cpp:85]   --->   Operation 72 'xor' 'xor_ln85_2' <Predicate = true> <Delay = 0.00> <CoreInst = "LogicGate">   --->   Core 74 'LogicGate' <Latency = 0> <II = 1> <Delay = 0.97> <FuncUnit> <Opcode : 'and' 'or' 'xor'> <InPorts = 2> <OutPorts = 1>
ST_3 : Operation 73 [1/1] (0.00ns) (grouped into LUT with out node and_ln85_2)   --->   "%or_ln85 = or i1 %tmp_3, i1 %xor_ln85_2" [bnn_top.cpp:85]   --->   Operation 73 'or' 'or_ln85' <Predicate = true> <Delay = 0.00> <CoreInst = "LogicGate">   --->   Core 74 'LogicGate' <Latency = 0> <II = 1> <Delay = 0.97> <FuncUnit> <Opcode : 'and' 'or' 'xor'> <InPorts = 2> <OutPorts = 1>
ST_3 : Operation 74 [1/1] (0.00ns) (grouped into LUT with out node and_ln85_2)   --->   "%xor_ln85_1 = xor i1 %tmp, i1 1" [bnn_top.cpp:85]   --->   Operation 74 'xor' 'xor_ln85_1' <Predicate = true> <Delay = 0.00> <CoreInst = "LogicGate">   --->   Core 74 'LogicGate' <Latency = 0> <II = 1> <Delay = 0.97> <FuncUnit> <Opcode : 'and' 'or' 'xor'> <InPorts = 2> <OutPorts = 1>
ST_3 : Operation 75 [1/1] (0.00ns) (grouped into LUT with out node and_ln85_2)   --->   "%xor_ln85_4 = xor i1 %or_ln85, i1 1" [bnn_top.cpp:85]   --->   Operation 75 'xor' 'xor_ln85_4' <Predicate = true> <Delay = 0.00> <CoreInst = "LogicGate">   --->   Core 74 'LogicGate' <Latency = 0> <II = 1> <Delay = 0.97> <FuncUnit> <Opcode : 'and' 'or' 'xor'> <InPorts = 2> <OutPorts = 1>
ST_3 : Operation 76 [1/1] (0.00ns) (grouped into LUT with out node and_ln85_2)   --->   "%xor_ln85_3 = xor i1 %xor_ln85_4, i1 %tmp" [bnn_top.cpp:85]   --->   Operation 76 'xor' 'xor_ln85_3' <Predicate = true> <Delay = 0.00> <CoreInst = "LogicGate">   --->   Core 74 'LogicGate' <Latency = 0> <II = 1> <Delay = 0.97> <FuncUnit> <Opcode : 'and' 'or' 'xor'> <InPorts = 2> <OutPorts = 1>
ST_3 : Operation 77 [1/1] (0.00ns) (grouped into LUT with out node and_ln85_2)   --->   "%or_ln85_1 = or i1 %tmp_3, i1 %xor_ln85_3" [bnn_top.cpp:85]   --->   Operation 77 'or' 'or_ln85_1' <Predicate = true> <Delay = 0.00> <CoreInst = "LogicGate">   --->   Core 74 'LogicGate' <Latency = 0> <II = 1> <Delay = 0.97> <FuncUnit> <Opcode : 'and' 'or' 'xor'> <InPorts = 2> <OutPorts = 1>
ST_3 : Operation 78 [1/1] (0.97ns) (out node of the LUT)   --->   "%and_ln85_2 = and i1 %or_ln85_1, i1 %xor_ln85_1" [bnn_top.cpp:85]   --->   Operation 78 'and' 'and_ln85_2' <Predicate = true> <Delay = 0.97> <CoreInst = "LogicGate">   --->   Core 74 'LogicGate' <Latency = 0> <II = 1> <Delay = 0.97> <FuncUnit> <Opcode : 'and' 'or' 'xor'> <InPorts = 2> <OutPorts = 1>
ST_3 : Operation 79 [1/1] (0.00ns) (grouped into LUT with out node or_ln85_2)   --->   "%or_ln85_3 = or i1 %and_ln85_1, i1 %tmp_3" [bnn_top.cpp:85]   --->   Operation 79 'or' 'or_ln85_3' <Predicate = true> <Delay = 0.00> <CoreInst = "LogicGate">   --->   Core 74 'LogicGate' <Latency = 0> <II = 1> <Delay = 0.97> <FuncUnit> <Opcode : 'and' 'or' 'xor'> <InPorts = 2> <OutPorts = 1>
ST_3 : Operation 80 [1/1] (0.00ns) (grouped into LUT with out node or_ln85_2)   --->   "%xor_ln85_5 = xor i1 %or_ln85_3, i1 1" [bnn_top.cpp:85]   --->   Operation 80 'xor' 'xor_ln85_5' <Predicate = true> <Delay = 0.00> <CoreInst = "LogicGate">   --->   Core 74 'LogicGate' <Latency = 0> <II = 1> <Delay = 0.97> <FuncUnit> <Opcode : 'and' 'or' 'xor'> <InPorts = 2> <OutPorts = 1>
ST_3 : Operation 81 [1/1] (0.00ns) (grouped into LUT with out node or_ln85_2)   --->   "%and_ln85_3 = and i1 %tmp, i1 %xor_ln85_5" [bnn_top.cpp:85]   --->   Operation 81 'and' 'and_ln85_3' <Predicate = true> <Delay = 0.00> <CoreInst = "LogicGate">   --->   Core 74 'LogicGate' <Latency = 0> <II = 1> <Delay = 0.97> <FuncUnit> <Opcode : 'and' 'or' 'xor'> <InPorts = 2> <OutPorts = 1>
ST_3 : Operation 82 [1/1] (0.00ns) (grouped into LUT with out node acc_3)   --->   "%select_ln85 = select i1 %and_ln85_2, i32 2147483647, i32 2147483648" [bnn_top.cpp:85]   --->   Operation 82 'select' 'select_ln85' <Predicate = true> <Delay = 0.00> <CoreInst = "Sel">   --->   Core 73 'Sel' <Latency = 0> <II = 1> <Delay = 0.69> <FuncUnit> <Opcode : 'select'> <InPorts = 3> <OutPorts = 1>
ST_3 : Operation 83 [1/1] (0.97ns) (out node of the LUT)   --->   "%or_ln85_2 = or i1 %and_ln85_2, i1 %and_ln85_3" [bnn_top.cpp:85]   --->   Operation 83 'or' 'or_ln85_2' <Predicate = true> <Delay = 0.97> <CoreInst = "LogicGate">   --->   Core 74 'LogicGate' <Latency = 0> <II = 1> <Delay = 0.97> <FuncUnit> <Opcode : 'and' 'or' 'xor'> <InPorts = 2> <OutPorts = 1>
ST_3 : Operation 84 [1/1] (0.69ns) (out node of the LUT)   --->   "%acc_3 = select i1 %or_ln85_2, i32 %select_ln85, i32 %acc_2" [bnn_top.cpp:85]   --->   Operation 84 'select' 'acc_3' <Predicate = true> <Delay = 0.69> <CoreInst = "Sel">   --->   Core 73 'Sel' <Latency = 0> <II = 1> <Delay = 0.69> <FuncUnit> <Opcode : 'select'> <InPorts = 3> <OutPorts = 1>
ST_3 : Operation 85 [1/1] (0.00ns)   --->   "%tmp_4 = bitselect i1 @_ssdm_op_BitSelect.i1.i32.i32, i32 %acc_3, i32 31" [bnn_top.cpp:87]   --->   Operation 85 'bitselect' 'tmp_4' <Predicate = true> <Delay = 0.00>
ST_3 : Operation 86 [1/1] (0.00ns)   --->   "%trunc_ln87 = trunc i32 %acc_3" [bnn_top.cpp:87]   --->   Operation 86 'trunc' 'trunc_ln87' <Predicate = true> <Delay = 0.00>
ST_3 : Operation 87 [1/1] (0.00ns)   --->   "%tmp_s = partselect i5 @_ssdm_op_PartSelect.i5.i32.i32, i32 %acc_3, i32 27" [bnn_top.cpp:87]   --->   Operation 87 'partselect' 'tmp_s' <Predicate = true> <Delay = 0.00>
ST_3 : Operation 88 [1/1] (0.00ns)   --->   "%tmp_9 = partselect i6 @_ssdm_op_PartSelect.i6.i32.i32, i32 %acc_3, i32 26" [bnn_top.cpp:87]   --->   Operation 88 'partselect' 'tmp_9' <Predicate = true> <Delay = 0.00>
ST_3 : Operation 89 [1/1] (1.58ns)   --->   "%store_ln81 = store i32 %acc_3, i32 %acc" [bnn_top.cpp:81]   --->   Operation 89 'store' 'store_ln81' <Predicate = true> <Delay = 1.58>
ST_3 : Operation 90 [1/1] (0.00ns)   --->   "%br_ln82 = br void %for.body193" [bnn_top.cpp:82]   --->   Operation 90 'br' 'br_ln82' <Predicate = true> <Delay = 0.00>
ST_3 : Operation 129 [1/1] (1.58ns)   --->   "%ret_ln0 = ret"   --->   Operation 129 'ret' 'ret_ln0' <Predicate = (icmp_ln80)> <Delay = 1.58>

State 4 <SV = 3> <Delay = 7.65>
ST_4 : Operation 91 [1/1] (0.00ns)   --->   "%specloopname_ln0 = specloopname void @_ssdm_op_SpecLoopName, void @L4_W_L4_IN_str"   --->   Operation 91 'specloopname' 'specloopname_ln0' <Predicate = true> <Delay = 0.00>
ST_4 : Operation 92 [1/1] (0.00ns)   --->   "%speclooptripcount_ln0 = speclooptripcount void @_ssdm_op_SpecLoopTripCount, i64 512, i64 512, i64 512"   --->   Operation 92 'speclooptripcount' 'speclooptripcount_ln0' <Predicate = true> <Delay = 0.00>
ST_4 : Operation 93 [1/1] (0.00ns)   --->   "%specpipeline_ln83 = specpipeline void @_ssdm_op_SpecPipeline, i32 1, i32 0, i32 0, i32 0, void @empty_1" [bnn_top.cpp:83]   --->   Operation 93 'specpipeline' 'specpipeline_ln83' <Predicate = true> <Delay = 0.00>
ST_4 : Operation 94 [1/1] (0.00ns) (grouped into LUT with out node add_ln87)   --->   "%trunc_ln3 = partselect i16 @_ssdm_op_PartSelect.i16.i32.i32.i32, i32 %acc_3, i32 10, i32 25" [bnn_top.cpp:87]   --->   Operation 94 'partselect' 'trunc_ln3' <Predicate = true> <Delay = 0.00>
ST_4 : Operation 95 [1/1] (0.00ns) (grouped into LUT with out node add_ln87)   --->   "%tmp_5 = bitselect i1 @_ssdm_op_BitSelect.i1.i32.i32, i32 %acc_3, i32 9" [bnn_top.cpp:87]   --->   Operation 95 'bitselect' 'tmp_5' <Predicate = true> <Delay = 0.00>
ST_4 : Operation 96 [1/1] (1.82ns)   --->   "%icmp_ln87 = icmp_ne  i9 %trunc_ln87, i9 0" [bnn_top.cpp:87]   --->   Operation 96 'icmp' 'icmp_ln87' <Predicate = true> <Delay = 1.82> <CoreInst = "Cmp">   --->   Core 9 'Cmp' <Latency = 0> <II = 1> <Delay = 1.82> <FuncUnit> <Opcode : 'seteq' 'setne' 'setle' 'setge' 'setlt' 'setgt'> <InPorts = 2> <OutPorts = 1>
ST_4 : Operation 97 [1/1] (0.00ns) (grouped into LUT with out node and_ln87_1)   --->   "%tmp_6 = bitselect i1 @_ssdm_op_BitSelect.i1.i32.i32, i32 %acc_3, i32 25" [bnn_top.cpp:87]   --->   Operation 97 'bitselect' 'tmp_6' <Predicate = true> <Delay = 0.00>
ST_4 : Operation 98 [1/1] (0.00ns) (grouped into LUT with out node add_ln87)   --->   "%or_ln87 = or i1 %tmp_4, i1 %icmp_ln87" [bnn_top.cpp:87]   --->   Operation 98 'or' 'or_ln87' <Predicate = true> <Delay = 0.00> <CoreInst = "LogicGate">   --->   Core 74 'LogicGate' <Latency = 0> <II = 1> <Delay = 0.97> <FuncUnit> <Opcode : 'and' 'or' 'xor'> <InPorts = 2> <OutPorts = 1>
ST_4 : Operation 99 [1/1] (0.00ns) (grouped into LUT with out node add_ln87)   --->   "%and_ln87 = and i1 %or_ln87, i1 %tmp_5" [bnn_top.cpp:87]   --->   Operation 99 'and' 'and_ln87' <Predicate = true> <Delay = 0.00> <CoreInst = "LogicGate">   --->   Core 74 'LogicGate' <Latency = 0> <II = 1> <Delay = 0.97> <FuncUnit> <Opcode : 'and' 'or' 'xor'> <InPorts = 2> <OutPorts = 1>
ST_4 : Operation 100 [1/1] (0.00ns) (grouped into LUT with out node add_ln87)   --->   "%zext_ln87 = zext i1 %and_ln87" [bnn_top.cpp:87]   --->   Operation 100 'zext' 'zext_ln87' <Predicate = true> <Delay = 0.00>
ST_4 : Operation 101 [1/1] (2.07ns) (out node of the LUT)   --->   "%add_ln87 = add i16 %trunc_ln3, i16 %zext_ln87" [bnn_top.cpp:87]   --->   Operation 101 'add' 'add_ln87' <Predicate = true> <Delay = 2.07> <CoreInst = "Adder">   --->   Core 1 'Adder' <Latency = 0> <II = 1> <Delay = 2.07> <FuncUnit> <Opcode : 'add' 'sub'> <InPorts = 2> <OutPorts = 1>
ST_4 : Operation 102 [1/1] (0.00ns)   --->   "%tmp_7 = bitselect i1 @_ssdm_op_BitSelect.i1.i16.i32, i16 %add_ln87, i32 15" [bnn_top.cpp:87]   --->   Operation 102 'bitselect' 'tmp_7' <Predicate = true> <Delay = 0.00>
ST_4 : Operation 103 [1/1] (0.00ns) (grouped into LUT with out node and_ln87_1)   --->   "%xor_ln87 = xor i1 %tmp_7, i1 1" [bnn_top.cpp:87]   --->   Operation 103 'xor' 'xor_ln87' <Predicate = true> <Delay = 0.00> <CoreInst = "LogicGate">   --->   Core 74 'LogicGate' <Latency = 0> <II = 1> <Delay = 0.97> <FuncUnit> <Opcode : 'and' 'or' 'xor'> <InPorts = 2> <OutPorts = 1>
ST_4 : Operation 104 [1/1] (0.97ns) (out node of the LUT)   --->   "%and_ln87_1 = and i1 %tmp_6, i1 %xor_ln87" [bnn_top.cpp:87]   --->   Operation 104 'and' 'and_ln87_1' <Predicate = true> <Delay = 0.97> <CoreInst = "LogicGate">   --->   Core 74 'LogicGate' <Latency = 0> <II = 1> <Delay = 0.97> <FuncUnit> <Opcode : 'and' 'or' 'xor'> <InPorts = 2> <OutPorts = 1>
ST_4 : Operation 105 [1/1] (0.00ns) (grouped into LUT with out node and_ln87_5)   --->   "%tmp_8 = bitselect i1 @_ssdm_op_BitSelect.i1.i32.i32, i32 %acc_3, i32 26" [bnn_top.cpp:87]   --->   Operation 105 'bitselect' 'tmp_8' <Predicate = true> <Delay = 0.00>
ST_4 : Operation 106 [1/1] (1.78ns)   --->   "%icmp_ln87_1 = icmp_eq  i5 %tmp_s, i5 31" [bnn_top.cpp:87]   --->   Operation 106 'icmp' 'icmp_ln87_1' <Predicate = true> <Delay = 1.78> <CoreInst = "Cmp">   --->   Core 9 'Cmp' <Latency = 0> <II = 1> <Delay = 1.78> <FuncUnit> <Opcode : 'seteq' 'setne' 'setle' 'setge' 'setlt' 'setgt'> <InPorts = 2> <OutPorts = 1>
ST_4 : Operation 107 [1/1] (1.82ns)   --->   "%icmp_ln87_2 = icmp_eq  i6 %tmp_9, i6 63" [bnn_top.cpp:87]   --->   Operation 107 'icmp' 'icmp_ln87_2' <Predicate = true> <Delay = 1.82> <CoreInst = "Cmp">   --->   Core 9 'Cmp' <Latency = 0> <II = 1> <Delay = 1.82> <FuncUnit> <Opcode : 'seteq' 'setne' 'setle' 'setge' 'setlt' 'setgt'> <InPorts = 2> <OutPorts = 1>
ST_4 : Operation 108 [1/1] (1.82ns)   --->   "%icmp_ln87_3 = icmp_eq  i6 %tmp_9, i6 0" [bnn_top.cpp:87]   --->   Operation 108 'icmp' 'icmp_ln87_3' <Predicate = true> <Delay = 1.82> <CoreInst = "Cmp">   --->   Core 9 'Cmp' <Latency = 0> <II = 1> <Delay = 1.82> <FuncUnit> <Opcode : 'seteq' 'setne' 'setle' 'setge' 'setlt' 'setgt'> <InPorts = 2> <OutPorts = 1>
ST_4 : Operation 109 [1/1] (0.00ns) (grouped into LUT with out node and_ln87_4)   --->   "%select_ln87 = select i1 %and_ln87_1, i1 %icmp_ln87_2, i1 %icmp_ln87_3" [bnn_top.cpp:87]   --->   Operation 109 'select' 'select_ln87' <Predicate = true> <Delay = 0.00> <CoreInst = "Sel">   --->   Core 73 'Sel' <Latency = 0> <II = 1> <Delay = 0.99> <FuncUnit> <Opcode : 'select'> <InPorts = 3> <OutPorts = 1>
ST_4 : Operation 110 [1/1] (0.00ns) (grouped into LUT with out node and_ln87_5)   --->   "%xor_ln87_1 = xor i1 %tmp_8, i1 1" [bnn_top.cpp:87]   --->   Operation 110 'xor' 'xor_ln87_1' <Predicate = true> <Delay = 0.00> <CoreInst = "LogicGate">   --->   Core 74 'LogicGate' <Latency = 0> <II = 1> <Delay = 0.97> <FuncUnit> <Opcode : 'and' 'or' 'xor'> <InPorts = 2> <OutPorts = 1>
ST_4 : Operation 111 [1/1] (0.00ns) (grouped into LUT with out node and_ln87_5)   --->   "%and_ln87_2 = and i1 %icmp_ln87_1, i1 %xor_ln87_1" [bnn_top.cpp:87]   --->   Operation 111 'and' 'and_ln87_2' <Predicate = true> <Delay = 0.00> <CoreInst = "LogicGate">   --->   Core 74 'LogicGate' <Latency = 0> <II = 1> <Delay = 0.97> <FuncUnit> <Opcode : 'and' 'or' 'xor'> <InPorts = 2> <OutPorts = 1>
ST_4 : Operation 112 [1/1] (0.00ns) (grouped into LUT with out node and_ln87_5)   --->   "%select_ln87_1 = select i1 %and_ln87_1, i1 %and_ln87_2, i1 %icmp_ln87_2" [bnn_top.cpp:87]   --->   Operation 112 'select' 'select_ln87_1' <Predicate = true> <Delay = 0.00> <CoreInst = "Sel">   --->   Core 73 'Sel' <Latency = 0> <II = 1> <Delay = 0.99> <FuncUnit> <Opcode : 'select'> <InPorts = 3> <OutPorts = 1>
ST_4 : Operation 113 [1/1] (0.00ns) (grouped into LUT with out node or_ln87_2)   --->   "%and_ln87_3 = and i1 %and_ln87_1, i1 %icmp_ln87_2" [bnn_top.cpp:87]   --->   Operation 113 'and' 'and_ln87_3' <Predicate = true> <Delay = 0.00> <CoreInst = "LogicGate">   --->   Core 74 'LogicGate' <Latency = 0> <II = 1> <Delay = 0.97> <FuncUnit> <Opcode : 'and' 'or' 'xor'> <InPorts = 2> <OutPorts = 1>
ST_4 : Operation 114 [1/1] (0.00ns) (grouped into LUT with out node and_ln87_4)   --->   "%xor_ln87_2 = xor i1 %select_ln87, i1 1" [bnn_top.cpp:87]   --->   Operation 114 'xor' 'xor_ln87_2' <Predicate = true> <Delay = 0.00> <CoreInst = "LogicGate">   --->   Core 74 'LogicGate' <Latency = 0> <II = 1> <Delay = 0.97> <FuncUnit> <Opcode : 'and' 'or' 'xor'> <InPorts = 2> <OutPorts = 1>
ST_4 : Operation 115 [1/1] (0.00ns) (grouped into LUT with out node and_ln87_4)   --->   "%or_ln87_1 = or i1 %tmp_7, i1 %xor_ln87_2" [bnn_top.cpp:87]   --->   Operation 115 'or' 'or_ln87_1' <Predicate = true> <Delay = 0.00> <CoreInst = "LogicGate">   --->   Core 74 'LogicGate' <Latency = 0> <II = 1> <Delay = 0.97> <FuncUnit> <Opcode : 'and' 'or' 'xor'> <InPorts = 2> <OutPorts = 1>
ST_4 : Operation 116 [1/1] (0.00ns) (grouped into LUT with out node and_ln87_4)   --->   "%xor_ln87_3 = xor i1 %tmp_4, i1 1" [bnn_top.cpp:87]   --->   Operation 116 'xor' 'xor_ln87_3' <Predicate = true> <Delay = 0.00> <CoreInst = "LogicGate">   --->   Core 74 'LogicGate' <Latency = 0> <II = 1> <Delay = 0.97> <FuncUnit> <Opcode : 'and' 'or' 'xor'> <InPorts = 2> <OutPorts = 1>
ST_4 : Operation 117 [1/1] (0.99ns) (out node of the LUT)   --->   "%and_ln87_4 = and i1 %or_ln87_1, i1 %xor_ln87_3" [bnn_top.cpp:87]   --->   Operation 117 'and' 'and_ln87_4' <Predicate = true> <Delay = 0.99> <CoreInst = "LogicGate">   --->   Core 74 'LogicGate' <Latency = 0> <II = 1> <Delay = 0.97> <FuncUnit> <Opcode : 'and' 'or' 'xor'> <InPorts = 2> <OutPorts = 1>
ST_4 : Operation 118 [1/1] (0.99ns) (out node of the LUT)   --->   "%and_ln87_5 = and i1 %tmp_7, i1 %select_ln87_1" [bnn_top.cpp:87]   --->   Operation 118 'and' 'and_ln87_5' <Predicate = true> <Delay = 0.99> <CoreInst = "LogicGate">   --->   Core 74 'LogicGate' <Latency = 0> <II = 1> <Delay = 0.97> <FuncUnit> <Opcode : 'and' 'or' 'xor'> <InPorts = 2> <OutPorts = 1>
ST_4 : Operation 119 [1/1] (0.00ns) (grouped into LUT with out node or_ln87_2)   --->   "%or_ln87_3 = or i1 %and_ln87_3, i1 %and_ln87_5" [bnn_top.cpp:87]   --->   Operation 119 'or' 'or_ln87_3' <Predicate = true> <Delay = 0.00> <CoreInst = "LogicGate">   --->   Core 74 'LogicGate' <Latency = 0> <II = 1> <Delay = 0.97> <FuncUnit> <Opcode : 'and' 'or' 'xor'> <InPorts = 2> <OutPorts = 1>
ST_4 : Operation 120 [1/1] (0.00ns) (grouped into LUT with out node or_ln87_2)   --->   "%xor_ln87_4 = xor i1 %or_ln87_3, i1 1" [bnn_top.cpp:87]   --->   Operation 120 'xor' 'xor_ln87_4' <Predicate = true> <Delay = 0.00> <CoreInst = "LogicGate">   --->   Core 74 'LogicGate' <Latency = 0> <II = 1> <Delay = 0.97> <FuncUnit> <Opcode : 'and' 'or' 'xor'> <InPorts = 2> <OutPorts = 1>
ST_4 : Operation 121 [1/1] (0.00ns) (grouped into LUT with out node or_ln87_2)   --->   "%and_ln87_6 = and i1 %tmp_4, i1 %xor_ln87_4" [bnn_top.cpp:87]   --->   Operation 121 'and' 'and_ln87_6' <Predicate = true> <Delay = 0.00> <CoreInst = "LogicGate">   --->   Core 74 'LogicGate' <Latency = 0> <II = 1> <Delay = 0.97> <FuncUnit> <Opcode : 'and' 'or' 'xor'> <InPorts = 2> <OutPorts = 1>
ST_4 : Operation 122 [1/1] (0.00ns) (grouped into LUT with out node act4_2)   --->   "%select_ln87_2 = select i1 %and_ln87_4, i16 32767, i16 32768" [bnn_top.cpp:87]   --->   Operation 122 'select' 'select_ln87_2' <Predicate = true> <Delay = 0.00> <CoreInst = "Sel">   --->   Core 73 'Sel' <Latency = 0> <II = 1> <Delay = 0.80> <FuncUnit> <Opcode : 'select'> <InPorts = 3> <OutPorts = 1>
ST_4 : Operation 123 [1/1] (0.97ns) (out node of the LUT)   --->   "%or_ln87_2 = or i1 %and_ln87_4, i1 %and_ln87_6" [bnn_top.cpp:87]   --->   Operation 123 'or' 'or_ln87_2' <Predicate = true> <Delay = 0.97> <CoreInst = "LogicGate">   --->   Core 74 'LogicGate' <Latency = 0> <II = 1> <Delay = 0.97> <FuncUnit> <Opcode : 'and' 'or' 'xor'> <InPorts = 2> <OutPorts = 1>
ST_4 : Operation 124 [1/1] (0.80ns) (out node of the LUT)   --->   "%act4_2 = select i1 %or_ln87_2, i16 %select_ln87_2, i16 %add_ln87" [bnn_top.cpp:87]   --->   Operation 124 'select' 'act4_2' <Predicate = true> <Delay = 0.80> <CoreInst = "Sel">   --->   Core 73 'Sel' <Latency = 0> <II = 1> <Delay = 0.80> <FuncUnit> <Opcode : 'select'> <InPorts = 3> <OutPorts = 1>
ST_4 : Operation 125 [1/1] (0.00ns)   --->   "%write_ln87 = write void @_ssdm_op_Write.ap_auto.i16P0A, i16 %act4_1, i16 %act4_2" [bnn_top.cpp:87]   --->   Operation 125 'write' 'write_ln87' <Predicate = (icmp_ln82_1 & !icmp_ln87_4)> <Delay = 0.00>
ST_4 : Operation 126 [1/1] (0.00ns)   --->   "%br_ln87 = br void %arrayidx213.exit" [bnn_top.cpp:87]   --->   Operation 126 'br' 'br_ln87' <Predicate = (icmp_ln82_1 & !icmp_ln87_4)> <Delay = 0.00>
ST_4 : Operation 127 [1/1] (0.00ns)   --->   "%write_ln87 = write void @_ssdm_op_Write.ap_auto.i16P0A, i16 %act4, i16 %act4_2" [bnn_top.cpp:87]   --->   Operation 127 'write' 'write_ln87' <Predicate = (icmp_ln82_1 & icmp_ln87_4)> <Delay = 0.00>
ST_4 : Operation 128 [1/1] (0.00ns)   --->   "%br_ln87 = br void %arrayidx213.exit" [bnn_top.cpp:87]   --->   Operation 128 'br' 'br_ln87' <Predicate = (icmp_ln82_1 & icmp_ln87_4)> <Delay = 0.00>


============================================================
+ Verbose Summary: Timing violations
============================================================
Target clock period: 10.000ns, clock uncertainty: 2.700ns.

 <State 1>: 7.789ns
The critical path consists of the following:
	'store' operation 0 bit ('store_ln82', bnn_top.cpp:82) of constant 0 on local variable 'i', bnn_top.cpp:82 [25]  (1.588 ns)
	'load' operation 9 bit ('i_load', bnn_top.cpp:82) on local variable 'i', bnn_top.cpp:82 [35]  (0.000 ns)
	'icmp' operation 1 bit ('icmp_ln82', bnn_top.cpp:82) [39]  (1.823 ns)
	'select' operation 9 bit ('select_ln80', bnn_top.cpp:80) [40]  (0.968 ns)
	'add' operation 9 bit ('add_ln82', bnn_top.cpp:82) [84]  (1.823 ns)
	'store' operation 0 bit ('store_ln82', bnn_top.cpp:82) of variable 'add_ln82', bnn_top.cpp:82 on local variable 'i', bnn_top.cpp:82 [136]  (1.588 ns)

 <State 2>: 10.169ns
The critical path consists of the following:
	'load' operation 16 bit ('act3_load', bnn_top.cpp:85) on array 'act3' [50]  (3.254 ns)
	'mul' operation 52 bit ('mul_ln85', bnn_top.cpp:85) [54]  (6.915 ns)

 <State 3>: 10.703ns
The critical path consists of the following:
	'load' operation 32 bit ('acc_load', bnn_top.cpp:80) on local variable 'acc', bnn_top.cpp:81 [34]  (0.000 ns)
	'select' operation 32 bit ('select_ln80_2', bnn_top.cpp:80) [55]  (0.698 ns)
	'add' operation 52 bit ('add_ln85_1', bnn_top.cpp:85) [59]  (3.211 ns)
	'add' operation 32 bit ('acc', bnn_top.cpp:85) [67]  (2.552 ns)
	'or' operation 1 bit ('or_ln85_1', bnn_top.cpp:85) [76]  (0.000 ns)
	'and' operation 1 bit ('and_ln85_2', bnn_top.cpp:85) [77]  (0.978 ns)
	'or' operation 1 bit ('or_ln85_2', bnn_top.cpp:85) [82]  (0.978 ns)
	'select' operation 32 bit ('acc', bnn_top.cpp:85) [83]  (0.698 ns)
	'store' operation 0 bit ('store_ln81', bnn_top.cpp:81) of variable 'acc', bnn_top.cpp:85 on local variable 'acc', bnn_top.cpp:81 [137]  (1.588 ns)

 <State 4>: 7.654ns
The critical path consists of the following:
	'icmp' operation 1 bit ('icmp_ln87', bnn_top.cpp:87) [90]  (1.823 ns)
	'or' operation 1 bit ('or_ln87', bnn_top.cpp:87) [92]  (0.000 ns)
	'and' operation 1 bit ('and_ln87', bnn_top.cpp:87) [93]  (0.000 ns)
	'add' operation 16 bit ('add_ln87', bnn_top.cpp:87) [95]  (2.077 ns)
	'xor' operation 1 bit ('xor_ln87', bnn_top.cpp:87) [97]  (0.000 ns)
	'and' operation 1 bit ('and_ln87_1', bnn_top.cpp:87) [98]  (0.978 ns)
	'select' operation 1 bit ('select_ln87', bnn_top.cpp:87) [105]  (0.000 ns)
	'xor' operation 1 bit ('xor_ln87_2', bnn_top.cpp:87) [110]  (0.000 ns)
	'or' operation 1 bit ('or_ln87_1', bnn_top.cpp:87) [111]  (0.000 ns)
	'and' operation 1 bit ('and_ln87_4', bnn_top.cpp:87) [113]  (0.993 ns)
	'or' operation 1 bit ('or_ln87_2', bnn_top.cpp:87) [119]  (0.978 ns)
	'select' operation 16 bit ('act4', bnn_top.cpp:87) [120]  (0.805 ns)
	wire write operation ('write_ln87', bnn_top.cpp:87) on port 'act4_1' (bnn_top.cpp:87) [126]  (0.000 ns)


============================================================
+ Verbose Summary: Binding
============================================================
N/A
* FSMD analyzer results:
  - Output states:
 - Input state : 
  - Chain level:
	State 1
	State 2
	State 3
	State 4


============================================================
+ Verbose Summary: Datapath Resource usage 
============================================================
N/A
