

================================================================
== Vitis HLS Report for 'bnn_top_Pipeline_L1_W_L1_IN'
================================================================
* Date:           Sat May  9 04:49:28 2026

* Version:        2025.1 (Build 6135595 on May 21 2025)
* Project:        bnn_top
* Solution:       solution (Vivado IP Flow Target)
* Product family: zynq
* Target device:  xc7z020-clg400-1


================================================================
== Performance Estimates
================================================================
+ Timing: 
    * Summary: 
    +--------+----------+-----------+------------+
    |  Clock |  Target  | Estimated | Uncertainty|
    +--------+----------+-----------+------------+
    |ap_clk  |  10.00 ns|  10.703 ns|     2.70 ns|
    +--------+----------+-----------+------------+

+ Latency: 
    * Summary: 
    +---------+---------+----------+----------+-------+-------+------------------------------------------------+
    |  Latency (cycles) |  Latency (absolute) |    Interval   |                    Pipeline                    |
    |   min   |   max   |    min   |    max   |  min  |  max  |                      Type                      |
    +---------+---------+----------+----------+-------+-------+------------------------------------------------+
    |    16389|    16389|  0.175 ms|  0.175 ms|  16385|  16385|  loop auto-rewind stp (delay=0 clock cycles(s))|
    +---------+---------+----------+----------+-------+-------+------------------------------------------------+

    + Detail: 
        * Instance: 
        N/A

        * Loop: 
        +--------------+---------+---------+----------+-----------+-----------+-------+----------+
        |              |  Latency (cycles) | Iteration|  Initiation Interval  |  Trip |          |
        |   Loop Name  |   min   |   max   |  Latency |  achieved |   target  | Count | Pipelined|
        +--------------+---------+---------+----------+-----------+-----------+-------+----------+
        |- L1_W_L1_IN  |    16387|    16387|         5|          1|          1|  16384|       yes|
        +--------------+---------+---------+----------+-----------+-----------+-------+----------+

============================================================
+ Verbose Summary: Synthesis Manager
============================================================
InlineROM: 1
ExposeGlobal: 0
============================================================
+ Verbose Summary: CDFG Model
============================================================
IsTopModel: 0
ResetActiveHigh: 1
IsCombinational: 0
IsDatapathOnly: 0
HasWiredReturn: 1
HasMFsm: 2
HasVarLatency: 1
IsPipeline: 0
IsRtlPipelined: 0
IsInstanceOverlapped: 0
IsDontTouch: 0
HasImplIP: 0
IsGatedGlobalClock: 0

+ Individual pipeline summary: 
  * Pipeline-0: initiation interval (II) = 1, depth = 5


============================================================
+ Verbose Summary: Schedule
============================================================
* Number of FSM states : 5
* Pipeline : 1
  Pipeline-0 : II = 1, D = 5, States = { 1 2 3 4 5 }
* Dataflow Pipeline: 0

* FSM state transitions: 
1 --> 2 
2 --> 3 
3 --> 4 
4 --> 5 
5 --> 

* FSM state operations: 

State 1 <SV = 0> <Delay = 7.90>
ST_1 : Operation 8 [1/1] (0.00ns)   --->   "%acc_1 = alloca i32 1" [bnn_top.cpp:27]   --->   Operation 8 'alloca' 'acc_1' <Predicate = true> <Delay = 0.00>
ST_1 : Operation 9 [1/1] (0.00ns)   --->   "%i_1 = alloca i32 1" [bnn_top.cpp:28]   --->   Operation 9 'alloca' 'i_1' <Predicate = true> <Delay = 0.00>
ST_1 : Operation 10 [1/1] (0.00ns)   --->   "%o = alloca i32 1" [bnn_top.cpp:26]   --->   Operation 10 'alloca' 'o' <Predicate = true> <Delay = 0.00>
ST_1 : Operation 11 [1/1] (0.00ns)   --->   "%indvar_flatten = alloca i32 1"   --->   Operation 11 'alloca' 'indvar_flatten' <Predicate = true> <Delay = 0.00>
ST_1 : Operation 12 [1/1] (0.00ns)   --->   "%specaxissidechannel_ln0 = specaxissidechannel void @_ssdm_op_SpecAXISSideChannel, i32 %s_axis_input_V_data_V, i4 %s_axis_input_V_keep_V, i4 %s_axis_input_V_strb_V, i1 %s_axis_input_V_user_V, i1 %s_axis_input_V_last_V, i1 %s_axis_input_V_id_V, i1 %s_axis_input_V_dest_V, void @empty_5"   --->   Operation 12 'specaxissidechannel' 'specaxissidechannel_ln0' <Predicate = true> <Delay = 0.00>
ST_1 : Operation 13 [1/1] (0.00ns)   --->   "%specinterface_ln0 = specinterface void @_ssdm_op_SpecInterface, i1 %s_axis_input_V_dest_V, void @empty, i32 0, i32 0, void @empty_0, i32 0, i32 0, void @empty_1, void @empty_1, void @empty_1, i32 0, i32 0, i32 0, i32 0, void @empty_1, void @empty_1, i32 4294967295, i32 0, i32 0"   --->   Operation 13 'specinterface' 'specinterface_ln0' <Predicate = true> <Delay = 0.00>
ST_1 : Operation 14 [1/1] (0.00ns)   --->   "%specinterface_ln0 = specinterface void @_ssdm_op_SpecInterface, i1 %s_axis_input_V_id_V, void @empty, i32 0, i32 0, void @empty_0, i32 0, i32 0, void @empty_1, void @empty_1, void @empty_1, i32 0, i32 0, i32 0, i32 0, void @empty_1, void @empty_1, i32 4294967295, i32 0, i32 0"   --->   Operation 14 'specinterface' 'specinterface_ln0' <Predicate = true> <Delay = 0.00>
ST_1 : Operation 15 [1/1] (0.00ns)   --->   "%specinterface_ln0 = specinterface void @_ssdm_op_SpecInterface, i1 %s_axis_input_V_last_V, void @empty, i32 0, i32 0, void @empty_0, i32 0, i32 0, void @empty_1, void @empty_1, void @empty_1, i32 0, i32 0, i32 0, i32 0, void @empty_1, void @empty_1, i32 4294967295, i32 0, i32 0"   --->   Operation 15 'specinterface' 'specinterface_ln0' <Predicate = true> <Delay = 0.00>
ST_1 : Operation 16 [1/1] (0.00ns)   --->   "%specinterface_ln0 = specinterface void @_ssdm_op_SpecInterface, i1 %s_axis_input_V_user_V, void @empty, i32 0, i32 0, void @empty_0, i32 0, i32 0, void @empty_1, void @empty_1, void @empty_1, i32 0, i32 0, i32 0, i32 0, void @empty_1, void @empty_1, i32 4294967295, i32 0, i32 0"   --->   Operation 16 'specinterface' 'specinterface_ln0' <Predicate = true> <Delay = 0.00>
ST_1 : Operation 17 [1/1] (0.00ns)   --->   "%specinterface_ln0 = specinterface void @_ssdm_op_SpecInterface, i4 %s_axis_input_V_strb_V, void @empty, i32 0, i32 0, void @empty_0, i32 0, i32 0, void @empty_1, void @empty_1, void @empty_1, i32 0, i32 0, i32 0, i32 0, void @empty_1, void @empty_1, i32 4294967295, i32 0, i32 0"   --->   Operation 17 'specinterface' 'specinterface_ln0' <Predicate = true> <Delay = 0.00>
ST_1 : Operation 18 [1/1] (0.00ns)   --->   "%specinterface_ln0 = specinterface void @_ssdm_op_SpecInterface, i4 %s_axis_input_V_keep_V, void @empty, i32 0, i32 0, void @empty_0, i32 0, i32 0, void @empty_1, void @empty_1, void @empty_1, i32 0, i32 0, i32 0, i32 0, void @empty_1, void @empty_1, i32 4294967295, i32 0, i32 0"   --->   Operation 18 'specinterface' 'specinterface_ln0' <Predicate = true> <Delay = 0.00>
ST_1 : Operation 19 [1/1] (0.00ns)   --->   "%specinterface_ln0 = specinterface void @_ssdm_op_SpecInterface, i32 %s_axis_input_V_data_V, void @empty, i32 0, i32 0, void @empty_0, i32 0, i32 0, void @empty_1, void @empty_1, void @empty_1, i32 0, i32 0, i32 0, i32 0, void @empty_1, void @empty_1, i32 4294967295, i32 0, i32 0"   --->   Operation 19 'specinterface' 'specinterface_ln0' <Predicate = true> <Delay = 0.00>
ST_1 : Operation 20 [1/1] (1.58ns)   --->   "%store_ln0 = store i15 0, i15 %indvar_flatten"   --->   Operation 20 'store' 'store_ln0' <Predicate = true> <Delay = 1.58>
ST_1 : Operation 21 [1/1] (1.58ns)   --->   "%store_ln26 = store i9 0, i9 %o" [bnn_top.cpp:26]   --->   Operation 21 'store' 'store_ln26' <Predicate = true> <Delay = 1.58>
ST_1 : Operation 22 [1/1] (1.58ns)   --->   "%store_ln28 = store i7 0, i7 %i_1" [bnn_top.cpp:28]   --->   Operation 22 'store' 'store_ln28' <Predicate = true> <Delay = 1.58>
ST_1 : Operation 23 [1/1] (1.58ns)   --->   "%store_ln27 = store i32 0, i32 %acc_1" [bnn_top.cpp:27]   --->   Operation 23 'store' 'store_ln27' <Predicate = true> <Delay = 1.58>
ST_1 : Operation 24 [1/1] (0.00ns)   --->   "%br_ln26 = br void %for.body10" [bnn_top.cpp:26]   --->   Operation 24 'br' 'br_ln26' <Predicate = true> <Delay = 0.00>
ST_1 : Operation 25 [1/1] (0.00ns)   --->   "%indvar_flatten_load = load i15 %indvar_flatten" [bnn_top.cpp:26]   --->   Operation 25 'load' 'indvar_flatten_load' <Predicate = true> <Delay = 0.00>
ST_1 : Operation 26 [1/1] (1.94ns)   --->   "%icmp_ln26 = icmp_eq  i15 %indvar_flatten_load, i15 16384" [bnn_top.cpp:26]   --->   Operation 26 'icmp' 'icmp_ln26' <Predicate = true> <Delay = 1.94> <CoreInst = "Cmp">   --->   Core 9 'Cmp' <Latency = 0> <II = 1> <Delay = 1.94> <FuncUnit> <Opcode : 'seteq' 'setne' 'setle' 'setge' 'setlt' 'setgt'> <InPorts = 2> <OutPorts = 1>
ST_1 : Operation 27 [1/1] (1.94ns)   --->   "%add_ln26 = add i15 %indvar_flatten_load, i15 1" [bnn_top.cpp:26]   --->   Operation 27 'add' 'add_ln26' <Predicate = true> <Delay = 1.94> <CoreInst = "Adder">   --->   Core 1 'Adder' <Latency = 0> <II = 1> <Delay = 1.94> <FuncUnit> <Opcode : 'add' 'sub'> <InPorts = 2> <OutPorts = 1>
ST_1 : Operation 28 [1/1] (0.00ns)   --->   "%br_ln26 = br i1 %icmp_ln26, void %for.end25, void %for.body36.preheader.exitStub" [bnn_top.cpp:26]   --->   Operation 28 'br' 'br_ln26' <Predicate = true> <Delay = 0.00>
ST_1 : Operation 29 [1/1] (0.00ns)   --->   "%i_1_load = load i7 %i_1" [bnn_top.cpp:28]   --->   Operation 29 'load' 'i_1_load' <Predicate = (!icmp_ln26)> <Delay = 0.00>
ST_1 : Operation 30 [1/1] (1.87ns)   --->   "%icmp_ln28 = icmp_eq  i7 %i_1_load, i7 64" [bnn_top.cpp:28]   --->   Operation 30 'icmp' 'icmp_ln28' <Predicate = (!icmp_ln26)> <Delay = 1.87> <CoreInst = "Cmp">   --->   Core 9 'Cmp' <Latency = 0> <II = 1> <Delay = 1.87> <FuncUnit> <Opcode : 'seteq' 'setne' 'setle' 'setge' 'setlt' 'setgt'> <InPorts = 2> <OutPorts = 1>
ST_1 : Operation 31 [1/1] (0.99ns)   --->   "%select_ln26 = select i1 %icmp_ln28, i7 0, i7 %i_1_load" [bnn_top.cpp:26]   --->   Operation 31 'select' 'select_ln26' <Predicate = (!icmp_ln26)> <Delay = 0.99> <CoreInst = "Sel">   --->   Core 73 'Sel' <Latency = 0> <II = 1> <Delay = 0.99> <FuncUnit> <Opcode : 'select'> <InPorts = 3> <OutPorts = 1>
ST_1 : Operation 32 [1/1] (0.00ns)   --->   "%zext_ln28 = zext i7 %select_ln26" [bnn_top.cpp:28]   --->   Operation 32 'zext' 'zext_ln28' <Predicate = (!icmp_ln26)> <Delay = 0.00>
ST_1 : Operation 33 [1/1] (0.00ns)   --->   "%input_addr = getelementptr i16 %input_r, i64 0, i64 %zext_ln28" [bnn_top.cpp:31]   --->   Operation 33 'getelementptr' 'input_addr' <Predicate = (!icmp_ln26)> <Delay = 0.00>
ST_1 : Operation 34 [2/2] (3.25ns)   --->   "%input_load = load i6 %input_addr" [bnn_top.cpp:31]   --->   Operation 34 'load' 'input_load' <Predicate = (!icmp_ln26)> <Delay = 3.25> <CoreInst = "RAM">   --->   Core 81 'RAM' <Latency = 1> <II = 1> <Delay = 3.25> <Storage> <Opcode : 'load' 'store'> <Ports = 2> <Width = 16> <Depth = 64> <RAM>
ST_1 : Operation 35 [1/1] (1.87ns)   --->   "%add_ln28 = add i7 %select_ln26, i7 1" [bnn_top.cpp:28]   --->   Operation 35 'add' 'add_ln28' <Predicate = (!icmp_ln26)> <Delay = 1.87> <CoreInst = "Adder">   --->   Core 1 'Adder' <Latency = 0> <II = 1> <Delay = 1.87> <FuncUnit> <Opcode : 'add' 'sub'> <InPorts = 2> <OutPorts = 1>
ST_1 : Operation 36 [1/1] (1.58ns)   --->   "%store_ln26 = store i15 %add_ln26, i15 %indvar_flatten" [bnn_top.cpp:26]   --->   Operation 36 'store' 'store_ln26' <Predicate = (!icmp_ln26)> <Delay = 1.58>
ST_1 : Operation 37 [1/1] (1.58ns)   --->   "%store_ln28 = store i7 %add_ln28, i7 %i_1" [bnn_top.cpp:28]   --->   Operation 37 'store' 'store_ln28' <Predicate = (!icmp_ln26)> <Delay = 1.58>

State 2 <SV = 1> <Delay = 10.1>
ST_2 : Operation 38 [1/1] (0.51ns)   --->   "%empty = read i44 @_ssdm_op_Read.axis.volatile.i32P0A.i4P0A.i4P0A.i1P0A.i1P0A.i1P0A.i1P0A, i32 %s_axis_input_V_data_V, i4 %s_axis_input_V_keep_V, i4 %s_axis_input_V_strb_V, i1 %s_axis_input_V_user_V, i1 %s_axis_input_V_last_V, i1 %s_axis_input_V_id_V, i1 %s_axis_input_V_dest_V" [bnn_top.cpp:30]   --->   Operation 38 'read' 'empty' <Predicate = true> <Delay = 0.51> <CoreInst = "regslice">   --->   Core 135 'regslice' <Latency = 0> <II = 1> <Delay = 1.86> <Adapter> <Opcode : 'read' 'write'>
ST_2 : Operation 39 [1/1] (0.00ns)   --->   "%p_s = extractvalue i44 %empty" [bnn_top.cpp:30]   --->   Operation 39 'extractvalue' 'p_s' <Predicate = true> <Delay = 0.00>
ST_2 : Operation 40 [1/1] (0.00ns)   --->   "%trunc_ln31 = trunc i32 %p_s" [bnn_top.cpp:31]   --->   Operation 40 'trunc' 'trunc_ln31' <Predicate = true> <Delay = 0.00>
ST_2 : Operation 41 [1/1] (0.00ns)   --->   "%shl_ln = bitconcatenate i26 @_ssdm_op_BitConcatenate.i26.i16.i10, i16 %trunc_ln31, i10 0" [bnn_top.cpp:31]   --->   Operation 41 'bitconcatenate' 'shl_ln' <Predicate = true> <Delay = 0.00>
ST_2 : Operation 42 [1/2] ( I:3.25ns O:3.25ns )   --->   "%input_load = load i6 %input_addr" [bnn_top.cpp:31]   --->   Operation 42 'load' 'input_load' <Predicate = true> <Delay = 3.25> <CoreInst = "RAM">   --->   Core 81 'RAM' <Latency = 1> <II = 1> <Delay = 3.25> <Storage> <Opcode : 'load' 'store'> <Ports = 2> <Width = 16> <Depth = 64> <RAM>
ST_2 : Operation 43 [1/1] (0.00ns)   --->   "%shl_ln31_1 = bitconcatenate i26 @_ssdm_op_BitConcatenate.i26.i16.i10, i16 %input_load, i10 0" [bnn_top.cpp:31]   --->   Operation 43 'bitconcatenate' 'shl_ln31_1' <Predicate = true> <Delay = 0.00>
ST_2 : Operation 44 [1/1] (0.00ns)   --->   "%sext_ln31 = sext i26 %shl_ln" [bnn_top.cpp:31]   --->   Operation 44 'sext' 'sext_ln31' <Predicate = true> <Delay = 0.00>
ST_2 : Operation 45 [1/1] (0.00ns)   --->   "%sext_ln31_1 = sext i26 %shl_ln31_1" [bnn_top.cpp:31]   --->   Operation 45 'sext' 'sext_ln31_1' <Predicate = true> <Delay = 0.00>
ST_2 : Operation 46 [1/1] (6.91ns)   --->   "%mul_ln31 = mul i52 %sext_ln31_1, i52 %sext_ln31" [bnn_top.cpp:31]   --->   Operation 46 'mul' 'mul_ln31' <Predicate = true> <Delay = 6.91> <CoreInst = "Multiplier">   --->   Core 3 'Multiplier' <Latency = 0> <II = 1> <Delay = 6.91> <FuncUnit> <Opcode : 'mul'> <InPorts = 2> <OutPorts = 1>
ST_2 : Operation 47 [1/1] (1.87ns)   --->   "%icmp_ln28_1 = icmp_eq  i7 %add_ln28, i7 64" [bnn_top.cpp:28]   --->   Operation 47 'icmp' 'icmp_ln28_1' <Predicate = true> <Delay = 1.87> <CoreInst = "Cmp">   --->   Core 9 'Cmp' <Latency = 0> <II = 1> <Delay = 1.87> <FuncUnit> <Opcode : 'seteq' 'setne' 'setle' 'setge' 'setlt' 'setgt'> <InPorts = 2> <OutPorts = 1>
ST_2 : Operation 48 [1/1] (0.00ns)   --->   "%br_ln28 = br i1 %icmp_ln28_1, void %new.latch.for.body10.split, void %last.iter.for.body10.split" [bnn_top.cpp:28]   --->   Operation 48 'br' 'br_ln28' <Predicate = true> <Delay = 0.00>

State 3 <SV = 2> <Delay = 10.7>
ST_3 : Operation 49 [1/1] (0.00ns)   --->   "%acc_1_load = load i32 %acc_1" [bnn_top.cpp:26]   --->   Operation 49 'load' 'acc_1_load' <Predicate = (!icmp_ln28)> <Delay = 0.00>
ST_3 : Operation 50 [1/1] (0.69ns)   --->   "%select_ln26_2 = select i1 %icmp_ln28, i32 0, i32 %acc_1_load" [bnn_top.cpp:26]   --->   Operation 50 'select' 'select_ln26_2' <Predicate = true> <Delay = 0.69> <CoreInst = "Sel">   --->   Core 73 'Sel' <Latency = 0> <II = 1> <Delay = 0.69> <FuncUnit> <Opcode : 'select'> <InPorts = 3> <OutPorts = 1>
ST_3 : Operation 51 [1/1] (0.00ns)   --->   "%shl_ln31_2 = bitconcatenate i52 @_ssdm_op_BitConcatenate.i52.i32.i20, i32 %select_ln26_2, i20 0" [bnn_top.cpp:31]   --->   Operation 51 'bitconcatenate' 'shl_ln31_2' <Predicate = true> <Delay = 0.00>
ST_3 : Operation 52 [1/1] (0.00ns)   --->   "%sext_ln31_2 = sext i52 %shl_ln31_2" [bnn_top.cpp:31]   --->   Operation 52 'sext' 'sext_ln31_2' <Predicate = true> <Delay = 0.00>
ST_3 : Operation 53 [1/1] (0.00ns)   --->   "%sext_ln31_3 = sext i52 %mul_ln31" [bnn_top.cpp:31]   --->   Operation 53 'sext' 'sext_ln31_3' <Predicate = true> <Delay = 0.00>
ST_3 : Operation 54 [1/1] (3.21ns)   --->   "%add_ln31_1 = add i52 %shl_ln31_2, i52 %mul_ln31" [bnn_top.cpp:31]   --->   Operation 54 'add' 'add_ln31_1' <Predicate = true> <Delay = 3.21> <CoreInst = "Adder">   --->   Core 1 'Adder' <Latency = 0> <II = 1> <Delay = 3.21> <FuncUnit> <Opcode : 'add' 'sub'> <InPorts = 2> <OutPorts = 1>
ST_3 : Operation 55 [1/1] (3.21ns)   --->   "%add_ln31 = add i53 %sext_ln31_2, i53 %sext_ln31_3" [bnn_top.cpp:31]   --->   Operation 55 'add' 'add_ln31' <Predicate = true> <Delay = 3.21> <CoreInst = "Adder">   --->   Core 1 'Adder' <Latency = 0> <II = 1> <Delay = 3.21> <FuncUnit> <Opcode : 'add' 'sub'> <InPorts = 2> <OutPorts = 1>
ST_3 : Operation 56 [1/1] (0.00ns)   --->   "%tmp = bitselect i1 @_ssdm_op_BitSelect.i1.i53.i32, i53 %add_ln31, i32 52" [bnn_top.cpp:31]   --->   Operation 56 'bitselect' 'tmp' <Predicate = true> <Delay = 0.00>
ST_3 : Operation 57 [1/1] (0.00ns) (grouped into LUT with out node acc)   --->   "%acc_2 = partselect i32 @_ssdm_op_PartSelect.i32.i52.i32.i32, i52 %add_ln31_1, i32 20, i32 51" [bnn_top.cpp:31]   --->   Operation 57 'partselect' 'acc_2' <Predicate = true> <Delay = 0.00>
ST_3 : Operation 58 [1/1] (0.00ns) (grouped into LUT with out node acc)   --->   "%tmp_30 = bitselect i1 @_ssdm_op_BitSelect.i1.i52.i32, i52 %mul_ln31, i32 19" [bnn_top.cpp:31]   --->   Operation 58 'bitselect' 'tmp_30' <Predicate = true> <Delay = 0.00>
ST_3 : Operation 59 [1/1] (0.00ns)   --->   "%tmp_31 = bitselect i1 @_ssdm_op_BitSelect.i1.i52.i32, i52 %add_ln31_1, i32 51" [bnn_top.cpp:31]   --->   Operation 59 'bitselect' 'tmp_31' <Predicate = true> <Delay = 0.00>
ST_3 : Operation 60 [1/1] (0.00ns) (grouped into LUT with out node acc)   --->   "%and_ln31 = and i1 %tmp, i1 %tmp_30" [bnn_top.cpp:31]   --->   Operation 60 'and' 'and_ln31' <Predicate = true> <Delay = 0.00> <CoreInst = "LogicGate">   --->   Core 74 'LogicGate' <Latency = 0> <II = 1> <Delay = 0.97> <FuncUnit> <Opcode : 'and' 'or' 'xor'> <InPorts = 2> <OutPorts = 1>
ST_3 : Operation 61 [1/1] (0.00ns) (grouped into LUT with out node acc)   --->   "%zext_ln31 = zext i1 %and_ln31" [bnn_top.cpp:31]   --->   Operation 61 'zext' 'zext_ln31' <Predicate = true> <Delay = 0.00>
ST_3 : Operation 62 [1/1] (2.55ns) (out node of the LUT)   --->   "%acc = add i32 %acc_2, i32 %zext_ln31" [bnn_top.cpp:31]   --->   Operation 62 'add' 'acc' <Predicate = true> <Delay = 2.55> <CoreInst = "Adder">   --->   Core 1 'Adder' <Latency = 0> <II = 1> <Delay = 2.55> <FuncUnit> <Opcode : 'add' 'sub'> <InPorts = 2> <OutPorts = 1>
ST_3 : Operation 63 [1/1] (0.00ns)   --->   "%tmp_32 = bitselect i1 @_ssdm_op_BitSelect.i1.i32.i32, i32 %acc, i32 31" [bnn_top.cpp:31]   --->   Operation 63 'bitselect' 'tmp_32' <Predicate = true> <Delay = 0.00>
ST_3 : Operation 64 [1/1] (0.00ns) (grouped into LUT with out node or_ln31_2)   --->   "%xor_ln31 = xor i1 %tmp_32, i1 1" [bnn_top.cpp:31]   --->   Operation 64 'xor' 'xor_ln31' <Predicate = true> <Delay = 0.00> <CoreInst = "LogicGate">   --->   Core 74 'LogicGate' <Latency = 0> <II = 1> <Delay = 0.97> <FuncUnit> <Opcode : 'and' 'or' 'xor'> <InPorts = 2> <OutPorts = 1>
ST_3 : Operation 65 [1/1] (0.00ns) (grouped into LUT with out node or_ln31_2)   --->   "%and_ln31_1 = and i1 %tmp_31, i1 %xor_ln31" [bnn_top.cpp:31]   --->   Operation 65 'and' 'and_ln31_1' <Predicate = true> <Delay = 0.00> <CoreInst = "LogicGate">   --->   Core 74 'LogicGate' <Latency = 0> <II = 1> <Delay = 0.97> <FuncUnit> <Opcode : 'and' 'or' 'xor'> <InPorts = 2> <OutPorts = 1>
ST_3 : Operation 66 [1/1] (0.00ns) (grouped into LUT with out node and_ln31_2)   --->   "%xor_ln31_2 = xor i1 %tmp_31, i1 1" [bnn_top.cpp:31]   --->   Operation 66 'xor' 'xor_ln31_2' <Predicate = true> <Delay = 0.00> <CoreInst = "LogicGate">   --->   Core 74 'LogicGate' <Latency = 0> <II = 1> <Delay = 0.97> <FuncUnit> <Opcode : 'and' 'or' 'xor'> <InPorts = 2> <OutPorts = 1>
ST_3 : Operation 67 [1/1] (0.00ns) (grouped into LUT with out node and_ln31_2)   --->   "%or_ln31 = or i1 %tmp_32, i1 %xor_ln31_2" [bnn_top.cpp:31]   --->   Operation 67 'or' 'or_ln31' <Predicate = true> <Delay = 0.00> <CoreInst = "LogicGate">   --->   Core 74 'LogicGate' <Latency = 0> <II = 1> <Delay = 0.97> <FuncUnit> <Opcode : 'and' 'or' 'xor'> <InPorts = 2> <OutPorts = 1>
ST_3 : Operation 68 [1/1] (0.00ns) (grouped into LUT with out node and_ln31_2)   --->   "%xor_ln31_1 = xor i1 %tmp, i1 1" [bnn_top.cpp:31]   --->   Operation 68 'xor' 'xor_ln31_1' <Predicate = true> <Delay = 0.00> <CoreInst = "LogicGate">   --->   Core 74 'LogicGate' <Latency = 0> <II = 1> <Delay = 0.97> <FuncUnit> <Opcode : 'and' 'or' 'xor'> <InPorts = 2> <OutPorts = 1>
ST_3 : Operation 69 [1/1] (0.00ns) (grouped into LUT with out node and_ln31_2)   --->   "%xor_ln31_4 = xor i1 %or_ln31, i1 1" [bnn_top.cpp:31]   --->   Operation 69 'xor' 'xor_ln31_4' <Predicate = true> <Delay = 0.00> <CoreInst = "LogicGate">   --->   Core 74 'LogicGate' <Latency = 0> <II = 1> <Delay = 0.97> <FuncUnit> <Opcode : 'and' 'or' 'xor'> <InPorts = 2> <OutPorts = 1>
ST_3 : Operation 70 [1/1] (0.00ns) (grouped into LUT with out node and_ln31_2)   --->   "%xor_ln31_3 = xor i1 %xor_ln31_4, i1 %tmp" [bnn_top.cpp:31]   --->   Operation 70 'xor' 'xor_ln31_3' <Predicate = true> <Delay = 0.00> <CoreInst = "LogicGate">   --->   Core 74 'LogicGate' <Latency = 0> <II = 1> <Delay = 0.97> <FuncUnit> <Opcode : 'and' 'or' 'xor'> <InPorts = 2> <OutPorts = 1>
ST_3 : Operation 71 [1/1] (0.00ns) (grouped into LUT with out node and_ln31_2)   --->   "%or_ln31_1 = or i1 %tmp_32, i1 %xor_ln31_3" [bnn_top.cpp:31]   --->   Operation 71 'or' 'or_ln31_1' <Predicate = true> <Delay = 0.00> <CoreInst = "LogicGate">   --->   Core 74 'LogicGate' <Latency = 0> <II = 1> <Delay = 0.97> <FuncUnit> <Opcode : 'and' 'or' 'xor'> <InPorts = 2> <OutPorts = 1>
ST_3 : Operation 72 [1/1] (0.97ns) (out node of the LUT)   --->   "%and_ln31_2 = and i1 %or_ln31_1, i1 %xor_ln31_1" [bnn_top.cpp:31]   --->   Operation 72 'and' 'and_ln31_2' <Predicate = true> <Delay = 0.97> <CoreInst = "LogicGate">   --->   Core 74 'LogicGate' <Latency = 0> <II = 1> <Delay = 0.97> <FuncUnit> <Opcode : 'and' 'or' 'xor'> <InPorts = 2> <OutPorts = 1>
ST_3 : Operation 73 [1/1] (0.00ns) (grouped into LUT with out node or_ln31_2)   --->   "%or_ln31_3 = or i1 %and_ln31_1, i1 %tmp_32" [bnn_top.cpp:31]   --->   Operation 73 'or' 'or_ln31_3' <Predicate = true> <Delay = 0.00> <CoreInst = "LogicGate">   --->   Core 74 'LogicGate' <Latency = 0> <II = 1> <Delay = 0.97> <FuncUnit> <Opcode : 'and' 'or' 'xor'> <InPorts = 2> <OutPorts = 1>
ST_3 : Operation 74 [1/1] (0.00ns) (grouped into LUT with out node or_ln31_2)   --->   "%xor_ln31_5 = xor i1 %or_ln31_3, i1 1" [bnn_top.cpp:31]   --->   Operation 74 'xor' 'xor_ln31_5' <Predicate = true> <Delay = 0.00> <CoreInst = "LogicGate">   --->   Core 74 'LogicGate' <Latency = 0> <II = 1> <Delay = 0.97> <FuncUnit> <Opcode : 'and' 'or' 'xor'> <InPorts = 2> <OutPorts = 1>
ST_3 : Operation 75 [1/1] (0.00ns) (grouped into LUT with out node or_ln31_2)   --->   "%and_ln31_3 = and i1 %tmp, i1 %xor_ln31_5" [bnn_top.cpp:31]   --->   Operation 75 'and' 'and_ln31_3' <Predicate = true> <Delay = 0.00> <CoreInst = "LogicGate">   --->   Core 74 'LogicGate' <Latency = 0> <II = 1> <Delay = 0.97> <FuncUnit> <Opcode : 'and' 'or' 'xor'> <InPorts = 2> <OutPorts = 1>
ST_3 : Operation 76 [1/1] (0.00ns) (grouped into LUT with out node acc_9)   --->   "%select_ln31 = select i1 %and_ln31_2, i32 2147483647, i32 2147483648" [bnn_top.cpp:31]   --->   Operation 76 'select' 'select_ln31' <Predicate = true> <Delay = 0.00> <CoreInst = "Sel">   --->   Core 73 'Sel' <Latency = 0> <II = 1> <Delay = 0.69> <FuncUnit> <Opcode : 'select'> <InPorts = 3> <OutPorts = 1>
ST_3 : Operation 77 [1/1] (0.97ns) (out node of the LUT)   --->   "%or_ln31_2 = or i1 %and_ln31_2, i1 %and_ln31_3" [bnn_top.cpp:31]   --->   Operation 77 'or' 'or_ln31_2' <Predicate = true> <Delay = 0.97> <CoreInst = "LogicGate">   --->   Core 74 'LogicGate' <Latency = 0> <II = 1> <Delay = 0.97> <FuncUnit> <Opcode : 'and' 'or' 'xor'> <InPorts = 2> <OutPorts = 1>
ST_3 : Operation 78 [1/1] (0.69ns) (out node of the LUT)   --->   "%acc_9 = select i1 %or_ln31_2, i32 %select_ln31, i32 %acc" [bnn_top.cpp:31]   --->   Operation 78 'select' 'acc_9' <Predicate = true> <Delay = 0.69> <CoreInst = "Sel">   --->   Core 73 'Sel' <Latency = 0> <II = 1> <Delay = 0.69> <FuncUnit> <Opcode : 'select'> <InPorts = 3> <OutPorts = 1>
ST_3 : Operation 79 [1/1] (0.00ns)   --->   "%tmp_33 = bitselect i1 @_ssdm_op_BitSelect.i1.i32.i32, i32 %acc_9, i32 31" [bnn_top.cpp:33]   --->   Operation 79 'bitselect' 'tmp_33' <Predicate = true> <Delay = 0.00>
ST_3 : Operation 80 [1/1] (0.00ns)   --->   "%trunc_ln33 = trunc i32 %acc_9" [bnn_top.cpp:33]   --->   Operation 80 'trunc' 'trunc_ln33' <Predicate = true> <Delay = 0.00>
ST_3 : Operation 81 [1/1] (0.00ns)   --->   "%tmp_8 = partselect i5 @_ssdm_op_PartSelect.i5.i32.i32, i32 %acc_9, i32 27" [bnn_top.cpp:33]   --->   Operation 81 'partselect' 'tmp_8' <Predicate = true> <Delay = 0.00>
ST_3 : Operation 82 [1/1] (0.00ns)   --->   "%tmp_9 = partselect i6 @_ssdm_op_PartSelect.i6.i32.i32, i32 %acc_9, i32 26" [bnn_top.cpp:33]   --->   Operation 82 'partselect' 'tmp_9' <Predicate = true> <Delay = 0.00>
ST_3 : Operation 83 [1/1] (1.58ns)   --->   "%store_ln27 = store i32 %acc_9, i32 %acc_1" [bnn_top.cpp:27]   --->   Operation 83 'store' 'store_ln27' <Predicate = true> <Delay = 1.58>

State 4 <SV = 3> <Delay = 6.84>
ST_4 : Operation 84 [1/1] (0.00ns) (grouped into LUT with out node add_ln33)   --->   "%trunc_ln = partselect i16 @_ssdm_op_PartSelect.i16.i32.i32.i32, i32 %acc_9, i32 10, i32 25" [bnn_top.cpp:33]   --->   Operation 84 'partselect' 'trunc_ln' <Predicate = true> <Delay = 0.00>
ST_4 : Operation 85 [1/1] (0.00ns) (grouped into LUT with out node add_ln33)   --->   "%tmp_34 = bitselect i1 @_ssdm_op_BitSelect.i1.i32.i32, i32 %acc_9, i32 9" [bnn_top.cpp:33]   --->   Operation 85 'bitselect' 'tmp_34' <Predicate = true> <Delay = 0.00>
ST_4 : Operation 86 [1/1] (1.82ns)   --->   "%icmp_ln33 = icmp_ne  i9 %trunc_ln33, i9 0" [bnn_top.cpp:33]   --->   Operation 86 'icmp' 'icmp_ln33' <Predicate = true> <Delay = 1.82> <CoreInst = "Cmp">   --->   Core 9 'Cmp' <Latency = 0> <II = 1> <Delay = 1.82> <FuncUnit> <Opcode : 'seteq' 'setne' 'setle' 'setge' 'setlt' 'setgt'> <InPorts = 2> <OutPorts = 1>
ST_4 : Operation 87 [1/1] (0.00ns) (grouped into LUT with out node and_ln33_1)   --->   "%tmp_35 = bitselect i1 @_ssdm_op_BitSelect.i1.i32.i32, i32 %acc_9, i32 25" [bnn_top.cpp:33]   --->   Operation 87 'bitselect' 'tmp_35' <Predicate = true> <Delay = 0.00>
ST_4 : Operation 88 [1/1] (0.00ns) (grouped into LUT with out node add_ln33)   --->   "%or_ln33 = or i1 %tmp_33, i1 %icmp_ln33" [bnn_top.cpp:33]   --->   Operation 88 'or' 'or_ln33' <Predicate = true> <Delay = 0.00> <CoreInst = "LogicGate">   --->   Core 74 'LogicGate' <Latency = 0> <II = 1> <Delay = 0.97> <FuncUnit> <Opcode : 'and' 'or' 'xor'> <InPorts = 2> <OutPorts = 1>
ST_4 : Operation 89 [1/1] (0.00ns) (grouped into LUT with out node add_ln33)   --->   "%and_ln33 = and i1 %or_ln33, i1 %tmp_34" [bnn_top.cpp:33]   --->   Operation 89 'and' 'and_ln33' <Predicate = true> <Delay = 0.00> <CoreInst = "LogicGate">   --->   Core 74 'LogicGate' <Latency = 0> <II = 1> <Delay = 0.97> <FuncUnit> <Opcode : 'and' 'or' 'xor'> <InPorts = 2> <OutPorts = 1>
ST_4 : Operation 90 [1/1] (0.00ns) (grouped into LUT with out node add_ln33)   --->   "%zext_ln33 = zext i1 %and_ln33" [bnn_top.cpp:33]   --->   Operation 90 'zext' 'zext_ln33' <Predicate = true> <Delay = 0.00>
ST_4 : Operation 91 [1/1] (2.07ns) (out node of the LUT)   --->   "%add_ln33 = add i16 %trunc_ln, i16 %zext_ln33" [bnn_top.cpp:33]   --->   Operation 91 'add' 'add_ln33' <Predicate = true> <Delay = 2.07> <CoreInst = "Adder">   --->   Core 1 'Adder' <Latency = 0> <II = 1> <Delay = 2.07> <FuncUnit> <Opcode : 'add' 'sub'> <InPorts = 2> <OutPorts = 1>
ST_4 : Operation 92 [1/1] (0.00ns)   --->   "%tmp_36 = bitselect i1 @_ssdm_op_BitSelect.i1.i16.i32, i16 %add_ln33, i32 15" [bnn_top.cpp:33]   --->   Operation 92 'bitselect' 'tmp_36' <Predicate = true> <Delay = 0.00>
ST_4 : Operation 93 [1/1] (0.00ns) (grouped into LUT with out node and_ln33_1)   --->   "%xor_ln33 = xor i1 %tmp_36, i1 1" [bnn_top.cpp:33]   --->   Operation 93 'xor' 'xor_ln33' <Predicate = true> <Delay = 0.00> <CoreInst = "LogicGate">   --->   Core 74 'LogicGate' <Latency = 0> <II = 1> <Delay = 0.97> <FuncUnit> <Opcode : 'and' 'or' 'xor'> <InPorts = 2> <OutPorts = 1>
ST_4 : Operation 94 [1/1] (0.97ns) (out node of the LUT)   --->   "%and_ln33_1 = and i1 %tmp_35, i1 %xor_ln33" [bnn_top.cpp:33]   --->   Operation 94 'and' 'and_ln33_1' <Predicate = true> <Delay = 0.97> <CoreInst = "LogicGate">   --->   Core 74 'LogicGate' <Latency = 0> <II = 1> <Delay = 0.97> <FuncUnit> <Opcode : 'and' 'or' 'xor'> <InPorts = 2> <OutPorts = 1>
ST_4 : Operation 95 [1/1] (0.00ns) (grouped into LUT with out node and_ln33_5)   --->   "%tmp_37 = bitselect i1 @_ssdm_op_BitSelect.i1.i32.i32, i32 %acc_9, i32 26" [bnn_top.cpp:33]   --->   Operation 95 'bitselect' 'tmp_37' <Predicate = true> <Delay = 0.00>
ST_4 : Operation 96 [1/1] (1.78ns)   --->   "%icmp_ln33_1 = icmp_eq  i5 %tmp_8, i5 31" [bnn_top.cpp:33]   --->   Operation 96 'icmp' 'icmp_ln33_1' <Predicate = true> <Delay = 1.78> <CoreInst = "Cmp">   --->   Core 9 'Cmp' <Latency = 0> <II = 1> <Delay = 1.78> <FuncUnit> <Opcode : 'seteq' 'setne' 'setle' 'setge' 'setlt' 'setgt'> <InPorts = 2> <OutPorts = 1>
ST_4 : Operation 97 [1/1] (1.82ns)   --->   "%icmp_ln33_2 = icmp_eq  i6 %tmp_9, i6 63" [bnn_top.cpp:33]   --->   Operation 97 'icmp' 'icmp_ln33_2' <Predicate = true> <Delay = 1.82> <CoreInst = "Cmp">   --->   Core 9 'Cmp' <Latency = 0> <II = 1> <Delay = 1.82> <FuncUnit> <Opcode : 'seteq' 'setne' 'setle' 'setge' 'setlt' 'setgt'> <InPorts = 2> <OutPorts = 1>
ST_4 : Operation 98 [1/1] (1.82ns)   --->   "%icmp_ln33_3 = icmp_eq  i6 %tmp_9, i6 0" [bnn_top.cpp:33]   --->   Operation 98 'icmp' 'icmp_ln33_3' <Predicate = true> <Delay = 1.82> <CoreInst = "Cmp">   --->   Core 9 'Cmp' <Latency = 0> <II = 1> <Delay = 1.82> <FuncUnit> <Opcode : 'seteq' 'setne' 'setle' 'setge' 'setlt' 'setgt'> <InPorts = 2> <OutPorts = 1>
ST_4 : Operation 99 [1/1] (0.00ns) (grouped into LUT with out node and_ln33_4)   --->   "%select_ln33 = select i1 %and_ln33_1, i1 %icmp_ln33_2, i1 %icmp_ln33_3" [bnn_top.cpp:33]   --->   Operation 99 'select' 'select_ln33' <Predicate = true> <Delay = 0.00> <CoreInst = "Sel">   --->   Core 73 'Sel' <Latency = 0> <II = 1> <Delay = 0.99> <FuncUnit> <Opcode : 'select'> <InPorts = 3> <OutPorts = 1>
ST_4 : Operation 100 [1/1] (0.00ns) (grouped into LUT with out node and_ln33_5)   --->   "%xor_ln33_1 = xor i1 %tmp_37, i1 1" [bnn_top.cpp:33]   --->   Operation 100 'xor' 'xor_ln33_1' <Predicate = true> <Delay = 0.00> <CoreInst = "LogicGate">   --->   Core 74 'LogicGate' <Latency = 0> <II = 1> <Delay = 0.97> <FuncUnit> <Opcode : 'and' 'or' 'xor'> <InPorts = 2> <OutPorts = 1>
ST_4 : Operation 101 [1/1] (0.00ns) (grouped into LUT with out node and_ln33_5)   --->   "%and_ln33_2 = and i1 %icmp_ln33_1, i1 %xor_ln33_1" [bnn_top.cpp:33]   --->   Operation 101 'and' 'and_ln33_2' <Predicate = true> <Delay = 0.00> <CoreInst = "LogicGate">   --->   Core 74 'LogicGate' <Latency = 0> <II = 1> <Delay = 0.97> <FuncUnit> <Opcode : 'and' 'or' 'xor'> <InPorts = 2> <OutPorts = 1>
ST_4 : Operation 102 [1/1] (0.00ns) (grouped into LUT with out node and_ln33_5)   --->   "%select_ln33_1 = select i1 %and_ln33_1, i1 %and_ln33_2, i1 %icmp_ln33_2" [bnn_top.cpp:33]   --->   Operation 102 'select' 'select_ln33_1' <Predicate = true> <Delay = 0.00> <CoreInst = "Sel">   --->   Core 73 'Sel' <Latency = 0> <II = 1> <Delay = 0.99> <FuncUnit> <Opcode : 'select'> <InPorts = 3> <OutPorts = 1>
ST_4 : Operation 103 [1/1] (0.00ns) (grouped into LUT with out node or_ln33_2)   --->   "%and_ln33_3 = and i1 %and_ln33_1, i1 %icmp_ln33_2" [bnn_top.cpp:33]   --->   Operation 103 'and' 'and_ln33_3' <Predicate = true> <Delay = 0.00> <CoreInst = "LogicGate">   --->   Core 74 'LogicGate' <Latency = 0> <II = 1> <Delay = 0.97> <FuncUnit> <Opcode : 'and' 'or' 'xor'> <InPorts = 2> <OutPorts = 1>
ST_4 : Operation 104 [1/1] (0.00ns) (grouped into LUT with out node and_ln33_4)   --->   "%xor_ln33_2 = xor i1 %select_ln33, i1 1" [bnn_top.cpp:33]   --->   Operation 104 'xor' 'xor_ln33_2' <Predicate = true> <Delay = 0.00> <CoreInst = "LogicGate">   --->   Core 74 'LogicGate' <Latency = 0> <II = 1> <Delay = 0.97> <FuncUnit> <Opcode : 'and' 'or' 'xor'> <InPorts = 2> <OutPorts = 1>
ST_4 : Operation 105 [1/1] (0.00ns) (grouped into LUT with out node and_ln33_4)   --->   "%or_ln33_1 = or i1 %tmp_36, i1 %xor_ln33_2" [bnn_top.cpp:33]   --->   Operation 105 'or' 'or_ln33_1' <Predicate = true> <Delay = 0.00> <CoreInst = "LogicGate">   --->   Core 74 'LogicGate' <Latency = 0> <II = 1> <Delay = 0.97> <FuncUnit> <Opcode : 'and' 'or' 'xor'> <InPorts = 2> <OutPorts = 1>
ST_4 : Operation 106 [1/1] (0.00ns) (grouped into LUT with out node and_ln33_4)   --->   "%xor_ln33_3 = xor i1 %tmp_33, i1 1" [bnn_top.cpp:33]   --->   Operation 106 'xor' 'xor_ln33_3' <Predicate = true> <Delay = 0.00> <CoreInst = "LogicGate">   --->   Core 74 'LogicGate' <Latency = 0> <II = 1> <Delay = 0.97> <FuncUnit> <Opcode : 'and' 'or' 'xor'> <InPorts = 2> <OutPorts = 1>
ST_4 : Operation 107 [1/1] (0.99ns) (out node of the LUT)   --->   "%and_ln33_4 = and i1 %or_ln33_1, i1 %xor_ln33_3" [bnn_top.cpp:33]   --->   Operation 107 'and' 'and_ln33_4' <Predicate = true> <Delay = 0.99> <CoreInst = "LogicGate">   --->   Core 74 'LogicGate' <Latency = 0> <II = 1> <Delay = 0.97> <FuncUnit> <Opcode : 'and' 'or' 'xor'> <InPorts = 2> <OutPorts = 1>
ST_4 : Operation 108 [1/1] (0.99ns) (out node of the LUT)   --->   "%and_ln33_5 = and i1 %tmp_36, i1 %select_ln33_1" [bnn_top.cpp:33]   --->   Operation 108 'and' 'and_ln33_5' <Predicate = true> <Delay = 0.99> <CoreInst = "LogicGate">   --->   Core 74 'LogicGate' <Latency = 0> <II = 1> <Delay = 0.97> <FuncUnit> <Opcode : 'and' 'or' 'xor'> <InPorts = 2> <OutPorts = 1>
ST_4 : Operation 109 [1/1] (0.00ns) (grouped into LUT with out node or_ln33_2)   --->   "%or_ln33_3 = or i1 %and_ln33_3, i1 %and_ln33_5" [bnn_top.cpp:33]   --->   Operation 109 'or' 'or_ln33_3' <Predicate = true> <Delay = 0.00> <CoreInst = "LogicGate">   --->   Core 74 'LogicGate' <Latency = 0> <II = 1> <Delay = 0.97> <FuncUnit> <Opcode : 'and' 'or' 'xor'> <InPorts = 2> <OutPorts = 1>
ST_4 : Operation 110 [1/1] (0.00ns) (grouped into LUT with out node or_ln33_2)   --->   "%xor_ln33_4 = xor i1 %or_ln33_3, i1 1" [bnn_top.cpp:33]   --->   Operation 110 'xor' 'xor_ln33_4' <Predicate = true> <Delay = 0.00> <CoreInst = "LogicGate">   --->   Core 74 'LogicGate' <Latency = 0> <II = 1> <Delay = 0.97> <FuncUnit> <Opcode : 'and' 'or' 'xor'> <InPorts = 2> <OutPorts = 1>
ST_4 : Operation 111 [1/1] (0.00ns) (grouped into LUT with out node or_ln33_2)   --->   "%and_ln33_6 = and i1 %tmp_33, i1 %xor_ln33_4" [bnn_top.cpp:33]   --->   Operation 111 'and' 'and_ln33_6' <Predicate = true> <Delay = 0.00> <CoreInst = "LogicGate">   --->   Core 74 'LogicGate' <Latency = 0> <II = 1> <Delay = 0.97> <FuncUnit> <Opcode : 'and' 'or' 'xor'> <InPorts = 2> <OutPorts = 1>
ST_4 : Operation 112 [1/1] (0.97ns) (out node of the LUT)   --->   "%or_ln33_2 = or i1 %and_ln33_4, i1 %and_ln33_6" [bnn_top.cpp:33]   --->   Operation 112 'or' 'or_ln33_2' <Predicate = true> <Delay = 0.97> <CoreInst = "LogicGate">   --->   Core 74 'LogicGate' <Latency = 0> <II = 1> <Delay = 0.97> <FuncUnit> <Opcode : 'and' 'or' 'xor'> <InPorts = 2> <OutPorts = 1>
ST_4 : Operation 127 [1/1] (1.58ns)   --->   "%ret_ln0 = ret"   --->   Operation 127 'ret' 'ret_ln0' <Predicate = (icmp_ln26)> <Delay = 1.58>

State 5 <SV = 4> <Delay = 6.04>
ST_5 : Operation 113 [1/1] (0.00ns)   --->   "%o_load = load i9 %o" [bnn_top.cpp:26]   --->   Operation 113 'load' 'o_load' <Predicate = true> <Delay = 0.00>
ST_5 : Operation 114 [1/1] (0.00ns)   --->   "%specloopname_ln0 = specloopname void @_ssdm_op_SpecLoopName, void @L1_W_L1_IN_str"   --->   Operation 114 'specloopname' 'specloopname_ln0' <Predicate = true> <Delay = 0.00>
ST_5 : Operation 115 [1/1] (0.00ns)   --->   "%speclooptripcount_ln0 = speclooptripcount void @_ssdm_op_SpecLoopTripCount, i64 16384, i64 16384, i64 16384"   --->   Operation 115 'speclooptripcount' 'speclooptripcount_ln0' <Predicate = true> <Delay = 0.00>
ST_5 : Operation 116 [1/1] (1.82ns)   --->   "%add_ln26_1 = add i9 %o_load, i9 1" [bnn_top.cpp:26]   --->   Operation 116 'add' 'add_ln26_1' <Predicate = (icmp_ln28)> <Delay = 1.82> <CoreInst = "Adder">   --->   Core 1 'Adder' <Latency = 0> <II = 1> <Delay = 1.82> <FuncUnit> <Opcode : 'add' 'sub'> <InPorts = 2> <OutPorts = 1>
ST_5 : Operation 117 [1/1] (0.96ns)   --->   "%select_ln26_1 = select i1 %icmp_ln28, i9 %add_ln26_1, i9 %o_load" [bnn_top.cpp:26]   --->   Operation 117 'select' 'select_ln26_1' <Predicate = true> <Delay = 0.96> <CoreInst = "Sel">   --->   Core 73 'Sel' <Latency = 0> <II = 1> <Delay = 0.96> <FuncUnit> <Opcode : 'select'> <InPorts = 3> <OutPorts = 1>
ST_5 : Operation 118 [1/1] (0.00ns)   --->   "%zext_ln26 = zext i9 %select_ln26_1" [bnn_top.cpp:26]   --->   Operation 118 'zext' 'zext_ln26' <Predicate = true> <Delay = 0.00>
ST_5 : Operation 119 [1/1] (0.00ns)   --->   "%specpipeline_ln29 = specpipeline void @_ssdm_op_SpecPipeline, i32 1, i32 0, i32 0, i32 0, void @empty_1" [bnn_top.cpp:29]   --->   Operation 119 'specpipeline' 'specpipeline_ln29' <Predicate = true> <Delay = 0.00>
ST_5 : Operation 120 [1/1] (0.00ns) (grouped into LUT with out node select_ln33_3)   --->   "%select_ln33_2 = select i1 %and_ln33_4, i16 32767, i16 32768" [bnn_top.cpp:33]   --->   Operation 120 'select' 'select_ln33_2' <Predicate = (or_ln33_2)> <Delay = 0.00> <CoreInst = "Sel">   --->   Core 73 'Sel' <Latency = 0> <II = 1> <Delay = 0.80> <FuncUnit> <Opcode : 'select'> <InPorts = 3> <OutPorts = 1>
ST_5 : Operation 121 [1/1] (0.80ns) (out node of the LUT)   --->   "%select_ln33_3 = select i1 %or_ln33_2, i16 %select_ln33_2, i16 %add_ln33" [bnn_top.cpp:33]   --->   Operation 121 'select' 'select_ln33_3' <Predicate = true> <Delay = 0.80> <CoreInst = "Sel">   --->   Core 73 'Sel' <Latency = 0> <II = 1> <Delay = 0.80> <FuncUnit> <Opcode : 'select'> <InPorts = 3> <OutPorts = 1>
ST_5 : Operation 122 [1/1] (0.00ns)   --->   "%act1_addr = getelementptr i16 %act1, i64 0, i64 %zext_ln26" [bnn_top.cpp:33]   --->   Operation 122 'getelementptr' 'act1_addr' <Predicate = true> <Delay = 0.00>
ST_5 : Operation 123 [1/1] ( I:3.25ns O:3.25ns )   --->   "%store_ln33 = store i16 %select_ln33_3, i8 %act1_addr" [bnn_top.cpp:33]   --->   Operation 123 'store' 'store_ln33' <Predicate = (icmp_ln28_1)> <Delay = 3.25> <CoreInst = "RAM">   --->   Core 81 'RAM' <Latency = 1> <II = 1> <Delay = 3.25> <Storage> <Opcode : 'load' 'store'> <Ports = 2> <Width = 16> <Depth = 256> <RAM>
ST_5 : Operation 124 [1/1] (0.00ns)   --->   "%br_ln28 = br void %new.latch.for.body10.split" [bnn_top.cpp:28]   --->   Operation 124 'br' 'br_ln28' <Predicate = (icmp_ln28_1)> <Delay = 0.00>
ST_5 : Operation 125 [1/1] (1.58ns)   --->   "%store_ln26 = store i9 %select_ln26_1, i9 %o" [bnn_top.cpp:26]   --->   Operation 125 'store' 'store_ln26' <Predicate = true> <Delay = 1.58>
ST_5 : Operation 126 [1/1] (0.00ns)   --->   "%br_ln28 = br void %for.body10" [bnn_top.cpp:28]   --->   Operation 126 'br' 'br_ln28' <Predicate = true> <Delay = 0.00>


============================================================
+ Verbose Summary: Timing violations
============================================================
Target clock period: 10.000ns, clock uncertainty: 2.700ns.

 <State 1>: 7.909ns
The critical path consists of the following:
	'store' operation 0 bit ('store_ln28', bnn_top.cpp:28) of constant 0 on local variable 'i', bnn_top.cpp:28 [24]  (1.588 ns)
	'load' operation 7 bit ('i_1_load', bnn_top.cpp:28) on local variable 'i', bnn_top.cpp:28 [34]  (0.000 ns)
	'icmp' operation 1 bit ('icmp_ln28', bnn_top.cpp:28) [38]  (1.870 ns)
	'select' operation 7 bit ('select_ln26', bnn_top.cpp:26) [39]  (0.993 ns)
	'add' operation 7 bit ('add_ln28', bnn_top.cpp:28) [84]  (1.870 ns)
	'store' operation 0 bit ('store_ln28', bnn_top.cpp:28) of variable 'add_ln28', bnn_top.cpp:28 on local variable 'i', bnn_top.cpp:28 [129]  (1.588 ns)

 <State 2>: 10.169ns
The critical path consists of the following:
	'load' operation 16 bit ('input_load', bnn_top.cpp:31) on array 'input_r' [50]  (3.254 ns)
	'mul' operation 52 bit ('mul_ln31', bnn_top.cpp:31) [54]  (6.915 ns)

 <State 3>: 10.703ns
The critical path consists of the following:
	'load' operation 32 bit ('acc_1_load', bnn_top.cpp:26) on local variable 'acc', bnn_top.cpp:27 [33]  (0.000 ns)
	'select' operation 32 bit ('select_ln26_2', bnn_top.cpp:26) [55]  (0.698 ns)
	'add' operation 52 bit ('add_ln31_1', bnn_top.cpp:31) [59]  (3.211 ns)
	'add' operation 32 bit ('acc', bnn_top.cpp:31) [67]  (2.552 ns)
	'or' operation 1 bit ('or_ln31_1', bnn_top.cpp:31) [76]  (0.000 ns)
	'and' operation 1 bit ('and_ln31_2', bnn_top.cpp:31) [77]  (0.978 ns)
	'or' operation 1 bit ('or_ln31_2', bnn_top.cpp:31) [82]  (0.978 ns)
	'select' operation 32 bit ('acc', bnn_top.cpp:31) [83]  (0.698 ns)
	'store' operation 0 bit ('store_ln27', bnn_top.cpp:27) of variable 'acc', bnn_top.cpp:31 on local variable 'acc', bnn_top.cpp:27 [130]  (1.588 ns)

 <State 4>: 6.849ns
The critical path consists of the following:
	'icmp' operation 1 bit ('icmp_ln33', bnn_top.cpp:33) [90]  (1.823 ns)
	'or' operation 1 bit ('or_ln33', bnn_top.cpp:33) [92]  (0.000 ns)
	'and' operation 1 bit ('and_ln33', bnn_top.cpp:33) [93]  (0.000 ns)
	'add' operation 16 bit ('add_ln33', bnn_top.cpp:33) [95]  (2.077 ns)
	'xor' operation 1 bit ('xor_ln33', bnn_top.cpp:33) [97]  (0.000 ns)
	'and' operation 1 bit ('and_ln33_1', bnn_top.cpp:33) [98]  (0.978 ns)
	'select' operation 1 bit ('select_ln33', bnn_top.cpp:33) [105]  (0.000 ns)
	'xor' operation 1 bit ('xor_ln33_2', bnn_top.cpp:33) [110]  (0.000 ns)
	'or' operation 1 bit ('or_ln33_1', bnn_top.cpp:33) [111]  (0.000 ns)
	'and' operation 1 bit ('and_ln33_4', bnn_top.cpp:33) [113]  (0.993 ns)
	'or' operation 1 bit ('or_ln33_2', bnn_top.cpp:33) [119]  (0.978 ns)

 <State 5>: 6.044ns
The critical path consists of the following:
	'load' operation 9 bit ('o_load', bnn_top.cpp:26) on local variable 'o', bnn_top.cpp:26 [35]  (0.000 ns)
	'add' operation 9 bit ('add_ln26_1', bnn_top.cpp:26) [40]  (1.823 ns)
	'select' operation 9 bit ('select_ln26_1', bnn_top.cpp:26) [41]  (0.968 ns)
	'getelementptr' operation 8 bit ('act1_addr', bnn_top.cpp:33) [121]  (0.000 ns)
	'store' operation 0 bit ('store_ln33', bnn_top.cpp:33) of variable 'select_ln33_3', bnn_top.cpp:33 on array 'act1' [124]  (3.254 ns)


============================================================
+ Verbose Summary: Binding
============================================================
N/A
* FSMD analyzer results:
  - Output states:
 - Input state : 
  - Chain level:
	State 1
	State 2
	State 3
	State 4
	State 5


============================================================
+ Verbose Summary: Datapath Resource usage 
============================================================
N/A
