

================================================================
== Vitis HLS Report for 'bnn_top'
================================================================
* Date:           Sat May  9 04:49:36 2026

* Version:        2025.1 (Build 6135595 on May 21 2025)
* Project:        bnn_top
* Solution:       solution (Vivado IP Flow Target)
* Product family: zynq
* Target device:  xc7z020-clg400-1


================================================================
== Performance Estimates
================================================================
+ Timing: 
    * Summary: 
    +--------+----------+-----------+------------+
    |  Clock |  Target  | Estimated | Uncertainty|
    +--------+----------+-----------+------------+
    |ap_clk  |  10.00 ns|  10.703 ns|     2.70 ns|
    +--------+----------+-----------+------------+

+ Latency: 
    * Summary: 
    +---------+---------+----------+----------+--------+--------+---------+
    |  Latency (cycles) |  Latency (absolute) |     Interval    | Pipeline|
    |   min   |   max   |    min   |    max   |   min  |   max  |   Type  |
    +---------+---------+----------+----------+--------+--------+---------+
    |   148860|   148860|  1.593 ms|  1.593 ms|  148861|  148861|       no|
    +---------+---------+----------+----------+--------+--------+---------+

    + Detail: 
        * Instance: 
        N/A

        * Loop: 
        N/A

============================================================
+ Verbose Summary: Synthesis Manager
============================================================
InlineROM: 1
ExposeGlobal: 0
============================================================
+ Verbose Summary: CDFG Model
============================================================
IsTopModel: 1
ResetActiveHigh: 1
IsCombinational: 0
IsDatapathOnly: 0
HasWiredReturn: 1
HasMFsm: 0
HasVarLatency: 1
IsPipeline: 0
IsRtlPipelined: 0
IsInstanceOverlapped: 0
IsDontTouch: 0
HasImplIP: 0
IsGatedGlobalClock: 0


============================================================
+ Verbose Summary: Schedule
============================================================
* Number of FSM states : 22
* Pipeline : 0
* Dataflow Pipeline: 0

* FSM state transitions: 
1 --> 2 
2 --> 3 
3 --> 4 
4 --> 5 
5 --> 6 
6 --> 7 
7 --> 8 
8 --> 9 
9 --> 10 
10 --> 11 
11 --> 12 
12 --> 13 
13 --> 14 
14 --> 15 
15 --> 16 
16 --> 17 
17 --> 18 
18 --> 19 
19 --> 20 
20 --> 21 
21 --> 22 
22 --> 

* FSM state operations: 

State 1 <SV = 0> <Delay = 0.00>
ST_1 : Operation 23 [1/1] (0.00ns)   --->   "%input = alloca i64 1" [bnn_top.cpp:16]   --->   Operation 23 'alloca' 'input' <Predicate = true> <Delay = 0.00>
ST_1 : Operation 24 [1/1] (0.00ns)   --->   "%act1 = alloca i64 1" [bnn_top.cpp:25]   --->   Operation 24 'alloca' 'act1' <Predicate = true> <Delay = 0.00>
ST_1 : Operation 25 [1/1] (0.00ns)   --->   "%act2 = alloca i64 1" [bnn_top.cpp:43]   --->   Operation 25 'alloca' 'act2' <Predicate = true> <Delay = 0.00>
ST_1 : Operation 26 [1/1] (0.00ns)   --->   "%act3 = alloca i64 1" [bnn_top.cpp:61]   --->   Operation 26 'alloca' 'act3' <Predicate = true> <Delay = 0.00>
ST_1 : Operation 27 [1/1] (0.00ns)   --->   "%act4 = alloca i64 1" [bnn_top.cpp:79]   --->   Operation 27 'alloca' 'act4' <Predicate = true> <Delay = 0.00>
ST_1 : Operation 28 [1/1] (0.00ns)   --->   "%act4_1 = alloca i64 1" [bnn_top.cpp:79]   --->   Operation 28 'alloca' 'act4_1' <Predicate = true> <Delay = 0.00>

State 2 <SV = 1> <Delay = 3.77>
ST_2 : Operation 29 [2/2] (3.77ns)   --->   "%call_ln0 = call void @bnn_top_Pipeline_RD_IN, i32 %s_axis_input_V_data_V, i4 %s_axis_input_V_keep_V, i4 %s_axis_input_V_strb_V, i1 %s_axis_input_V_user_V, i1 %s_axis_input_V_last_V, i1 %s_axis_input_V_id_V, i1 %s_axis_input_V_dest_V, i16 %input"   --->   Operation 29 'call' 'call_ln0' <Predicate = true> <Delay = 3.77> <CoreType = "Generic">   --->   Generic Core

State 3 <SV = 2> <Delay = 5.04>
ST_3 : Operation 30 [1/2] (5.04ns)   --->   "%call_ln0 = call void @bnn_top_Pipeline_RD_IN, i32 %s_axis_input_V_data_V, i4 %s_axis_input_V_keep_V, i4 %s_axis_input_V_strb_V, i1 %s_axis_input_V_user_V, i1 %s_axis_input_V_last_V, i1 %s_axis_input_V_id_V, i1 %s_axis_input_V_dest_V, i16 %input"   --->   Operation 30 'call' 'call_ln0' <Predicate = true> <Delay = 5.04> <CoreType = "Generic">   --->   Generic Core

State 4 <SV = 3> <Delay = 7.43>
ST_4 : Operation 31 [2/2] (7.43ns)   --->   "%call_ln0 = call void @bnn_top_Pipeline_L1_W_L1_IN, i32 %s_axis_input_V_data_V, i4 %s_axis_input_V_keep_V, i4 %s_axis_input_V_strb_V, i1 %s_axis_input_V_user_V, i1 %s_axis_input_V_last_V, i1 %s_axis_input_V_id_V, i1 %s_axis_input_V_dest_V, i16 %input, i16 %act1"   --->   Operation 31 'call' 'call_ln0' <Predicate = true> <Delay = 7.43> <CoreType = "Generic">   --->   Generic Core

State 5 <SV = 4> <Delay = 0.00>
ST_5 : Operation 32 [1/2] (0.00ns)   --->   "%call_ln0 = call void @bnn_top_Pipeline_L1_W_L1_IN, i32 %s_axis_input_V_data_V, i4 %s_axis_input_V_keep_V, i4 %s_axis_input_V_strb_V, i1 %s_axis_input_V_user_V, i1 %s_axis_input_V_last_V, i1 %s_axis_input_V_id_V, i1 %s_axis_input_V_dest_V, i16 %input, i16 %act1"   --->   Operation 32 'call' 'call_ln0' <Predicate = true> <Delay = 0.00> <CoreType = "Generic">   --->   Generic Core

State 6 <SV = 5> <Delay = 2.89>
ST_6 : Operation 33 [2/2] (2.89ns)   --->   "%call_ln0 = call void @bnn_top_Pipeline_L1_B, i32 %s_axis_input_V_data_V, i4 %s_axis_input_V_keep_V, i4 %s_axis_input_V_strb_V, i1 %s_axis_input_V_user_V, i1 %s_axis_input_V_last_V, i1 %s_axis_input_V_id_V, i1 %s_axis_input_V_dest_V, i16 %act1"   --->   Operation 33 'call' 'call_ln0' <Predicate = true> <Delay = 2.89> <CoreType = "Generic">   --->   Generic Core

State 7 <SV = 6> <Delay = 0.00>
ST_7 : Operation 34 [1/2] (0.00ns)   --->   "%call_ln0 = call void @bnn_top_Pipeline_L1_B, i32 %s_axis_input_V_data_V, i4 %s_axis_input_V_keep_V, i4 %s_axis_input_V_strb_V, i1 %s_axis_input_V_user_V, i1 %s_axis_input_V_last_V, i1 %s_axis_input_V_id_V, i1 %s_axis_input_V_dest_V, i16 %act1"   --->   Operation 34 'call' 'call_ln0' <Predicate = true> <Delay = 0.00> <CoreType = "Generic">   --->   Generic Core

State 8 <SV = 7> <Delay = 7.43>
ST_8 : Operation 35 [2/2] (7.43ns)   --->   "%call_ln0 = call void @bnn_top_Pipeline_L2_W_L2_IN, i32 %s_axis_input_V_data_V, i4 %s_axis_input_V_keep_V, i4 %s_axis_input_V_strb_V, i1 %s_axis_input_V_user_V, i1 %s_axis_input_V_last_V, i1 %s_axis_input_V_id_V, i1 %s_axis_input_V_dest_V, i16 %act1, i16 %act2"   --->   Operation 35 'call' 'call_ln0' <Predicate = true> <Delay = 7.43> <CoreType = "Generic">   --->   Generic Core

State 9 <SV = 8> <Delay = 0.00>
ST_9 : Operation 36 [1/2] (0.00ns)   --->   "%call_ln0 = call void @bnn_top_Pipeline_L2_W_L2_IN, i32 %s_axis_input_V_data_V, i4 %s_axis_input_V_keep_V, i4 %s_axis_input_V_strb_V, i1 %s_axis_input_V_user_V, i1 %s_axis_input_V_last_V, i1 %s_axis_input_V_id_V, i1 %s_axis_input_V_dest_V, i16 %act1, i16 %act2"   --->   Operation 36 'call' 'call_ln0' <Predicate = true> <Delay = 0.00> <CoreType = "Generic">   --->   Generic Core

State 10 <SV = 9> <Delay = 2.89>
ST_10 : Operation 37 [2/2] (2.89ns)   --->   "%call_ln0 = call void @bnn_top_Pipeline_L2_B, i32 %s_axis_input_V_data_V, i4 %s_axis_input_V_keep_V, i4 %s_axis_input_V_strb_V, i1 %s_axis_input_V_user_V, i1 %s_axis_input_V_last_V, i1 %s_axis_input_V_id_V, i1 %s_axis_input_V_dest_V, i16 %act2"   --->   Operation 37 'call' 'call_ln0' <Predicate = true> <Delay = 2.89> <CoreType = "Generic">   --->   Generic Core

State 11 <SV = 10> <Delay = 0.00>
ST_11 : Operation 38 [1/2] (0.00ns)   --->   "%call_ln0 = call void @bnn_top_Pipeline_L2_B, i32 %s_axis_input_V_data_V, i4 %s_axis_input_V_keep_V, i4 %s_axis_input_V_strb_V, i1 %s_axis_input_V_user_V, i1 %s_axis_input_V_last_V, i1 %s_axis_input_V_id_V, i1 %s_axis_input_V_dest_V, i16 %act2"   --->   Operation 38 'call' 'call_ln0' <Predicate = true> <Delay = 0.00> <CoreType = "Generic">   --->   Generic Core

State 12 <SV = 11> <Delay = 7.43>
ST_12 : Operation 39 [2/2] (7.43ns)   --->   "%call_ln0 = call void @bnn_top_Pipeline_L3_W_L3_IN, i32 %s_axis_input_V_data_V, i4 %s_axis_input_V_keep_V, i4 %s_axis_input_V_strb_V, i1 %s_axis_input_V_user_V, i1 %s_axis_input_V_last_V, i1 %s_axis_input_V_id_V, i1 %s_axis_input_V_dest_V, i16 %act2, i16 %act3"   --->   Operation 39 'call' 'call_ln0' <Predicate = true> <Delay = 7.43> <CoreType = "Generic">   --->   Generic Core

State 13 <SV = 12> <Delay = 0.00>
ST_13 : Operation 40 [1/2] (0.00ns)   --->   "%call_ln0 = call void @bnn_top_Pipeline_L3_W_L3_IN, i32 %s_axis_input_V_data_V, i4 %s_axis_input_V_keep_V, i4 %s_axis_input_V_strb_V, i1 %s_axis_input_V_user_V, i1 %s_axis_input_V_last_V, i1 %s_axis_input_V_id_V, i1 %s_axis_input_V_dest_V, i16 %act2, i16 %act3"   --->   Operation 40 'call' 'call_ln0' <Predicate = true> <Delay = 0.00> <CoreType = "Generic">   --->   Generic Core

State 14 <SV = 13> <Delay = 2.89>
ST_14 : Operation 41 [2/2] (2.89ns)   --->   "%call_ln0 = call void @bnn_top_Pipeline_L3_B, i32 %s_axis_input_V_data_V, i4 %s_axis_input_V_keep_V, i4 %s_axis_input_V_strb_V, i1 %s_axis_input_V_user_V, i1 %s_axis_input_V_last_V, i1 %s_axis_input_V_id_V, i1 %s_axis_input_V_dest_V, i16 %act3"   --->   Operation 41 'call' 'call_ln0' <Predicate = true> <Delay = 2.89> <CoreType = "Generic">   --->   Generic Core

State 15 <SV = 14> <Delay = 0.00>
ST_15 : Operation 42 [1/2] (0.00ns)   --->   "%call_ln0 = call void @bnn_top_Pipeline_L3_B, i32 %s_axis_input_V_data_V, i4 %s_axis_input_V_keep_V, i4 %s_axis_input_V_strb_V, i1 %s_axis_input_V_user_V, i1 %s_axis_input_V_last_V, i1 %s_axis_input_V_id_V, i1 %s_axis_input_V_dest_V, i16 %act3"   --->   Operation 42 'call' 'call_ln0' <Predicate = true> <Delay = 0.00> <CoreType = "Generic">   --->   Generic Core

State 16 <SV = 15> <Delay = 7.43>
ST_16 : Operation 43 [2/2] (7.43ns)   --->   "%call_ln0 = call void @bnn_top_Pipeline_L4_W_L4_IN, i16 %act4, i32 %s_axis_input_V_data_V, i4 %s_axis_input_V_keep_V, i4 %s_axis_input_V_strb_V, i1 %s_axis_input_V_user_V, i1 %s_axis_input_V_last_V, i1 %s_axis_input_V_id_V, i1 %s_axis_input_V_dest_V, i16 %act3, i16 %act4_1"   --->   Operation 43 'call' 'call_ln0' <Predicate = true> <Delay = 7.43> <CoreType = "Generic">   --->   Generic Core

State 17 <SV = 16> <Delay = 7.65>
ST_17 : Operation 44 [1/2] (7.65ns)   --->   "%call_ln0 = call void @bnn_top_Pipeline_L4_W_L4_IN, i16 %act4, i32 %s_axis_input_V_data_V, i4 %s_axis_input_V_keep_V, i4 %s_axis_input_V_strb_V, i1 %s_axis_input_V_user_V, i1 %s_axis_input_V_last_V, i1 %s_axis_input_V_id_V, i1 %s_axis_input_V_dest_V, i16 %act3, i16 %act4_1"   --->   Operation 44 'call' 'call_ln0' <Predicate = true> <Delay = 7.65> <CoreType = "Generic">   --->   Generic Core

State 18 <SV = 17> <Delay = 7.21>
ST_18 : Operation 45 [2/2] (7.21ns)   --->   "%call_ln0 = call void @bnn_top_Pipeline_L4_B, i16 %act4, i16 %act4_1, i32 %s_axis_input_V_data_V, i4 %s_axis_input_V_keep_V, i4 %s_axis_input_V_strb_V, i1 %s_axis_input_V_user_V, i1 %s_axis_input_V_last_V, i1 %s_axis_input_V_id_V, i1 %s_axis_input_V_dest_V"   --->   Operation 45 'call' 'call_ln0' <Predicate = true> <Delay = 7.21> <CoreType = "Generic">   --->   Generic Core

State 19 <SV = 18> <Delay = 0.80>
ST_19 : Operation 46 [1/2] (0.80ns)   --->   "%call_ln0 = call void @bnn_top_Pipeline_L4_B, i16 %act4, i16 %act4_1, i32 %s_axis_input_V_data_V, i4 %s_axis_input_V_keep_V, i4 %s_axis_input_V_strb_V, i1 %s_axis_input_V_user_V, i1 %s_axis_input_V_last_V, i1 %s_axis_input_V_id_V, i1 %s_axis_input_V_dest_V"   --->   Operation 46 'call' 'call_ln0' <Predicate = true> <Delay = 0.80> <CoreType = "Generic">   --->   Generic Core

State 20 <SV = 19> <Delay = 0.00>
ST_20 : Operation 47 [1/1] (0.00ns)   --->   "%act4_load = load i16 %act4"   --->   Operation 47 'load' 'act4_load' <Predicate = true> <Delay = 0.00>
ST_20 : Operation 48 [1/1] (0.00ns)   --->   "%act4_1_load = load i16 %act4_1"   --->   Operation 48 'load' 'act4_1_load' <Predicate = true> <Delay = 0.00>
ST_20 : Operation 49 [2/2] (0.00ns)   --->   "%call_ln0 = call void @bnn_top_Pipeline_WR_OUT, i16 %act4_1_load, i16 %act4_load, i32 %m_axis_output_V_data_V, i4 %m_axis_output_V_keep_V, i4 %m_axis_output_V_strb_V, i1 %m_axis_output_V_user_V, i1 %m_axis_output_V_last_V, i1 %m_axis_output_V_id_V, i1 %m_axis_output_V_dest_V"   --->   Operation 49 'call' 'call_ln0' <Predicate = true> <Delay = 0.00> <CoreType = "Generic">   --->   Generic Core

State 21 <SV = 20> <Delay = 4.74>
ST_21 : Operation 50 [1/2] (4.74ns)   --->   "%call_ln0 = call void @bnn_top_Pipeline_WR_OUT, i16 %act4_1_load, i16 %act4_load, i32 %m_axis_output_V_data_V, i4 %m_axis_output_V_keep_V, i4 %m_axis_output_V_strb_V, i1 %m_axis_output_V_user_V, i1 %m_axis_output_V_last_V, i1 %m_axis_output_V_id_V, i1 %m_axis_output_V_dest_V"   --->   Operation 50 'call' 'call_ln0' <Predicate = true> <Delay = 4.74> <CoreType = "Generic">   --->   Generic Core

State 22 <SV = 21> <Delay = 0.00>
ST_22 : Operation 51 [1/1] (0.00ns)   --->   "%spectopmodule_ln7 = spectopmodule void @_ssdm_op_SpecTopModule, void @empty_6" [bnn_top.cpp:7]   --->   Operation 51 'spectopmodule' 'spectopmodule_ln7' <Predicate = true> <Delay = 0.00>
ST_22 : Operation 52 [1/1] (0.00ns)   --->   "%specinterface_ln0 = specinterface void @_ssdm_op_SpecInterface, i32 %s_axis_input_V_data_V, i4 %s_axis_input_V_keep_V, i4 %s_axis_input_V_strb_V, i1 %s_axis_input_V_user_V, i1 %s_axis_input_V_last_V, i1 %s_axis_input_V_id_V, i1 %s_axis_input_V_dest_V, void @empty, i32 1, i32 1, void @empty_0, i32 0, i32 0, void @empty_1, void @empty_1, void @empty_1, i32 0, i32 0, i32 0, i32 0, void @empty_1, void @empty_1, i32 4294967295, i32 0, i32 0"   --->   Operation 52 'specinterface' 'specinterface_ln0' <Predicate = true> <Delay = 0.00>
ST_22 : Operation 53 [1/1] (0.00ns)   --->   "%specbitsmap_ln0 = specbitsmap void @_ssdm_op_SpecBitsMap, i32 %s_axis_input_V_data_V"   --->   Operation 53 'specbitsmap' 'specbitsmap_ln0' <Predicate = true> <Delay = 0.00>
ST_22 : Operation 54 [1/1] (0.00ns)   --->   "%specbitsmap_ln0 = specbitsmap void @_ssdm_op_SpecBitsMap, i4 %s_axis_input_V_keep_V"   --->   Operation 54 'specbitsmap' 'specbitsmap_ln0' <Predicate = true> <Delay = 0.00>
ST_22 : Operation 55 [1/1] (0.00ns)   --->   "%specbitsmap_ln0 = specbitsmap void @_ssdm_op_SpecBitsMap, i4 %s_axis_input_V_strb_V"   --->   Operation 55 'specbitsmap' 'specbitsmap_ln0' <Predicate = true> <Delay = 0.00>
ST_22 : Operation 56 [1/1] (0.00ns)   --->   "%specbitsmap_ln0 = specbitsmap void @_ssdm_op_SpecBitsMap, i1 %s_axis_input_V_user_V"   --->   Operation 56 'specbitsmap' 'specbitsmap_ln0' <Predicate = true> <Delay = 0.00>
ST_22 : Operation 57 [1/1] (0.00ns)   --->   "%specbitsmap_ln0 = specbitsmap void @_ssdm_op_SpecBitsMap, i1 %s_axis_input_V_last_V"   --->   Operation 57 'specbitsmap' 'specbitsmap_ln0' <Predicate = true> <Delay = 0.00>
ST_22 : Operation 58 [1/1] (0.00ns)   --->   "%specbitsmap_ln0 = specbitsmap void @_ssdm_op_SpecBitsMap, i1 %s_axis_input_V_id_V"   --->   Operation 58 'specbitsmap' 'specbitsmap_ln0' <Predicate = true> <Delay = 0.00>
ST_22 : Operation 59 [1/1] (0.00ns)   --->   "%specbitsmap_ln0 = specbitsmap void @_ssdm_op_SpecBitsMap, i1 %s_axis_input_V_dest_V"   --->   Operation 59 'specbitsmap' 'specbitsmap_ln0' <Predicate = true> <Delay = 0.00>
ST_22 : Operation 60 [1/1] (0.00ns)   --->   "%specinterface_ln0 = specinterface void @_ssdm_op_SpecInterface, i32 %m_axis_output_V_data_V, i4 %m_axis_output_V_keep_V, i4 %m_axis_output_V_strb_V, i1 %m_axis_output_V_user_V, i1 %m_axis_output_V_last_V, i1 %m_axis_output_V_id_V, i1 %m_axis_output_V_dest_V, void @empty, i32 1, i32 1, void @empty_0, i32 0, i32 0, void @empty_1, void @empty_1, void @empty_1, i32 0, i32 0, i32 0, i32 0, void @empty_1, void @empty_1, i32 4294967295, i32 0, i32 0"   --->   Operation 60 'specinterface' 'specinterface_ln0' <Predicate = true> <Delay = 0.00>
ST_22 : Operation 61 [1/1] (0.00ns)   --->   "%specbitsmap_ln0 = specbitsmap void @_ssdm_op_SpecBitsMap, i32 %m_axis_output_V_data_V"   --->   Operation 61 'specbitsmap' 'specbitsmap_ln0' <Predicate = true> <Delay = 0.00>
ST_22 : Operation 62 [1/1] (0.00ns)   --->   "%specbitsmap_ln0 = specbitsmap void @_ssdm_op_SpecBitsMap, i4 %m_axis_output_V_keep_V"   --->   Operation 62 'specbitsmap' 'specbitsmap_ln0' <Predicate = true> <Delay = 0.00>
ST_22 : Operation 63 [1/1] (0.00ns)   --->   "%specbitsmap_ln0 = specbitsmap void @_ssdm_op_SpecBitsMap, i4 %m_axis_output_V_strb_V"   --->   Operation 63 'specbitsmap' 'specbitsmap_ln0' <Predicate = true> <Delay = 0.00>
ST_22 : Operation 64 [1/1] (0.00ns)   --->   "%specbitsmap_ln0 = specbitsmap void @_ssdm_op_SpecBitsMap, i1 %m_axis_output_V_user_V"   --->   Operation 64 'specbitsmap' 'specbitsmap_ln0' <Predicate = true> <Delay = 0.00>
ST_22 : Operation 65 [1/1] (0.00ns)   --->   "%specbitsmap_ln0 = specbitsmap void @_ssdm_op_SpecBitsMap, i1 %m_axis_output_V_last_V"   --->   Operation 65 'specbitsmap' 'specbitsmap_ln0' <Predicate = true> <Delay = 0.00>
ST_22 : Operation 66 [1/1] (0.00ns)   --->   "%specbitsmap_ln0 = specbitsmap void @_ssdm_op_SpecBitsMap, i1 %m_axis_output_V_id_V"   --->   Operation 66 'specbitsmap' 'specbitsmap_ln0' <Predicate = true> <Delay = 0.00>
ST_22 : Operation 67 [1/1] (0.00ns)   --->   "%specbitsmap_ln0 = specbitsmap void @_ssdm_op_SpecBitsMap, i1 %m_axis_output_V_dest_V"   --->   Operation 67 'specbitsmap' 'specbitsmap_ln0' <Predicate = true> <Delay = 0.00>
ST_22 : Operation 68 [1/1] (0.00ns)   --->   "%specinterface_ln0 = specinterface void @_ssdm_op_SpecInterface, i32 0, void @empty_2, i32 0, i32 0, void @empty_1, i32 0, i32 0, void @empty_3, void @empty_1, void @empty_1, i32 0, i32 0, i32 0, i32 0, void @empty_1, void @empty_1, i32 4294967295, i32 0, i32 0"   --->   Operation 68 'specinterface' 'specinterface_ln0' <Predicate = true> <Delay = 0.00>
ST_22 : Operation 69 [1/1] (0.00ns)   --->   "%specaxissidechannel_ln17 = specaxissidechannel void @_ssdm_op_SpecAXISSideChannel, i32 %m_axis_output_V_data_V, i4 %m_axis_output_V_keep_V, i4 %m_axis_output_V_strb_V, i1 %m_axis_output_V_user_V, i1 %m_axis_output_V_last_V, i1 %m_axis_output_V_id_V, i1 %m_axis_output_V_dest_V, void @empty_4" [bnn_top.cpp:17]   --->   Operation 69 'specaxissidechannel' 'specaxissidechannel_ln17' <Predicate = true> <Delay = 0.00>
ST_22 : Operation 70 [1/1] (0.00ns)   --->   "%specaxissidechannel_ln17 = specaxissidechannel void @_ssdm_op_SpecAXISSideChannel, i32 %s_axis_input_V_data_V, i4 %s_axis_input_V_keep_V, i4 %s_axis_input_V_strb_V, i1 %s_axis_input_V_user_V, i1 %s_axis_input_V_last_V, i1 %s_axis_input_V_id_V, i1 %s_axis_input_V_dest_V, void @empty_5" [bnn_top.cpp:17]   --->   Operation 70 'specaxissidechannel' 'specaxissidechannel_ln17' <Predicate = true> <Delay = 0.00>
ST_22 : Operation 71 [1/1] (0.00ns)   --->   "%ret_ln106 = ret" [bnn_top.cpp:106]   --->   Operation 71 'ret' 'ret_ln106' <Predicate = true> <Delay = 0.00>


============================================================
+ Verbose Summary: Timing violations
============================================================
Target clock period: 10.000ns, clock uncertainty: 2.700ns.

 <State 1>: 0.000ns
The critical path consists of the following:

 <State 2>: 3.772ns
The critical path consists of the following:
	'call' operation 0 bit ('call_ln0') to 'bnn_top_Pipeline_RD_IN' [41]  (3.772 ns)

 <State 3>: 5.046ns
The critical path consists of the following:
	'call' operation 0 bit ('call_ln0') to 'bnn_top_Pipeline_RD_IN' [41]  (5.046 ns)

 <State 4>: 7.433ns
The critical path consists of the following:
	'call' operation 0 bit ('call_ln0') to 'bnn_top_Pipeline_L1_W_L1_IN' [42]  (7.433 ns)

 <State 5>: 0.000ns
The critical path consists of the following:

 <State 6>: 2.892ns
The critical path consists of the following:
	'call' operation 0 bit ('call_ln0') to 'bnn_top_Pipeline_L1_B' [43]  (2.892 ns)

 <State 7>: 0.000ns
The critical path consists of the following:

 <State 8>: 7.433ns
The critical path consists of the following:
	'call' operation 0 bit ('call_ln0') to 'bnn_top_Pipeline_L2_W_L2_IN' [44]  (7.433 ns)

 <State 9>: 0.000ns
The critical path consists of the following:

 <State 10>: 2.892ns
The critical path consists of the following:
	'call' operation 0 bit ('call_ln0') to 'bnn_top_Pipeline_L2_B' [45]  (2.892 ns)

 <State 11>: 0.000ns
The critical path consists of the following:

 <State 12>: 7.433ns
The critical path consists of the following:
	'call' operation 0 bit ('call_ln0') to 'bnn_top_Pipeline_L3_W_L3_IN' [46]  (7.433 ns)

 <State 13>: 0.000ns
The critical path consists of the following:

 <State 14>: 2.892ns
The critical path consists of the following:
	'call' operation 0 bit ('call_ln0') to 'bnn_top_Pipeline_L3_B' [47]  (2.892 ns)

 <State 15>: 0.000ns
The critical path consists of the following:

 <State 16>: 7.433ns
The critical path consists of the following:
	'call' operation 0 bit ('call_ln0') to 'bnn_top_Pipeline_L4_W_L4_IN' [48]  (7.433 ns)

 <State 17>: 7.654ns
The critical path consists of the following:
	'call' operation 0 bit ('call_ln0') to 'bnn_top_Pipeline_L4_W_L4_IN' [48]  (7.654 ns)

 <State 18>: 7.212ns
The critical path consists of the following:
	'call' operation 0 bit ('call_ln0') to 'bnn_top_Pipeline_L4_B' [49]  (7.212 ns)

 <State 19>: 0.805ns
The critical path consists of the following:
	'call' operation 0 bit ('call_ln0') to 'bnn_top_Pipeline_L4_B' [49]  (0.805 ns)

 <State 20>: 0.000ns
The critical path consists of the following:

 <State 21>: 4.741ns
The critical path consists of the following:
	'call' operation 0 bit ('call_ln0') to 'bnn_top_Pipeline_WR_OUT' [52]  (4.741 ns)

 <State 22>: 0.000ns
The critical path consists of the following:


============================================================
+ Verbose Summary: Binding
============================================================
N/A
* FSMD analyzer results:
  - Output states:
 - Input state : 
  - Chain level:
	State 1
	State 2
	State 3
	State 4
	State 5
	State 6
	State 7
	State 8
	State 9
	State 10
	State 11
	State 12
	State 13
	State 14
	State 15
	State 16
	State 17
	State 18
	State 19
	State 20
	State 21
	State 22


============================================================
+ Verbose Summary: Datapath Resource usage 
============================================================
N/A
