

================================================================
== Vitis HLS Report for 'bnn_top_Pipeline_L4_B'
================================================================
* Date:           Sat May  9 04:49:40 2026

* Version:        2025.1 (Build 6135595 on May 21 2025)
* Project:        bnn_top
* Solution:       solution (Vivado IP Flow Target)
* Product family: zynq
* Target device:  xc7z020-clg400-1


================================================================
== Performance Estimates
================================================================
+ Timing: 
    * Summary: 
    +--------+----------+----------+------------+
    |  Clock |  Target  | Estimated| Uncertainty|
    +--------+----------+----------+------------+
    |ap_clk  |  10.00 ns|  7.212 ns|     2.70 ns|
    +--------+----------+----------+------------+

+ Latency: 
    * Summary: 
    +---------+---------+-----------+-----------+-----+-----+------------------------------------------------+
    |  Latency (cycles) |   Latency (absolute)  |  Interval |                    Pipeline                    |
    |   min   |   max   |    min    |    max    | min | max |                      Type                      |
    +---------+---------+-----------+-----------+-----+-----+------------------------------------------------+
    |        5|        5|  50.000 ns|  50.000 ns|    3|    3|  loop auto-rewind stp (delay=0 clock cycles(s))|
    +---------+---------+-----------+-----------+-----+-----+------------------------------------------------+

    + Detail: 
        * Instance: 
        N/A

        * Loop: 
        +----------+---------+---------+----------+-----------+-----------+------+----------+
        |          |  Latency (cycles) | Iteration|  Initiation Interval  | Trip |          |
        | Loop Name|   min   |   max   |  Latency |  achieved |   target  | Count| Pipelined|
        +----------+---------+---------+----------+-----------+-----------+------+----------+
        |- L4_B    |        3|        3|         3|          1|          1|     2|       yes|
        +----------+---------+---------+----------+-----------+-----------+------+----------+



================================================================
== Utilization Estimates
================================================================
* Summary: 
+-----------------+---------+-----+--------+-------+-----+
|       Name      | BRAM_18K| DSP |   FF   |  LUT  | URAM|
+-----------------+---------+-----+--------+-------+-----+
|DSP              |        -|    -|       -|      -|    -|
|Expression       |        -|    -|       0|    212|    -|
|FIFO             |        -|    -|       -|      -|    -|
|Instance         |        -|    -|       -|      -|    -|
|Memory           |        -|    -|       -|      -|    -|
|Multiplexer      |        -|    -|       0|     63|    -|
|Register         |        -|    -|      29|      -|    -|
+-----------------+---------+-----+--------+-------+-----+
|Total            |        0|    0|      29|    275|    0|
+-----------------+---------+-----+--------+-------+-----+
|Available        |      280|  220|  106400|  53200|    0|
+-----------------+---------+-----+--------+-------+-----+
|Utilization (%)  |        0|    0|      ~0|     ~0|    0|
+-----------------+---------+-----+--------+-------+-----+

+ Detail: 
    * Instance: 
    N/A

    * DSP: 
    N/A

    * Memory: 
    N/A

    * FIFO: 
    N/A

    * Expression: 
    +---------------------------+----------+----+---+----+------------+------------+
    |       Variable Name       | Operation| DSP| FF| LUT| Bitwidth P0| Bitwidth P1|
    +---------------------------+----------+----+---+----+------------+------------+
    |acc_fu_216_p2              |         +|   0|  0|  34|          27|          27|
    |add_ln89_fu_148_p2         |         +|   0|  0|  10|           2|           1|
    |add_ln92_fu_210_p2         |         +|   0|  0|  33|          26|          26|
    |add_ln93_fu_266_p2         |         +|   0|  0|  23|          16|          16|
    |and_ln93_1_fu_286_p2       |       and|   0|  0|   2|           1|           1|
    |and_ln93_2_fu_328_p2       |       and|   0|  0|   2|           1|           1|
    |and_ln93_3_fu_346_p2       |       and|   0|  0|   2|           1|           1|
    |and_ln93_fu_256_p2         |       and|   0|  0|   2|           1|           1|
    |ap_block_pp0_stage0_11001  |       and|   0|  0|   2|           1|           1|
    |icmp_ln89_fu_142_p2        |      icmp|   0|  0|  11|           2|           3|
    |icmp_ln92_fu_154_p2        |      icmp|   0|  0|  10|           2|           1|
    |icmp_ln93_fu_160_p2        |      icmp|   0|  0|  10|           2|           1|
    |or_ln93_1_fu_322_p2        |        or|   0|  0|   2|           1|           1|
    |or_ln93_2_fu_352_p2        |        or|   0|  0|   2|           1|           1|
    |or_ln93_3_fu_334_p2        |        or|   0|  0|   2|           1|           1|
    |or_ln93_fu_298_p2          |        or|   0|  0|   2|           1|           1|
    |act4_3_fu_365_p3           |    select|   0|  0|  16|           1|          16|
    |select_ln92_fu_175_p3      |    select|   0|  0|  16|           1|          16|
    |select_ln93_fu_358_p3      |    select|   0|  0|  17|           1|          15|
    |ap_enable_pp0              |       xor|   0|  0|   2|           1|           2|
    |xor_ln93_1_fu_310_p2       |       xor|   0|  0|   2|           1|           2|
    |xor_ln93_2_fu_316_p2       |       xor|   0|  0|   2|           1|           2|
    |xor_ln93_3_fu_292_p2       |       xor|   0|  0|   2|           1|           2|
    |xor_ln93_4_fu_304_p2       |       xor|   0|  0|   2|           1|           1|
    |xor_ln93_5_fu_340_p2       |       xor|   0|  0|   2|           1|           2|
    |xor_ln93_fu_280_p2         |       xor|   0|  0|   2|           1|           2|
    +---------------------------+----------+----+---+----+------------+------------+
    |Total                      |          |   0|  0| 212|          96|         144|
    +---------------------------+----------+----+---+----+------------+------------+

    * Multiplexer: 
    +--------------------------+----+-----------+-----+-----------+
    |           Name           | LUT| Input Size| Bits| Total Bits|
    +--------------------------+----+-----------+-----+-----------+
    |act4_1_o                  |   9|          2|   16|         32|
    |act4_o                    |   9|          2|   16|         32|
    |ap_done_int               |   9|          2|    1|          2|
    |ap_enable_reg_pp0_iter1   |   9|          2|    1|          2|
    |ap_sig_allocacmp_o_2      |   9|          2|    2|          4|
    |o_fu_86                   |   9|          2|    2|          4|
    |s_axis_input_TDATA_blk_n  |   9|          2|    1|          2|
    +--------------------------+----+-----------+-----+-----------+
    |Total                     |  63|         14|   39|         78|
    +--------------------------+----+-----------+-----+-----------+

    * Register: 
    +-------------------------------------------+----+----+-----+-----------+
    |                    Name                   | FF | LUT| Bits| Const Bits|
    +-------------------------------------------+----+----+-----+-----------+
    |add_ln93_reg_393                           |  16|   0|   16|          0|
    |and_ln93_2_reg_398                         |   1|   0|    1|          0|
    |ap_CS_fsm                                  |   1|   0|    1|          0|
    |ap_block_pp0_stage0_subdone_grp0_done_reg  |   1|   0|    1|          0|
    |ap_done_reg                                |   1|   0|    1|          0|
    |ap_enable_reg_pp0_iter1                    |   1|   0|    1|          0|
    |ap_enable_reg_pp0_iter2                    |   1|   0|    1|          0|
    |ap_loop_exit_ready_pp0_iter1_reg           |   1|   0|    1|          0|
    |icmp_ln92_reg_384                          |   1|   0|    1|          0|
    |icmp_ln93_reg_389                          |   1|   0|    1|          0|
    |icmp_ln93_reg_389_pp0_iter1_reg            |   1|   0|    1|          0|
    |o_fu_86                                    |   2|   0|    2|          0|
    |or_ln93_2_reg_403                          |   1|   0|    1|          0|
    +-------------------------------------------+----+----+-----+-----------+
    |Total                                      |  29|   0|   29|          0|
    +-------------------------------------------+----+----+-----+-----------+



================================================================
== Interface
================================================================
* Summary: 
+---------------------+-----+-----+------------+-----------------------+--------------+
|      RTL Ports      | Dir | Bits|  Protocol  |     Source Object     |    C Type    |
+---------------------+-----+-----+------------+-----------------------+--------------+
|ap_clk               |   in|    1|  ap_ctrl_hs|  bnn_top_Pipeline_L4_B|  return value|
|ap_rst               |   in|    1|  ap_ctrl_hs|  bnn_top_Pipeline_L4_B|  return value|
|ap_start             |   in|    1|  ap_ctrl_hs|  bnn_top_Pipeline_L4_B|  return value|
|ap_done              |  out|    1|  ap_ctrl_hs|  bnn_top_Pipeline_L4_B|  return value|
|ap_idle              |  out|    1|  ap_ctrl_hs|  bnn_top_Pipeline_L4_B|  return value|
|ap_ready             |  out|    1|  ap_ctrl_hs|  bnn_top_Pipeline_L4_B|  return value|
|s_axis_input_TVALID  |   in|    1|        axis|  s_axis_input_V_data_V|       pointer|
|s_axis_input_TDATA   |   in|   32|        axis|  s_axis_input_V_data_V|       pointer|
|act4_i               |   in|   16|     ap_ovld|                   act4|       pointer|
|act4_o               |  out|   16|     ap_ovld|                   act4|       pointer|
|act4_o_ap_vld        |  out|    1|     ap_ovld|                   act4|       pointer|
|act4_1_i             |   in|   16|     ap_ovld|                 act4_1|       pointer|
|act4_1_o             |  out|   16|     ap_ovld|                 act4_1|       pointer|
|act4_1_o_ap_vld      |  out|    1|     ap_ovld|                 act4_1|       pointer|
|s_axis_input_TREADY  |  out|    1|        axis|  s_axis_input_V_dest_V|       pointer|
|s_axis_input_TDEST   |   in|    1|        axis|  s_axis_input_V_dest_V|       pointer|
|s_axis_input_TKEEP   |   in|    4|        axis|  s_axis_input_V_keep_V|       pointer|
|s_axis_input_TSTRB   |   in|    4|        axis|  s_axis_input_V_strb_V|       pointer|
|s_axis_input_TUSER   |   in|    1|        axis|  s_axis_input_V_user_V|       pointer|
|s_axis_input_TLAST   |   in|    1|        axis|  s_axis_input_V_last_V|       pointer|
|s_axis_input_TID     |   in|    1|        axis|    s_axis_input_V_id_V|       pointer|
+---------------------+-----+-----+------------+-----------------------+--------------+

============================================================
+ Verbose Summary: Synthesis Manager
============================================================
InlineROM: 1
ExposeGlobal: 0
============================================================
+ Verbose Summary: CDFG Model
============================================================
IsTopModel: 0
ResetActiveHigh: 1
IsCombinational: 2
IsDatapathOnly: 2
HasWiredReturn: 1
HasMFsm: 2
HasVarLatency: 1
IsPipeline: 0
IsRtlPipelined: 0
IsInstanceOverlapped: 0
IsDontTouch: 0
HasImplIP: 0
IsGatedGlobalClock: 0

+ Individual pipeline summary: 
  * Pipeline-0: initiation interval (II) = 1, depth = 3


============================================================
+ Verbose Summary: Schedule
============================================================
* Number of FSM states : 3
* Pipeline : 1
  Pipeline-0 : II = 1, D = 3, States = { 1 2 3 }
* Dataflow Pipeline: 0

* FSM state transitions: 
1 --> 2 
2 --> 3 
3 --> 

* FSM state operations: 

State 1 <SV = 0> <Delay = 4.74>
ST_1 : Operation 6 [1/1] (0.00ns)   --->   "%o = alloca i32 1" [bnn_top.cpp:89]   --->   Operation 6 'alloca' 'o' <Predicate = true> <Delay = 0.00>
ST_1 : Operation 7 [1/1] (0.00ns)   --->   "%specaxissidechannel_ln0 = specaxissidechannel void @_ssdm_op_SpecAXISSideChannel, i32 %s_axis_input_V_data_V, i4 %s_axis_input_V_keep_V, i4 %s_axis_input_V_strb_V, i1 %s_axis_input_V_user_V, i1 %s_axis_input_V_last_V, i1 %s_axis_input_V_id_V, i1 %s_axis_input_V_dest_V, void @empty_5"   --->   Operation 7 'specaxissidechannel' 'specaxissidechannel_ln0' <Predicate = true> <Delay = 0.00>
ST_1 : Operation 8 [1/1] (0.00ns)   --->   "%specinterface_ln0 = specinterface void @_ssdm_op_SpecInterface, i1 %s_axis_input_V_dest_V, void @empty, i32 0, i32 0, void @empty_0, i32 0, i32 0, void @empty_1, void @empty_1, void @empty_1, i32 0, i32 0, i32 0, i32 0, void @empty_1, void @empty_1, i32 4294967295, i32 0, i32 0"   --->   Operation 8 'specinterface' 'specinterface_ln0' <Predicate = true> <Delay = 0.00>
ST_1 : Operation 9 [1/1] (0.00ns)   --->   "%specinterface_ln0 = specinterface void @_ssdm_op_SpecInterface, i1 %s_axis_input_V_id_V, void @empty, i32 0, i32 0, void @empty_0, i32 0, i32 0, void @empty_1, void @empty_1, void @empty_1, i32 0, i32 0, i32 0, i32 0, void @empty_1, void @empty_1, i32 4294967295, i32 0, i32 0"   --->   Operation 9 'specinterface' 'specinterface_ln0' <Predicate = true> <Delay = 0.00>
ST_1 : Operation 10 [1/1] (0.00ns)   --->   "%specinterface_ln0 = specinterface void @_ssdm_op_SpecInterface, i1 %s_axis_input_V_last_V, void @empty, i32 0, i32 0, void @empty_0, i32 0, i32 0, void @empty_1, void @empty_1, void @empty_1, i32 0, i32 0, i32 0, i32 0, void @empty_1, void @empty_1, i32 4294967295, i32 0, i32 0"   --->   Operation 10 'specinterface' 'specinterface_ln0' <Predicate = true> <Delay = 0.00>
ST_1 : Operation 11 [1/1] (0.00ns)   --->   "%specinterface_ln0 = specinterface void @_ssdm_op_SpecInterface, i1 %s_axis_input_V_user_V, void @empty, i32 0, i32 0, void @empty_0, i32 0, i32 0, void @empty_1, void @empty_1, void @empty_1, i32 0, i32 0, i32 0, i32 0, void @empty_1, void @empty_1, i32 4294967295, i32 0, i32 0"   --->   Operation 11 'specinterface' 'specinterface_ln0' <Predicate = true> <Delay = 0.00>
ST_1 : Operation 12 [1/1] (0.00ns)   --->   "%specinterface_ln0 = specinterface void @_ssdm_op_SpecInterface, i4 %s_axis_input_V_strb_V, void @empty, i32 0, i32 0, void @empty_0, i32 0, i32 0, void @empty_1, void @empty_1, void @empty_1, i32 0, i32 0, i32 0, i32 0, void @empty_1, void @empty_1, i32 4294967295, i32 0, i32 0"   --->   Operation 12 'specinterface' 'specinterface_ln0' <Predicate = true> <Delay = 0.00>
ST_1 : Operation 13 [1/1] (0.00ns)   --->   "%specinterface_ln0 = specinterface void @_ssdm_op_SpecInterface, i4 %s_axis_input_V_keep_V, void @empty, i32 0, i32 0, void @empty_0, i32 0, i32 0, void @empty_1, void @empty_1, void @empty_1, i32 0, i32 0, i32 0, i32 0, void @empty_1, void @empty_1, i32 4294967295, i32 0, i32 0"   --->   Operation 13 'specinterface' 'specinterface_ln0' <Predicate = true> <Delay = 0.00>
ST_1 : Operation 14 [1/1] (0.00ns)   --->   "%specinterface_ln0 = specinterface void @_ssdm_op_SpecInterface, i32 %s_axis_input_V_data_V, void @empty, i32 0, i32 0, void @empty_0, i32 0, i32 0, void @empty_1, void @empty_1, void @empty_1, i32 0, i32 0, i32 0, i32 0, void @empty_1, void @empty_1, i32 4294967295, i32 0, i32 0"   --->   Operation 14 'specinterface' 'specinterface_ln0' <Predicate = true> <Delay = 0.00>
ST_1 : Operation 15 [1/1] (1.58ns)   --->   "%store_ln89 = store i2 0, i2 %o" [bnn_top.cpp:89]   --->   Operation 15 'store' 'store_ln89' <Predicate = true> <Delay = 1.58>
ST_1 : Operation 16 [1/1] (0.00ns)   --->   "%br_ln89 = br void %for.body221" [bnn_top.cpp:89]   --->   Operation 16 'br' 'br_ln89' <Predicate = true> <Delay = 0.00>
ST_1 : Operation 17 [1/1] (0.00ns)   --->   "%o_2 = load i2 %o" [bnn_top.cpp:89]   --->   Operation 17 'load' 'o_2' <Predicate = true> <Delay = 0.00>
ST_1 : Operation 18 [1/1] (1.56ns)   --->   "%icmp_ln89 = icmp_eq  i2 %o_2, i2 2" [bnn_top.cpp:89]   --->   Operation 18 'icmp' 'icmp_ln89' <Predicate = true> <Delay = 1.56> <CoreInst = "Cmp">   --->   Core 9 'Cmp' <Latency = 0> <II = 1> <Delay = 1.65> <FuncUnit> <Opcode : 'seteq' 'setne' 'setle' 'setge' 'setlt' 'setgt'> <InPorts = 2> <OutPorts = 1>
ST_1 : Operation 19 [1/1] (1.56ns)   --->   "%add_ln89 = add i2 %o_2, i2 1" [bnn_top.cpp:89]   --->   Operation 19 'add' 'add_ln89' <Predicate = true> <Delay = 1.56> <CoreInst = "Adder">   --->   Core 1 'Adder' <Latency = 0> <II = 1> <Delay = 1.56> <FuncUnit> <Opcode : 'add' 'sub'> <InPorts = 2> <OutPorts = 1>
ST_1 : Operation 20 [1/1] (0.00ns)   --->   "%br_ln89 = br i1 %icmp_ln89, void %for.body221.split, void %WR_OUT.exitStub" [bnn_top.cpp:89]   --->   Operation 20 'br' 'br_ln89' <Predicate = true> <Delay = 0.00>
ST_1 : Operation 21 [1/1] (1.56ns)   --->   "%icmp_ln92 = icmp_eq  i2 %o_2, i2 1" [bnn_top.cpp:92]   --->   Operation 21 'icmp' 'icmp_ln92' <Predicate = (!icmp_ln89)> <Delay = 1.56> <CoreInst = "Cmp">   --->   Core 9 'Cmp' <Latency = 0> <II = 1> <Delay = 1.56> <FuncUnit> <Opcode : 'seteq' 'setne' 'setle' 'setge' 'setlt' 'setgt'> <InPorts = 2> <OutPorts = 1>
ST_1 : Operation 22 [1/1] (1.56ns)   --->   "%icmp_ln93 = icmp_eq  i2 %o_2, i2 0" [bnn_top.cpp:93]   --->   Operation 22 'icmp' 'icmp_ln93' <Predicate = (!icmp_ln89)> <Delay = 1.56> <CoreInst = "Cmp">   --->   Core 9 'Cmp' <Latency = 0> <II = 1> <Delay = 1.56> <FuncUnit> <Opcode : 'seteq' 'setne' 'setle' 'setge' 'setlt' 'setgt'> <InPorts = 2> <OutPorts = 1>
ST_1 : Operation 23 [1/1] (0.00ns)   --->   "%br_ln93 = br i1 %icmp_ln93, void %V42.i.i.i1042407.case.1, void %V42.i.i.i1042407.case.0" [bnn_top.cpp:93]   --->   Operation 23 'br' 'br_ln93' <Predicate = (!icmp_ln89)> <Delay = 0.00>
ST_1 : Operation 24 [1/1] (1.58ns)   --->   "%store_ln89 = store i2 %add_ln89, i2 %o" [bnn_top.cpp:89]   --->   Operation 24 'store' 'store_ln89' <Predicate = (!icmp_ln89)> <Delay = 1.58>
ST_1 : Operation 25 [1/1] (0.00ns)   --->   "%br_ln89 = br void %for.body221" [bnn_top.cpp:89]   --->   Operation 25 'br' 'br_ln89' <Predicate = (!icmp_ln89)> <Delay = 0.00>

State 2 <SV = 1> <Delay = 7.21>
ST_2 : Operation 26 [1/1] (0.51ns)   --->   "%empty = read i44 @_ssdm_op_Read.axis.volatile.i32P0A.i4P0A.i4P0A.i1P0A.i1P0A.i1P0A.i1P0A, i32 %s_axis_input_V_data_V, i4 %s_axis_input_V_keep_V, i4 %s_axis_input_V_strb_V, i1 %s_axis_input_V_user_V, i1 %s_axis_input_V_last_V, i1 %s_axis_input_V_id_V, i1 %s_axis_input_V_dest_V" [bnn_top.cpp:91]   --->   Operation 26 'read' 'empty' <Predicate = true> <Delay = 0.51> <CoreInst = "regslice">   --->   Core 135 'regslice' <Latency = 0> <II = 1> <Delay = 1.86> <Adapter> <Opcode : 'read' 'write'>
ST_2 : Operation 27 [1/1] (0.00ns)   --->   "%p_s = extractvalue i44 %empty" [bnn_top.cpp:91]   --->   Operation 27 'extractvalue' 'p_s' <Predicate = true> <Delay = 0.00>
ST_2 : Operation 28 [1/1] (0.00ns)   --->   "%act4_read = read i16 @_ssdm_op_Read.ap_auto.i16P0A, i16 %act4" [bnn_top.cpp:92]   --->   Operation 28 'read' 'act4_read' <Predicate = true> <Delay = 0.00>
ST_2 : Operation 29 [1/1] (0.00ns)   --->   "%act4_1_read = read i16 @_ssdm_op_Read.ap_auto.i16P0A, i16 %act4_1" [bnn_top.cpp:92]   --->   Operation 29 'read' 'act4_1_read' <Predicate = true> <Delay = 0.00>
ST_2 : Operation 30 [1/1] (0.80ns)   --->   "%select_ln92 = select i1 %icmp_ln92, i16 %act4_1_read, i16 %act4_read" [bnn_top.cpp:92]   --->   Operation 30 'select' 'select_ln92' <Predicate = true> <Delay = 0.80> <CoreInst = "Sel">   --->   Core 73 'Sel' <Latency = 0> <II = 1> <Delay = 0.80> <FuncUnit> <Opcode : 'select'> <InPorts = 3> <OutPorts = 1>
ST_2 : Operation 31 [1/1] (0.00ns)   --->   "%shl_ln7 = bitconcatenate i26 @_ssdm_op_BitConcatenate.i26.i16.i10, i16 %select_ln92, i10 0" [bnn_top.cpp:92]   --->   Operation 31 'bitconcatenate' 'shl_ln7' <Predicate = true> <Delay = 0.00>
ST_2 : Operation 32 [1/1] (0.00ns)   --->   "%sext_ln92 = sext i26 %shl_ln7" [bnn_top.cpp:92]   --->   Operation 32 'sext' 'sext_ln92' <Predicate = true> <Delay = 0.00>
ST_2 : Operation 33 [1/1] (0.00ns)   --->   "%trunc_ln92 = trunc i32 %p_s" [bnn_top.cpp:92]   --->   Operation 33 'trunc' 'trunc_ln92' <Predicate = true> <Delay = 0.00>
ST_2 : Operation 34 [1/1] (0.00ns)   --->   "%shl_ln92_1 = bitconcatenate i26 @_ssdm_op_BitConcatenate.i26.i16.i10, i16 %trunc_ln92, i10 0" [bnn_top.cpp:92]   --->   Operation 34 'bitconcatenate' 'shl_ln92_1' <Predicate = true> <Delay = 0.00>
ST_2 : Operation 35 [1/1] (0.00ns)   --->   "%sext_ln92_1 = sext i26 %shl_ln92_1" [bnn_top.cpp:92]   --->   Operation 35 'sext' 'sext_ln92_1' <Predicate = true> <Delay = 0.00>
ST_2 : Operation 36 [1/1] (2.37ns)   --->   "%add_ln92 = add i26 %shl_ln7, i26 %shl_ln92_1" [bnn_top.cpp:92]   --->   Operation 36 'add' 'add_ln92' <Predicate = true> <Delay = 2.37> <CoreInst = "Adder">   --->   Core 1 'Adder' <Latency = 0> <II = 1> <Delay = 2.37> <FuncUnit> <Opcode : 'add' 'sub'> <InPorts = 2> <OutPorts = 1>
ST_2 : Operation 37 [1/1] (2.37ns)   --->   "%acc = add i27 %sext_ln92, i27 %sext_ln92_1" [bnn_top.cpp:92]   --->   Operation 37 'add' 'acc' <Predicate = true> <Delay = 2.37> <CoreInst = "Adder">   --->   Core 1 'Adder' <Latency = 0> <II = 1> <Delay = 2.40> <FuncUnit> <Opcode : 'add' 'sub'> <InPorts = 2> <OutPorts = 1>
ST_2 : Operation 38 [1/1] (0.00ns)   --->   "%tmp = bitselect i1 @_ssdm_op_BitSelect.i1.i27.i32, i27 %acc, i32 26" [bnn_top.cpp:93]   --->   Operation 38 'bitselect' 'tmp' <Predicate = true> <Delay = 0.00>
ST_2 : Operation 39 [1/1] (0.00ns) (grouped into LUT with out node add_ln93)   --->   "%trunc_ln4 = partselect i16 @_ssdm_op_PartSelect.i16.i26.i32.i32, i26 %add_ln92, i32 10, i32 25" [bnn_top.cpp:93]   --->   Operation 39 'partselect' 'trunc_ln4' <Predicate = true> <Delay = 0.00>
ST_2 : Operation 40 [1/1] (0.00ns) (grouped into LUT with out node add_ln93)   --->   "%tmp_9 = bitselect i1 @_ssdm_op_BitSelect.i1.i26.i32, i26 %add_ln92, i32 9" [bnn_top.cpp:93]   --->   Operation 40 'bitselect' 'tmp_9' <Predicate = true> <Delay = 0.00>
ST_2 : Operation 41 [1/1] (0.00ns)   --->   "%tmp_10 = bitselect i1 @_ssdm_op_BitSelect.i1.i26.i32, i26 %add_ln92, i32 25" [bnn_top.cpp:93]   --->   Operation 41 'bitselect' 'tmp_10' <Predicate = true> <Delay = 0.00>
ST_2 : Operation 42 [1/1] (0.00ns) (grouped into LUT with out node add_ln93)   --->   "%and_ln93 = and i1 %tmp, i1 %tmp_9" [bnn_top.cpp:93]   --->   Operation 42 'and' 'and_ln93' <Predicate = true> <Delay = 0.00> <CoreInst = "LogicGate">   --->   Core 74 'LogicGate' <Latency = 0> <II = 1> <Delay = 0.97> <FuncUnit> <Opcode : 'and' 'or' 'xor'> <InPorts = 2> <OutPorts = 1>
ST_2 : Operation 43 [1/1] (0.00ns) (grouped into LUT with out node add_ln93)   --->   "%zext_ln93 = zext i1 %and_ln93" [bnn_top.cpp:93]   --->   Operation 43 'zext' 'zext_ln93' <Predicate = true> <Delay = 0.00>
ST_2 : Operation 44 [1/1] (2.07ns) (out node of the LUT)   --->   "%add_ln93 = add i16 %trunc_ln4, i16 %zext_ln93" [bnn_top.cpp:93]   --->   Operation 44 'add' 'add_ln93' <Predicate = true> <Delay = 2.07> <CoreInst = "Adder">   --->   Core 1 'Adder' <Latency = 0> <II = 1> <Delay = 2.07> <FuncUnit> <Opcode : 'add' 'sub'> <InPorts = 2> <OutPorts = 1>
ST_2 : Operation 45 [1/1] (0.00ns)   --->   "%tmp_11 = bitselect i1 @_ssdm_op_BitSelect.i1.i16.i32, i16 %add_ln93, i32 15" [bnn_top.cpp:93]   --->   Operation 45 'bitselect' 'tmp_11' <Predicate = true> <Delay = 0.00>
ST_2 : Operation 46 [1/1] (0.00ns) (grouped into LUT with out node or_ln93_2)   --->   "%xor_ln93 = xor i1 %tmp_11, i1 1" [bnn_top.cpp:93]   --->   Operation 46 'xor' 'xor_ln93' <Predicate = true> <Delay = 0.00> <CoreInst = "LogicGate">   --->   Core 74 'LogicGate' <Latency = 0> <II = 1> <Delay = 0.97> <FuncUnit> <Opcode : 'and' 'or' 'xor'> <InPorts = 2> <OutPorts = 1>
ST_2 : Operation 47 [1/1] (0.00ns) (grouped into LUT with out node or_ln93_2)   --->   "%and_ln93_1 = and i1 %tmp_10, i1 %xor_ln93" [bnn_top.cpp:93]   --->   Operation 47 'and' 'and_ln93_1' <Predicate = true> <Delay = 0.00> <CoreInst = "LogicGate">   --->   Core 74 'LogicGate' <Latency = 0> <II = 1> <Delay = 0.97> <FuncUnit> <Opcode : 'and' 'or' 'xor'> <InPorts = 2> <OutPorts = 1>
ST_2 : Operation 48 [1/1] (0.00ns) (grouped into LUT with out node and_ln93_2)   --->   "%xor_ln93_3 = xor i1 %tmp_10, i1 1" [bnn_top.cpp:93]   --->   Operation 48 'xor' 'xor_ln93_3' <Predicate = true> <Delay = 0.00> <CoreInst = "LogicGate">   --->   Core 74 'LogicGate' <Latency = 0> <II = 1> <Delay = 0.97> <FuncUnit> <Opcode : 'and' 'or' 'xor'> <InPorts = 2> <OutPorts = 1>
ST_2 : Operation 49 [1/1] (0.00ns) (grouped into LUT with out node and_ln93_2)   --->   "%or_ln93 = or i1 %tmp_11, i1 %xor_ln93_3" [bnn_top.cpp:93]   --->   Operation 49 'or' 'or_ln93' <Predicate = true> <Delay = 0.00> <CoreInst = "LogicGate">   --->   Core 74 'LogicGate' <Latency = 0> <II = 1> <Delay = 0.97> <FuncUnit> <Opcode : 'and' 'or' 'xor'> <InPorts = 2> <OutPorts = 1>
ST_2 : Operation 50 [1/1] (0.00ns) (grouped into LUT with out node and_ln93_2)   --->   "%xor_ln93_4 = xor i1 %tmp, i1 %or_ln93" [bnn_top.cpp:93]   --->   Operation 50 'xor' 'xor_ln93_4' <Predicate = true> <Delay = 0.00> <CoreInst = "LogicGate">   --->   Core 74 'LogicGate' <Latency = 0> <II = 1> <Delay = 0.97> <FuncUnit> <Opcode : 'and' 'or' 'xor'> <InPorts = 2> <OutPorts = 1>
ST_2 : Operation 51 [1/1] (0.00ns) (grouped into LUT with out node and_ln93_2)   --->   "%xor_ln93_1 = xor i1 %tmp, i1 1" [bnn_top.cpp:93]   --->   Operation 51 'xor' 'xor_ln93_1' <Predicate = true> <Delay = 0.00> <CoreInst = "LogicGate">   --->   Core 74 'LogicGate' <Latency = 0> <II = 1> <Delay = 0.97> <FuncUnit> <Opcode : 'and' 'or' 'xor'> <InPorts = 2> <OutPorts = 1>
ST_2 : Operation 52 [1/1] (0.00ns) (grouped into LUT with out node and_ln93_2)   --->   "%xor_ln93_2 = xor i1 %xor_ln93_4, i1 1" [bnn_top.cpp:93]   --->   Operation 52 'xor' 'xor_ln93_2' <Predicate = true> <Delay = 0.00> <CoreInst = "LogicGate">   --->   Core 74 'LogicGate' <Latency = 0> <II = 1> <Delay = 0.97> <FuncUnit> <Opcode : 'and' 'or' 'xor'> <InPorts = 2> <OutPorts = 1>
ST_2 : Operation 53 [1/1] (0.00ns) (grouped into LUT with out node and_ln93_2)   --->   "%or_ln93_1 = or i1 %tmp_11, i1 %xor_ln93_2" [bnn_top.cpp:93]   --->   Operation 53 'or' 'or_ln93_1' <Predicate = true> <Delay = 0.00> <CoreInst = "LogicGate">   --->   Core 74 'LogicGate' <Latency = 0> <II = 1> <Delay = 0.97> <FuncUnit> <Opcode : 'and' 'or' 'xor'> <InPorts = 2> <OutPorts = 1>
ST_2 : Operation 54 [1/1] (0.97ns) (out node of the LUT)   --->   "%and_ln93_2 = and i1 %or_ln93_1, i1 %xor_ln93_1" [bnn_top.cpp:93]   --->   Operation 54 'and' 'and_ln93_2' <Predicate = true> <Delay = 0.97> <CoreInst = "LogicGate">   --->   Core 74 'LogicGate' <Latency = 0> <II = 1> <Delay = 0.97> <FuncUnit> <Opcode : 'and' 'or' 'xor'> <InPorts = 2> <OutPorts = 1>
ST_2 : Operation 55 [1/1] (0.00ns) (grouped into LUT with out node or_ln93_2)   --->   "%or_ln93_3 = or i1 %and_ln93_1, i1 %tmp_11" [bnn_top.cpp:93]   --->   Operation 55 'or' 'or_ln93_3' <Predicate = true> <Delay = 0.00> <CoreInst = "LogicGate">   --->   Core 74 'LogicGate' <Latency = 0> <II = 1> <Delay = 0.97> <FuncUnit> <Opcode : 'and' 'or' 'xor'> <InPorts = 2> <OutPorts = 1>
ST_2 : Operation 56 [1/1] (0.00ns) (grouped into LUT with out node or_ln93_2)   --->   "%xor_ln93_5 = xor i1 %or_ln93_3, i1 1" [bnn_top.cpp:93]   --->   Operation 56 'xor' 'xor_ln93_5' <Predicate = true> <Delay = 0.00> <CoreInst = "LogicGate">   --->   Core 74 'LogicGate' <Latency = 0> <II = 1> <Delay = 0.97> <FuncUnit> <Opcode : 'and' 'or' 'xor'> <InPorts = 2> <OutPorts = 1>
ST_2 : Operation 57 [1/1] (0.00ns) (grouped into LUT with out node or_ln93_2)   --->   "%and_ln93_3 = and i1 %tmp, i1 %xor_ln93_5" [bnn_top.cpp:93]   --->   Operation 57 'and' 'and_ln93_3' <Predicate = true> <Delay = 0.00> <CoreInst = "LogicGate">   --->   Core 74 'LogicGate' <Latency = 0> <II = 1> <Delay = 0.97> <FuncUnit> <Opcode : 'and' 'or' 'xor'> <InPorts = 2> <OutPorts = 1>
ST_2 : Operation 58 [1/1] (0.97ns) (out node of the LUT)   --->   "%or_ln93_2 = or i1 %and_ln93_2, i1 %and_ln93_3" [bnn_top.cpp:93]   --->   Operation 58 'or' 'or_ln93_2' <Predicate = true> <Delay = 0.97> <CoreInst = "LogicGate">   --->   Core 74 'LogicGate' <Latency = 0> <II = 1> <Delay = 0.97> <FuncUnit> <Opcode : 'and' 'or' 'xor'> <InPorts = 2> <OutPorts = 1>
ST_2 : Operation 68 [1/1] (1.58ns)   --->   "%ret_ln0 = ret"   --->   Operation 68 'ret' 'ret_ln0' <Predicate = (icmp_ln89)> <Delay = 1.58>

State 3 <SV = 2> <Delay = 0.80>
ST_3 : Operation 59 [1/1] (0.00ns)   --->   "%specpipeline_ln90 = specpipeline void @_ssdm_op_SpecPipeline, i32 1, i32 0, i32 0, i32 0, void @empty_1" [bnn_top.cpp:90]   --->   Operation 59 'specpipeline' 'specpipeline_ln90' <Predicate = true> <Delay = 0.00>
ST_3 : Operation 60 [1/1] (0.00ns)   --->   "%speclooptripcount_ln89 = speclooptripcount void @_ssdm_op_SpecLoopTripCount, i64 2, i64 2, i64 2" [bnn_top.cpp:89]   --->   Operation 60 'speclooptripcount' 'speclooptripcount_ln89' <Predicate = true> <Delay = 0.00>
ST_3 : Operation 61 [1/1] (0.00ns)   --->   "%specloopname_ln89 = specloopname void @_ssdm_op_SpecLoopName, void @empty_8" [bnn_top.cpp:89]   --->   Operation 61 'specloopname' 'specloopname_ln89' <Predicate = true> <Delay = 0.00>
ST_3 : Operation 62 [1/1] (0.00ns) (grouped into LUT with out node act4_3)   --->   "%select_ln93 = select i1 %and_ln93_2, i16 32767, i16 32768" [bnn_top.cpp:93]   --->   Operation 62 'select' 'select_ln93' <Predicate = (or_ln93_2)> <Delay = 0.00> <CoreInst = "Sel">   --->   Core 73 'Sel' <Latency = 0> <II = 1> <Delay = 0.78> <FuncUnit> <Opcode : 'select'> <InPorts = 3> <OutPorts = 1>
ST_3 : Operation 63 [1/1] (0.80ns) (out node of the LUT)   --->   "%act4_3 = select i1 %or_ln93_2, i16 %select_ln93, i16 %add_ln93" [bnn_top.cpp:93]   --->   Operation 63 'select' 'act4_3' <Predicate = true> <Delay = 0.80> <CoreInst = "Sel">   --->   Core 73 'Sel' <Latency = 0> <II = 1> <Delay = 0.80> <FuncUnit> <Opcode : 'select'> <InPorts = 3> <OutPorts = 1>
ST_3 : Operation 64 [1/1] (0.00ns)   --->   "%write_ln93 = write void @_ssdm_op_Write.ap_auto.i16P0A, i16 %act4_1, i16 %act4_3" [bnn_top.cpp:93]   --->   Operation 64 'write' 'write_ln93' <Predicate = (!icmp_ln93)> <Delay = 0.00>
ST_3 : Operation 65 [1/1] (0.00ns)   --->   "%br_ln93 = br void %V42.i.i.i1042407.exit" [bnn_top.cpp:93]   --->   Operation 65 'br' 'br_ln93' <Predicate = (!icmp_ln93)> <Delay = 0.00>
ST_3 : Operation 66 [1/1] (0.00ns)   --->   "%write_ln93 = write void @_ssdm_op_Write.ap_auto.i16P0A, i16 %act4, i16 %act4_3" [bnn_top.cpp:93]   --->   Operation 66 'write' 'write_ln93' <Predicate = (icmp_ln93)> <Delay = 0.00>
ST_3 : Operation 67 [1/1] (0.00ns)   --->   "%br_ln93 = br void %V42.i.i.i1042407.exit" [bnn_top.cpp:93]   --->   Operation 67 'br' 'br_ln93' <Predicate = (icmp_ln93)> <Delay = 0.00>


============================================================
+ Verbose Summary: Binding
============================================================
STG Binding: 
---------------- STG Properties BEGIN ----------------
- Is combinational: 0
- Is one-state seq: 0
- Is datapath-only: 0
- Is pipelined: 0
- Is top level: 0
Port [ Return ] is wired: 1; IO mode=ap_ctrl_hs:ce=0
Port [ act4]:  wired=1; compound=0; hidden=0; nouse=0; global=0; static=0; extern=0; dir=2; type=0; pingpong=0; private_global=0; IO mode=ap_ovld:ce=0
Port [ act4_1]:  wired=1; compound=0; hidden=0; nouse=0; global=0; static=0; extern=0; dir=2; type=0; pingpong=0; private_global=0; IO mode=ap_ovld:ce=0
Port [ s_axis_input_V_data_V]:  wired=1; compound=1; hidden=0; nouse=0; global=0; static=0; extern=0; dir=0; type=0; pingpong=0; private_global=0; IO mode=axis:ce=0
Port [ s_axis_input_V_keep_V]:  wired=1; compound=1; hidden=0; nouse=0; global=0; static=0; extern=0; dir=0; type=0; pingpong=0; private_global=0; IO mode=axis:ce=0
Port [ s_axis_input_V_strb_V]:  wired=1; compound=1; hidden=0; nouse=0; global=0; static=0; extern=0; dir=0; type=0; pingpong=0; private_global=0; IO mode=axis:ce=0
Port [ s_axis_input_V_user_V]:  wired=1; compound=1; hidden=0; nouse=0; global=0; static=0; extern=0; dir=0; type=0; pingpong=0; private_global=0; IO mode=axis:ce=0
Port [ s_axis_input_V_last_V]:  wired=1; compound=1; hidden=0; nouse=0; global=0; static=0; extern=0; dir=0; type=0; pingpong=0; private_global=0; IO mode=axis:ce=0
Port [ s_axis_input_V_id_V]:  wired=1; compound=1; hidden=0; nouse=0; global=0; static=0; extern=0; dir=0; type=0; pingpong=0; private_global=0; IO mode=axis:ce=0
Port [ s_axis_input_V_dest_V]:  wired=1; compound=1; hidden=0; nouse=0; global=0; static=0; extern=0; dir=0; type=0; pingpong=0; private_global=0; IO mode=axis:ce=0
---------------- STG Properties END ------------------

---------------- Datapath Model BEGIN ----------------

<LifeTime>
<method=bitvector/>
o                       (alloca             ) [ 0100]
specaxissidechannel_ln0 (specaxissidechannel) [ 0000]
specinterface_ln0       (specinterface      ) [ 0000]
specinterface_ln0       (specinterface      ) [ 0000]
specinterface_ln0       (specinterface      ) [ 0000]
specinterface_ln0       (specinterface      ) [ 0000]
specinterface_ln0       (specinterface      ) [ 0000]
specinterface_ln0       (specinterface      ) [ 0000]
specinterface_ln0       (specinterface      ) [ 0000]
store_ln89              (store              ) [ 0000]
br_ln89                 (br                 ) [ 0000]
o_2                     (load               ) [ 0000]
icmp_ln89               (icmp               ) [ 0110]
add_ln89                (add                ) [ 0000]
br_ln89                 (br                 ) [ 0000]
icmp_ln92               (icmp               ) [ 0110]
icmp_ln93               (icmp               ) [ 0111]
br_ln93                 (br                 ) [ 0000]
store_ln89              (store              ) [ 0000]
br_ln89                 (br                 ) [ 0000]
empty                   (read               ) [ 0000]
p_s                     (extractvalue       ) [ 0000]
act4_read               (read               ) [ 0000]
act4_1_read             (read               ) [ 0000]
select_ln92             (select             ) [ 0000]
shl_ln7                 (bitconcatenate     ) [ 0000]
sext_ln92               (sext               ) [ 0000]
trunc_ln92              (trunc              ) [ 0000]
shl_ln92_1              (bitconcatenate     ) [ 0000]
sext_ln92_1             (sext               ) [ 0000]
add_ln92                (add                ) [ 0000]
acc                     (add                ) [ 0000]
tmp                     (bitselect          ) [ 0000]
trunc_ln4               (partselect         ) [ 0000]
tmp_9                   (bitselect          ) [ 0000]
tmp_10                  (bitselect          ) [ 0000]
and_ln93                (and                ) [ 0000]
zext_ln93               (zext               ) [ 0000]
add_ln93                (add                ) [ 0101]
tmp_11                  (bitselect          ) [ 0000]
xor_ln93                (xor                ) [ 0000]
and_ln93_1              (and                ) [ 0000]
xor_ln93_3              (xor                ) [ 0000]
or_ln93                 (or                 ) [ 0000]
xor_ln93_4              (xor                ) [ 0000]
xor_ln93_1              (xor                ) [ 0000]
xor_ln93_2              (xor                ) [ 0000]
or_ln93_1               (or                 ) [ 0000]
and_ln93_2              (and                ) [ 0101]
or_ln93_3               (or                 ) [ 0000]
xor_ln93_5              (xor                ) [ 0000]
and_ln93_3              (and                ) [ 0000]
or_ln93_2               (or                 ) [ 0101]
specpipeline_ln90       (specpipeline       ) [ 0000]
speclooptripcount_ln89  (speclooptripcount  ) [ 0000]
specloopname_ln89       (specloopname       ) [ 0000]
select_ln93             (select             ) [ 0000]
act4_3                  (select             ) [ 0000]
write_ln93              (write              ) [ 0000]
br_ln93                 (br                 ) [ 0000]
write_ln93              (write              ) [ 0000]
br_ln93                 (br                 ) [ 0000]
ret_ln0                 (ret                ) [ 0000]
</LifeTime>

<model>

<comp_list>
<comp id="0" class="1000" name="act4">
<pin_list>
<pin id="1" dir="1" index="0" bw="1" slack="0"/>
</pin_list>
<bind>
<StgValue><ssdm name="act4"/></StgValue>
</bind>
</comp>

<comp id="2" class="1000" name="act4_1">
<pin_list>
<pin id="3" dir="1" index="0" bw="1" slack="0"/>
</pin_list>
<bind>
<StgValue><ssdm name="act4_1"/></StgValue>
</bind>
</comp>

<comp id="4" class="1000" name="s_axis_input_V_data_V">
<pin_list>
<pin id="5" dir="1" index="0" bw="1" slack="0"/>
</pin_list>
<bind>
<StgValue><ssdm name="s_axis_input_V_data_V"/></StgValue>
</bind>
</comp>

<comp id="6" class="1000" name="s_axis_input_V_keep_V">
<pin_list>
<pin id="7" dir="1" index="0" bw="1" slack="0"/>
</pin_list>
<bind>
<StgValue><ssdm name="s_axis_input_V_keep_V"/></StgValue>
</bind>
</comp>

<comp id="8" class="1000" name="s_axis_input_V_strb_V">
<pin_list>
<pin id="9" dir="1" index="0" bw="1" slack="0"/>
</pin_list>
<bind>
<StgValue><ssdm name="s_axis_input_V_strb_V"/></StgValue>
</bind>
</comp>

<comp id="10" class="1000" name="s_axis_input_V_user_V">
<pin_list>
<pin id="11" dir="1" index="0" bw="1" slack="0"/>
</pin_list>
<bind>
<StgValue><ssdm name="s_axis_input_V_user_V"/></StgValue>
</bind>
</comp>

<comp id="12" class="1000" name="s_axis_input_V_last_V">
<pin_list>
<pin id="13" dir="1" index="0" bw="1" slack="0"/>
</pin_list>
<bind>
<StgValue><ssdm name="s_axis_input_V_last_V"/></StgValue>
</bind>
</comp>

<comp id="14" class="1000" name="s_axis_input_V_id_V">
<pin_list>
<pin id="15" dir="1" index="0" bw="1" slack="0"/>
</pin_list>
<bind>
<StgValue><ssdm name="s_axis_input_V_id_V"/></StgValue>
</bind>
</comp>

<comp id="16" class="1000" name="s_axis_input_V_dest_V">
<pin_list>
<pin id="17" dir="1" index="0" bw="1" slack="0"/>
</pin_list>
<bind>
<StgValue><ssdm name="s_axis_input_V_dest_V"/></StgValue>
</bind>
</comp>

<comp id="18" class="1001" name="const_18">
<pin_list>
<pin id="19" dir="1" index="0" bw="1" slack="0"/>
</pin_list>
<bind>
<StgValue><ssdm name=""/></StgValue>
</bind>
</comp>

<comp id="20" class="1001" name="const_20">
<pin_list>
<pin id="21" dir="1" index="0" bw="1" slack="2147483647"/>
</pin_list>
<bind>
<StgValue><ssdm name="_ssdm_op_SpecAXISSideChannel"/></StgValue>
</bind>
</comp>

<comp id="22" class="1001" name="const_22">
<pin_list>
<pin id="23" dir="1" index="0" bw="1" slack="2147483647"/>
</pin_list>
<bind>
<StgValue><ssdm name="empty_5"/></StgValue>
</bind>
</comp>

<comp id="24" class="1001" name="const_24">
<pin_list>
<pin id="25" dir="1" index="0" bw="1" slack="2147483647"/>
</pin_list>
<bind>
<StgValue><ssdm name="_ssdm_op_SpecInterface"/></StgValue>
</bind>
</comp>

<comp id="26" class="1001" name="const_26">
<pin_list>
<pin id="27" dir="1" index="0" bw="1" slack="2147483647"/>
</pin_list>
<bind>
<StgValue><ssdm name="empty"/></StgValue>
</bind>
</comp>

<comp id="28" class="1001" name="const_28">
<pin_list>
<pin id="29" dir="1" index="0" bw="1" slack="2147483647"/>
</pin_list>
<bind>
<StgValue><ssdm name=""/></StgValue>
</bind>
</comp>

<comp id="30" class="1001" name="const_30">
<pin_list>
<pin id="31" dir="1" index="0" bw="1" slack="2147483647"/>
</pin_list>
<bind>
<StgValue><ssdm name="empty_0"/></StgValue>
</bind>
</comp>

<comp id="32" class="1001" name="const_32">
<pin_list>
<pin id="33" dir="1" index="0" bw="1" slack="2147483647"/>
</pin_list>
<bind>
<StgValue><ssdm name="empty_1"/></StgValue>
</bind>
</comp>

<comp id="34" class="1001" name="const_34">
<pin_list>
<pin id="35" dir="1" index="0" bw="1" slack="2147483647"/>
</pin_list>
<bind>
<StgValue><ssdm name=""/></StgValue>
</bind>
</comp>

<comp id="36" class="1001" name="const_36">
<pin_list>
<pin id="37" dir="1" index="0" bw="1" slack="0"/>
</pin_list>
<bind>
<StgValue><ssdm name=""/></StgValue>
</bind>
</comp>

<comp id="38" class="1001" name="const_38">
<pin_list>
<pin id="39" dir="1" index="0" bw="1" slack="0"/>
</pin_list>
<bind>
<StgValue><ssdm name=""/></StgValue>
</bind>
</comp>

<comp id="40" class="1001" name="const_40">
<pin_list>
<pin id="41" dir="1" index="0" bw="1" slack="0"/>
</pin_list>
<bind>
<StgValue><ssdm name=""/></StgValue>
</bind>
</comp>

<comp id="42" class="1001" name="const_42">
<pin_list>
<pin id="43" dir="1" index="0" bw="1" slack="0"/>
</pin_list>
<bind>
<StgValue><ssdm name="_ssdm_op_Read.axis.volatile.i32P0A.i4P0A.i4P0A.i1P0A.i1P0A.i1P0A.i1P0A"/></StgValue>
</bind>
</comp>

<comp id="44" class="1001" name="const_44">
<pin_list>
<pin id="45" dir="1" index="0" bw="1" slack="0"/>
</pin_list>
<bind>
<StgValue><ssdm name="_ssdm_op_Read.ap_auto.i16P0A"/></StgValue>
</bind>
</comp>

<comp id="46" class="1001" name="const_46">
<pin_list>
<pin id="47" dir="1" index="0" bw="1" slack="0"/>
</pin_list>
<bind>
<StgValue><ssdm name="_ssdm_op_BitConcatenate.i26.i16.i10"/></StgValue>
</bind>
</comp>

<comp id="48" class="1001" name="const_48">
<pin_list>
<pin id="49" dir="1" index="0" bw="1" slack="0"/>
</pin_list>
<bind>
<StgValue><ssdm name=""/></StgValue>
</bind>
</comp>

<comp id="50" class="1001" name="const_50">
<pin_list>
<pin id="51" dir="1" index="0" bw="1" slack="0"/>
</pin_list>
<bind>
<StgValue><ssdm name="_ssdm_op_BitSelect.i1.i27.i32"/></StgValue>
</bind>
</comp>

<comp id="52" class="1001" name="const_52">
<pin_list>
<pin id="53" dir="1" index="0" bw="1" slack="0"/>
</pin_list>
<bind>
<StgValue><ssdm name=""/></StgValue>
</bind>
</comp>

<comp id="54" class="1001" name="const_54">
<pin_list>
<pin id="55" dir="1" index="0" bw="1" slack="0"/>
</pin_list>
<bind>
<StgValue><ssdm name="_ssdm_op_PartSelect.i16.i26.i32.i32"/></StgValue>
</bind>
</comp>

<comp id="56" class="1001" name="const_56">
<pin_list>
<pin id="57" dir="1" index="0" bw="1" slack="0"/>
</pin_list>
<bind>
<StgValue><ssdm name=""/></StgValue>
</bind>
</comp>

<comp id="58" class="1001" name="const_58">
<pin_list>
<pin id="59" dir="1" index="0" bw="1" slack="0"/>
</pin_list>
<bind>
<StgValue><ssdm name=""/></StgValue>
</bind>
</comp>

<comp id="60" class="1001" name="const_60">
<pin_list>
<pin id="61" dir="1" index="0" bw="1" slack="0"/>
</pin_list>
<bind>
<StgValue><ssdm name="_ssdm_op_BitSelect.i1.i26.i32"/></StgValue>
</bind>
</comp>

<comp id="62" class="1001" name="const_62">
<pin_list>
<pin id="63" dir="1" index="0" bw="1" slack="0"/>
</pin_list>
<bind>
<StgValue><ssdm name=""/></StgValue>
</bind>
</comp>

<comp id="64" class="1001" name="const_64">
<pin_list>
<pin id="65" dir="1" index="0" bw="1" slack="0"/>
</pin_list>
<bind>
<StgValue><ssdm name="_ssdm_op_BitSelect.i1.i16.i32"/></StgValue>
</bind>
</comp>

<comp id="66" class="1001" name="const_66">
<pin_list>
<pin id="67" dir="1" index="0" bw="1" slack="0"/>
</pin_list>
<bind>
<StgValue><ssdm name=""/></StgValue>
</bind>
</comp>

<comp id="68" class="1001" name="const_68">
<pin_list>
<pin id="69" dir="1" index="0" bw="1" slack="0"/>
</pin_list>
<bind>
<StgValue><ssdm name=""/></StgValue>
</bind>
</comp>

<comp id="70" class="1001" name="const_70">
<pin_list>
<pin id="71" dir="1" index="0" bw="1" slack="2147483647"/>
</pin_list>
<bind>
<StgValue><ssdm name="_ssdm_op_SpecPipeline"/></StgValue>
</bind>
</comp>

<comp id="72" class="1001" name="const_72">
<pin_list>
<pin id="73" dir="1" index="0" bw="1" slack="2147483647"/>
</pin_list>
<bind>
<StgValue><ssdm name="_ssdm_op_SpecLoopTripCount"/></StgValue>
</bind>
</comp>

<comp id="74" class="1001" name="const_74">
<pin_list>
<pin id="75" dir="1" index="0" bw="1" slack="2147483647"/>
</pin_list>
<bind>
<StgValue><ssdm name=""/></StgValue>
</bind>
</comp>

<comp id="76" class="1001" name="const_76">
<pin_list>
<pin id="77" dir="1" index="0" bw="1" slack="2147483647"/>
</pin_list>
<bind>
<StgValue><ssdm name="_ssdm_op_SpecLoopName"/></StgValue>
</bind>
</comp>

<comp id="78" class="1001" name="const_78">
<pin_list>
<pin id="79" dir="1" index="0" bw="1" slack="2147483647"/>
</pin_list>
<bind>
<StgValue><ssdm name="empty_8"/></StgValue>
</bind>
</comp>

<comp id="80" class="1001" name="const_80">
<pin_list>
<pin id="81" dir="1" index="0" bw="1" slack="0"/>
</pin_list>
<bind>
<StgValue><ssdm name=""/></StgValue>
</bind>
</comp>

<comp id="82" class="1001" name="const_82">
<pin_list>
<pin id="83" dir="1" index="0" bw="1" slack="0"/>
</pin_list>
<bind>
<StgValue><ssdm name=""/></StgValue>
</bind>
</comp>

<comp id="84" class="1001" name="const_84">
<pin_list>
<pin id="85" dir="1" index="0" bw="1" slack="0"/>
</pin_list>
<bind>
<StgValue><ssdm name="_ssdm_op_Write.ap_auto.i16P0A"/></StgValue>
</bind>
</comp>

<comp id="86" class="1004" name="o_fu_86">
<pin_list>
<pin id="87" dir="0" index="0" bw="1" slack="0"/>
<pin id="88" dir="1" index="1" bw="2" slack="0"/>
</pin_list>
<bind>
<opcode="alloca(26) " fcode="alloca"/>
<opset="o/1 "/>
</bind>
</comp>

<comp id="90" class="1004" name="empty_read_fu_90">
<pin_list>
<pin id="91" dir="0" index="0" bw="44" slack="0"/>
<pin id="92" dir="0" index="1" bw="32" slack="0"/>
<pin id="93" dir="0" index="2" bw="4" slack="0"/>
<pin id="94" dir="0" index="3" bw="4" slack="0"/>
<pin id="95" dir="0" index="4" bw="1" slack="0"/>
<pin id="96" dir="0" index="5" bw="1" slack="0"/>
<pin id="97" dir="0" index="6" bw="1" slack="0"/>
<pin id="98" dir="0" index="7" bw="1" slack="0"/>
<pin id="99" dir="1" index="8" bw="44" slack="0"/>
</pin_list>
<bind>
<opcode="read(1150) " fcode="read"/>
<opset="empty/2 "/>
</bind>
</comp>

<comp id="108" class="1004" name="act4_read_read_fu_108">
<pin_list>
<pin id="109" dir="0" index="0" bw="16" slack="0"/>
<pin id="110" dir="0" index="1" bw="16" slack="0"/>
<pin id="111" dir="1" index="2" bw="16" slack="0"/>
</pin_list>
<bind>
<opcode="read(1150) " fcode="read"/>
<opset="act4_read/2 "/>
</bind>
</comp>

<comp id="114" class="1004" name="act4_1_read_read_fu_114">
<pin_list>
<pin id="115" dir="0" index="0" bw="16" slack="0"/>
<pin id="116" dir="0" index="1" bw="16" slack="0"/>
<pin id="117" dir="1" index="2" bw="16" slack="0"/>
</pin_list>
<bind>
<opcode="read(1150) " fcode="read"/>
<opset="act4_1_read/2 "/>
</bind>
</comp>

<comp id="120" class="1004" name="write_ln93_write_fu_120">
<pin_list>
<pin id="121" dir="0" index="0" bw="0" slack="0"/>
<pin id="122" dir="0" index="1" bw="16" slack="0"/>
<pin id="123" dir="0" index="2" bw="16" slack="0"/>
<pin id="124" dir="1" index="3" bw="0" slack="2147483647"/>
</pin_list>
<bind>
<opcode="write(1151) " fcode="write"/>
<opset="write_ln93/3 "/>
</bind>
</comp>

<comp id="127" class="1004" name="write_ln93_write_fu_127">
<pin_list>
<pin id="128" dir="0" index="0" bw="0" slack="0"/>
<pin id="129" dir="0" index="1" bw="16" slack="0"/>
<pin id="130" dir="0" index="2" bw="16" slack="0"/>
<pin id="131" dir="1" index="3" bw="0" slack="2147483647"/>
</pin_list>
<bind>
<opcode="write(1151) " fcode="write"/>
<opset="write_ln93/3 "/>
</bind>
</comp>

<comp id="134" class="1004" name="store_ln89_store_fu_134">
<pin_list>
<pin id="135" dir="0" index="0" bw="1" slack="0"/>
<pin id="136" dir="0" index="1" bw="2" slack="0"/>
<pin id="137" dir="1" index="2" bw="0" slack="2147483647"/>
</pin_list>
<bind>
<opcode="store(28) " fcode="store"/>
<opset="store_ln89/1 "/>
</bind>
</comp>

<comp id="139" class="1004" name="o_2_load_fu_139">
<pin_list>
<pin id="140" dir="0" index="0" bw="2" slack="0"/>
<pin id="141" dir="1" index="1" bw="2" slack="0"/>
</pin_list>
<bind>
<opcode="load(27) " fcode="load"/>
<opset="o_2/1 "/>
</bind>
</comp>

<comp id="142" class="1004" name="icmp_ln89_fu_142">
<pin_list>
<pin id="143" dir="0" index="0" bw="2" slack="0"/>
<pin id="144" dir="0" index="1" bw="2" slack="0"/>
<pin id="145" dir="1" index="2" bw="1" slack="1"/>
</pin_list>
<bind>
<opcode="icmp(45) " fcode="icmp"/>
<opset="icmp_ln89/1 "/>
</bind>
</comp>

<comp id="148" class="1004" name="add_ln89_fu_148">
<pin_list>
<pin id="149" dir="0" index="0" bw="2" slack="0"/>
<pin id="150" dir="0" index="1" bw="1" slack="0"/>
<pin id="151" dir="1" index="2" bw="2" slack="0"/>
</pin_list>
<bind>
<opcode="add(8) " fcode="add"/>
<opset="add_ln89/1 "/>
</bind>
</comp>

<comp id="154" class="1004" name="icmp_ln92_fu_154">
<pin_list>
<pin id="155" dir="0" index="0" bw="2" slack="0"/>
<pin id="156" dir="0" index="1" bw="2" slack="0"/>
<pin id="157" dir="1" index="2" bw="1" slack="1"/>
</pin_list>
<bind>
<opcode="icmp(45) " fcode="icmp"/>
<opset="icmp_ln92/1 "/>
</bind>
</comp>

<comp id="160" class="1004" name="icmp_ln93_fu_160">
<pin_list>
<pin id="161" dir="0" index="0" bw="2" slack="0"/>
<pin id="162" dir="0" index="1" bw="2" slack="0"/>
<pin id="163" dir="1" index="2" bw="1" slack="2"/>
</pin_list>
<bind>
<opcode="icmp(45) " fcode="icmp"/>
<opset="icmp_ln93/1 "/>
</bind>
</comp>

<comp id="166" class="1004" name="store_ln89_store_fu_166">
<pin_list>
<pin id="167" dir="0" index="0" bw="2" slack="0"/>
<pin id="168" dir="0" index="1" bw="2" slack="0"/>
<pin id="169" dir="1" index="2" bw="0" slack="2147483647"/>
</pin_list>
<bind>
<opcode="store(28) " fcode="store"/>
<opset="store_ln89/1 "/>
</bind>
</comp>

<comp id="171" class="1004" name="p_s_fu_171">
<pin_list>
<pin id="172" dir="0" index="0" bw="44" slack="0"/>
<pin id="173" dir="1" index="1" bw="32" slack="0"/>
</pin_list>
<bind>
<opcode="extractvalue(56) " fcode="extractvalue"/>
<opset="p_s/2 "/>
</bind>
</comp>

<comp id="175" class="1004" name="select_ln92_fu_175">
<pin_list>
<pin id="176" dir="0" index="0" bw="1" slack="1"/>
<pin id="177" dir="0" index="1" bw="16" slack="0"/>
<pin id="178" dir="0" index="2" bw="16" slack="0"/>
<pin id="179" dir="1" index="3" bw="16" slack="0"/>
</pin_list>
<bind>
<opcode="select(49) " fcode="select"/>
<opset="select_ln92/2 "/>
</bind>
</comp>

<comp id="182" class="1004" name="shl_ln7_fu_182">
<pin_list>
<pin id="183" dir="0" index="0" bw="26" slack="0"/>
<pin id="184" dir="0" index="1" bw="16" slack="0"/>
<pin id="185" dir="0" index="2" bw="1" slack="0"/>
<pin id="186" dir="1" index="3" bw="26" slack="0"/>
</pin_list>
<bind>
<opcode="bitconcatenate(1004) " fcode="bitconcatenate"/>
<opset="shl_ln7/2 "/>
</bind>
</comp>

<comp id="190" class="1004" name="sext_ln92_fu_190">
<pin_list>
<pin id="191" dir="0" index="0" bw="26" slack="0"/>
<pin id="192" dir="1" index="1" bw="27" slack="0"/>
</pin_list>
<bind>
<opcode="sext(35) " fcode="sext"/>
<opset="sext_ln92/2 "/>
</bind>
</comp>

<comp id="194" class="1004" name="trunc_ln92_fu_194">
<pin_list>
<pin id="195" dir="0" index="0" bw="32" slack="0"/>
<pin id="196" dir="1" index="1" bw="16" slack="0"/>
</pin_list>
<bind>
<opcode="trunc(33) " fcode="trunc"/>
<opset="trunc_ln92/2 "/>
</bind>
</comp>

<comp id="198" class="1004" name="shl_ln92_1_fu_198">
<pin_list>
<pin id="199" dir="0" index="0" bw="26" slack="0"/>
<pin id="200" dir="0" index="1" bw="16" slack="0"/>
<pin id="201" dir="0" index="2" bw="1" slack="0"/>
<pin id="202" dir="1" index="3" bw="26" slack="0"/>
</pin_list>
<bind>
<opcode="bitconcatenate(1004) " fcode="bitconcatenate"/>
<opset="shl_ln92_1/2 "/>
</bind>
</comp>

<comp id="206" class="1004" name="sext_ln92_1_fu_206">
<pin_list>
<pin id="207" dir="0" index="0" bw="26" slack="0"/>
<pin id="208" dir="1" index="1" bw="27" slack="0"/>
</pin_list>
<bind>
<opcode="sext(35) " fcode="sext"/>
<opset="sext_ln92_1/2 "/>
</bind>
</comp>

<comp id="210" class="1004" name="add_ln92_fu_210">
<pin_list>
<pin id="211" dir="0" index="0" bw="26" slack="0"/>
<pin id="212" dir="0" index="1" bw="26" slack="0"/>
<pin id="213" dir="1" index="2" bw="26" slack="0"/>
</pin_list>
<bind>
<opcode="add(8) " fcode="add"/>
<opset="add_ln92/2 "/>
</bind>
</comp>

<comp id="216" class="1004" name="acc_fu_216">
<pin_list>
<pin id="217" dir="0" index="0" bw="26" slack="0"/>
<pin id="218" dir="0" index="1" bw="26" slack="0"/>
<pin id="219" dir="1" index="2" bw="27" slack="0"/>
</pin_list>
<bind>
<opcode="add(8) " fcode="add"/>
<opset="acc/2 "/>
</bind>
</comp>

<comp id="222" class="1004" name="tmp_fu_222">
<pin_list>
<pin id="223" dir="0" index="0" bw="1" slack="0"/>
<pin id="224" dir="0" index="1" bw="27" slack="0"/>
<pin id="225" dir="0" index="2" bw="6" slack="0"/>
<pin id="226" dir="1" index="3" bw="1" slack="0"/>
</pin_list>
<bind>
<opcode="bitselect(1000) " fcode="bitselect"/>
<opset="tmp/2 "/>
</bind>
</comp>

<comp id="230" class="1004" name="trunc_ln4_fu_230">
<pin_list>
<pin id="231" dir="0" index="0" bw="16" slack="0"/>
<pin id="232" dir="0" index="1" bw="26" slack="0"/>
<pin id="233" dir="0" index="2" bw="5" slack="0"/>
<pin id="234" dir="0" index="3" bw="6" slack="0"/>
<pin id="235" dir="1" index="4" bw="16" slack="0"/>
</pin_list>
<bind>
<opcode="partselect(1002) " fcode="partselect"/>
<opset="trunc_ln4/2 "/>
</bind>
</comp>

<comp id="240" class="1004" name="tmp_9_fu_240">
<pin_list>
<pin id="241" dir="0" index="0" bw="1" slack="0"/>
<pin id="242" dir="0" index="1" bw="26" slack="0"/>
<pin id="243" dir="0" index="2" bw="5" slack="0"/>
<pin id="244" dir="1" index="3" bw="1" slack="0"/>
</pin_list>
<bind>
<opcode="bitselect(1000) " fcode="bitselect"/>
<opset="tmp_9/2 "/>
</bind>
</comp>

<comp id="248" class="1004" name="tmp_10_fu_248">
<pin_list>
<pin id="249" dir="0" index="0" bw="1" slack="0"/>
<pin id="250" dir="0" index="1" bw="26" slack="0"/>
<pin id="251" dir="0" index="2" bw="6" slack="0"/>
<pin id="252" dir="1" index="3" bw="1" slack="0"/>
</pin_list>
<bind>
<opcode="bitselect(1000) " fcode="bitselect"/>
<opset="tmp_10/2 "/>
</bind>
</comp>

<comp id="256" class="1004" name="and_ln93_fu_256">
<pin_list>
<pin id="257" dir="0" index="0" bw="1" slack="0"/>
<pin id="258" dir="0" index="1" bw="1" slack="0"/>
<pin id="259" dir="1" index="2" bw="1" slack="0"/>
</pin_list>
<bind>
<opcode="and(23) " fcode="and"/>
<opset="and_ln93/2 "/>
</bind>
</comp>

<comp id="262" class="1004" name="zext_ln93_fu_262">
<pin_list>
<pin id="263" dir="0" index="0" bw="1" slack="0"/>
<pin id="264" dir="1" index="1" bw="16" slack="0"/>
</pin_list>
<bind>
<opcode="zext(34) " fcode="zext"/>
<opset="zext_ln93/2 "/>
</bind>
</comp>

<comp id="266" class="1004" name="add_ln93_fu_266">
<pin_list>
<pin id="267" dir="0" index="0" bw="16" slack="0"/>
<pin id="268" dir="0" index="1" bw="1" slack="0"/>
<pin id="269" dir="1" index="2" bw="16" slack="0"/>
</pin_list>
<bind>
<opcode="add(8) " fcode="add"/>
<opset="add_ln93/2 "/>
</bind>
</comp>

<comp id="272" class="1004" name="tmp_11_fu_272">
<pin_list>
<pin id="273" dir="0" index="0" bw="1" slack="0"/>
<pin id="274" dir="0" index="1" bw="16" slack="0"/>
<pin id="275" dir="0" index="2" bw="5" slack="0"/>
<pin id="276" dir="1" index="3" bw="1" slack="0"/>
</pin_list>
<bind>
<opcode="bitselect(1000) " fcode="bitselect"/>
<opset="tmp_11/2 "/>
</bind>
</comp>

<comp id="280" class="1004" name="xor_ln93_fu_280">
<pin_list>
<pin id="281" dir="0" index="0" bw="1" slack="0"/>
<pin id="282" dir="0" index="1" bw="1" slack="0"/>
<pin id="283" dir="1" index="2" bw="1" slack="0"/>
</pin_list>
<bind>
<opcode="xor(25) " fcode="xor"/>
<opset="xor_ln93/2 "/>
</bind>
</comp>

<comp id="286" class="1004" name="and_ln93_1_fu_286">
<pin_list>
<pin id="287" dir="0" index="0" bw="1" slack="0"/>
<pin id="288" dir="0" index="1" bw="1" slack="0"/>
<pin id="289" dir="1" index="2" bw="1" slack="0"/>
</pin_list>
<bind>
<opcode="and(23) " fcode="and"/>
<opset="and_ln93_1/2 "/>
</bind>
</comp>

<comp id="292" class="1004" name="xor_ln93_3_fu_292">
<pin_list>
<pin id="293" dir="0" index="0" bw="1" slack="0"/>
<pin id="294" dir="0" index="1" bw="1" slack="0"/>
<pin id="295" dir="1" index="2" bw="1" slack="0"/>
</pin_list>
<bind>
<opcode="xor(25) " fcode="xor"/>
<opset="xor_ln93_3/2 "/>
</bind>
</comp>

<comp id="298" class="1004" name="or_ln93_fu_298">
<pin_list>
<pin id="299" dir="0" index="0" bw="1" slack="0"/>
<pin id="300" dir="0" index="1" bw="1" slack="0"/>
<pin id="301" dir="1" index="2" bw="1" slack="0"/>
</pin_list>
<bind>
<opcode="or(24) " fcode="or"/>
<opset="or_ln93/2 "/>
</bind>
</comp>

<comp id="304" class="1004" name="xor_ln93_4_fu_304">
<pin_list>
<pin id="305" dir="0" index="0" bw="1" slack="0"/>
<pin id="306" dir="0" index="1" bw="1" slack="0"/>
<pin id="307" dir="1" index="2" bw="1" slack="0"/>
</pin_list>
<bind>
<opcode="xor(25) " fcode="xor"/>
<opset="xor_ln93_4/2 "/>
</bind>
</comp>

<comp id="310" class="1004" name="xor_ln93_1_fu_310">
<pin_list>
<pin id="311" dir="0" index="0" bw="1" slack="0"/>
<pin id="312" dir="0" index="1" bw="1" slack="0"/>
<pin id="313" dir="1" index="2" bw="1" slack="0"/>
</pin_list>
<bind>
<opcode="xor(25) " fcode="xor"/>
<opset="xor_ln93_1/2 "/>
</bind>
</comp>

<comp id="316" class="1004" name="xor_ln93_2_fu_316">
<pin_list>
<pin id="317" dir="0" index="0" bw="1" slack="0"/>
<pin id="318" dir="0" index="1" bw="1" slack="0"/>
<pin id="319" dir="1" index="2" bw="1" slack="0"/>
</pin_list>
<bind>
<opcode="xor(25) " fcode="xor"/>
<opset="xor_ln93_2/2 "/>
</bind>
</comp>

<comp id="322" class="1004" name="or_ln93_1_fu_322">
<pin_list>
<pin id="323" dir="0" index="0" bw="1" slack="0"/>
<pin id="324" dir="0" index="1" bw="1" slack="0"/>
<pin id="325" dir="1" index="2" bw="1" slack="0"/>
</pin_list>
<bind>
<opcode="or(24) " fcode="or"/>
<opset="or_ln93_1/2 "/>
</bind>
</comp>

<comp id="328" class="1004" name="and_ln93_2_fu_328">
<pin_list>
<pin id="329" dir="0" index="0" bw="1" slack="0"/>
<pin id="330" dir="0" index="1" bw="1" slack="0"/>
<pin id="331" dir="1" index="2" bw="1" slack="0"/>
</pin_list>
<bind>
<opcode="and(23) " fcode="and"/>
<opset="and_ln93_2/2 "/>
</bind>
</comp>

<comp id="334" class="1004" name="or_ln93_3_fu_334">
<pin_list>
<pin id="335" dir="0" index="0" bw="1" slack="0"/>
<pin id="336" dir="0" index="1" bw="1" slack="0"/>
<pin id="337" dir="1" index="2" bw="1" slack="0"/>
</pin_list>
<bind>
<opcode="or(24) " fcode="or"/>
<opset="or_ln93_3/2 "/>
</bind>
</comp>

<comp id="340" class="1004" name="xor_ln93_5_fu_340">
<pin_list>
<pin id="341" dir="0" index="0" bw="1" slack="0"/>
<pin id="342" dir="0" index="1" bw="1" slack="0"/>
<pin id="343" dir="1" index="2" bw="1" slack="0"/>
</pin_list>
<bind>
<opcode="xor(25) " fcode="xor"/>
<opset="xor_ln93_5/2 "/>
</bind>
</comp>

<comp id="346" class="1004" name="and_ln93_3_fu_346">
<pin_list>
<pin id="347" dir="0" index="0" bw="1" slack="0"/>
<pin id="348" dir="0" index="1" bw="1" slack="0"/>
<pin id="349" dir="1" index="2" bw="1" slack="0"/>
</pin_list>
<bind>
<opcode="and(23) " fcode="and"/>
<opset="and_ln93_3/2 "/>
</bind>
</comp>

<comp id="352" class="1004" name="or_ln93_2_fu_352">
<pin_list>
<pin id="353" dir="0" index="0" bw="1" slack="0"/>
<pin id="354" dir="0" index="1" bw="1" slack="0"/>
<pin id="355" dir="1" index="2" bw="1" slack="1"/>
</pin_list>
<bind>
<opcode="or(24) " fcode="or"/>
<opset="or_ln93_2/2 "/>
</bind>
</comp>

<comp id="358" class="1004" name="select_ln93_fu_358">
<pin_list>
<pin id="359" dir="0" index="0" bw="1" slack="1"/>
<pin id="360" dir="0" index="1" bw="16" slack="0"/>
<pin id="361" dir="0" index="2" bw="16" slack="0"/>
<pin id="362" dir="1" index="3" bw="16" slack="0"/>
</pin_list>
<bind>
<opcode="select(49) " fcode="select"/>
<opset="select_ln93/3 "/>
</bind>
</comp>

<comp id="365" class="1004" name="act4_3_fu_365">
<pin_list>
<pin id="366" dir="0" index="0" bw="1" slack="1"/>
<pin id="367" dir="0" index="1" bw="16" slack="0"/>
<pin id="368" dir="0" index="2" bw="16" slack="1"/>
<pin id="369" dir="1" index="3" bw="16" slack="0"/>
</pin_list>
<bind>
<opcode="select(49) " fcode="select"/>
<opset="act4_3/3 "/>
</bind>
</comp>

<comp id="373" class="1005" name="o_reg_373">
<pin_list>
<pin id="374" dir="0" index="0" bw="2" slack="0"/>
<pin id="375" dir="1" index="1" bw="2" slack="0"/>
</pin_list>
<bind>
<opset="o "/>
</bind>
</comp>

<comp id="380" class="1005" name="icmp_ln89_reg_380">
<pin_list>
<pin id="381" dir="0" index="0" bw="1" slack="1"/>
<pin id="382" dir="1" index="1" bw="1" slack="2147483647"/>
</pin_list>
<bind>
<opset="icmp_ln89 "/>
</bind>
</comp>

<comp id="384" class="1005" name="icmp_ln92_reg_384">
<pin_list>
<pin id="385" dir="0" index="0" bw="1" slack="1"/>
<pin id="386" dir="1" index="1" bw="1" slack="1"/>
</pin_list>
<bind>
<opset="icmp_ln92 "/>
</bind>
</comp>

<comp id="389" class="1005" name="icmp_ln93_reg_389">
<pin_list>
<pin id="390" dir="0" index="0" bw="1" slack="2"/>
<pin id="391" dir="1" index="1" bw="1" slack="2147483647"/>
</pin_list>
<bind>
<opset="icmp_ln93 "/>
</bind>
</comp>

<comp id="393" class="1005" name="add_ln93_reg_393">
<pin_list>
<pin id="394" dir="0" index="0" bw="16" slack="1"/>
<pin id="395" dir="1" index="1" bw="16" slack="1"/>
</pin_list>
<bind>
<opset="add_ln93 "/>
</bind>
</comp>

<comp id="398" class="1005" name="and_ln93_2_reg_398">
<pin_list>
<pin id="399" dir="0" index="0" bw="1" slack="1"/>
<pin id="400" dir="1" index="1" bw="1" slack="1"/>
</pin_list>
<bind>
<opset="and_ln93_2 "/>
</bind>
</comp>

<comp id="403" class="1005" name="or_ln93_2_reg_403">
<pin_list>
<pin id="404" dir="0" index="0" bw="1" slack="1"/>
<pin id="405" dir="1" index="1" bw="1" slack="1"/>
</pin_list>
<bind>
<opset="or_ln93_2 "/>
</bind>
</comp>

</comp_list>

<net_list>
<net id="89"><net_src comp="18" pin="0"/><net_sink comp="86" pin=0"/></net>

<net id="100"><net_src comp="42" pin="0"/><net_sink comp="90" pin=0"/></net>

<net id="101"><net_src comp="4" pin="0"/><net_sink comp="90" pin=1"/></net>

<net id="102"><net_src comp="6" pin="0"/><net_sink comp="90" pin=2"/></net>

<net id="103"><net_src comp="8" pin="0"/><net_sink comp="90" pin=3"/></net>

<net id="104"><net_src comp="10" pin="0"/><net_sink comp="90" pin=4"/></net>

<net id="105"><net_src comp="12" pin="0"/><net_sink comp="90" pin=5"/></net>

<net id="106"><net_src comp="14" pin="0"/><net_sink comp="90" pin=6"/></net>

<net id="107"><net_src comp="16" pin="0"/><net_sink comp="90" pin=7"/></net>

<net id="112"><net_src comp="44" pin="0"/><net_sink comp="108" pin=0"/></net>

<net id="113"><net_src comp="0" pin="0"/><net_sink comp="108" pin=1"/></net>

<net id="118"><net_src comp="44" pin="0"/><net_sink comp="114" pin=0"/></net>

<net id="119"><net_src comp="2" pin="0"/><net_sink comp="114" pin=1"/></net>

<net id="125"><net_src comp="84" pin="0"/><net_sink comp="120" pin=0"/></net>

<net id="126"><net_src comp="2" pin="0"/><net_sink comp="120" pin=1"/></net>

<net id="132"><net_src comp="84" pin="0"/><net_sink comp="127" pin=0"/></net>

<net id="133"><net_src comp="0" pin="0"/><net_sink comp="127" pin=1"/></net>

<net id="138"><net_src comp="36" pin="0"/><net_sink comp="134" pin=0"/></net>

<net id="146"><net_src comp="139" pin="1"/><net_sink comp="142" pin=0"/></net>

<net id="147"><net_src comp="38" pin="0"/><net_sink comp="142" pin=1"/></net>

<net id="152"><net_src comp="139" pin="1"/><net_sink comp="148" pin=0"/></net>

<net id="153"><net_src comp="40" pin="0"/><net_sink comp="148" pin=1"/></net>

<net id="158"><net_src comp="139" pin="1"/><net_sink comp="154" pin=0"/></net>

<net id="159"><net_src comp="40" pin="0"/><net_sink comp="154" pin=1"/></net>

<net id="164"><net_src comp="139" pin="1"/><net_sink comp="160" pin=0"/></net>

<net id="165"><net_src comp="36" pin="0"/><net_sink comp="160" pin=1"/></net>

<net id="170"><net_src comp="148" pin="2"/><net_sink comp="166" pin=0"/></net>

<net id="174"><net_src comp="90" pin="8"/><net_sink comp="171" pin=0"/></net>

<net id="180"><net_src comp="114" pin="2"/><net_sink comp="175" pin=1"/></net>

<net id="181"><net_src comp="108" pin="2"/><net_sink comp="175" pin=2"/></net>

<net id="187"><net_src comp="46" pin="0"/><net_sink comp="182" pin=0"/></net>

<net id="188"><net_src comp="175" pin="3"/><net_sink comp="182" pin=1"/></net>

<net id="189"><net_src comp="48" pin="0"/><net_sink comp="182" pin=2"/></net>

<net id="193"><net_src comp="182" pin="3"/><net_sink comp="190" pin=0"/></net>

<net id="197"><net_src comp="171" pin="1"/><net_sink comp="194" pin=0"/></net>

<net id="203"><net_src comp="46" pin="0"/><net_sink comp="198" pin=0"/></net>

<net id="204"><net_src comp="194" pin="1"/><net_sink comp="198" pin=1"/></net>

<net id="205"><net_src comp="48" pin="0"/><net_sink comp="198" pin=2"/></net>

<net id="209"><net_src comp="198" pin="3"/><net_sink comp="206" pin=0"/></net>

<net id="214"><net_src comp="182" pin="3"/><net_sink comp="210" pin=0"/></net>

<net id="215"><net_src comp="198" pin="3"/><net_sink comp="210" pin=1"/></net>

<net id="220"><net_src comp="190" pin="1"/><net_sink comp="216" pin=0"/></net>

<net id="221"><net_src comp="206" pin="1"/><net_sink comp="216" pin=1"/></net>

<net id="227"><net_src comp="50" pin="0"/><net_sink comp="222" pin=0"/></net>

<net id="228"><net_src comp="216" pin="2"/><net_sink comp="222" pin=1"/></net>

<net id="229"><net_src comp="52" pin="0"/><net_sink comp="222" pin=2"/></net>

<net id="236"><net_src comp="54" pin="0"/><net_sink comp="230" pin=0"/></net>

<net id="237"><net_src comp="210" pin="2"/><net_sink comp="230" pin=1"/></net>

<net id="238"><net_src comp="56" pin="0"/><net_sink comp="230" pin=2"/></net>

<net id="239"><net_src comp="58" pin="0"/><net_sink comp="230" pin=3"/></net>

<net id="245"><net_src comp="60" pin="0"/><net_sink comp="240" pin=0"/></net>

<net id="246"><net_src comp="210" pin="2"/><net_sink comp="240" pin=1"/></net>

<net id="247"><net_src comp="62" pin="0"/><net_sink comp="240" pin=2"/></net>

<net id="253"><net_src comp="60" pin="0"/><net_sink comp="248" pin=0"/></net>

<net id="254"><net_src comp="210" pin="2"/><net_sink comp="248" pin=1"/></net>

<net id="255"><net_src comp="58" pin="0"/><net_sink comp="248" pin=2"/></net>

<net id="260"><net_src comp="222" pin="3"/><net_sink comp="256" pin=0"/></net>

<net id="261"><net_src comp="240" pin="3"/><net_sink comp="256" pin=1"/></net>

<net id="265"><net_src comp="256" pin="2"/><net_sink comp="262" pin=0"/></net>

<net id="270"><net_src comp="230" pin="4"/><net_sink comp="266" pin=0"/></net>

<net id="271"><net_src comp="262" pin="1"/><net_sink comp="266" pin=1"/></net>

<net id="277"><net_src comp="64" pin="0"/><net_sink comp="272" pin=0"/></net>

<net id="278"><net_src comp="266" pin="2"/><net_sink comp="272" pin=1"/></net>

<net id="279"><net_src comp="66" pin="0"/><net_sink comp="272" pin=2"/></net>

<net id="284"><net_src comp="272" pin="3"/><net_sink comp="280" pin=0"/></net>

<net id="285"><net_src comp="68" pin="0"/><net_sink comp="280" pin=1"/></net>

<net id="290"><net_src comp="248" pin="3"/><net_sink comp="286" pin=0"/></net>

<net id="291"><net_src comp="280" pin="2"/><net_sink comp="286" pin=1"/></net>

<net id="296"><net_src comp="248" pin="3"/><net_sink comp="292" pin=0"/></net>

<net id="297"><net_src comp="68" pin="0"/><net_sink comp="292" pin=1"/></net>

<net id="302"><net_src comp="272" pin="3"/><net_sink comp="298" pin=0"/></net>

<net id="303"><net_src comp="292" pin="2"/><net_sink comp="298" pin=1"/></net>

<net id="308"><net_src comp="222" pin="3"/><net_sink comp="304" pin=0"/></net>

<net id="309"><net_src comp="298" pin="2"/><net_sink comp="304" pin=1"/></net>

<net id="314"><net_src comp="222" pin="3"/><net_sink comp="310" pin=0"/></net>

<net id="315"><net_src comp="68" pin="0"/><net_sink comp="310" pin=1"/></net>

<net id="320"><net_src comp="304" pin="2"/><net_sink comp="316" pin=0"/></net>

<net id="321"><net_src comp="68" pin="0"/><net_sink comp="316" pin=1"/></net>

<net id="326"><net_src comp="272" pin="3"/><net_sink comp="322" pin=0"/></net>

<net id="327"><net_src comp="316" pin="2"/><net_sink comp="322" pin=1"/></net>

<net id="332"><net_src comp="322" pin="2"/><net_sink comp="328" pin=0"/></net>

<net id="333"><net_src comp="310" pin="2"/><net_sink comp="328" pin=1"/></net>

<net id="338"><net_src comp="286" pin="2"/><net_sink comp="334" pin=0"/></net>

<net id="339"><net_src comp="272" pin="3"/><net_sink comp="334" pin=1"/></net>

<net id="344"><net_src comp="334" pin="2"/><net_sink comp="340" pin=0"/></net>

<net id="345"><net_src comp="68" pin="0"/><net_sink comp="340" pin=1"/></net>

<net id="350"><net_src comp="222" pin="3"/><net_sink comp="346" pin=0"/></net>

<net id="351"><net_src comp="340" pin="2"/><net_sink comp="346" pin=1"/></net>

<net id="356"><net_src comp="328" pin="2"/><net_sink comp="352" pin=0"/></net>

<net id="357"><net_src comp="346" pin="2"/><net_sink comp="352" pin=1"/></net>

<net id="363"><net_src comp="80" pin="0"/><net_sink comp="358" pin=1"/></net>

<net id="364"><net_src comp="82" pin="0"/><net_sink comp="358" pin=2"/></net>

<net id="370"><net_src comp="358" pin="3"/><net_sink comp="365" pin=1"/></net>

<net id="371"><net_src comp="365" pin="3"/><net_sink comp="120" pin=2"/></net>

<net id="372"><net_src comp="365" pin="3"/><net_sink comp="127" pin=2"/></net>

<net id="376"><net_src comp="86" pin="1"/><net_sink comp="373" pin=0"/></net>

<net id="377"><net_src comp="373" pin="1"/><net_sink comp="134" pin=1"/></net>

<net id="378"><net_src comp="373" pin="1"/><net_sink comp="139" pin=0"/></net>

<net id="379"><net_src comp="373" pin="1"/><net_sink comp="166" pin=1"/></net>

<net id="383"><net_src comp="142" pin="2"/><net_sink comp="380" pin=0"/></net>

<net id="387"><net_src comp="154" pin="2"/><net_sink comp="384" pin=0"/></net>

<net id="388"><net_src comp="384" pin="1"/><net_sink comp="175" pin=0"/></net>

<net id="392"><net_src comp="160" pin="2"/><net_sink comp="389" pin=0"/></net>

<net id="396"><net_src comp="266" pin="2"/><net_sink comp="393" pin=0"/></net>

<net id="397"><net_src comp="393" pin="1"/><net_sink comp="365" pin=2"/></net>

<net id="401"><net_src comp="328" pin="2"/><net_sink comp="398" pin=0"/></net>

<net id="402"><net_src comp="398" pin="1"/><net_sink comp="358" pin=0"/></net>

<net id="406"><net_src comp="352" pin="2"/><net_sink comp="403" pin=0"/></net>

<net id="407"><net_src comp="403" pin="1"/><net_sink comp="365" pin=0"/></net>

</net_list>

</model> 
---------------- Datapath Model END ------------------

* FSMD analyzer results:
  - Output states:
	Port: act4 | {3 }
	Port: act4_1 | {3 }
	Port: s_axis_input_V_data_V | {}
	Port: s_axis_input_V_keep_V | {}
	Port: s_axis_input_V_strb_V | {}
	Port: s_axis_input_V_user_V | {}
	Port: s_axis_input_V_last_V | {}
	Port: s_axis_input_V_id_V | {}
	Port: s_axis_input_V_dest_V | {}
 - Input state : 
	Port: bnn_top_Pipeline_L4_B : act4 | {2 }
	Port: bnn_top_Pipeline_L4_B : act4_1 | {2 }
	Port: bnn_top_Pipeline_L4_B : s_axis_input_V_data_V | {2 }
	Port: bnn_top_Pipeline_L4_B : s_axis_input_V_keep_V | {2 }
	Port: bnn_top_Pipeline_L4_B : s_axis_input_V_strb_V | {2 }
	Port: bnn_top_Pipeline_L4_B : s_axis_input_V_user_V | {2 }
	Port: bnn_top_Pipeline_L4_B : s_axis_input_V_last_V | {2 }
	Port: bnn_top_Pipeline_L4_B : s_axis_input_V_id_V | {2 }
	Port: bnn_top_Pipeline_L4_B : s_axis_input_V_dest_V | {2 }
  - Chain level:
	State 1
		store_ln89 : 1
		o_2 : 1
		icmp_ln89 : 2
		add_ln89 : 2
		br_ln89 : 3
		icmp_ln92 : 2
		icmp_ln93 : 2
		br_ln93 : 3
		store_ln89 : 3
	State 2
		shl_ln7 : 1
		sext_ln92 : 2
		trunc_ln92 : 1
		shl_ln92_1 : 2
		sext_ln92_1 : 3
		add_ln92 : 3
		acc : 4
		tmp : 5
		trunc_ln4 : 4
		tmp_9 : 4
		tmp_10 : 4
		and_ln93 : 6
		zext_ln93 : 6
		add_ln93 : 7
		tmp_11 : 8
		xor_ln93 : 9
		and_ln93_1 : 9
		xor_ln93_3 : 5
		or_ln93 : 9
		xor_ln93_4 : 9
		xor_ln93_1 : 6
		xor_ln93_2 : 9
		or_ln93_1 : 9
		and_ln93_2 : 9
		or_ln93_3 : 9
		xor_ln93_5 : 9
		and_ln93_3 : 9
		or_ln93_2 : 9
	State 3
		act4_3 : 1
		write_ln93 : 2
		write_ln93 : 2


============================================================
+ Verbose Summary: Datapath Resource usage 
============================================================

* Functional unit list:
|----------|-------------------------|---------|---------|
| Operation|     Functional Unit     |    FF   |   LUT   |
|----------|-------------------------|---------|---------|
|          |     add_ln89_fu_148     |    0    |    10   |
|    add   |     add_ln92_fu_210     |    0    |    33   |
|          |        acc_fu_216       |    0    |    33   |
|          |     add_ln93_fu_266     |    0    |    23   |
|----------|-------------------------|---------|---------|
|          |    select_ln92_fu_175   |    0    |    16   |
|  select  |    select_ln93_fu_358   |    0    |    16   |
|          |      act4_3_fu_365      |    0    |    16   |
|----------|-------------------------|---------|---------|
|          |     icmp_ln89_fu_142    |    0    |    10   |
|   icmp   |     icmp_ln92_fu_154    |    0    |    10   |
|          |     icmp_ln93_fu_160    |    0    |    10   |
|----------|-------------------------|---------|---------|
|          |     xor_ln93_fu_280     |    0    |    2    |
|          |    xor_ln93_3_fu_292    |    0    |    2    |
|    xor   |    xor_ln93_4_fu_304    |    0    |    2    |
|          |    xor_ln93_1_fu_310    |    0    |    2    |
|          |    xor_ln93_2_fu_316    |    0    |    2    |
|          |    xor_ln93_5_fu_340    |    0    |    2    |
|----------|-------------------------|---------|---------|
|          |     and_ln93_fu_256     |    0    |    2    |
|    and   |    and_ln93_1_fu_286    |    0    |    2    |
|          |    and_ln93_2_fu_328    |    0    |    2    |
|          |    and_ln93_3_fu_346    |    0    |    2    |
|----------|-------------------------|---------|---------|
|          |      or_ln93_fu_298     |    0    |    2    |
|    or    |     or_ln93_1_fu_322    |    0    |    2    |
|          |     or_ln93_3_fu_334    |    0    |    2    |
|          |     or_ln93_2_fu_352    |    0    |    2    |
|----------|-------------------------|---------|---------|
|          |     empty_read_fu_90    |    0    |    0    |
|   read   |  act4_read_read_fu_108  |    0    |    0    |
|          | act4_1_read_read_fu_114 |    0    |    0    |
|----------|-------------------------|---------|---------|
|   write  | write_ln93_write_fu_120 |    0    |    0    |
|          | write_ln93_write_fu_127 |    0    |    0    |
|----------|-------------------------|---------|---------|
|extractvalue|        p_s_fu_171       |    0    |    0    |
|----------|-------------------------|---------|---------|
|bitconcatenate|      shl_ln7_fu_182     |    0    |    0    |
|          |    shl_ln92_1_fu_198    |    0    |    0    |
|----------|-------------------------|---------|---------|
|   sext   |     sext_ln92_fu_190    |    0    |    0    |
|          |    sext_ln92_1_fu_206   |    0    |    0    |
|----------|-------------------------|---------|---------|
|   trunc  |    trunc_ln92_fu_194    |    0    |    0    |
|----------|-------------------------|---------|---------|
|          |        tmp_fu_222       |    0    |    0    |
| bitselect|       tmp_9_fu_240      |    0    |    0    |
|          |      tmp_10_fu_248      |    0    |    0    |
|          |      tmp_11_fu_272      |    0    |    0    |
|----------|-------------------------|---------|---------|
|partselect|     trunc_ln4_fu_230    |    0    |    0    |
|----------|-------------------------|---------|---------|
|   zext   |     zext_ln93_fu_262    |    0    |    0    |
|----------|-------------------------|---------|---------|
|   Total  |                         |    0    |   205   |
|----------|-------------------------|---------|---------|

Memories:
N/A

* Register list:
+------------------+--------+
|                  |   FF   |
+------------------+--------+
| add_ln93_reg_393 |   16   |
|and_ln93_2_reg_398|    1   |
| icmp_ln89_reg_380|    1   |
| icmp_ln92_reg_384|    1   |
| icmp_ln93_reg_389|    1   |
|     o_reg_373    |    2   |
| or_ln93_2_reg_403|    1   |
+------------------+--------+
|       Total      |   23   |
+------------------+--------+

* Multiplexer (MUX) list: 
|--------|------|------|------|--------|
|  Comp  |  Pin | Size |  BW  | S x BW |
|--------|------|------|------|--------|
|  Total |      |      |      |    0   |
|--------|------|------|------|--------|



* Summary:
+-----------+--------+--------+
|           |   FF   |   LUT  |
+-----------+--------+--------+
|  Function |    0   |   205  |
|   Memory  |    -   |    -   |
|Multiplexer|    -   |    -   |
|  Register |   23   |    -   |
+-----------+--------+--------+
|   Total   |   23   |   205  |
+-----------+--------+--------+
