

================================================================
== Vitis HLS Report for 'bnn_top_Pipeline_WR_OUT'
================================================================
* Date:           Sat May  9 04:49:40 2026

* Version:        2025.1 (Build 6135595 on May 21 2025)
* Project:        bnn_top
* Solution:       solution (Vivado IP Flow Target)
* Product family: zynq
* Target device:  xc7z020-clg400-1


================================================================
== Performance Estimates
================================================================
+ Timing: 
    * Summary: 
    +--------+----------+----------+------------+
    |  Clock |  Target  | Estimated| Uncertainty|
    +--------+----------+----------+------------+
    |ap_clk  |  10.00 ns|  4.741 ns|     2.70 ns|
    +--------+----------+----------+------------+

+ Latency: 
    * Summary: 
    +---------+---------+-----------+-----------+-----+-----+------------------------------------------------+
    |  Latency (cycles) |   Latency (absolute)  |  Interval |                    Pipeline                    |
    |   min   |   max   |    min    |    max    | min | max |                      Type                      |
    +---------+---------+-----------+-----------+-----+-----+------------------------------------------------+
    |        4|        4|  40.000 ns|  40.000 ns|    3|    3|  loop auto-rewind stp (delay=0 clock cycles(s))|
    +---------+---------+-----------+-----------+-----+-----+------------------------------------------------+

    + Detail: 
        * Instance: 
        N/A

        * Loop: 
        +----------+---------+---------+----------+-----------+-----------+------+----------+
        |          |  Latency (cycles) | Iteration|  Initiation Interval  | Trip |          |
        | Loop Name|   min   |   max   |  Latency |  achieved |   target  | Count| Pipelined|
        +----------+---------+---------+----------+-----------+-----------+------+----------+
        |- WR_OUT  |        2|        2|         2|          1|          1|     2|       yes|
        +----------+---------+---------+----------+-----------+-----------+------+----------+



================================================================
== Utilization Estimates
================================================================
* Summary: 
+-----------------+---------+-----+--------+-------+-----+
|       Name      | BRAM_18K| DSP |   FF   |  LUT  | URAM|
+-----------------+---------+-----+--------+-------+-----+
|DSP              |        -|    -|       -|      -|    -|
|Expression       |        -|    -|       0|     51|    -|
|FIFO             |        -|    -|       -|      -|    -|
|Instance         |        -|    -|       -|      -|    -|
|Memory           |        -|    -|       -|      -|    -|
|Multiplexer      |        -|    -|       0|     45|    -|
|Register         |        -|    -|       6|      -|    -|
+-----------------+---------+-----+--------+-------+-----+
|Total            |        0|    0|       6|     96|    0|
+-----------------+---------+-----+--------+-------+-----+
|Available        |      280|  220|  106400|  53200|    0|
+-----------------+---------+-----+--------+-------+-----+
|Utilization (%)  |        0|    0|      ~0|     ~0|    0|
+-----------------+---------+-----+--------+-------+-----+

+ Detail: 
    * Instance: 
    N/A

    * DSP: 
    N/A

    * Memory: 
    N/A

    * FIFO: 
    N/A

    * Expression: 
    +--------------------------------+----------+----+---+----+------------+------------+
    |          Variable Name         | Operation| DSP| FF| LUT| Bitwidth P0| Bitwidth P1|
    +--------------------------------+----------+----+---+----+------------+------------+
    |add_ln97_fu_122_p2              |         +|   0|  0|  10|           2|           1|
    |ap_block_pp0_stage0_01001_grp1  |       and|   0|  0|   2|           1|           1|
    |icmp_ln97_fu_116_p2             |      icmp|   0|  0|  11|           2|           3|
    |pkt_last_fu_128_p2              |      icmp|   0|  0|  10|           2|           1|
    |pkt_data_fu_139_p3              |    select|   0|  0|  16|           1|          16|
    |ap_enable_pp0                   |       xor|   0|  0|   2|           1|           2|
    +--------------------------------+----------+----+---+----+------------+------------+
    |Total                           |          |   0|  0|  51|           9|          24|
    +--------------------------------+----------+----+---+----+------------+------------+

    * Multiplexer: 
    +---------------------------+----+-----------+-----+-----------+
    |            Name           | LUT| Input Size| Bits| Total Bits|
    +---------------------------+----+-----------+-----+-----------+
    |ap_done_int                |   9|          2|    1|          2|
    |ap_enable_reg_pp0_iter1    |   9|          2|    1|          2|
    |ap_sig_allocacmp_o_1       |   9|          2|    2|          4|
    |m_axis_output_TDATA_blk_n  |   9|          2|    1|          2|
    |o_fu_62                    |   9|          2|    2|          4|
    +---------------------------+----+-----------+-----+-----------+
    |Total                      |  45|         10|    7|         14|
    +---------------------------+----+-----------+-----+-----------+

    * Register: 
    +-------------------------+---+----+-----+-----------+
    |           Name          | FF| LUT| Bits| Const Bits|
    +-------------------------+---+----+-----+-----------+
    |ap_CS_fsm                |  1|   0|    1|          0|
    |ap_done_reg              |  1|   0|    1|          0|
    |ap_enable_reg_pp0_iter1  |  1|   0|    1|          0|
    |o_fu_62                  |  2|   0|    2|          0|
    |pkt_last_reg_169         |  1|   0|    1|          0|
    +-------------------------+---+----+-----+-----------+
    |Total                    |  6|   0|    6|          0|
    +-------------------------+---+----+-----+-----------+



================================================================
== Interface
================================================================
* Summary: 
+----------------------+-----+-----+------------+-------------------------+--------------+
|       RTL Ports      | Dir | Bits|  Protocol  |      Source Object      |    C Type    |
+----------------------+-----+-----+------------+-------------------------+--------------+
|ap_clk                |   in|    1|  ap_ctrl_hs|  bnn_top_Pipeline_WR_OUT|  return value|
|ap_rst                |   in|    1|  ap_ctrl_hs|  bnn_top_Pipeline_WR_OUT|  return value|
|ap_start              |   in|    1|  ap_ctrl_hs|  bnn_top_Pipeline_WR_OUT|  return value|
|ap_done               |  out|    1|  ap_ctrl_hs|  bnn_top_Pipeline_WR_OUT|  return value|
|ap_idle               |  out|    1|  ap_ctrl_hs|  bnn_top_Pipeline_WR_OUT|  return value|
|ap_ready              |  out|    1|  ap_ctrl_hs|  bnn_top_Pipeline_WR_OUT|  return value|
|m_axis_output_TREADY  |   in|    1|        axis|   m_axis_output_V_data_V|       pointer|
|m_axis_output_TDATA   |  out|   32|        axis|   m_axis_output_V_data_V|       pointer|
|act4_1_load           |   in|   16|     ap_none|              act4_1_load|        scalar|
|act4_load             |   in|   16|     ap_none|                act4_load|        scalar|
|m_axis_output_TVALID  |  out|    1|        axis|   m_axis_output_V_dest_V|       pointer|
|m_axis_output_TDEST   |  out|    1|        axis|   m_axis_output_V_dest_V|       pointer|
|m_axis_output_TKEEP   |  out|    4|        axis|   m_axis_output_V_keep_V|       pointer|
|m_axis_output_TSTRB   |  out|    4|        axis|   m_axis_output_V_strb_V|       pointer|
|m_axis_output_TUSER   |  out|    1|        axis|   m_axis_output_V_user_V|       pointer|
|m_axis_output_TLAST   |  out|    1|        axis|   m_axis_output_V_last_V|       pointer|
|m_axis_output_TID     |  out|    1|        axis|     m_axis_output_V_id_V|       pointer|
+----------------------+-----+-----+------------+-------------------------+--------------+

============================================================
+ Verbose Summary: Synthesis Manager
============================================================
InlineROM: 1
ExposeGlobal: 0
============================================================
+ Verbose Summary: CDFG Model
============================================================
IsTopModel: 0
ResetActiveHigh: 1
IsCombinational: 2
IsDatapathOnly: 2
HasWiredReturn: 1
HasMFsm: 2
HasVarLatency: 1
IsPipeline: 0
IsRtlPipelined: 0
IsInstanceOverlapped: 0
IsDontTouch: 0
HasImplIP: 0
IsGatedGlobalClock: 0

+ Individual pipeline summary: 
  * Pipeline-0: initiation interval (II) = 1, depth = 2


============================================================
+ Verbose Summary: Schedule
============================================================
* Number of FSM states : 2
* Pipeline : 1
  Pipeline-0 : II = 1, D = 2, States = { 1 2 }
* Dataflow Pipeline: 0

* FSM state transitions: 
1 --> 2 
2 --> 

* FSM state operations: 

State 1 <SV = 0> <Delay = 4.74>
ST_1 : Operation 5 [1/1] (0.00ns)   --->   "%o = alloca i32 1" [bnn_top.cpp:97]   --->   Operation 5 'alloca' 'o' <Predicate = true> <Delay = 0.00>
ST_1 : Operation 6 [1/1] (0.00ns)   --->   "%specaxissidechannel_ln0 = specaxissidechannel void @_ssdm_op_SpecAXISSideChannel, i32 %m_axis_output_V_data_V, i4 %m_axis_output_V_keep_V, i4 %m_axis_output_V_strb_V, i1 %m_axis_output_V_user_V, i1 %m_axis_output_V_last_V, i1 %m_axis_output_V_id_V, i1 %m_axis_output_V_dest_V, void @empty_4"   --->   Operation 6 'specaxissidechannel' 'specaxissidechannel_ln0' <Predicate = true> <Delay = 0.00>
ST_1 : Operation 7 [1/1] (0.00ns)   --->   "%specinterface_ln0 = specinterface void @_ssdm_op_SpecInterface, i1 %m_axis_output_V_dest_V, i1 %m_axis_output_V_id_V, i1 %m_axis_output_V_last_V, i1 %m_axis_output_V_user_V, i4 %m_axis_output_V_strb_V, i4 %m_axis_output_V_keep_V, i32 %m_axis_output_V_data_V, void @empty, i32 0, i32 0, void @empty_0, i32 0, i32 0, void @empty_1, void @empty_1, void @empty_1, i32 0, i32 0, i32 0, i32 0, void @empty_1, void @empty_1, i32 4294967295, i32 0, i32 0"   --->   Operation 7 'specinterface' 'specinterface_ln0' <Predicate = true> <Delay = 0.00>
ST_1 : Operation 8 [1/1] (0.00ns)   --->   "%act4_load_read = read i16 @_ssdm_op_Read.ap_auto.i16, i16 %act4_load"   --->   Operation 8 'read' 'act4_load_read' <Predicate = true> <Delay = 0.00>
ST_1 : Operation 9 [1/1] (0.00ns)   --->   "%act4_1_load_read = read i16 @_ssdm_op_Read.ap_auto.i16, i16 %act4_1_load"   --->   Operation 9 'read' 'act4_1_load_read' <Predicate = true> <Delay = 0.00>
ST_1 : Operation 10 [1/1] (1.58ns)   --->   "%store_ln97 = store i2 0, i2 %o" [bnn_top.cpp:97]   --->   Operation 10 'store' 'store_ln97' <Predicate = true> <Delay = 1.58>
ST_1 : Operation 11 [1/1] (0.00ns)   --->   "%br_ln97 = br void %for.inc259" [bnn_top.cpp:97]   --->   Operation 11 'br' 'br_ln97' <Predicate = true> <Delay = 0.00>
ST_1 : Operation 12 [1/1] (0.00ns)   --->   "%o_1 = load i2 %o" [bnn_top.cpp:97]   --->   Operation 12 'load' 'o_1' <Predicate = true> <Delay = 0.00>
ST_1 : Operation 13 [1/1] (1.56ns)   --->   "%icmp_ln97 = icmp_eq  i2 %o_1, i2 2" [bnn_top.cpp:97]   --->   Operation 13 'icmp' 'icmp_ln97' <Predicate = true> <Delay = 1.56> <CoreInst = "Cmp">   --->   Core 9 'Cmp' <Latency = 0> <II = 1> <Delay = 1.65> <FuncUnit> <Opcode : 'seteq' 'setne' 'setle' 'setge' 'setlt' 'setgt'> <InPorts = 2> <OutPorts = 1>
ST_1 : Operation 14 [1/1] (1.56ns)   --->   "%add_ln97 = add i2 %o_1, i2 1" [bnn_top.cpp:97]   --->   Operation 14 'add' 'add_ln97' <Predicate = true> <Delay = 1.56> <CoreInst = "Adder">   --->   Core 1 'Adder' <Latency = 0> <II = 1> <Delay = 1.56> <FuncUnit> <Opcode : 'add' 'sub'> <InPorts = 2> <OutPorts = 1>
ST_1 : Operation 15 [1/1] (0.00ns)   --->   "%br_ln97 = br i1 %icmp_ln97, void %for.inc259.split, void %for.end261.exitStub" [bnn_top.cpp:97]   --->   Operation 15 'br' 'br_ln97' <Predicate = true> <Delay = 0.00>
ST_1 : Operation 16 [1/1] (1.56ns)   --->   "%pkt_last = icmp_eq  i2 %o_1, i2 1" [bnn_top.cpp:100]   --->   Operation 16 'icmp' 'pkt_last' <Predicate = (!icmp_ln97)> <Delay = 1.56> <CoreInst = "Cmp">   --->   Core 9 'Cmp' <Latency = 0> <II = 1> <Delay = 1.56> <FuncUnit> <Opcode : 'seteq' 'setne' 'setle' 'setge' 'setlt' 'setgt'> <InPorts = 2> <OutPorts = 1>
ST_1 : Operation 17 [1/1] (1.58ns)   --->   "%store_ln97 = store i2 %add_ln97, i2 %o" [bnn_top.cpp:97]   --->   Operation 17 'store' 'store_ln97' <Predicate = (!icmp_ln97)> <Delay = 1.58>
ST_1 : Operation 25 [1/1] (1.58ns)   --->   "%ret_ln0 = ret"   --->   Operation 25 'ret' 'ret_ln0' <Predicate = (icmp_ln97)> <Delay = 1.58>

State 2 <SV = 1> <Delay = 2.09>
ST_2 : Operation 18 [1/1] (0.00ns)   --->   "%specpipeline_ln98 = specpipeline void @_ssdm_op_SpecPipeline, i32 1, i32 0, i32 0, i32 0, void @empty_1" [bnn_top.cpp:98]   --->   Operation 18 'specpipeline' 'specpipeline_ln98' <Predicate = true> <Delay = 0.00>
ST_2 : Operation 19 [1/1] (0.00ns)   --->   "%speclooptripcount_ln97 = speclooptripcount void @_ssdm_op_SpecLoopTripCount, i64 2, i64 2, i64 2" [bnn_top.cpp:97]   --->   Operation 19 'speclooptripcount' 'speclooptripcount_ln97' <Predicate = true> <Delay = 0.00>
ST_2 : Operation 20 [1/1] (0.00ns)   --->   "%specloopname_ln97 = specloopname void @_ssdm_op_SpecLoopName, void @empty_7" [bnn_top.cpp:97]   --->   Operation 20 'specloopname' 'specloopname_ln97' <Predicate = true> <Delay = 0.00>
ST_2 : Operation 21 [1/1] (0.80ns)   --->   "%pkt_data = select i1 %pkt_last, i16 %act4_1_load_read, i16 %act4_load_read" [bnn_top.cpp:100]   --->   Operation 21 'select' 'pkt_data' <Predicate = true> <Delay = 0.80> <CoreInst = "Sel">   --->   Core 73 'Sel' <Latency = 0> <II = 1> <Delay = 0.80> <FuncUnit> <Opcode : 'select'> <InPorts = 3> <OutPorts = 1>
ST_2 : Operation 22 [1/1] (0.00ns)   --->   "%zext_ln101 = zext i16 %pkt_data" [bnn_top.cpp:101]   --->   Operation 22 'zext' 'zext_ln101' <Predicate = true> <Delay = 0.00>
ST_2 : Operation 23 [1/1] (1.29ns)   --->   "%write_ln104 = write void @_ssdm_op_Write.axis.volatile.i32P0A.i4P0A.i4P0A.i1P0A.i1P0A.i1P0A.i1P0A, i32 %m_axis_output_V_data_V, i4 %m_axis_output_V_keep_V, i4 %m_axis_output_V_strb_V, i1 %m_axis_output_V_user_V, i1 %m_axis_output_V_last_V, i1 %m_axis_output_V_id_V, i1 %m_axis_output_V_dest_V, i32 %zext_ln101, i4 15, i4 0, i1 0, i1 %pkt_last, i1 0, i1 0" [bnn_top.cpp:104]   --->   Operation 23 'write' 'write_ln104' <Predicate = true> <Delay = 1.29> <CoreInst = "regslice">   --->   Core 135 'regslice' <Latency = 0> <II = 1> <Delay = 1.86> <Adapter> <Opcode : 'read' 'write'>
ST_2 : Operation 24 [1/1] (0.00ns)   --->   "%br_ln97 = br void %for.inc259" [bnn_top.cpp:97]   --->   Operation 24 'br' 'br_ln97' <Predicate = true> <Delay = 0.00>


============================================================
+ Verbose Summary: Binding
============================================================
STG Binding: 
---------------- STG Properties BEGIN ----------------
- Is combinational: 0
- Is one-state seq: 0
- Is datapath-only: 0
- Is pipelined: 0
- Is top level: 0
Port [ Return ] is wired: 1; IO mode=ap_ctrl_hs:ce=0
Port [ act4_1_load]:  wired=1; compound=0; hidden=0; nouse=0; global=0; static=0; extern=0; dir=0; type=0; pingpong=0; private_global=0; IO mode=ap_none:ce=0
Port [ act4_load]:  wired=1; compound=0; hidden=0; nouse=0; global=0; static=0; extern=0; dir=0; type=0; pingpong=0; private_global=0; IO mode=ap_none:ce=0
Port [ m_axis_output_V_data_V]:  wired=1; compound=1; hidden=0; nouse=0; global=0; static=0; extern=0; dir=1; type=0; pingpong=0; private_global=0; IO mode=axis:ce=0
Port [ m_axis_output_V_keep_V]:  wired=1; compound=1; hidden=0; nouse=0; global=0; static=0; extern=0; dir=1; type=0; pingpong=0; private_global=0; IO mode=axis:ce=0
Port [ m_axis_output_V_strb_V]:  wired=1; compound=1; hidden=0; nouse=0; global=0; static=0; extern=0; dir=1; type=0; pingpong=0; private_global=0; IO mode=axis:ce=0
Port [ m_axis_output_V_user_V]:  wired=1; compound=1; hidden=0; nouse=0; global=0; static=0; extern=0; dir=1; type=0; pingpong=0; private_global=0; IO mode=axis:ce=0
Port [ m_axis_output_V_last_V]:  wired=1; compound=1; hidden=0; nouse=0; global=0; static=0; extern=0; dir=1; type=0; pingpong=0; private_global=0; IO mode=axis:ce=0
Port [ m_axis_output_V_id_V]:  wired=1; compound=1; hidden=0; nouse=0; global=0; static=0; extern=0; dir=1; type=0; pingpong=0; private_global=0; IO mode=axis:ce=0
Port [ m_axis_output_V_dest_V]:  wired=1; compound=1; hidden=0; nouse=0; global=0; static=0; extern=0; dir=1; type=0; pingpong=0; private_global=0; IO mode=axis:ce=0
---------------- STG Properties END ------------------

---------------- Datapath Model BEGIN ----------------

<LifeTime>
<method=bitvector/>
o                       (alloca             ) [ 010]
specaxissidechannel_ln0 (specaxissidechannel) [ 000]
specinterface_ln0       (specinterface      ) [ 000]
act4_load_read          (read               ) [ 011]
act4_1_load_read        (read               ) [ 011]
store_ln97              (store              ) [ 000]
br_ln97                 (br                 ) [ 000]
o_1                     (load               ) [ 000]
icmp_ln97               (icmp               ) [ 010]
add_ln97                (add                ) [ 000]
br_ln97                 (br                 ) [ 000]
pkt_last                (icmp               ) [ 011]
store_ln97              (store              ) [ 000]
specpipeline_ln98       (specpipeline       ) [ 000]
speclooptripcount_ln97  (speclooptripcount  ) [ 000]
specloopname_ln97       (specloopname       ) [ 000]
pkt_data                (select             ) [ 000]
zext_ln101              (zext               ) [ 000]
write_ln104             (write              ) [ 000]
br_ln97                 (br                 ) [ 000]
ret_ln0                 (ret                ) [ 000]
</LifeTime>

<model>

<comp_list>
<comp id="0" class="1000" name="act4_1_load">
<pin_list>
<pin id="1" dir="1" index="0" bw="1" slack="0"/>
</pin_list>
<bind>
<StgValue><ssdm name="act4_1_load"/></StgValue>
</bind>
</comp>

<comp id="2" class="1000" name="act4_load">
<pin_list>
<pin id="3" dir="1" index="0" bw="1" slack="0"/>
</pin_list>
<bind>
<StgValue><ssdm name="act4_load"/></StgValue>
</bind>
</comp>

<comp id="4" class="1000" name="m_axis_output_V_data_V">
<pin_list>
<pin id="5" dir="1" index="0" bw="1" slack="0"/>
</pin_list>
<bind>
<StgValue><ssdm name="m_axis_output_V_data_V"/></StgValue>
</bind>
</comp>

<comp id="6" class="1000" name="m_axis_output_V_keep_V">
<pin_list>
<pin id="7" dir="1" index="0" bw="1" slack="0"/>
</pin_list>
<bind>
<StgValue><ssdm name="m_axis_output_V_keep_V"/></StgValue>
</bind>
</comp>

<comp id="8" class="1000" name="m_axis_output_V_strb_V">
<pin_list>
<pin id="9" dir="1" index="0" bw="1" slack="0"/>
</pin_list>
<bind>
<StgValue><ssdm name="m_axis_output_V_strb_V"/></StgValue>
</bind>
</comp>

<comp id="10" class="1000" name="m_axis_output_V_user_V">
<pin_list>
<pin id="11" dir="1" index="0" bw="1" slack="0"/>
</pin_list>
<bind>
<StgValue><ssdm name="m_axis_output_V_user_V"/></StgValue>
</bind>
</comp>

<comp id="12" class="1000" name="m_axis_output_V_last_V">
<pin_list>
<pin id="13" dir="1" index="0" bw="1" slack="0"/>
</pin_list>
<bind>
<StgValue><ssdm name="m_axis_output_V_last_V"/></StgValue>
</bind>
</comp>

<comp id="14" class="1000" name="m_axis_output_V_id_V">
<pin_list>
<pin id="15" dir="1" index="0" bw="1" slack="0"/>
</pin_list>
<bind>
<StgValue><ssdm name="m_axis_output_V_id_V"/></StgValue>
</bind>
</comp>

<comp id="16" class="1000" name="m_axis_output_V_dest_V">
<pin_list>
<pin id="17" dir="1" index="0" bw="1" slack="0"/>
</pin_list>
<bind>
<StgValue><ssdm name="m_axis_output_V_dest_V"/></StgValue>
</bind>
</comp>

<comp id="18" class="1001" name="const_18">
<pin_list>
<pin id="19" dir="1" index="0" bw="1" slack="0"/>
</pin_list>
<bind>
<StgValue><ssdm name=""/></StgValue>
</bind>
</comp>

<comp id="20" class="1001" name="const_20">
<pin_list>
<pin id="21" dir="1" index="0" bw="1" slack="2147483647"/>
</pin_list>
<bind>
<StgValue><ssdm name="_ssdm_op_SpecAXISSideChannel"/></StgValue>
</bind>
</comp>

<comp id="22" class="1001" name="const_22">
<pin_list>
<pin id="23" dir="1" index="0" bw="1" slack="2147483647"/>
</pin_list>
<bind>
<StgValue><ssdm name="empty_4"/></StgValue>
</bind>
</comp>

<comp id="24" class="1001" name="const_24">
<pin_list>
<pin id="25" dir="1" index="0" bw="1" slack="2147483647"/>
</pin_list>
<bind>
<StgValue><ssdm name="_ssdm_op_SpecInterface"/></StgValue>
</bind>
</comp>

<comp id="26" class="1001" name="const_26">
<pin_list>
<pin id="27" dir="1" index="0" bw="1" slack="2147483647"/>
</pin_list>
<bind>
<StgValue><ssdm name="empty"/></StgValue>
</bind>
</comp>

<comp id="28" class="1001" name="const_28">
<pin_list>
<pin id="29" dir="1" index="0" bw="1" slack="2147483647"/>
</pin_list>
<bind>
<StgValue><ssdm name=""/></StgValue>
</bind>
</comp>

<comp id="30" class="1001" name="const_30">
<pin_list>
<pin id="31" dir="1" index="0" bw="1" slack="2147483647"/>
</pin_list>
<bind>
<StgValue><ssdm name="empty_0"/></StgValue>
</bind>
</comp>

<comp id="32" class="1001" name="const_32">
<pin_list>
<pin id="33" dir="1" index="0" bw="1" slack="2147483647"/>
</pin_list>
<bind>
<StgValue><ssdm name="empty_1"/></StgValue>
</bind>
</comp>

<comp id="34" class="1001" name="const_34">
<pin_list>
<pin id="35" dir="1" index="0" bw="1" slack="2147483647"/>
</pin_list>
<bind>
<StgValue><ssdm name=""/></StgValue>
</bind>
</comp>

<comp id="36" class="1001" name="const_36">
<pin_list>
<pin id="37" dir="1" index="0" bw="1" slack="0"/>
</pin_list>
<bind>
<StgValue><ssdm name="_ssdm_op_Read.ap_auto.i16"/></StgValue>
</bind>
</comp>

<comp id="38" class="1001" name="const_38">
<pin_list>
<pin id="39" dir="1" index="0" bw="1" slack="0"/>
</pin_list>
<bind>
<StgValue><ssdm name=""/></StgValue>
</bind>
</comp>

<comp id="40" class="1001" name="const_40">
<pin_list>
<pin id="41" dir="1" index="0" bw="1" slack="0"/>
</pin_list>
<bind>
<StgValue><ssdm name=""/></StgValue>
</bind>
</comp>

<comp id="42" class="1001" name="const_42">
<pin_list>
<pin id="43" dir="1" index="0" bw="1" slack="0"/>
</pin_list>
<bind>
<StgValue><ssdm name=""/></StgValue>
</bind>
</comp>

<comp id="44" class="1001" name="const_44">
<pin_list>
<pin id="45" dir="1" index="0" bw="1" slack="2147483647"/>
</pin_list>
<bind>
<StgValue><ssdm name="_ssdm_op_SpecPipeline"/></StgValue>
</bind>
</comp>

<comp id="46" class="1001" name="const_46">
<pin_list>
<pin id="47" dir="1" index="0" bw="1" slack="2147483647"/>
</pin_list>
<bind>
<StgValue><ssdm name="_ssdm_op_SpecLoopTripCount"/></StgValue>
</bind>
</comp>

<comp id="48" class="1001" name="const_48">
<pin_list>
<pin id="49" dir="1" index="0" bw="1" slack="2147483647"/>
</pin_list>
<bind>
<StgValue><ssdm name=""/></StgValue>
</bind>
</comp>

<comp id="50" class="1001" name="const_50">
<pin_list>
<pin id="51" dir="1" index="0" bw="1" slack="2147483647"/>
</pin_list>
<bind>
<StgValue><ssdm name="_ssdm_op_SpecLoopName"/></StgValue>
</bind>
</comp>

<comp id="52" class="1001" name="const_52">
<pin_list>
<pin id="53" dir="1" index="0" bw="1" slack="2147483647"/>
</pin_list>
<bind>
<StgValue><ssdm name="empty_7"/></StgValue>
</bind>
</comp>

<comp id="54" class="1001" name="const_54">
<pin_list>
<pin id="55" dir="1" index="0" bw="1" slack="0"/>
</pin_list>
<bind>
<StgValue><ssdm name="_ssdm_op_Write.axis.volatile.i32P0A.i4P0A.i4P0A.i1P0A.i1P0A.i1P0A.i1P0A"/></StgValue>
</bind>
</comp>

<comp id="56" class="1001" name="const_56">
<pin_list>
<pin id="57" dir="1" index="0" bw="1" slack="0"/>
</pin_list>
<bind>
<StgValue><ssdm name=""/></StgValue>
</bind>
</comp>

<comp id="58" class="1001" name="const_58">
<pin_list>
<pin id="59" dir="1" index="0" bw="1" slack="0"/>
</pin_list>
<bind>
<StgValue><ssdm name=""/></StgValue>
</bind>
</comp>

<comp id="60" class="1001" name="const_60">
<pin_list>
<pin id="61" dir="1" index="0" bw="1" slack="0"/>
</pin_list>
<bind>
<StgValue><ssdm name=""/></StgValue>
</bind>
</comp>

<comp id="62" class="1004" name="o_fu_62">
<pin_list>
<pin id="63" dir="0" index="0" bw="1" slack="0"/>
<pin id="64" dir="1" index="1" bw="2" slack="0"/>
</pin_list>
<bind>
<opcode="alloca(26) " fcode="alloca"/>
<opset="o/1 "/>
</bind>
</comp>

<comp id="66" class="1004" name="act4_load_read_read_fu_66">
<pin_list>
<pin id="67" dir="0" index="0" bw="16" slack="0"/>
<pin id="68" dir="0" index="1" bw="16" slack="0"/>
<pin id="69" dir="1" index="2" bw="16" slack="1"/>
</pin_list>
<bind>
<opcode="read(1150) " fcode="read"/>
<opset="act4_load_read/1 "/>
</bind>
</comp>

<comp id="72" class="1004" name="act4_1_load_read_read_fu_72">
<pin_list>
<pin id="73" dir="0" index="0" bw="16" slack="0"/>
<pin id="74" dir="0" index="1" bw="16" slack="0"/>
<pin id="75" dir="1" index="2" bw="16" slack="1"/>
</pin_list>
<bind>
<opcode="read(1150) " fcode="read"/>
<opset="act4_1_load_read/1 "/>
</bind>
</comp>

<comp id="78" class="1004" name="write_ln104_write_fu_78">
<pin_list>
<pin id="79" dir="0" index="0" bw="0" slack="0"/>
<pin id="80" dir="0" index="1" bw="32" slack="0"/>
<pin id="81" dir="0" index="2" bw="4" slack="0"/>
<pin id="82" dir="0" index="3" bw="4" slack="0"/>
<pin id="83" dir="0" index="4" bw="1" slack="0"/>
<pin id="84" dir="0" index="5" bw="1" slack="0"/>
<pin id="85" dir="0" index="6" bw="1" slack="0"/>
<pin id="86" dir="0" index="7" bw="1" slack="0"/>
<pin id="87" dir="0" index="8" bw="16" slack="0"/>
<pin id="88" dir="0" index="9" bw="1" slack="0"/>
<pin id="89" dir="0" index="10" bw="1" slack="0"/>
<pin id="90" dir="0" index="11" bw="1" slack="0"/>
<pin id="91" dir="0" index="12" bw="1" slack="1"/>
<pin id="92" dir="0" index="13" bw="1" slack="0"/>
<pin id="93" dir="0" index="14" bw="1" slack="0"/>
<pin id="94" dir="1" index="15" bw="0" slack="2147483647"/>
</pin_list>
<bind>
<opcode="write(1151) " fcode="write"/>
<opset="write_ln104/2 "/>
</bind>
</comp>

<comp id="108" class="1004" name="store_ln97_store_fu_108">
<pin_list>
<pin id="109" dir="0" index="0" bw="1" slack="0"/>
<pin id="110" dir="0" index="1" bw="2" slack="0"/>
<pin id="111" dir="1" index="2" bw="0" slack="2147483647"/>
</pin_list>
<bind>
<opcode="store(28) " fcode="store"/>
<opset="store_ln97/1 "/>
</bind>
</comp>

<comp id="113" class="1004" name="o_1_load_fu_113">
<pin_list>
<pin id="114" dir="0" index="0" bw="2" slack="0"/>
<pin id="115" dir="1" index="1" bw="2" slack="0"/>
</pin_list>
<bind>
<opcode="load(27) " fcode="load"/>
<opset="o_1/1 "/>
</bind>
</comp>

<comp id="116" class="1004" name="icmp_ln97_fu_116">
<pin_list>
<pin id="117" dir="0" index="0" bw="2" slack="0"/>
<pin id="118" dir="0" index="1" bw="2" slack="0"/>
<pin id="119" dir="1" index="2" bw="1" slack="2147483647"/>
</pin_list>
<bind>
<opcode="icmp(45) " fcode="icmp"/>
<opset="icmp_ln97/1 "/>
</bind>
</comp>

<comp id="122" class="1004" name="add_ln97_fu_122">
<pin_list>
<pin id="123" dir="0" index="0" bw="2" slack="0"/>
<pin id="124" dir="0" index="1" bw="1" slack="0"/>
<pin id="125" dir="1" index="2" bw="2" slack="0"/>
</pin_list>
<bind>
<opcode="add(8) " fcode="add"/>
<opset="add_ln97/1 "/>
</bind>
</comp>

<comp id="128" class="1004" name="pkt_last_fu_128">
<pin_list>
<pin id="129" dir="0" index="0" bw="2" slack="0"/>
<pin id="130" dir="0" index="1" bw="2" slack="0"/>
<pin id="131" dir="1" index="2" bw="1" slack="1"/>
</pin_list>
<bind>
<opcode="icmp(45) " fcode="icmp"/>
<opset="pkt_last/1 "/>
</bind>
</comp>

<comp id="134" class="1004" name="store_ln97_store_fu_134">
<pin_list>
<pin id="135" dir="0" index="0" bw="2" slack="0"/>
<pin id="136" dir="0" index="1" bw="2" slack="0"/>
<pin id="137" dir="1" index="2" bw="0" slack="2147483647"/>
</pin_list>
<bind>
<opcode="store(28) " fcode="store"/>
<opset="store_ln97/1 "/>
</bind>
</comp>

<comp id="139" class="1004" name="pkt_data_fu_139">
<pin_list>
<pin id="140" dir="0" index="0" bw="1" slack="1"/>
<pin id="141" dir="0" index="1" bw="16" slack="1"/>
<pin id="142" dir="0" index="2" bw="16" slack="1"/>
<pin id="143" dir="1" index="3" bw="16" slack="0"/>
</pin_list>
<bind>
<opcode="select(49) " fcode="select"/>
<opset="pkt_data/2 "/>
</bind>
</comp>

<comp id="144" class="1004" name="zext_ln101_fu_144">
<pin_list>
<pin id="145" dir="0" index="0" bw="16" slack="0"/>
<pin id="146" dir="1" index="1" bw="32" slack="0"/>
</pin_list>
<bind>
<opcode="zext(34) " fcode="zext"/>
<opset="zext_ln101/2 "/>
</bind>
</comp>

<comp id="149" class="1005" name="o_reg_149">
<pin_list>
<pin id="150" dir="0" index="0" bw="2" slack="0"/>
<pin id="151" dir="1" index="1" bw="2" slack="0"/>
</pin_list>
<bind>
<opset="o "/>
</bind>
</comp>

<comp id="156" class="1005" name="act4_load_read_reg_156">
<pin_list>
<pin id="157" dir="0" index="0" bw="16" slack="1"/>
<pin id="158" dir="1" index="1" bw="16" slack="1"/>
</pin_list>
<bind>
<opset="act4_load_read "/>
</bind>
</comp>

<comp id="161" class="1005" name="act4_1_load_read_reg_161">
<pin_list>
<pin id="162" dir="0" index="0" bw="16" slack="1"/>
<pin id="163" dir="1" index="1" bw="16" slack="1"/>
</pin_list>
<bind>
<opset="act4_1_load_read "/>
</bind>
</comp>

<comp id="169" class="1005" name="pkt_last_reg_169">
<pin_list>
<pin id="170" dir="0" index="0" bw="1" slack="1"/>
<pin id="171" dir="1" index="1" bw="1" slack="1"/>
</pin_list>
<bind>
<opset="pkt_last "/>
</bind>
</comp>

</comp_list>

<net_list>
<net id="65"><net_src comp="18" pin="0"/><net_sink comp="62" pin=0"/></net>

<net id="70"><net_src comp="36" pin="0"/><net_sink comp="66" pin=0"/></net>

<net id="71"><net_src comp="2" pin="0"/><net_sink comp="66" pin=1"/></net>

<net id="76"><net_src comp="36" pin="0"/><net_sink comp="72" pin=0"/></net>

<net id="77"><net_src comp="0" pin="0"/><net_sink comp="72" pin=1"/></net>

<net id="95"><net_src comp="54" pin="0"/><net_sink comp="78" pin=0"/></net>

<net id="96"><net_src comp="4" pin="0"/><net_sink comp="78" pin=1"/></net>

<net id="97"><net_src comp="6" pin="0"/><net_sink comp="78" pin=2"/></net>

<net id="98"><net_src comp="8" pin="0"/><net_sink comp="78" pin=3"/></net>

<net id="99"><net_src comp="10" pin="0"/><net_sink comp="78" pin=4"/></net>

<net id="100"><net_src comp="12" pin="0"/><net_sink comp="78" pin=5"/></net>

<net id="101"><net_src comp="14" pin="0"/><net_sink comp="78" pin=6"/></net>

<net id="102"><net_src comp="16" pin="0"/><net_sink comp="78" pin=7"/></net>

<net id="103"><net_src comp="56" pin="0"/><net_sink comp="78" pin=9"/></net>

<net id="104"><net_src comp="58" pin="0"/><net_sink comp="78" pin=10"/></net>

<net id="105"><net_src comp="60" pin="0"/><net_sink comp="78" pin=11"/></net>

<net id="106"><net_src comp="60" pin="0"/><net_sink comp="78" pin=13"/></net>

<net id="107"><net_src comp="60" pin="0"/><net_sink comp="78" pin=14"/></net>

<net id="112"><net_src comp="38" pin="0"/><net_sink comp="108" pin=0"/></net>

<net id="120"><net_src comp="113" pin="1"/><net_sink comp="116" pin=0"/></net>

<net id="121"><net_src comp="40" pin="0"/><net_sink comp="116" pin=1"/></net>

<net id="126"><net_src comp="113" pin="1"/><net_sink comp="122" pin=0"/></net>

<net id="127"><net_src comp="42" pin="0"/><net_sink comp="122" pin=1"/></net>

<net id="132"><net_src comp="113" pin="1"/><net_sink comp="128" pin=0"/></net>

<net id="133"><net_src comp="42" pin="0"/><net_sink comp="128" pin=1"/></net>

<net id="138"><net_src comp="122" pin="2"/><net_sink comp="134" pin=0"/></net>

<net id="147"><net_src comp="139" pin="3"/><net_sink comp="144" pin=0"/></net>

<net id="148"><net_src comp="144" pin="1"/><net_sink comp="78" pin=8"/></net>

<net id="152"><net_src comp="62" pin="1"/><net_sink comp="149" pin=0"/></net>

<net id="153"><net_src comp="149" pin="1"/><net_sink comp="108" pin=1"/></net>

<net id="154"><net_src comp="149" pin="1"/><net_sink comp="113" pin=0"/></net>

<net id="155"><net_src comp="149" pin="1"/><net_sink comp="134" pin=1"/></net>

<net id="159"><net_src comp="66" pin="2"/><net_sink comp="156" pin=0"/></net>

<net id="160"><net_src comp="156" pin="1"/><net_sink comp="139" pin=2"/></net>

<net id="164"><net_src comp="72" pin="2"/><net_sink comp="161" pin=0"/></net>

<net id="165"><net_src comp="161" pin="1"/><net_sink comp="139" pin=1"/></net>

<net id="172"><net_src comp="128" pin="2"/><net_sink comp="169" pin=0"/></net>

<net id="173"><net_src comp="169" pin="1"/><net_sink comp="139" pin=0"/></net>

<net id="174"><net_src comp="169" pin="1"/><net_sink comp="78" pin=12"/></net>

</net_list>

</model> 
---------------- Datapath Model END ------------------

* FSMD analyzer results:
  - Output states:
	Port: m_axis_output_V_data_V | {2 }
	Port: m_axis_output_V_keep_V | {2 }
	Port: m_axis_output_V_strb_V | {2 }
	Port: m_axis_output_V_user_V | {2 }
	Port: m_axis_output_V_last_V | {2 }
	Port: m_axis_output_V_id_V | {2 }
	Port: m_axis_output_V_dest_V | {2 }
 - Input state : 
	Port: bnn_top_Pipeline_WR_OUT : act4_1_load | {1 }
	Port: bnn_top_Pipeline_WR_OUT : act4_load | {1 }
	Port: bnn_top_Pipeline_WR_OUT : m_axis_output_V_data_V | {}
	Port: bnn_top_Pipeline_WR_OUT : m_axis_output_V_keep_V | {}
	Port: bnn_top_Pipeline_WR_OUT : m_axis_output_V_strb_V | {}
	Port: bnn_top_Pipeline_WR_OUT : m_axis_output_V_user_V | {}
	Port: bnn_top_Pipeline_WR_OUT : m_axis_output_V_last_V | {}
	Port: bnn_top_Pipeline_WR_OUT : m_axis_output_V_id_V | {}
	Port: bnn_top_Pipeline_WR_OUT : m_axis_output_V_dest_V | {}
  - Chain level:
	State 1
		store_ln97 : 1
		o_1 : 1
		icmp_ln97 : 2
		add_ln97 : 2
		br_ln97 : 3
		pkt_last : 2
		store_ln97 : 3
	State 2
		zext_ln101 : 1
		write_ln104 : 2


============================================================
+ Verbose Summary: Datapath Resource usage 
============================================================

* Functional unit list:
|----------|-----------------------------|---------|---------|
| Operation|       Functional Unit       |    FF   |   LUT   |
|----------|-----------------------------|---------|---------|
|   icmp   |       icmp_ln97_fu_116      |    0    |    10   |
|          |       pkt_last_fu_128       |    0    |    10   |
|----------|-----------------------------|---------|---------|
|  select  |       pkt_data_fu_139       |    0    |    16   |
|----------|-----------------------------|---------|---------|
|    add   |       add_ln97_fu_122       |    0    |    10   |
|----------|-----------------------------|---------|---------|
|   read   |  act4_load_read_read_fu_66  |    0    |    0    |
|          | act4_1_load_read_read_fu_72 |    0    |    0    |
|----------|-----------------------------|---------|---------|
|   write  |   write_ln104_write_fu_78   |    0    |    0    |
|----------|-----------------------------|---------|---------|
|   zext   |      zext_ln101_fu_144      |    0    |    0    |
|----------|-----------------------------|---------|---------|
|   Total  |                             |    0    |    46   |
|----------|-----------------------------|---------|---------|

Memories:
N/A

* Register list:
+------------------------+--------+
|                        |   FF   |
+------------------------+--------+
|act4_1_load_read_reg_161|   16   |
| act4_load_read_reg_156 |   16   |
|        o_reg_149       |    2   |
|    pkt_last_reg_169    |    1   |
+------------------------+--------+
|          Total         |   35   |
+------------------------+--------+

* Multiplexer (MUX) list: 
|--------|------|------|------|--------|
|  Comp  |  Pin | Size |  BW  | S x BW |
|--------|------|------|------|--------|
|  Total |      |      |      |    0   |
|--------|------|------|------|--------|



* Summary:
+-----------+--------+--------+
|           |   FF   |   LUT  |
+-----------+--------+--------+
|  Function |    0   |   46   |
|   Memory  |    -   |    -   |
|Multiplexer|    -   |    -   |
|  Register |   35   |    -   |
+-----------+--------+--------+
|   Total   |   35   |   46   |
+-----------+--------+--------+
