

================================================================
== Vitis HLS Report for 'bnn_top_Pipeline_L2_W_L2_IN'
================================================================
* Date:           Sat May  9 04:49:30 2026

* Version:        2025.1 (Build 6135595 on May 21 2025)
* Project:        bnn_top
* Solution:       solution (Vivado IP Flow Target)
* Product family: zynq
* Target device:  xc7z020-clg400-1


================================================================
== Performance Estimates
================================================================
+ Timing: 
    * Summary: 
    +--------+----------+-----------+------------+
    |  Clock |  Target  | Estimated | Uncertainty|
    +--------+----------+-----------+------------+
    |ap_clk  |  10.00 ns|  10.703 ns|     2.70 ns|
    +--------+----------+-----------+------------+

+ Latency: 
    * Summary: 
    +---------+---------+----------+----------+-------+-------+------------------------------------------------+
    |  Latency (cycles) |  Latency (absolute) |    Interval   |                    Pipeline                    |
    |   min   |   max   |    min   |    max   |  min  |  max  |                      Type                      |
    +---------+---------+----------+----------+-------+-------+------------------------------------------------+
    |    65541|    65541|  0.701 ms|  0.701 ms|  65537|  65537|  loop auto-rewind stp (delay=0 clock cycles(s))|
    +---------+---------+----------+----------+-------+-------+------------------------------------------------+

    + Detail: 
        * Instance: 
        N/A

        * Loop: 
        +--------------+---------+---------+----------+-----------+-----------+-------+----------+
        |              |  Latency (cycles) | Iteration|  Initiation Interval  |  Trip |          |
        |   Loop Name  |   min   |   max   |  Latency |  achieved |   target  | Count | Pipelined|
        +--------------+---------+---------+----------+-----------+-----------+-------+----------+
        |- L2_W_L2_IN  |    65539|    65539|         5|          1|          1|  65536|       yes|
        +--------------+---------+---------+----------+-----------+-----------+-------+----------+

============================================================
+ Verbose Summary: Synthesis Manager
============================================================
InlineROM: 1
ExposeGlobal: 0
============================================================
+ Verbose Summary: CDFG Model
============================================================
IsTopModel: 0
ResetActiveHigh: 1
IsCombinational: 0
IsDatapathOnly: 0
HasWiredReturn: 1
HasMFsm: 2
HasVarLatency: 1
IsPipeline: 0
IsRtlPipelined: 0
IsInstanceOverlapped: 0
IsDontTouch: 0
HasImplIP: 0
IsGatedGlobalClock: 0

+ Individual pipeline summary: 
  * Pipeline-0: initiation interval (II) = 1, depth = 5


============================================================
+ Verbose Summary: Schedule
============================================================
* Number of FSM states : 5
* Pipeline : 1
  Pipeline-0 : II = 1, D = 5, States = { 1 2 3 4 5 }
* Dataflow Pipeline: 0

* FSM state transitions: 
1 --> 2 
2 --> 3 
3 --> 4 
4 --> 5 
5 --> 

* FSM state operations: 

State 1 <SV = 0> <Delay = 7.78>
ST_1 : Operation 8 [1/1] (0.00ns)   --->   "%acc_5 = alloca i32 1" [bnn_top.cpp:45]   --->   Operation 8 'alloca' 'acc_5' <Predicate = true> <Delay = 0.00>
ST_1 : Operation 9 [1/1] (0.00ns)   --->   "%i = alloca i32 1" [bnn_top.cpp:46]   --->   Operation 9 'alloca' 'i' <Predicate = true> <Delay = 0.00>
ST_1 : Operation 10 [1/1] (0.00ns)   --->   "%o_2 = alloca i32 1" [bnn_top.cpp:44]   --->   Operation 10 'alloca' 'o_2' <Predicate = true> <Delay = 0.00>
ST_1 : Operation 11 [1/1] (0.00ns)   --->   "%indvar_flatten6 = alloca i32 1"   --->   Operation 11 'alloca' 'indvar_flatten6' <Predicate = true> <Delay = 0.00>
ST_1 : Operation 12 [1/1] (0.00ns)   --->   "%specaxissidechannel_ln0 = specaxissidechannel void @_ssdm_op_SpecAXISSideChannel, i32 %s_axis_input_V_data_V, i4 %s_axis_input_V_keep_V, i4 %s_axis_input_V_strb_V, i1 %s_axis_input_V_user_V, i1 %s_axis_input_V_last_V, i1 %s_axis_input_V_id_V, i1 %s_axis_input_V_dest_V, void @empty_5"   --->   Operation 12 'specaxissidechannel' 'specaxissidechannel_ln0' <Predicate = true> <Delay = 0.00>
ST_1 : Operation 13 [1/1] (0.00ns)   --->   "%specinterface_ln0 = specinterface void @_ssdm_op_SpecInterface, i1 %s_axis_input_V_dest_V, void @empty, i32 0, i32 0, void @empty_0, i32 0, i32 0, void @empty_1, void @empty_1, void @empty_1, i32 0, i32 0, i32 0, i32 0, void @empty_1, void @empty_1, i32 4294967295, i32 0, i32 0"   --->   Operation 13 'specinterface' 'specinterface_ln0' <Predicate = true> <Delay = 0.00>
ST_1 : Operation 14 [1/1] (0.00ns)   --->   "%specinterface_ln0 = specinterface void @_ssdm_op_SpecInterface, i1 %s_axis_input_V_id_V, void @empty, i32 0, i32 0, void @empty_0, i32 0, i32 0, void @empty_1, void @empty_1, void @empty_1, i32 0, i32 0, i32 0, i32 0, void @empty_1, void @empty_1, i32 4294967295, i32 0, i32 0"   --->   Operation 14 'specinterface' 'specinterface_ln0' <Predicate = true> <Delay = 0.00>
ST_1 : Operation 15 [1/1] (0.00ns)   --->   "%specinterface_ln0 = specinterface void @_ssdm_op_SpecInterface, i1 %s_axis_input_V_last_V, void @empty, i32 0, i32 0, void @empty_0, i32 0, i32 0, void @empty_1, void @empty_1, void @empty_1, i32 0, i32 0, i32 0, i32 0, void @empty_1, void @empty_1, i32 4294967295, i32 0, i32 0"   --->   Operation 15 'specinterface' 'specinterface_ln0' <Predicate = true> <Delay = 0.00>
ST_1 : Operation 16 [1/1] (0.00ns)   --->   "%specinterface_ln0 = specinterface void @_ssdm_op_SpecInterface, i1 %s_axis_input_V_user_V, void @empty, i32 0, i32 0, void @empty_0, i32 0, i32 0, void @empty_1, void @empty_1, void @empty_1, i32 0, i32 0, i32 0, i32 0, void @empty_1, void @empty_1, i32 4294967295, i32 0, i32 0"   --->   Operation 16 'specinterface' 'specinterface_ln0' <Predicate = true> <Delay = 0.00>
ST_1 : Operation 17 [1/1] (0.00ns)   --->   "%specinterface_ln0 = specinterface void @_ssdm_op_SpecInterface, i4 %s_axis_input_V_strb_V, void @empty, i32 0, i32 0, void @empty_0, i32 0, i32 0, void @empty_1, void @empty_1, void @empty_1, i32 0, i32 0, i32 0, i32 0, void @empty_1, void @empty_1, i32 4294967295, i32 0, i32 0"   --->   Operation 17 'specinterface' 'specinterface_ln0' <Predicate = true> <Delay = 0.00>
ST_1 : Operation 18 [1/1] (0.00ns)   --->   "%specinterface_ln0 = specinterface void @_ssdm_op_SpecInterface, i4 %s_axis_input_V_keep_V, void @empty, i32 0, i32 0, void @empty_0, i32 0, i32 0, void @empty_1, void @empty_1, void @empty_1, i32 0, i32 0, i32 0, i32 0, void @empty_1, void @empty_1, i32 4294967295, i32 0, i32 0"   --->   Operation 18 'specinterface' 'specinterface_ln0' <Predicate = true> <Delay = 0.00>
ST_1 : Operation 19 [1/1] (0.00ns)   --->   "%specinterface_ln0 = specinterface void @_ssdm_op_SpecInterface, i32 %s_axis_input_V_data_V, void @empty, i32 0, i32 0, void @empty_0, i32 0, i32 0, void @empty_1, void @empty_1, void @empty_1, i32 0, i32 0, i32 0, i32 0, void @empty_1, void @empty_1, i32 4294967295, i32 0, i32 0"   --->   Operation 19 'specinterface' 'specinterface_ln0' <Predicate = true> <Delay = 0.00>
ST_1 : Operation 20 [1/1] (1.58ns)   --->   "%store_ln0 = store i17 0, i17 %indvar_flatten6"   --->   Operation 20 'store' 'store_ln0' <Predicate = true> <Delay = 1.58>
ST_1 : Operation 21 [1/1] (1.58ns)   --->   "%store_ln44 = store i9 0, i9 %o_2" [bnn_top.cpp:44]   --->   Operation 21 'store' 'store_ln44' <Predicate = true> <Delay = 1.58>
ST_1 : Operation 22 [1/1] (1.58ns)   --->   "%store_ln46 = store i9 0, i9 %i" [bnn_top.cpp:46]   --->   Operation 22 'store' 'store_ln46' <Predicate = true> <Delay = 1.58>
ST_1 : Operation 23 [1/1] (1.58ns)   --->   "%store_ln45 = store i32 0, i32 %acc_5" [bnn_top.cpp:45]   --->   Operation 23 'store' 'store_ln45' <Predicate = true> <Delay = 1.58>
ST_1 : Operation 24 [1/1] (0.00ns)   --->   "%br_ln44 = br void %for.body67" [bnn_top.cpp:44]   --->   Operation 24 'br' 'br_ln44' <Predicate = true> <Delay = 0.00>
ST_1 : Operation 25 [1/1] (0.00ns)   --->   "%indvar_flatten6_load = load i17 %indvar_flatten6" [bnn_top.cpp:44]   --->   Operation 25 'load' 'indvar_flatten6_load' <Predicate = true> <Delay = 0.00>
ST_1 : Operation 26 [1/1] (2.10ns)   --->   "%icmp_ln44 = icmp_eq  i17 %indvar_flatten6_load, i17 65536" [bnn_top.cpp:44]   --->   Operation 26 'icmp' 'icmp_ln44' <Predicate = true> <Delay = 2.10> <CoreInst = "Cmp">   --->   Core 9 'Cmp' <Latency = 0> <II = 1> <Delay = 2.10> <FuncUnit> <Opcode : 'seteq' 'setne' 'setle' 'setge' 'setlt' 'setgt'> <InPorts = 2> <OutPorts = 1>
ST_1 : Operation 27 [1/1] (2.10ns)   --->   "%add_ln44 = add i17 %indvar_flatten6_load, i17 1" [bnn_top.cpp:44]   --->   Operation 27 'add' 'add_ln44' <Predicate = true> <Delay = 2.10> <CoreInst = "Adder">   --->   Core 1 'Adder' <Latency = 0> <II = 1> <Delay = 2.10> <FuncUnit> <Opcode : 'add' 'sub'> <InPorts = 2> <OutPorts = 1>
ST_1 : Operation 28 [1/1] (0.00ns)   --->   "%br_ln44 = br i1 %icmp_ln44, void %for.end84, void %for.body95.preheader.exitStub" [bnn_top.cpp:44]   --->   Operation 28 'br' 'br_ln44' <Predicate = true> <Delay = 0.00>
ST_1 : Operation 29 [1/1] (0.00ns)   --->   "%i_load = load i9 %i" [bnn_top.cpp:46]   --->   Operation 29 'load' 'i_load' <Predicate = (!icmp_ln44)> <Delay = 0.00>
ST_1 : Operation 30 [1/1] (1.82ns)   --->   "%icmp_ln46 = icmp_eq  i9 %i_load, i9 256" [bnn_top.cpp:46]   --->   Operation 30 'icmp' 'icmp_ln46' <Predicate = (!icmp_ln44)> <Delay = 1.82> <CoreInst = "Cmp">   --->   Core 9 'Cmp' <Latency = 0> <II = 1> <Delay = 1.82> <FuncUnit> <Opcode : 'seteq' 'setne' 'setle' 'setge' 'setlt' 'setgt'> <InPorts = 2> <OutPorts = 1>
ST_1 : Operation 31 [1/1] (0.96ns)   --->   "%select_ln44 = select i1 %icmp_ln46, i9 0, i9 %i_load" [bnn_top.cpp:44]   --->   Operation 31 'select' 'select_ln44' <Predicate = (!icmp_ln44)> <Delay = 0.96> <CoreInst = "Sel">   --->   Core 73 'Sel' <Latency = 0> <II = 1> <Delay = 0.96> <FuncUnit> <Opcode : 'select'> <InPorts = 3> <OutPorts = 1>
ST_1 : Operation 32 [1/1] (0.00ns)   --->   "%zext_ln46 = zext i9 %select_ln44" [bnn_top.cpp:46]   --->   Operation 32 'zext' 'zext_ln46' <Predicate = (!icmp_ln44)> <Delay = 0.00>
ST_1 : Operation 33 [1/1] (0.00ns)   --->   "%act1_addr = getelementptr i16 %act1, i64 0, i64 %zext_ln46" [bnn_top.cpp:49]   --->   Operation 33 'getelementptr' 'act1_addr' <Predicate = (!icmp_ln44)> <Delay = 0.00>
ST_1 : Operation 34 [2/2] (3.25ns)   --->   "%act1_load = load i8 %act1_addr" [bnn_top.cpp:49]   --->   Operation 34 'load' 'act1_load' <Predicate = (!icmp_ln44)> <Delay = 3.25> <CoreInst = "RAM">   --->   Core 81 'RAM' <Latency = 1> <II = 1> <Delay = 3.25> <Storage> <Opcode : 'load' 'store'> <Ports = 2> <Width = 16> <Depth = 256> <RAM>
ST_1 : Operation 35 [1/1] (1.82ns)   --->   "%add_ln46 = add i9 %select_ln44, i9 1" [bnn_top.cpp:46]   --->   Operation 35 'add' 'add_ln46' <Predicate = (!icmp_ln44)> <Delay = 1.82> <CoreInst = "Adder">   --->   Core 1 'Adder' <Latency = 0> <II = 1> <Delay = 1.82> <FuncUnit> <Opcode : 'add' 'sub'> <InPorts = 2> <OutPorts = 1>
ST_1 : Operation 36 [1/1] (1.58ns)   --->   "%store_ln44 = store i17 %add_ln44, i17 %indvar_flatten6" [bnn_top.cpp:44]   --->   Operation 36 'store' 'store_ln44' <Predicate = (!icmp_ln44)> <Delay = 1.58>
ST_1 : Operation 37 [1/1] (1.58ns)   --->   "%store_ln46 = store i9 %add_ln46, i9 %i" [bnn_top.cpp:46]   --->   Operation 37 'store' 'store_ln46' <Predicate = (!icmp_ln44)> <Delay = 1.58>

State 2 <SV = 1> <Delay = 10.1>
ST_2 : Operation 38 [1/1] (0.51ns)   --->   "%empty = read i44 @_ssdm_op_Read.axis.volatile.i32P0A.i4P0A.i4P0A.i1P0A.i1P0A.i1P0A.i1P0A, i32 %s_axis_input_V_data_V, i4 %s_axis_input_V_keep_V, i4 %s_axis_input_V_strb_V, i1 %s_axis_input_V_user_V, i1 %s_axis_input_V_last_V, i1 %s_axis_input_V_id_V, i1 %s_axis_input_V_dest_V" [bnn_top.cpp:48]   --->   Operation 38 'read' 'empty' <Predicate = true> <Delay = 0.51> <CoreInst = "regslice">   --->   Core 135 'regslice' <Latency = 0> <II = 1> <Delay = 1.86> <Adapter> <Opcode : 'read' 'write'>
ST_2 : Operation 39 [1/1] (0.00ns)   --->   "%p_s = extractvalue i44 %empty" [bnn_top.cpp:48]   --->   Operation 39 'extractvalue' 'p_s' <Predicate = true> <Delay = 0.00>
ST_2 : Operation 40 [1/1] (0.00ns)   --->   "%trunc_ln49 = trunc i32 %p_s" [bnn_top.cpp:49]   --->   Operation 40 'trunc' 'trunc_ln49' <Predicate = true> <Delay = 0.00>
ST_2 : Operation 41 [1/1] (0.00ns)   --->   "%shl_ln2 = bitconcatenate i26 @_ssdm_op_BitConcatenate.i26.i16.i10, i16 %trunc_ln49, i10 0" [bnn_top.cpp:49]   --->   Operation 41 'bitconcatenate' 'shl_ln2' <Predicate = true> <Delay = 0.00>
ST_2 : Operation 42 [1/2] ( I:3.25ns O:3.25ns )   --->   "%act1_load = load i8 %act1_addr" [bnn_top.cpp:49]   --->   Operation 42 'load' 'act1_load' <Predicate = true> <Delay = 3.25> <CoreInst = "RAM">   --->   Core 81 'RAM' <Latency = 1> <II = 1> <Delay = 3.25> <Storage> <Opcode : 'load' 'store'> <Ports = 2> <Width = 16> <Depth = 256> <RAM>
ST_2 : Operation 43 [1/1] (0.00ns)   --->   "%shl_ln49_1 = bitconcatenate i26 @_ssdm_op_BitConcatenate.i26.i16.i10, i16 %act1_load, i10 0" [bnn_top.cpp:49]   --->   Operation 43 'bitconcatenate' 'shl_ln49_1' <Predicate = true> <Delay = 0.00>
ST_2 : Operation 44 [1/1] (0.00ns)   --->   "%sext_ln49 = sext i26 %shl_ln2" [bnn_top.cpp:49]   --->   Operation 44 'sext' 'sext_ln49' <Predicate = true> <Delay = 0.00>
ST_2 : Operation 45 [1/1] (0.00ns)   --->   "%sext_ln49_1 = sext i26 %shl_ln49_1" [bnn_top.cpp:49]   --->   Operation 45 'sext' 'sext_ln49_1' <Predicate = true> <Delay = 0.00>
ST_2 : Operation 46 [1/1] (6.91ns)   --->   "%mul_ln49 = mul i52 %sext_ln49_1, i52 %sext_ln49" [bnn_top.cpp:49]   --->   Operation 46 'mul' 'mul_ln49' <Predicate = true> <Delay = 6.91> <CoreInst = "Multiplier">   --->   Core 3 'Multiplier' <Latency = 0> <II = 1> <Delay = 6.91> <FuncUnit> <Opcode : 'mul'> <InPorts = 2> <OutPorts = 1>
ST_2 : Operation 47 [1/1] (1.82ns)   --->   "%icmp_ln46_1 = icmp_eq  i9 %add_ln46, i9 256" [bnn_top.cpp:46]   --->   Operation 47 'icmp' 'icmp_ln46_1' <Predicate = true> <Delay = 1.82> <CoreInst = "Cmp">   --->   Core 9 'Cmp' <Latency = 0> <II = 1> <Delay = 1.82> <FuncUnit> <Opcode : 'seteq' 'setne' 'setle' 'setge' 'setlt' 'setgt'> <InPorts = 2> <OutPorts = 1>
ST_2 : Operation 48 [1/1] (0.00ns)   --->   "%br_ln46 = br i1 %icmp_ln46_1, void %new.latch.for.body67.split, void %last.iter.for.body67.split" [bnn_top.cpp:46]   --->   Operation 48 'br' 'br_ln46' <Predicate = true> <Delay = 0.00>

State 3 <SV = 2> <Delay = 10.7>
ST_3 : Operation 49 [1/1] (0.00ns)   --->   "%acc_5_load = load i32 %acc_5" [bnn_top.cpp:44]   --->   Operation 49 'load' 'acc_5_load' <Predicate = (!icmp_ln46)> <Delay = 0.00>
ST_3 : Operation 50 [1/1] (0.69ns)   --->   "%select_ln44_2 = select i1 %icmp_ln46, i32 0, i32 %acc_5_load" [bnn_top.cpp:44]   --->   Operation 50 'select' 'select_ln44_2' <Predicate = true> <Delay = 0.69> <CoreInst = "Sel">   --->   Core 73 'Sel' <Latency = 0> <II = 1> <Delay = 0.69> <FuncUnit> <Opcode : 'select'> <InPorts = 3> <OutPorts = 1>
ST_3 : Operation 51 [1/1] (0.00ns)   --->   "%shl_ln49_2 = bitconcatenate i52 @_ssdm_op_BitConcatenate.i52.i32.i20, i32 %select_ln44_2, i20 0" [bnn_top.cpp:49]   --->   Operation 51 'bitconcatenate' 'shl_ln49_2' <Predicate = true> <Delay = 0.00>
ST_3 : Operation 52 [1/1] (0.00ns)   --->   "%sext_ln49_2 = sext i52 %shl_ln49_2" [bnn_top.cpp:49]   --->   Operation 52 'sext' 'sext_ln49_2' <Predicate = true> <Delay = 0.00>
ST_3 : Operation 53 [1/1] (0.00ns)   --->   "%sext_ln49_3 = sext i52 %mul_ln49" [bnn_top.cpp:49]   --->   Operation 53 'sext' 'sext_ln49_3' <Predicate = true> <Delay = 0.00>
ST_3 : Operation 54 [1/1] (3.21ns)   --->   "%add_ln49_1 = add i52 %shl_ln49_2, i52 %mul_ln49" [bnn_top.cpp:49]   --->   Operation 54 'add' 'add_ln49_1' <Predicate = true> <Delay = 3.21> <CoreInst = "Adder">   --->   Core 1 'Adder' <Latency = 0> <II = 1> <Delay = 3.21> <FuncUnit> <Opcode : 'add' 'sub'> <InPorts = 2> <OutPorts = 1>
ST_3 : Operation 55 [1/1] (3.21ns)   --->   "%add_ln49 = add i53 %sext_ln49_2, i53 %sext_ln49_3" [bnn_top.cpp:49]   --->   Operation 55 'add' 'add_ln49' <Predicate = true> <Delay = 3.21> <CoreInst = "Adder">   --->   Core 1 'Adder' <Latency = 0> <II = 1> <Delay = 3.21> <FuncUnit> <Opcode : 'add' 'sub'> <InPorts = 2> <OutPorts = 1>
ST_3 : Operation 56 [1/1] (0.00ns)   --->   "%tmp = bitselect i1 @_ssdm_op_BitSelect.i1.i53.i32, i53 %add_ln49, i32 52" [bnn_top.cpp:49]   --->   Operation 56 'bitselect' 'tmp' <Predicate = true> <Delay = 0.00>
ST_3 : Operation 57 [1/1] (0.00ns) (grouped into LUT with out node acc_7)   --->   "%acc = partselect i32 @_ssdm_op_PartSelect.i32.i52.i32.i32, i52 %add_ln49_1, i32 20, i32 51" [bnn_top.cpp:49]   --->   Operation 57 'partselect' 'acc' <Predicate = true> <Delay = 0.00>
ST_3 : Operation 58 [1/1] (0.00ns) (grouped into LUT with out node acc_7)   --->   "%tmp_20 = bitselect i1 @_ssdm_op_BitSelect.i1.i52.i32, i52 %mul_ln49, i32 19" [bnn_top.cpp:49]   --->   Operation 58 'bitselect' 'tmp_20' <Predicate = true> <Delay = 0.00>
ST_3 : Operation 59 [1/1] (0.00ns)   --->   "%tmp_21 = bitselect i1 @_ssdm_op_BitSelect.i1.i52.i32, i52 %add_ln49_1, i32 51" [bnn_top.cpp:49]   --->   Operation 59 'bitselect' 'tmp_21' <Predicate = true> <Delay = 0.00>
ST_3 : Operation 60 [1/1] (0.00ns) (grouped into LUT with out node acc_7)   --->   "%and_ln49 = and i1 %tmp, i1 %tmp_20" [bnn_top.cpp:49]   --->   Operation 60 'and' 'and_ln49' <Predicate = true> <Delay = 0.00> <CoreInst = "LogicGate">   --->   Core 74 'LogicGate' <Latency = 0> <II = 1> <Delay = 0.97> <FuncUnit> <Opcode : 'and' 'or' 'xor'> <InPorts = 2> <OutPorts = 1>
ST_3 : Operation 61 [1/1] (0.00ns) (grouped into LUT with out node acc_7)   --->   "%zext_ln49 = zext i1 %and_ln49" [bnn_top.cpp:49]   --->   Operation 61 'zext' 'zext_ln49' <Predicate = true> <Delay = 0.00>
ST_3 : Operation 62 [1/1] (2.55ns) (out node of the LUT)   --->   "%acc_7 = add i32 %acc, i32 %zext_ln49" [bnn_top.cpp:49]   --->   Operation 62 'add' 'acc_7' <Predicate = true> <Delay = 2.55> <CoreInst = "Adder">   --->   Core 1 'Adder' <Latency = 0> <II = 1> <Delay = 2.55> <FuncUnit> <Opcode : 'add' 'sub'> <InPorts = 2> <OutPorts = 1>
ST_3 : Operation 63 [1/1] (0.00ns)   --->   "%tmp_22 = bitselect i1 @_ssdm_op_BitSelect.i1.i32.i32, i32 %acc_7, i32 31" [bnn_top.cpp:49]   --->   Operation 63 'bitselect' 'tmp_22' <Predicate = true> <Delay = 0.00>
ST_3 : Operation 64 [1/1] (0.00ns) (grouped into LUT with out node or_ln49_2)   --->   "%xor_ln49 = xor i1 %tmp_22, i1 1" [bnn_top.cpp:49]   --->   Operation 64 'xor' 'xor_ln49' <Predicate = true> <Delay = 0.00> <CoreInst = "LogicGate">   --->   Core 74 'LogicGate' <Latency = 0> <II = 1> <Delay = 0.97> <FuncUnit> <Opcode : 'and' 'or' 'xor'> <InPorts = 2> <OutPorts = 1>
ST_3 : Operation 65 [1/1] (0.00ns) (grouped into LUT with out node or_ln49_2)   --->   "%and_ln49_1 = and i1 %tmp_21, i1 %xor_ln49" [bnn_top.cpp:49]   --->   Operation 65 'and' 'and_ln49_1' <Predicate = true> <Delay = 0.00> <CoreInst = "LogicGate">   --->   Core 74 'LogicGate' <Latency = 0> <II = 1> <Delay = 0.97> <FuncUnit> <Opcode : 'and' 'or' 'xor'> <InPorts = 2> <OutPorts = 1>
ST_3 : Operation 66 [1/1] (0.00ns) (grouped into LUT with out node and_ln49_2)   --->   "%xor_ln49_2 = xor i1 %tmp_21, i1 1" [bnn_top.cpp:49]   --->   Operation 66 'xor' 'xor_ln49_2' <Predicate = true> <Delay = 0.00> <CoreInst = "LogicGate">   --->   Core 74 'LogicGate' <Latency = 0> <II = 1> <Delay = 0.97> <FuncUnit> <Opcode : 'and' 'or' 'xor'> <InPorts = 2> <OutPorts = 1>
ST_3 : Operation 67 [1/1] (0.00ns) (grouped into LUT with out node and_ln49_2)   --->   "%or_ln49 = or i1 %tmp_22, i1 %xor_ln49_2" [bnn_top.cpp:49]   --->   Operation 67 'or' 'or_ln49' <Predicate = true> <Delay = 0.00> <CoreInst = "LogicGate">   --->   Core 74 'LogicGate' <Latency = 0> <II = 1> <Delay = 0.97> <FuncUnit> <Opcode : 'and' 'or' 'xor'> <InPorts = 2> <OutPorts = 1>
ST_3 : Operation 68 [1/1] (0.00ns) (grouped into LUT with out node and_ln49_2)   --->   "%xor_ln49_1 = xor i1 %tmp, i1 1" [bnn_top.cpp:49]   --->   Operation 68 'xor' 'xor_ln49_1' <Predicate = true> <Delay = 0.00> <CoreInst = "LogicGate">   --->   Core 74 'LogicGate' <Latency = 0> <II = 1> <Delay = 0.97> <FuncUnit> <Opcode : 'and' 'or' 'xor'> <InPorts = 2> <OutPorts = 1>
ST_3 : Operation 69 [1/1] (0.00ns) (grouped into LUT with out node and_ln49_2)   --->   "%xor_ln49_4 = xor i1 %or_ln49, i1 1" [bnn_top.cpp:49]   --->   Operation 69 'xor' 'xor_ln49_4' <Predicate = true> <Delay = 0.00> <CoreInst = "LogicGate">   --->   Core 74 'LogicGate' <Latency = 0> <II = 1> <Delay = 0.97> <FuncUnit> <Opcode : 'and' 'or' 'xor'> <InPorts = 2> <OutPorts = 1>
ST_3 : Operation 70 [1/1] (0.00ns) (grouped into LUT with out node and_ln49_2)   --->   "%xor_ln49_3 = xor i1 %xor_ln49_4, i1 %tmp" [bnn_top.cpp:49]   --->   Operation 70 'xor' 'xor_ln49_3' <Predicate = true> <Delay = 0.00> <CoreInst = "LogicGate">   --->   Core 74 'LogicGate' <Latency = 0> <II = 1> <Delay = 0.97> <FuncUnit> <Opcode : 'and' 'or' 'xor'> <InPorts = 2> <OutPorts = 1>
ST_3 : Operation 71 [1/1] (0.00ns) (grouped into LUT with out node and_ln49_2)   --->   "%or_ln49_1 = or i1 %tmp_22, i1 %xor_ln49_3" [bnn_top.cpp:49]   --->   Operation 71 'or' 'or_ln49_1' <Predicate = true> <Delay = 0.00> <CoreInst = "LogicGate">   --->   Core 74 'LogicGate' <Latency = 0> <II = 1> <Delay = 0.97> <FuncUnit> <Opcode : 'and' 'or' 'xor'> <InPorts = 2> <OutPorts = 1>
ST_3 : Operation 72 [1/1] (0.97ns) (out node of the LUT)   --->   "%and_ln49_2 = and i1 %or_ln49_1, i1 %xor_ln49_1" [bnn_top.cpp:49]   --->   Operation 72 'and' 'and_ln49_2' <Predicate = true> <Delay = 0.97> <CoreInst = "LogicGate">   --->   Core 74 'LogicGate' <Latency = 0> <II = 1> <Delay = 0.97> <FuncUnit> <Opcode : 'and' 'or' 'xor'> <InPorts = 2> <OutPorts = 1>
ST_3 : Operation 73 [1/1] (0.00ns) (grouped into LUT with out node or_ln49_2)   --->   "%or_ln49_3 = or i1 %and_ln49_1, i1 %tmp_22" [bnn_top.cpp:49]   --->   Operation 73 'or' 'or_ln49_3' <Predicate = true> <Delay = 0.00> <CoreInst = "LogicGate">   --->   Core 74 'LogicGate' <Latency = 0> <II = 1> <Delay = 0.97> <FuncUnit> <Opcode : 'and' 'or' 'xor'> <InPorts = 2> <OutPorts = 1>
ST_3 : Operation 74 [1/1] (0.00ns) (grouped into LUT with out node or_ln49_2)   --->   "%xor_ln49_5 = xor i1 %or_ln49_3, i1 1" [bnn_top.cpp:49]   --->   Operation 74 'xor' 'xor_ln49_5' <Predicate = true> <Delay = 0.00> <CoreInst = "LogicGate">   --->   Core 74 'LogicGate' <Latency = 0> <II = 1> <Delay = 0.97> <FuncUnit> <Opcode : 'and' 'or' 'xor'> <InPorts = 2> <OutPorts = 1>
ST_3 : Operation 75 [1/1] (0.00ns) (grouped into LUT with out node or_ln49_2)   --->   "%and_ln49_3 = and i1 %tmp, i1 %xor_ln49_5" [bnn_top.cpp:49]   --->   Operation 75 'and' 'and_ln49_3' <Predicate = true> <Delay = 0.00> <CoreInst = "LogicGate">   --->   Core 74 'LogicGate' <Latency = 0> <II = 1> <Delay = 0.97> <FuncUnit> <Opcode : 'and' 'or' 'xor'> <InPorts = 2> <OutPorts = 1>
ST_3 : Operation 76 [1/1] (0.00ns) (grouped into LUT with out node acc_8)   --->   "%select_ln49 = select i1 %and_ln49_2, i32 2147483647, i32 2147483648" [bnn_top.cpp:49]   --->   Operation 76 'select' 'select_ln49' <Predicate = true> <Delay = 0.00> <CoreInst = "Sel">   --->   Core 73 'Sel' <Latency = 0> <II = 1> <Delay = 0.69> <FuncUnit> <Opcode : 'select'> <InPorts = 3> <OutPorts = 1>
ST_3 : Operation 77 [1/1] (0.97ns) (out node of the LUT)   --->   "%or_ln49_2 = or i1 %and_ln49_2, i1 %and_ln49_3" [bnn_top.cpp:49]   --->   Operation 77 'or' 'or_ln49_2' <Predicate = true> <Delay = 0.97> <CoreInst = "LogicGate">   --->   Core 74 'LogicGate' <Latency = 0> <II = 1> <Delay = 0.97> <FuncUnit> <Opcode : 'and' 'or' 'xor'> <InPorts = 2> <OutPorts = 1>
ST_3 : Operation 78 [1/1] (0.69ns) (out node of the LUT)   --->   "%acc_8 = select i1 %or_ln49_2, i32 %select_ln49, i32 %acc_7" [bnn_top.cpp:49]   --->   Operation 78 'select' 'acc_8' <Predicate = true> <Delay = 0.69> <CoreInst = "Sel">   --->   Core 73 'Sel' <Latency = 0> <II = 1> <Delay = 0.69> <FuncUnit> <Opcode : 'select'> <InPorts = 3> <OutPorts = 1>
ST_3 : Operation 79 [1/1] (0.00ns)   --->   "%tmp_23 = bitselect i1 @_ssdm_op_BitSelect.i1.i32.i32, i32 %acc_8, i32 31" [bnn_top.cpp:51]   --->   Operation 79 'bitselect' 'tmp_23' <Predicate = true> <Delay = 0.00>
ST_3 : Operation 80 [1/1] (0.00ns)   --->   "%trunc_ln51 = trunc i32 %acc_8" [bnn_top.cpp:51]   --->   Operation 80 'trunc' 'trunc_ln51' <Predicate = true> <Delay = 0.00>
ST_3 : Operation 81 [1/1] (0.00ns)   --->   "%tmp_s = partselect i5 @_ssdm_op_PartSelect.i5.i32.i32, i32 %acc_8, i32 27" [bnn_top.cpp:51]   --->   Operation 81 'partselect' 'tmp_s' <Predicate = true> <Delay = 0.00>
ST_3 : Operation 82 [1/1] (0.00ns)   --->   "%tmp_11 = partselect i6 @_ssdm_op_PartSelect.i6.i32.i32, i32 %acc_8, i32 26" [bnn_top.cpp:51]   --->   Operation 82 'partselect' 'tmp_11' <Predicate = true> <Delay = 0.00>
ST_3 : Operation 83 [1/1] (1.58ns)   --->   "%store_ln45 = store i32 %acc_8, i32 %acc_5" [bnn_top.cpp:45]   --->   Operation 83 'store' 'store_ln45' <Predicate = true> <Delay = 1.58>

State 4 <SV = 3> <Delay = 6.84>
ST_4 : Operation 84 [1/1] (0.00ns) (grouped into LUT with out node add_ln51)   --->   "%trunc_ln1 = partselect i16 @_ssdm_op_PartSelect.i16.i32.i32.i32, i32 %acc_8, i32 10, i32 25" [bnn_top.cpp:51]   --->   Operation 84 'partselect' 'trunc_ln1' <Predicate = true> <Delay = 0.00>
ST_4 : Operation 85 [1/1] (0.00ns) (grouped into LUT with out node add_ln51)   --->   "%tmp_24 = bitselect i1 @_ssdm_op_BitSelect.i1.i32.i32, i32 %acc_8, i32 9" [bnn_top.cpp:51]   --->   Operation 85 'bitselect' 'tmp_24' <Predicate = true> <Delay = 0.00>
ST_4 : Operation 86 [1/1] (1.82ns)   --->   "%icmp_ln51 = icmp_ne  i9 %trunc_ln51, i9 0" [bnn_top.cpp:51]   --->   Operation 86 'icmp' 'icmp_ln51' <Predicate = true> <Delay = 1.82> <CoreInst = "Cmp">   --->   Core 9 'Cmp' <Latency = 0> <II = 1> <Delay = 1.82> <FuncUnit> <Opcode : 'seteq' 'setne' 'setle' 'setge' 'setlt' 'setgt'> <InPorts = 2> <OutPorts = 1>
ST_4 : Operation 87 [1/1] (0.00ns) (grouped into LUT with out node and_ln51_1)   --->   "%tmp_27 = bitselect i1 @_ssdm_op_BitSelect.i1.i32.i32, i32 %acc_8, i32 25" [bnn_top.cpp:51]   --->   Operation 87 'bitselect' 'tmp_27' <Predicate = true> <Delay = 0.00>
ST_4 : Operation 88 [1/1] (0.00ns) (grouped into LUT with out node add_ln51)   --->   "%or_ln51 = or i1 %tmp_23, i1 %icmp_ln51" [bnn_top.cpp:51]   --->   Operation 88 'or' 'or_ln51' <Predicate = true> <Delay = 0.00> <CoreInst = "LogicGate">   --->   Core 74 'LogicGate' <Latency = 0> <II = 1> <Delay = 0.97> <FuncUnit> <Opcode : 'and' 'or' 'xor'> <InPorts = 2> <OutPorts = 1>
ST_4 : Operation 89 [1/1] (0.00ns) (grouped into LUT with out node add_ln51)   --->   "%and_ln51 = and i1 %or_ln51, i1 %tmp_24" [bnn_top.cpp:51]   --->   Operation 89 'and' 'and_ln51' <Predicate = true> <Delay = 0.00> <CoreInst = "LogicGate">   --->   Core 74 'LogicGate' <Latency = 0> <II = 1> <Delay = 0.97> <FuncUnit> <Opcode : 'and' 'or' 'xor'> <InPorts = 2> <OutPorts = 1>
ST_4 : Operation 90 [1/1] (0.00ns) (grouped into LUT with out node add_ln51)   --->   "%zext_ln51 = zext i1 %and_ln51" [bnn_top.cpp:51]   --->   Operation 90 'zext' 'zext_ln51' <Predicate = true> <Delay = 0.00>
ST_4 : Operation 91 [1/1] (2.07ns) (out node of the LUT)   --->   "%add_ln51 = add i16 %trunc_ln1, i16 %zext_ln51" [bnn_top.cpp:51]   --->   Operation 91 'add' 'add_ln51' <Predicate = true> <Delay = 2.07> <CoreInst = "Adder">   --->   Core 1 'Adder' <Latency = 0> <II = 1> <Delay = 2.07> <FuncUnit> <Opcode : 'add' 'sub'> <InPorts = 2> <OutPorts = 1>
ST_4 : Operation 92 [1/1] (0.00ns)   --->   "%tmp_28 = bitselect i1 @_ssdm_op_BitSelect.i1.i16.i32, i16 %add_ln51, i32 15" [bnn_top.cpp:51]   --->   Operation 92 'bitselect' 'tmp_28' <Predicate = true> <Delay = 0.00>
ST_4 : Operation 93 [1/1] (0.00ns) (grouped into LUT with out node and_ln51_1)   --->   "%xor_ln51 = xor i1 %tmp_28, i1 1" [bnn_top.cpp:51]   --->   Operation 93 'xor' 'xor_ln51' <Predicate = true> <Delay = 0.00> <CoreInst = "LogicGate">   --->   Core 74 'LogicGate' <Latency = 0> <II = 1> <Delay = 0.97> <FuncUnit> <Opcode : 'and' 'or' 'xor'> <InPorts = 2> <OutPorts = 1>
ST_4 : Operation 94 [1/1] (0.97ns) (out node of the LUT)   --->   "%and_ln51_1 = and i1 %tmp_27, i1 %xor_ln51" [bnn_top.cpp:51]   --->   Operation 94 'and' 'and_ln51_1' <Predicate = true> <Delay = 0.97> <CoreInst = "LogicGate">   --->   Core 74 'LogicGate' <Latency = 0> <II = 1> <Delay = 0.97> <FuncUnit> <Opcode : 'and' 'or' 'xor'> <InPorts = 2> <OutPorts = 1>
ST_4 : Operation 95 [1/1] (0.00ns) (grouped into LUT with out node and_ln51_5)   --->   "%tmp_29 = bitselect i1 @_ssdm_op_BitSelect.i1.i32.i32, i32 %acc_8, i32 26" [bnn_top.cpp:51]   --->   Operation 95 'bitselect' 'tmp_29' <Predicate = true> <Delay = 0.00>
ST_4 : Operation 96 [1/1] (1.78ns)   --->   "%icmp_ln51_1 = icmp_eq  i5 %tmp_s, i5 31" [bnn_top.cpp:51]   --->   Operation 96 'icmp' 'icmp_ln51_1' <Predicate = true> <Delay = 1.78> <CoreInst = "Cmp">   --->   Core 9 'Cmp' <Latency = 0> <II = 1> <Delay = 1.78> <FuncUnit> <Opcode : 'seteq' 'setne' 'setle' 'setge' 'setlt' 'setgt'> <InPorts = 2> <OutPorts = 1>
ST_4 : Operation 97 [1/1] (1.82ns)   --->   "%icmp_ln51_2 = icmp_eq  i6 %tmp_11, i6 63" [bnn_top.cpp:51]   --->   Operation 97 'icmp' 'icmp_ln51_2' <Predicate = true> <Delay = 1.82> <CoreInst = "Cmp">   --->   Core 9 'Cmp' <Latency = 0> <II = 1> <Delay = 1.82> <FuncUnit> <Opcode : 'seteq' 'setne' 'setle' 'setge' 'setlt' 'setgt'> <InPorts = 2> <OutPorts = 1>
ST_4 : Operation 98 [1/1] (1.82ns)   --->   "%icmp_ln51_3 = icmp_eq  i6 %tmp_11, i6 0" [bnn_top.cpp:51]   --->   Operation 98 'icmp' 'icmp_ln51_3' <Predicate = true> <Delay = 1.82> <CoreInst = "Cmp">   --->   Core 9 'Cmp' <Latency = 0> <II = 1> <Delay = 1.82> <FuncUnit> <Opcode : 'seteq' 'setne' 'setle' 'setge' 'setlt' 'setgt'> <InPorts = 2> <OutPorts = 1>
ST_4 : Operation 99 [1/1] (0.00ns) (grouped into LUT with out node and_ln51_4)   --->   "%select_ln51 = select i1 %and_ln51_1, i1 %icmp_ln51_2, i1 %icmp_ln51_3" [bnn_top.cpp:51]   --->   Operation 99 'select' 'select_ln51' <Predicate = true> <Delay = 0.00> <CoreInst = "Sel">   --->   Core 73 'Sel' <Latency = 0> <II = 1> <Delay = 0.99> <FuncUnit> <Opcode : 'select'> <InPorts = 3> <OutPorts = 1>
ST_4 : Operation 100 [1/1] (0.00ns) (grouped into LUT with out node and_ln51_5)   --->   "%xor_ln51_1 = xor i1 %tmp_29, i1 1" [bnn_top.cpp:51]   --->   Operation 100 'xor' 'xor_ln51_1' <Predicate = true> <Delay = 0.00> <CoreInst = "LogicGate">   --->   Core 74 'LogicGate' <Latency = 0> <II = 1> <Delay = 0.97> <FuncUnit> <Opcode : 'and' 'or' 'xor'> <InPorts = 2> <OutPorts = 1>
ST_4 : Operation 101 [1/1] (0.00ns) (grouped into LUT with out node and_ln51_5)   --->   "%and_ln51_2 = and i1 %icmp_ln51_1, i1 %xor_ln51_1" [bnn_top.cpp:51]   --->   Operation 101 'and' 'and_ln51_2' <Predicate = true> <Delay = 0.00> <CoreInst = "LogicGate">   --->   Core 74 'LogicGate' <Latency = 0> <II = 1> <Delay = 0.97> <FuncUnit> <Opcode : 'and' 'or' 'xor'> <InPorts = 2> <OutPorts = 1>
ST_4 : Operation 102 [1/1] (0.00ns) (grouped into LUT with out node and_ln51_5)   --->   "%select_ln51_1 = select i1 %and_ln51_1, i1 %and_ln51_2, i1 %icmp_ln51_2" [bnn_top.cpp:51]   --->   Operation 102 'select' 'select_ln51_1' <Predicate = true> <Delay = 0.00> <CoreInst = "Sel">   --->   Core 73 'Sel' <Latency = 0> <II = 1> <Delay = 0.99> <FuncUnit> <Opcode : 'select'> <InPorts = 3> <OutPorts = 1>
ST_4 : Operation 103 [1/1] (0.00ns) (grouped into LUT with out node or_ln51_2)   --->   "%and_ln51_3 = and i1 %and_ln51_1, i1 %icmp_ln51_2" [bnn_top.cpp:51]   --->   Operation 103 'and' 'and_ln51_3' <Predicate = true> <Delay = 0.00> <CoreInst = "LogicGate">   --->   Core 74 'LogicGate' <Latency = 0> <II = 1> <Delay = 0.97> <FuncUnit> <Opcode : 'and' 'or' 'xor'> <InPorts = 2> <OutPorts = 1>
ST_4 : Operation 104 [1/1] (0.00ns) (grouped into LUT with out node and_ln51_4)   --->   "%xor_ln51_2 = xor i1 %select_ln51, i1 1" [bnn_top.cpp:51]   --->   Operation 104 'xor' 'xor_ln51_2' <Predicate = true> <Delay = 0.00> <CoreInst = "LogicGate">   --->   Core 74 'LogicGate' <Latency = 0> <II = 1> <Delay = 0.97> <FuncUnit> <Opcode : 'and' 'or' 'xor'> <InPorts = 2> <OutPorts = 1>
ST_4 : Operation 105 [1/1] (0.00ns) (grouped into LUT with out node and_ln51_4)   --->   "%or_ln51_1 = or i1 %tmp_28, i1 %xor_ln51_2" [bnn_top.cpp:51]   --->   Operation 105 'or' 'or_ln51_1' <Predicate = true> <Delay = 0.00> <CoreInst = "LogicGate">   --->   Core 74 'LogicGate' <Latency = 0> <II = 1> <Delay = 0.97> <FuncUnit> <Opcode : 'and' 'or' 'xor'> <InPorts = 2> <OutPorts = 1>
ST_4 : Operation 106 [1/1] (0.00ns) (grouped into LUT with out node and_ln51_4)   --->   "%xor_ln51_3 = xor i1 %tmp_23, i1 1" [bnn_top.cpp:51]   --->   Operation 106 'xor' 'xor_ln51_3' <Predicate = true> <Delay = 0.00> <CoreInst = "LogicGate">   --->   Core 74 'LogicGate' <Latency = 0> <II = 1> <Delay = 0.97> <FuncUnit> <Opcode : 'and' 'or' 'xor'> <InPorts = 2> <OutPorts = 1>
ST_4 : Operation 107 [1/1] (0.99ns) (out node of the LUT)   --->   "%and_ln51_4 = and i1 %or_ln51_1, i1 %xor_ln51_3" [bnn_top.cpp:51]   --->   Operation 107 'and' 'and_ln51_4' <Predicate = true> <Delay = 0.99> <CoreInst = "LogicGate">   --->   Core 74 'LogicGate' <Latency = 0> <II = 1> <Delay = 0.97> <FuncUnit> <Opcode : 'and' 'or' 'xor'> <InPorts = 2> <OutPorts = 1>
ST_4 : Operation 108 [1/1] (0.99ns) (out node of the LUT)   --->   "%and_ln51_5 = and i1 %tmp_28, i1 %select_ln51_1" [bnn_top.cpp:51]   --->   Operation 108 'and' 'and_ln51_5' <Predicate = true> <Delay = 0.99> <CoreInst = "LogicGate">   --->   Core 74 'LogicGate' <Latency = 0> <II = 1> <Delay = 0.97> <FuncUnit> <Opcode : 'and' 'or' 'xor'> <InPorts = 2> <OutPorts = 1>
ST_4 : Operation 109 [1/1] (0.00ns) (grouped into LUT with out node or_ln51_2)   --->   "%or_ln51_3 = or i1 %and_ln51_3, i1 %and_ln51_5" [bnn_top.cpp:51]   --->   Operation 109 'or' 'or_ln51_3' <Predicate = true> <Delay = 0.00> <CoreInst = "LogicGate">   --->   Core 74 'LogicGate' <Latency = 0> <II = 1> <Delay = 0.97> <FuncUnit> <Opcode : 'and' 'or' 'xor'> <InPorts = 2> <OutPorts = 1>
ST_4 : Operation 110 [1/1] (0.00ns) (grouped into LUT with out node or_ln51_2)   --->   "%xor_ln51_4 = xor i1 %or_ln51_3, i1 1" [bnn_top.cpp:51]   --->   Operation 110 'xor' 'xor_ln51_4' <Predicate = true> <Delay = 0.00> <CoreInst = "LogicGate">   --->   Core 74 'LogicGate' <Latency = 0> <II = 1> <Delay = 0.97> <FuncUnit> <Opcode : 'and' 'or' 'xor'> <InPorts = 2> <OutPorts = 1>
ST_4 : Operation 111 [1/1] (0.00ns) (grouped into LUT with out node or_ln51_2)   --->   "%and_ln51_6 = and i1 %tmp_23, i1 %xor_ln51_4" [bnn_top.cpp:51]   --->   Operation 111 'and' 'and_ln51_6' <Predicate = true> <Delay = 0.00> <CoreInst = "LogicGate">   --->   Core 74 'LogicGate' <Latency = 0> <II = 1> <Delay = 0.97> <FuncUnit> <Opcode : 'and' 'or' 'xor'> <InPorts = 2> <OutPorts = 1>
ST_4 : Operation 112 [1/1] (0.97ns) (out node of the LUT)   --->   "%or_ln51_2 = or i1 %and_ln51_4, i1 %and_ln51_6" [bnn_top.cpp:51]   --->   Operation 112 'or' 'or_ln51_2' <Predicate = true> <Delay = 0.97> <CoreInst = "LogicGate">   --->   Core 74 'LogicGate' <Latency = 0> <II = 1> <Delay = 0.97> <FuncUnit> <Opcode : 'and' 'or' 'xor'> <InPorts = 2> <OutPorts = 1>
ST_4 : Operation 127 [1/1] (1.58ns)   --->   "%ret_ln0 = ret"   --->   Operation 127 'ret' 'ret_ln0' <Predicate = (icmp_ln44)> <Delay = 1.58>

State 5 <SV = 4> <Delay = 6.04>
ST_5 : Operation 113 [1/1] (0.00ns)   --->   "%o_2_load = load i9 %o_2" [bnn_top.cpp:44]   --->   Operation 113 'load' 'o_2_load' <Predicate = true> <Delay = 0.00>
ST_5 : Operation 114 [1/1] (0.00ns)   --->   "%specloopname_ln0 = specloopname void @_ssdm_op_SpecLoopName, void @L2_W_L2_IN_str"   --->   Operation 114 'specloopname' 'specloopname_ln0' <Predicate = true> <Delay = 0.00>
ST_5 : Operation 115 [1/1] (0.00ns)   --->   "%speclooptripcount_ln0 = speclooptripcount void @_ssdm_op_SpecLoopTripCount, i64 65536, i64 65536, i64 65536"   --->   Operation 115 'speclooptripcount' 'speclooptripcount_ln0' <Predicate = true> <Delay = 0.00>
ST_5 : Operation 116 [1/1] (1.82ns)   --->   "%add_ln44_1 = add i9 %o_2_load, i9 1" [bnn_top.cpp:44]   --->   Operation 116 'add' 'add_ln44_1' <Predicate = (icmp_ln46)> <Delay = 1.82> <CoreInst = "Adder">   --->   Core 1 'Adder' <Latency = 0> <II = 1> <Delay = 1.82> <FuncUnit> <Opcode : 'add' 'sub'> <InPorts = 2> <OutPorts = 1>
ST_5 : Operation 117 [1/1] (0.96ns)   --->   "%select_ln44_1 = select i1 %icmp_ln46, i9 %add_ln44_1, i9 %o_2_load" [bnn_top.cpp:44]   --->   Operation 117 'select' 'select_ln44_1' <Predicate = true> <Delay = 0.96> <CoreInst = "Sel">   --->   Core 73 'Sel' <Latency = 0> <II = 1> <Delay = 0.96> <FuncUnit> <Opcode : 'select'> <InPorts = 3> <OutPorts = 1>
ST_5 : Operation 118 [1/1] (0.00ns)   --->   "%zext_ln44 = zext i9 %select_ln44_1" [bnn_top.cpp:44]   --->   Operation 118 'zext' 'zext_ln44' <Predicate = true> <Delay = 0.00>
ST_5 : Operation 119 [1/1] (0.00ns)   --->   "%specpipeline_ln47 = specpipeline void @_ssdm_op_SpecPipeline, i32 1, i32 0, i32 0, i32 0, void @empty_1" [bnn_top.cpp:47]   --->   Operation 119 'specpipeline' 'specpipeline_ln47' <Predicate = true> <Delay = 0.00>
ST_5 : Operation 120 [1/1] (0.00ns) (grouped into LUT with out node select_ln51_3)   --->   "%select_ln51_2 = select i1 %and_ln51_4, i16 32767, i16 32768" [bnn_top.cpp:51]   --->   Operation 120 'select' 'select_ln51_2' <Predicate = (or_ln51_2)> <Delay = 0.00> <CoreInst = "Sel">   --->   Core 73 'Sel' <Latency = 0> <II = 1> <Delay = 0.80> <FuncUnit> <Opcode : 'select'> <InPorts = 3> <OutPorts = 1>
ST_5 : Operation 121 [1/1] (0.80ns) (out node of the LUT)   --->   "%select_ln51_3 = select i1 %or_ln51_2, i16 %select_ln51_2, i16 %add_ln51" [bnn_top.cpp:51]   --->   Operation 121 'select' 'select_ln51_3' <Predicate = true> <Delay = 0.80> <CoreInst = "Sel">   --->   Core 73 'Sel' <Latency = 0> <II = 1> <Delay = 0.80> <FuncUnit> <Opcode : 'select'> <InPorts = 3> <OutPorts = 1>
ST_5 : Operation 122 [1/1] (0.00ns)   --->   "%act2_addr = getelementptr i16 %act2, i64 0, i64 %zext_ln44" [bnn_top.cpp:51]   --->   Operation 122 'getelementptr' 'act2_addr' <Predicate = true> <Delay = 0.00>
ST_5 : Operation 123 [1/1] ( I:3.25ns O:3.25ns )   --->   "%store_ln51 = store i16 %select_ln51_3, i8 %act2_addr" [bnn_top.cpp:51]   --->   Operation 123 'store' 'store_ln51' <Predicate = (icmp_ln46_1)> <Delay = 3.25> <CoreInst = "RAM">   --->   Core 81 'RAM' <Latency = 1> <II = 1> <Delay = 3.25> <Storage> <Opcode : 'load' 'store'> <Ports = 2> <Width = 16> <Depth = 256> <RAM>
ST_5 : Operation 124 [1/1] (0.00ns)   --->   "%br_ln46 = br void %new.latch.for.body67.split" [bnn_top.cpp:46]   --->   Operation 124 'br' 'br_ln46' <Predicate = (icmp_ln46_1)> <Delay = 0.00>
ST_5 : Operation 125 [1/1] (1.58ns)   --->   "%store_ln44 = store i9 %select_ln44_1, i9 %o_2" [bnn_top.cpp:44]   --->   Operation 125 'store' 'store_ln44' <Predicate = true> <Delay = 1.58>
ST_5 : Operation 126 [1/1] (0.00ns)   --->   "%br_ln46 = br void %for.body67" [bnn_top.cpp:46]   --->   Operation 126 'br' 'br_ln46' <Predicate = true> <Delay = 0.00>


============================================================
+ Verbose Summary: Timing violations
============================================================
Target clock period: 10.000ns, clock uncertainty: 2.700ns.

 <State 1>: 7.789ns
The critical path consists of the following:
	'store' operation 0 bit ('store_ln46', bnn_top.cpp:46) of constant 0 on local variable 'i', bnn_top.cpp:46 [24]  (1.588 ns)
	'load' operation 9 bit ('i_load', bnn_top.cpp:46) on local variable 'i', bnn_top.cpp:46 [34]  (0.000 ns)
	'icmp' operation 1 bit ('icmp_ln46', bnn_top.cpp:46) [38]  (1.823 ns)
	'select' operation 9 bit ('select_ln44', bnn_top.cpp:44) [39]  (0.968 ns)
	'add' operation 9 bit ('add_ln46', bnn_top.cpp:46) [84]  (1.823 ns)
	'store' operation 0 bit ('store_ln46', bnn_top.cpp:46) of variable 'add_ln46', bnn_top.cpp:46 on local variable 'i', bnn_top.cpp:46 [129]  (1.588 ns)

 <State 2>: 10.169ns
The critical path consists of the following:
	'load' operation 16 bit ('act1_load', bnn_top.cpp:49) on array 'act1' [50]  (3.254 ns)
	'mul' operation 52 bit ('mul_ln49', bnn_top.cpp:49) [54]  (6.915 ns)

 <State 3>: 10.703ns
The critical path consists of the following:
	'load' operation 32 bit ('acc_5_load', bnn_top.cpp:44) on local variable 'acc', bnn_top.cpp:45 [33]  (0.000 ns)
	'select' operation 32 bit ('select_ln44_2', bnn_top.cpp:44) [55]  (0.698 ns)
	'add' operation 52 bit ('add_ln49_1', bnn_top.cpp:49) [59]  (3.211 ns)
	'add' operation 32 bit ('acc', bnn_top.cpp:49) [67]  (2.552 ns)
	'or' operation 1 bit ('or_ln49_1', bnn_top.cpp:49) [76]  (0.000 ns)
	'and' operation 1 bit ('and_ln49_2', bnn_top.cpp:49) [77]  (0.978 ns)
	'or' operation 1 bit ('or_ln49_2', bnn_top.cpp:49) [82]  (0.978 ns)
	'select' operation 32 bit ('acc', bnn_top.cpp:49) [83]  (0.698 ns)
	'store' operation 0 bit ('store_ln45', bnn_top.cpp:45) of variable 'acc', bnn_top.cpp:49 on local variable 'acc', bnn_top.cpp:45 [130]  (1.588 ns)

 <State 4>: 6.849ns
The critical path consists of the following:
	'icmp' operation 1 bit ('icmp_ln51', bnn_top.cpp:51) [90]  (1.823 ns)
	'or' operation 1 bit ('or_ln51', bnn_top.cpp:51) [92]  (0.000 ns)
	'and' operation 1 bit ('and_ln51', bnn_top.cpp:51) [93]  (0.000 ns)
	'add' operation 16 bit ('add_ln51', bnn_top.cpp:51) [95]  (2.077 ns)
	'xor' operation 1 bit ('xor_ln51', bnn_top.cpp:51) [97]  (0.000 ns)
	'and' operation 1 bit ('and_ln51_1', bnn_top.cpp:51) [98]  (0.978 ns)
	'select' operation 1 bit ('select_ln51', bnn_top.cpp:51) [105]  (0.000 ns)
	'xor' operation 1 bit ('xor_ln51_2', bnn_top.cpp:51) [110]  (0.000 ns)
	'or' operation 1 bit ('or_ln51_1', bnn_top.cpp:51) [111]  (0.000 ns)
	'and' operation 1 bit ('and_ln51_4', bnn_top.cpp:51) [113]  (0.993 ns)
	'or' operation 1 bit ('or_ln51_2', bnn_top.cpp:51) [119]  (0.978 ns)

 <State 5>: 6.044ns
The critical path consists of the following:
	'load' operation 9 bit ('o_2_load', bnn_top.cpp:44) on local variable 'o', bnn_top.cpp:44 [35]  (0.000 ns)
	'add' operation 9 bit ('add_ln44_1', bnn_top.cpp:44) [40]  (1.823 ns)
	'select' operation 9 bit ('select_ln44_1', bnn_top.cpp:44) [41]  (0.968 ns)
	'getelementptr' operation 8 bit ('act2_addr', bnn_top.cpp:51) [121]  (0.000 ns)
	'store' operation 0 bit ('store_ln51', bnn_top.cpp:51) of variable 'select_ln51_3', bnn_top.cpp:51 on array 'act2' [124]  (3.254 ns)


============================================================
+ Verbose Summary: Binding
============================================================
N/A
* FSMD analyzer results:
  - Output states:
 - Input state : 
  - Chain level:
	State 1
	State 2
	State 3
	State 4
	State 5


============================================================
+ Verbose Summary: Datapath Resource usage 
============================================================
N/A
