

================================================================
== Vitis HLS Report for 'bnn_top_Pipeline_WR_OUT'
================================================================
* Date:           Sat May  9 04:49:36 2026

* Version:        2025.1 (Build 6135595 on May 21 2025)
* Project:        bnn_top
* Solution:       solution (Vivado IP Flow Target)
* Product family: zynq
* Target device:  xc7z020-clg400-1


================================================================
== Performance Estimates
================================================================
+ Timing: 
    * Summary: 
    +--------+----------+----------+------------+
    |  Clock |  Target  | Estimated| Uncertainty|
    +--------+----------+----------+------------+
    |ap_clk  |  10.00 ns|  4.741 ns|     2.70 ns|
    +--------+----------+----------+------------+

+ Latency: 
    * Summary: 
    +---------+---------+-----------+-----------+-----+-----+------------------------------------------------+
    |  Latency (cycles) |   Latency (absolute)  |  Interval |                    Pipeline                    |
    |   min   |   max   |    min    |    max    | min | max |                      Type                      |
    +---------+---------+-----------+-----------+-----+-----+------------------------------------------------+
    |        4|        4|  40.000 ns|  40.000 ns|    3|    3|  loop auto-rewind stp (delay=0 clock cycles(s))|
    +---------+---------+-----------+-----------+-----+-----+------------------------------------------------+

    + Detail: 
        * Instance: 
        N/A

        * Loop: 
        +----------+---------+---------+----------+-----------+-----------+------+----------+
        |          |  Latency (cycles) | Iteration|  Initiation Interval  | Trip |          |
        | Loop Name|   min   |   max   |  Latency |  achieved |   target  | Count| Pipelined|
        +----------+---------+---------+----------+-----------+-----------+------+----------+
        |- WR_OUT  |        2|        2|         2|          1|          1|     2|       yes|
        +----------+---------+---------+----------+-----------+-----------+------+----------+

============================================================
+ Verbose Summary: Synthesis Manager
============================================================
InlineROM: 1
ExposeGlobal: 0
============================================================
+ Verbose Summary: CDFG Model
============================================================
IsTopModel: 0
ResetActiveHigh: 1
IsCombinational: 0
IsDatapathOnly: 0
HasWiredReturn: 1
HasMFsm: 2
HasVarLatency: 1
IsPipeline: 0
IsRtlPipelined: 0
IsInstanceOverlapped: 0
IsDontTouch: 0
HasImplIP: 0
IsGatedGlobalClock: 0

+ Individual pipeline summary: 
  * Pipeline-0: initiation interval (II) = 1, depth = 2


============================================================
+ Verbose Summary: Schedule
============================================================
* Number of FSM states : 2
* Pipeline : 1
  Pipeline-0 : II = 1, D = 2, States = { 1 2 }
* Dataflow Pipeline: 0

* FSM state transitions: 
1 --> 2 
2 --> 

* FSM state operations: 

State 1 <SV = 0> <Delay = 4.74>
ST_1 : Operation 5 [1/1] (0.00ns)   --->   "%o = alloca i32 1" [bnn_top.cpp:97]   --->   Operation 5 'alloca' 'o' <Predicate = true> <Delay = 0.00>
ST_1 : Operation 6 [1/1] (0.00ns)   --->   "%specaxissidechannel_ln0 = specaxissidechannel void @_ssdm_op_SpecAXISSideChannel, i32 %m_axis_output_V_data_V, i4 %m_axis_output_V_keep_V, i4 %m_axis_output_V_strb_V, i1 %m_axis_output_V_user_V, i1 %m_axis_output_V_last_V, i1 %m_axis_output_V_id_V, i1 %m_axis_output_V_dest_V, void @empty_4"   --->   Operation 6 'specaxissidechannel' 'specaxissidechannel_ln0' <Predicate = true> <Delay = 0.00>
ST_1 : Operation 7 [1/1] (0.00ns)   --->   "%specinterface_ln0 = specinterface void @_ssdm_op_SpecInterface, i1 %m_axis_output_V_dest_V, i1 %m_axis_output_V_id_V, i1 %m_axis_output_V_last_V, i1 %m_axis_output_V_user_V, i4 %m_axis_output_V_strb_V, i4 %m_axis_output_V_keep_V, i32 %m_axis_output_V_data_V, void @empty, i32 0, i32 0, void @empty_0, i32 0, i32 0, void @empty_1, void @empty_1, void @empty_1, i32 0, i32 0, i32 0, i32 0, void @empty_1, void @empty_1, i32 4294967295, i32 0, i32 0"   --->   Operation 7 'specinterface' 'specinterface_ln0' <Predicate = true> <Delay = 0.00>
ST_1 : Operation 8 [1/1] (0.00ns)   --->   "%act4_load_read = read i16 @_ssdm_op_Read.ap_auto.i16, i16 %act4_load"   --->   Operation 8 'read' 'act4_load_read' <Predicate = true> <Delay = 0.00>
ST_1 : Operation 9 [1/1] (0.00ns)   --->   "%act4_1_load_read = read i16 @_ssdm_op_Read.ap_auto.i16, i16 %act4_1_load"   --->   Operation 9 'read' 'act4_1_load_read' <Predicate = true> <Delay = 0.00>
ST_1 : Operation 10 [1/1] (1.58ns)   --->   "%store_ln97 = store i2 0, i2 %o" [bnn_top.cpp:97]   --->   Operation 10 'store' 'store_ln97' <Predicate = true> <Delay = 1.58>
ST_1 : Operation 11 [1/1] (0.00ns)   --->   "%br_ln97 = br void %for.inc259" [bnn_top.cpp:97]   --->   Operation 11 'br' 'br_ln97' <Predicate = true> <Delay = 0.00>
ST_1 : Operation 12 [1/1] (0.00ns)   --->   "%o_1 = load i2 %o" [bnn_top.cpp:97]   --->   Operation 12 'load' 'o_1' <Predicate = true> <Delay = 0.00>
ST_1 : Operation 13 [1/1] (1.56ns)   --->   "%icmp_ln97 = icmp_eq  i2 %o_1, i2 2" [bnn_top.cpp:97]   --->   Operation 13 'icmp' 'icmp_ln97' <Predicate = true> <Delay = 1.56> <CoreInst = "Cmp">   --->   Core 9 'Cmp' <Latency = 0> <II = 1> <Delay = 1.56> <FuncUnit> <Opcode : 'seteq' 'setne' 'setle' 'setge' 'setlt' 'setgt'> <InPorts = 2> <OutPorts = 1>
ST_1 : Operation 14 [1/1] (1.56ns)   --->   "%add_ln97 = add i2 %o_1, i2 1" [bnn_top.cpp:97]   --->   Operation 14 'add' 'add_ln97' <Predicate = true> <Delay = 1.56> <CoreInst = "Adder">   --->   Core 1 'Adder' <Latency = 0> <II = 1> <Delay = 1.56> <FuncUnit> <Opcode : 'add' 'sub'> <InPorts = 2> <OutPorts = 1>
ST_1 : Operation 15 [1/1] (0.00ns)   --->   "%br_ln97 = br i1 %icmp_ln97, void %for.inc259.split, void %for.end261.exitStub" [bnn_top.cpp:97]   --->   Operation 15 'br' 'br_ln97' <Predicate = true> <Delay = 0.00>
ST_1 : Operation 16 [1/1] (1.56ns)   --->   "%pkt_last = icmp_eq  i2 %o_1, i2 1" [bnn_top.cpp:100]   --->   Operation 16 'icmp' 'pkt_last' <Predicate = (!icmp_ln97)> <Delay = 1.56> <CoreInst = "Cmp">   --->   Core 9 'Cmp' <Latency = 0> <II = 1> <Delay = 1.56> <FuncUnit> <Opcode : 'seteq' 'setne' 'setle' 'setge' 'setlt' 'setgt'> <InPorts = 2> <OutPorts = 1>
ST_1 : Operation 17 [1/1] (1.58ns)   --->   "%store_ln97 = store i2 %add_ln97, i2 %o" [bnn_top.cpp:97]   --->   Operation 17 'store' 'store_ln97' <Predicate = (!icmp_ln97)> <Delay = 1.58>
ST_1 : Operation 25 [1/1] (1.58ns)   --->   "%ret_ln0 = ret"   --->   Operation 25 'ret' 'ret_ln0' <Predicate = (icmp_ln97)> <Delay = 1.58>

State 2 <SV = 1> <Delay = 2.09>
ST_2 : Operation 18 [1/1] (0.00ns)   --->   "%specpipeline_ln98 = specpipeline void @_ssdm_op_SpecPipeline, i32 1, i32 0, i32 0, i32 0, void @empty_1" [bnn_top.cpp:98]   --->   Operation 18 'specpipeline' 'specpipeline_ln98' <Predicate = true> <Delay = 0.00>
ST_2 : Operation 19 [1/1] (0.00ns)   --->   "%speclooptripcount_ln97 = speclooptripcount void @_ssdm_op_SpecLoopTripCount, i64 2, i64 2, i64 2" [bnn_top.cpp:97]   --->   Operation 19 'speclooptripcount' 'speclooptripcount_ln97' <Predicate = true> <Delay = 0.00>
ST_2 : Operation 20 [1/1] (0.00ns)   --->   "%specloopname_ln97 = specloopname void @_ssdm_op_SpecLoopName, void @empty_7" [bnn_top.cpp:97]   --->   Operation 20 'specloopname' 'specloopname_ln97' <Predicate = true> <Delay = 0.00>
ST_2 : Operation 21 [1/1] (0.80ns)   --->   "%pkt_data = select i1 %pkt_last, i16 %act4_1_load_read, i16 %act4_load_read" [bnn_top.cpp:100]   --->   Operation 21 'select' 'pkt_data' <Predicate = true> <Delay = 0.80> <CoreInst = "Sel">   --->   Core 73 'Sel' <Latency = 0> <II = 1> <Delay = 0.80> <FuncUnit> <Opcode : 'select'> <InPorts = 3> <OutPorts = 1>
ST_2 : Operation 22 [1/1] (0.00ns)   --->   "%zext_ln101 = zext i16 %pkt_data" [bnn_top.cpp:101]   --->   Operation 22 'zext' 'zext_ln101' <Predicate = true> <Delay = 0.00>
ST_2 : Operation 23 [1/1] (1.29ns)   --->   "%write_ln104 = write void @_ssdm_op_Write.axis.volatile.i32P0A.i4P0A.i4P0A.i1P0A.i1P0A.i1P0A.i1P0A, i32 %m_axis_output_V_data_V, i4 %m_axis_output_V_keep_V, i4 %m_axis_output_V_strb_V, i1 %m_axis_output_V_user_V, i1 %m_axis_output_V_last_V, i1 %m_axis_output_V_id_V, i1 %m_axis_output_V_dest_V, i32 %zext_ln101, i4 15, i4 0, i1 0, i1 %pkt_last, i1 0, i1 0" [bnn_top.cpp:104]   --->   Operation 23 'write' 'write_ln104' <Predicate = true> <Delay = 1.29> <CoreInst = "regslice">   --->   Core 135 'regslice' <Latency = 0> <II = 1> <Delay = 1.86> <Adapter> <Opcode : 'read' 'write'>
ST_2 : Operation 24 [1/1] (0.00ns)   --->   "%br_ln97 = br void %for.inc259" [bnn_top.cpp:97]   --->   Operation 24 'br' 'br_ln97' <Predicate = true> <Delay = 0.00>


============================================================
+ Verbose Summary: Timing violations
============================================================
Target clock period: 10.000ns, clock uncertainty: 2.700ns.

 <State 1>: 4.741ns
The critical path consists of the following:
	'store' operation 0 bit ('store_ln97', bnn_top.cpp:97) of constant 0 on local variable 'o', bnn_top.cpp:97 [15]  (1.588 ns)
	'load' operation 2 bit ('o', bnn_top.cpp:97) on local variable 'o', bnn_top.cpp:97 [18]  (0.000 ns)
	'add' operation 2 bit ('add_ln97', bnn_top.cpp:97) [20]  (1.565 ns)
	'store' operation 0 bit ('store_ln97', bnn_top.cpp:97) of variable 'add_ln97', bnn_top.cpp:97 on local variable 'o', bnn_top.cpp:97 [30]  (1.588 ns)

 <State 2>: 2.095ns
The critical path consists of the following:
	'select' operation 16 bit ('pkt.data', bnn_top.cpp:100) [27]  (0.805 ns)
	axis write operation ('write_ln104', bnn_top.cpp:104) on port 'm_axis_output_V_data_V' (bnn_top.cpp:104) [29]  (1.290 ns)


============================================================
+ Verbose Summary: Binding
============================================================
N/A
* FSMD analyzer results:
  - Output states:
 - Input state : 
  - Chain level:
	State 1
	State 2


============================================================
+ Verbose Summary: Datapath Resource usage 
============================================================
N/A
