

================================================================
== Vitis HLS Report for 'bnn_top_Pipeline_L3_B'
================================================================
* Date:           Sat May  9 04:49:32 2026

* Version:        2025.1 (Build 6135595 on May 21 2025)
* Project:        bnn_top
* Solution:       solution (Vivado IP Flow Target)
* Product family: zynq
* Target device:  xc7z020-clg400-1


================================================================
== Performance Estimates
================================================================
+ Timing: 
    * Summary: 
    +--------+----------+----------+------------+
    |  Clock |  Target  | Estimated| Uncertainty|
    +--------+----------+----------+------------+
    |ap_clk  |  10.00 ns|  6.355 ns|     2.70 ns|
    +--------+----------+----------+------------+

+ Latency: 
    * Summary: 
    +---------+---------+----------+----------+-----+-----+------------------------------------------------+
    |  Latency (cycles) |  Latency (absolute) |  Interval |                    Pipeline                    |
    |   min   |   max   |    min   |    max   | min | max |                      Type                      |
    +---------+---------+----------+----------+-----+-----+------------------------------------------------+
    |      259|      259|  2.590 us|  2.590 us|  257|  257|  loop auto-rewind stp (delay=0 clock cycles(s))|
    +---------+---------+----------+----------+-----+-----+------------------------------------------------+

    + Detail: 
        * Instance: 
        N/A

        * Loop: 
        +----------+---------+---------+----------+-----------+-----------+------+----------+
        |          |  Latency (cycles) | Iteration|  Initiation Interval  | Trip |          |
        | Loop Name|   min   |   max   |  Latency |  achieved |   target  | Count| Pipelined|
        +----------+---------+---------+----------+-----------+-----------+------+----------+
        |- L3_B    |      257|      257|         3|          1|          1|   256|       yes|
        +----------+---------+---------+----------+-----------+-----------+------+----------+

============================================================
+ Verbose Summary: Synthesis Manager
============================================================
InlineROM: 1
ExposeGlobal: 0
============================================================
+ Verbose Summary: CDFG Model
============================================================
IsTopModel: 0
ResetActiveHigh: 1
IsCombinational: 0
IsDatapathOnly: 0
HasWiredReturn: 1
HasMFsm: 2
HasVarLatency: 1
IsPipeline: 0
IsRtlPipelined: 0
IsInstanceOverlapped: 0
IsDontTouch: 0
HasImplIP: 0
IsGatedGlobalClock: 0

+ Individual pipeline summary: 
  * Pipeline-0: initiation interval (II) = 1, depth = 3


============================================================
+ Verbose Summary: Schedule
============================================================
* Number of FSM states : 3
* Pipeline : 1
  Pipeline-0 : II = 1, D = 3, States = { 1 2 3 }
* Dataflow Pipeline: 0

* FSM state transitions: 
1 --> 2 
2 --> 3 
3 --> 

* FSM state operations: 

State 1 <SV = 0> <Delay = 4.99>
ST_1 : Operation 6 [1/1] (0.00ns)   --->   "%o = alloca i32 1" [bnn_top.cpp:71]   --->   Operation 6 'alloca' 'o' <Predicate = true> <Delay = 0.00>
ST_1 : Operation 7 [1/1] (0.00ns)   --->   "%specaxissidechannel_ln0 = specaxissidechannel void @_ssdm_op_SpecAXISSideChannel, i32 %s_axis_input_V_data_V, i4 %s_axis_input_V_keep_V, i4 %s_axis_input_V_strb_V, i1 %s_axis_input_V_user_V, i1 %s_axis_input_V_last_V, i1 %s_axis_input_V_id_V, i1 %s_axis_input_V_dest_V, void @empty_5"   --->   Operation 7 'specaxissidechannel' 'specaxissidechannel_ln0' <Predicate = true> <Delay = 0.00>
ST_1 : Operation 8 [1/1] (0.00ns)   --->   "%specinterface_ln0 = specinterface void @_ssdm_op_SpecInterface, i1 %s_axis_input_V_dest_V, void @empty, i32 0, i32 0, void @empty_0, i32 0, i32 0, void @empty_1, void @empty_1, void @empty_1, i32 0, i32 0, i32 0, i32 0, void @empty_1, void @empty_1, i32 4294967295, i32 0, i32 0"   --->   Operation 8 'specinterface' 'specinterface_ln0' <Predicate = true> <Delay = 0.00>
ST_1 : Operation 9 [1/1] (0.00ns)   --->   "%specinterface_ln0 = specinterface void @_ssdm_op_SpecInterface, i1 %s_axis_input_V_id_V, void @empty, i32 0, i32 0, void @empty_0, i32 0, i32 0, void @empty_1, void @empty_1, void @empty_1, i32 0, i32 0, i32 0, i32 0, void @empty_1, void @empty_1, i32 4294967295, i32 0, i32 0"   --->   Operation 9 'specinterface' 'specinterface_ln0' <Predicate = true> <Delay = 0.00>
ST_1 : Operation 10 [1/1] (0.00ns)   --->   "%specinterface_ln0 = specinterface void @_ssdm_op_SpecInterface, i1 %s_axis_input_V_last_V, void @empty, i32 0, i32 0, void @empty_0, i32 0, i32 0, void @empty_1, void @empty_1, void @empty_1, i32 0, i32 0, i32 0, i32 0, void @empty_1, void @empty_1, i32 4294967295, i32 0, i32 0"   --->   Operation 10 'specinterface' 'specinterface_ln0' <Predicate = true> <Delay = 0.00>
ST_1 : Operation 11 [1/1] (0.00ns)   --->   "%specinterface_ln0 = specinterface void @_ssdm_op_SpecInterface, i1 %s_axis_input_V_user_V, void @empty, i32 0, i32 0, void @empty_0, i32 0, i32 0, void @empty_1, void @empty_1, void @empty_1, i32 0, i32 0, i32 0, i32 0, void @empty_1, void @empty_1, i32 4294967295, i32 0, i32 0"   --->   Operation 11 'specinterface' 'specinterface_ln0' <Predicate = true> <Delay = 0.00>
ST_1 : Operation 12 [1/1] (0.00ns)   --->   "%specinterface_ln0 = specinterface void @_ssdm_op_SpecInterface, i4 %s_axis_input_V_strb_V, void @empty, i32 0, i32 0, void @empty_0, i32 0, i32 0, void @empty_1, void @empty_1, void @empty_1, i32 0, i32 0, i32 0, i32 0, void @empty_1, void @empty_1, i32 4294967295, i32 0, i32 0"   --->   Operation 12 'specinterface' 'specinterface_ln0' <Predicate = true> <Delay = 0.00>
ST_1 : Operation 13 [1/1] (0.00ns)   --->   "%specinterface_ln0 = specinterface void @_ssdm_op_SpecInterface, i4 %s_axis_input_V_keep_V, void @empty, i32 0, i32 0, void @empty_0, i32 0, i32 0, void @empty_1, void @empty_1, void @empty_1, i32 0, i32 0, i32 0, i32 0, void @empty_1, void @empty_1, i32 4294967295, i32 0, i32 0"   --->   Operation 13 'specinterface' 'specinterface_ln0' <Predicate = true> <Delay = 0.00>
ST_1 : Operation 14 [1/1] (0.00ns)   --->   "%specinterface_ln0 = specinterface void @_ssdm_op_SpecInterface, i32 %s_axis_input_V_data_V, void @empty, i32 0, i32 0, void @empty_0, i32 0, i32 0, void @empty_1, void @empty_1, void @empty_1, i32 0, i32 0, i32 0, i32 0, void @empty_1, void @empty_1, i32 4294967295, i32 0, i32 0"   --->   Operation 14 'specinterface' 'specinterface_ln0' <Predicate = true> <Delay = 0.00>
ST_1 : Operation 15 [1/1] (1.58ns)   --->   "%store_ln71 = store i9 0, i9 %o" [bnn_top.cpp:71]   --->   Operation 15 'store' 'store_ln71' <Predicate = true> <Delay = 1.58>
ST_1 : Operation 16 [1/1] (0.00ns)   --->   "%br_ln71 = br void %for.body158" [bnn_top.cpp:71]   --->   Operation 16 'br' 'br_ln71' <Predicate = true> <Delay = 0.00>
ST_1 : Operation 17 [1/1] (0.00ns)   --->   "%o_3 = load i9 %o" [bnn_top.cpp:71]   --->   Operation 17 'load' 'o_3' <Predicate = true> <Delay = 0.00>
ST_1 : Operation 18 [1/1] (1.82ns)   --->   "%icmp_ln71 = icmp_eq  i9 %o_3, i9 256" [bnn_top.cpp:71]   --->   Operation 18 'icmp' 'icmp_ln71' <Predicate = true> <Delay = 1.82> <CoreInst = "Cmp">   --->   Core 9 'Cmp' <Latency = 0> <II = 1> <Delay = 1.82> <FuncUnit> <Opcode : 'seteq' 'setne' 'setle' 'setge' 'setlt' 'setgt'> <InPorts = 2> <OutPorts = 1>
ST_1 : Operation 19 [1/1] (1.82ns)   --->   "%add_ln71 = add i9 %o_3, i9 1" [bnn_top.cpp:71]   --->   Operation 19 'add' 'add_ln71' <Predicate = true> <Delay = 1.82> <CoreInst = "Adder">   --->   Core 1 'Adder' <Latency = 0> <II = 1> <Delay = 1.82> <FuncUnit> <Opcode : 'add' 'sub'> <InPorts = 2> <OutPorts = 1>
ST_1 : Operation 20 [1/1] (0.00ns)   --->   "%br_ln71 = br i1 %icmp_ln71, void %for.body158.split, void %for.body193.preheader.exitStub" [bnn_top.cpp:71]   --->   Operation 20 'br' 'br_ln71' <Predicate = true> <Delay = 0.00>
ST_1 : Operation 21 [1/1] (0.00ns)   --->   "%zext_ln71 = zext i9 %o_3" [bnn_top.cpp:71]   --->   Operation 21 'zext' 'zext_ln71' <Predicate = (!icmp_ln71)> <Delay = 0.00>
ST_1 : Operation 22 [1/1] (0.00ns)   --->   "%act3_addr = getelementptr i16 %act3, i64 0, i64 %zext_ln71" [bnn_top.cpp:74]   --->   Operation 22 'getelementptr' 'act3_addr' <Predicate = (!icmp_ln71)> <Delay = 0.00>
ST_1 : Operation 23 [2/2] (3.25ns)   --->   "%act3_load = load i8 %act3_addr" [bnn_top.cpp:74]   --->   Operation 23 'load' 'act3_load' <Predicate = (!icmp_ln71)> <Delay = 3.25> <CoreInst = "RAM">   --->   Core 81 'RAM' <Latency = 1> <II = 1> <Delay = 3.25> <Storage> <Opcode : 'load' 'store'> <Ports = 2> <Width = 16> <Depth = 256> <RAM>
ST_1 : Operation 24 [1/1] (1.58ns)   --->   "%store_ln71 = store i9 %add_ln71, i9 %o" [bnn_top.cpp:71]   --->   Operation 24 'store' 'store_ln71' <Predicate = (!icmp_ln71)> <Delay = 1.58>

State 2 <SV = 1> <Delay = 5.62>
ST_2 : Operation 25 [1/1] (0.51ns)   --->   "%empty = read i44 @_ssdm_op_Read.axis.volatile.i32P0A.i4P0A.i4P0A.i1P0A.i1P0A.i1P0A.i1P0A, i32 %s_axis_input_V_data_V, i4 %s_axis_input_V_keep_V, i4 %s_axis_input_V_strb_V, i1 %s_axis_input_V_user_V, i1 %s_axis_input_V_last_V, i1 %s_axis_input_V_id_V, i1 %s_axis_input_V_dest_V" [bnn_top.cpp:73]   --->   Operation 25 'read' 'empty' <Predicate = true> <Delay = 0.51> <CoreInst = "regslice">   --->   Core 135 'regslice' <Latency = 0> <II = 1> <Delay = 1.86> <Adapter> <Opcode : 'read' 'write'>
ST_2 : Operation 26 [1/1] (0.00ns) (grouped into LUT with out node acc)   --->   "%p_s = extractvalue i44 %empty" [bnn_top.cpp:73]   --->   Operation 26 'extractvalue' 'p_s' <Predicate = true> <Delay = 0.00>
ST_2 : Operation 27 [1/2] ( I:3.25ns O:3.25ns )   --->   "%act3_load = load i8 %act3_addr" [bnn_top.cpp:74]   --->   Operation 27 'load' 'act3_load' <Predicate = true> <Delay = 3.25> <CoreInst = "RAM">   --->   Core 81 'RAM' <Latency = 1> <II = 1> <Delay = 3.25> <Storage> <Opcode : 'load' 'store'> <Ports = 2> <Width = 16> <Depth = 256> <RAM>
ST_2 : Operation 28 [1/1] (0.00ns) (grouped into LUT with out node acc)   --->   "%shl_ln5 = bitconcatenate i26 @_ssdm_op_BitConcatenate.i26.i16.i10, i16 %act3_load, i10 0" [bnn_top.cpp:74]   --->   Operation 28 'bitconcatenate' 'shl_ln5' <Predicate = true> <Delay = 0.00>
ST_2 : Operation 29 [1/1] (0.00ns) (grouped into LUT with out node acc)   --->   "%sext_ln74 = sext i26 %shl_ln5" [bnn_top.cpp:74]   --->   Operation 29 'sext' 'sext_ln74' <Predicate = true> <Delay = 0.00>
ST_2 : Operation 30 [1/1] (0.00ns) (grouped into LUT with out node acc)   --->   "%trunc_ln74 = trunc i32 %p_s" [bnn_top.cpp:74]   --->   Operation 30 'trunc' 'trunc_ln74' <Predicate = true> <Delay = 0.00>
ST_2 : Operation 31 [1/1] (0.00ns) (grouped into LUT with out node acc)   --->   "%shl_ln74_1 = bitconcatenate i26 @_ssdm_op_BitConcatenate.i26.i16.i10, i16 %trunc_ln74, i10 0" [bnn_top.cpp:74]   --->   Operation 31 'bitconcatenate' 'shl_ln74_1' <Predicate = true> <Delay = 0.00>
ST_2 : Operation 32 [1/1] (0.00ns) (grouped into LUT with out node acc)   --->   "%sext_ln74_1 = sext i26 %shl_ln74_1" [bnn_top.cpp:74]   --->   Operation 32 'sext' 'sext_ln74_1' <Predicate = true> <Delay = 0.00>
ST_2 : Operation 33 [1/1] (2.37ns) (out node of the LUT)   --->   "%acc = add i27 %sext_ln74, i27 %sext_ln74_1" [bnn_top.cpp:74]   --->   Operation 33 'add' 'acc' <Predicate = true> <Delay = 2.37> <CoreInst = "Adder">   --->   Core 1 'Adder' <Latency = 0> <II = 1> <Delay = 2.37> <FuncUnit> <Opcode : 'add' 'sub'> <InPorts = 2> <OutPorts = 1>
ST_2 : Operation 41 [1/1] (1.58ns)   --->   "%ret_ln0 = ret"   --->   Operation 41 'ret' 'ret_ln0' <Predicate = (icmp_ln71)> <Delay = 1.58>

State 3 <SV = 2> <Delay = 6.35>
ST_3 : Operation 34 [1/1] (0.00ns)   --->   "%specpipeline_ln72 = specpipeline void @_ssdm_op_SpecPipeline, i32 1, i32 0, i32 0, i32 0, void @empty_1" [bnn_top.cpp:72]   --->   Operation 34 'specpipeline' 'specpipeline_ln72' <Predicate = true> <Delay = 0.00>
ST_3 : Operation 35 [1/1] (0.00ns)   --->   "%speclooptripcount_ln71 = speclooptripcount void @_ssdm_op_SpecLoopTripCount, i64 256, i64 256, i64 256" [bnn_top.cpp:71]   --->   Operation 35 'speclooptripcount' 'speclooptripcount_ln71' <Predicate = true> <Delay = 0.00>
ST_3 : Operation 36 [1/1] (0.00ns)   --->   "%specloopname_ln71 = specloopname void @_ssdm_op_SpecLoopName, void @empty_9" [bnn_top.cpp:71]   --->   Operation 36 'specloopname' 'specloopname_ln71' <Predicate = true> <Delay = 0.00>
ST_3 : Operation 37 [1/1] (2.40ns)   --->   "%icmp_ln75 = icmp_sgt  i27 %acc, i27 0" [bnn_top.cpp:75]   --->   Operation 37 'icmp' 'icmp_ln75' <Predicate = true> <Delay = 2.40> <CoreInst = "Cmp">   --->   Core 9 'Cmp' <Latency = 0> <II = 1> <Delay = 2.40> <FuncUnit> <Opcode : 'seteq' 'setne' 'setle' 'setge' 'setlt' 'setgt'> <InPorts = 2> <OutPorts = 1>
ST_3 : Operation 38 [1/1] (0.69ns)   --->   "%select_ln75 = select i1 %icmp_ln75, i16 1024, i16 64512" [bnn_top.cpp:75]   --->   Operation 38 'select' 'select_ln75' <Predicate = true> <Delay = 0.69> <CoreInst = "Sel">   --->   Core 73 'Sel' <Latency = 0> <II = 1> <Delay = 0.69> <FuncUnit> <Opcode : 'select'> <InPorts = 3> <OutPorts = 1>
ST_3 : Operation 39 [1/1] ( I:3.25ns O:3.25ns )   --->   "%store_ln75 = store i16 %select_ln75, i8 %act3_addr" [bnn_top.cpp:75]   --->   Operation 39 'store' 'store_ln75' <Predicate = true> <Delay = 3.25> <CoreInst = "RAM">   --->   Core 81 'RAM' <Latency = 1> <II = 1> <Delay = 3.25> <Storage> <Opcode : 'load' 'store'> <Ports = 2> <Width = 16> <Depth = 256> <RAM>
ST_3 : Operation 40 [1/1] (0.00ns)   --->   "%br_ln71 = br void %for.body158" [bnn_top.cpp:71]   --->   Operation 40 'br' 'br_ln71' <Predicate = true> <Delay = 0.00>


============================================================
+ Verbose Summary: Timing violations
============================================================
Target clock period: 10.000ns, clock uncertainty: 2.700ns.

 <State 1>: 4.999ns
The critical path consists of the following:
	'store' operation 0 bit ('store_ln71', bnn_top.cpp:71) of constant 0 on local variable 'o', bnn_top.cpp:71 [18]  (1.588 ns)
	'load' operation 9 bit ('o', bnn_top.cpp:71) on local variable 'o', bnn_top.cpp:71 [21]  (0.000 ns)
	'icmp' operation 1 bit ('icmp_ln71', bnn_top.cpp:71) [22]  (1.823 ns)
	'store' operation 0 bit ('store_ln71', bnn_top.cpp:71) of variable 'add_ln71', bnn_top.cpp:71 on local variable 'o', bnn_top.cpp:71 [43]  (1.588 ns)

 <State 2>: 5.628ns
The critical path consists of the following:
	'load' operation 16 bit ('act3_load', bnn_top.cpp:74) on array 'act3' [33]  (3.254 ns)
	'add' operation 27 bit ('acc', bnn_top.cpp:74) [39]  (2.374 ns)

 <State 3>: 6.355ns
The critical path consists of the following:
	'icmp' operation 1 bit ('icmp_ln75', bnn_top.cpp:75) [40]  (2.404 ns)
	'select' operation 16 bit ('select_ln75', bnn_top.cpp:75) [41]  (0.697 ns)
	'store' operation 0 bit ('store_ln75', bnn_top.cpp:75) of variable 'select_ln75', bnn_top.cpp:75 on array 'act3' [42]  (3.254 ns)


============================================================
+ Verbose Summary: Binding
============================================================
N/A
* FSMD analyzer results:
  - Output states:
 - Input state : 
  - Chain level:
	State 1
	State 2
	State 3


============================================================
+ Verbose Summary: Datapath Resource usage 
============================================================
N/A
