

================================================================
== Vitis HLS Report for 'bnn_top_Pipeline_L1_B'
================================================================
* Date:           Sat May  9 04:49:38 2026

* Version:        2025.1 (Build 6135595 on May 21 2025)
* Project:        bnn_top
* Solution:       solution (Vivado IP Flow Target)
* Product family: zynq
* Target device:  xc7z020-clg400-1


================================================================
== Performance Estimates
================================================================
+ Timing: 
    * Summary: 
    +--------+----------+----------+------------+
    |  Clock |  Target  | Estimated| Uncertainty|
    +--------+----------+----------+------------+
    |ap_clk  |  10.00 ns|  6.355 ns|     2.70 ns|
    +--------+----------+----------+------------+

+ Latency: 
    * Summary: 
    +---------+---------+----------+----------+-----+-----+------------------------------------------------+
    |  Latency (cycles) |  Latency (absolute) |  Interval |                    Pipeline                    |
    |   min   |   max   |    min   |    max   | min | max |                      Type                      |
    +---------+---------+----------+----------+-----+-----+------------------------------------------------+
    |      259|      259|  2.590 us|  2.590 us|  257|  257|  loop auto-rewind stp (delay=0 clock cycles(s))|
    +---------+---------+----------+----------+-----+-----+------------------------------------------------+

    + Detail: 
        * Instance: 
        N/A

        * Loop: 
        +----------+---------+---------+----------+-----------+-----------+------+----------+
        |          |  Latency (cycles) | Iteration|  Initiation Interval  | Trip |          |
        | Loop Name|   min   |   max   |  Latency |  achieved |   target  | Count| Pipelined|
        +----------+---------+---------+----------+-----------+-----------+------+----------+
        |- L1_B    |      257|      257|         3|          1|          1|   256|       yes|
        +----------+---------+---------+----------+-----------+-----------+------+----------+



================================================================
== Utilization Estimates
================================================================
* Summary: 
+-----------------+---------+-----+--------+-------+-----+
|       Name      | BRAM_18K| DSP |   FF   |  LUT  | URAM|
+-----------------+---------+-----+--------+-------+-----+
|DSP              |        -|    -|       -|      -|    -|
|Expression       |        -|    -|       0|    111|    -|
|FIFO             |        -|    -|       -|      -|    -|
|Instance         |        -|    -|       -|      -|    -|
|Memory           |        -|    -|       -|      -|    -|
|Multiplexer      |        -|    -|       0|     45|    -|
|Register         |        -|    -|      47|      -|    -|
+-----------------+---------+-----+--------+-------+-----+
|Total            |        0|    0|      47|    156|    0|
+-----------------+---------+-----+--------+-------+-----+
|Available        |      280|  220|  106400|  53200|    0|
+-----------------+---------+-----+--------+-------+-----+
|Utilization (%)  |        0|    0|      ~0|     ~0|    0|
+-----------------+---------+-----+--------+-------+-----+

+ Detail: 
    * Instance: 
    N/A

    * DSP: 
    N/A

    * Memory: 
    N/A

    * FIFO: 
    N/A

    * Expression: 
    +---------------------------+----------+----+---+----+------------+------------+
    |       Variable Name       | Operation| DSP| FF| LUT| Bitwidth P0| Bitwidth P1|
    +---------------------------+----------+----+---+----+------------+------------+
    |acc_fu_165_p2              |         +|   0|  0|  34|          27|          27|
    |add_ln35_fu_117_p2         |         +|   0|  0|  14|           9|           1|
    |ap_block_pp0_stage0_11001  |       and|   0|  0|   2|           1|           1|
    |icmp_ln35_fu_111_p2        |      icmp|   0|  0|  13|           9|          10|
    |icmp_ln39_fu_171_p2        |      icmp|   0|  0|  34|          27|           1|
    |select_ln39_fu_176_p3      |    select|   0|  0|  12|           1|          11|
    |ap_enable_pp0              |       xor|   0|  0|   2|           1|           2|
    +---------------------------+----------+----+---+----+------------+------------+
    |Total                      |          |   0|  0| 111|          75|          53|
    +---------------------------+----------+----+---+----+------------+------------+

    * Multiplexer: 
    +--------------------------+----+-----------+-----+-----------+
    |           Name           | LUT| Input Size| Bits| Total Bits|
    +--------------------------+----+-----------+-----+-----------+
    |ap_done_int               |   9|          2|    1|          2|
    |ap_enable_reg_pp0_iter1   |   9|          2|    1|          2|
    |ap_sig_allocacmp_o        |   9|          2|    9|         18|
    |o_1_fu_64                 |   9|          2|    9|         18|
    |s_axis_input_TDATA_blk_n  |   9|          2|    1|          2|
    +--------------------------+----+-----------+-----+-----------+
    |Total                     |  45|         10|   21|         42|
    +--------------------------+----+-----------+-----+-----------+

    * Register: 
    +----------------------------------+----+----+-----+-----------+
    |               Name               | FF | LUT| Bits| Const Bits|
    +----------------------------------+----+----+-----+-----------+
    |acc_reg_202                       |  17|   0|   27|         10|
    |act1_addr_reg_196                 |   8|   0|    8|          0|
    |act1_addr_reg_196_pp0_iter1_reg   |   8|   0|    8|          0|
    |ap_CS_fsm                         |   1|   0|    1|          0|
    |ap_done_reg                       |   1|   0|    1|          0|
    |ap_enable_reg_pp0_iter1           |   1|   0|    1|          0|
    |ap_enable_reg_pp0_iter2           |   1|   0|    1|          0|
    |ap_loop_exit_ready_pp0_iter1_reg  |   1|   0|    1|          0|
    |o_1_fu_64                         |   9|   0|    9|          0|
    +----------------------------------+----+----+-----+-----------+
    |Total                             |  47|   0|   57|         10|
    +----------------------------------+----+----+-----+-----------+



================================================================
== Interface
================================================================
* Summary: 
+---------------------+-----+-----+------------+-----------------------+--------------+
|      RTL Ports      | Dir | Bits|  Protocol  |     Source Object     |    C Type    |
+---------------------+-----+-----+------------+-----------------------+--------------+
|ap_clk               |   in|    1|  ap_ctrl_hs|  bnn_top_Pipeline_L1_B|  return value|
|ap_rst               |   in|    1|  ap_ctrl_hs|  bnn_top_Pipeline_L1_B|  return value|
|ap_start             |   in|    1|  ap_ctrl_hs|  bnn_top_Pipeline_L1_B|  return value|
|ap_done              |  out|    1|  ap_ctrl_hs|  bnn_top_Pipeline_L1_B|  return value|
|ap_idle              |  out|    1|  ap_ctrl_hs|  bnn_top_Pipeline_L1_B|  return value|
|ap_ready             |  out|    1|  ap_ctrl_hs|  bnn_top_Pipeline_L1_B|  return value|
|s_axis_input_TVALID  |   in|    1|        axis|  s_axis_input_V_data_V|       pointer|
|s_axis_input_TDATA   |   in|   32|        axis|  s_axis_input_V_data_V|       pointer|
|s_axis_input_TREADY  |  out|    1|        axis|  s_axis_input_V_dest_V|       pointer|
|s_axis_input_TDEST   |   in|    1|        axis|  s_axis_input_V_dest_V|       pointer|
|s_axis_input_TKEEP   |   in|    4|        axis|  s_axis_input_V_keep_V|       pointer|
|s_axis_input_TSTRB   |   in|    4|        axis|  s_axis_input_V_strb_V|       pointer|
|s_axis_input_TUSER   |   in|    1|        axis|  s_axis_input_V_user_V|       pointer|
|s_axis_input_TLAST   |   in|    1|        axis|  s_axis_input_V_last_V|       pointer|
|s_axis_input_TID     |   in|    1|        axis|    s_axis_input_V_id_V|       pointer|
|act1_address0        |  out|    8|   ap_memory|                   act1|         array|
|act1_ce0             |  out|    1|   ap_memory|                   act1|         array|
|act1_we0             |  out|    1|   ap_memory|                   act1|         array|
|act1_d0              |  out|   16|   ap_memory|                   act1|         array|
|act1_address1        |  out|    8|   ap_memory|                   act1|         array|
|act1_ce1             |  out|    1|   ap_memory|                   act1|         array|
|act1_q1              |   in|   16|   ap_memory|                   act1|         array|
+---------------------+-----+-----+------------+-----------------------+--------------+

============================================================
+ Verbose Summary: Synthesis Manager
============================================================
InlineROM: 1
ExposeGlobal: 0
============================================================
+ Verbose Summary: CDFG Model
============================================================
IsTopModel: 0
ResetActiveHigh: 1
IsCombinational: 2
IsDatapathOnly: 2
HasWiredReturn: 1
HasMFsm: 2
HasVarLatency: 1
IsPipeline: 0
IsRtlPipelined: 0
IsInstanceOverlapped: 0
IsDontTouch: 0
HasImplIP: 0
IsGatedGlobalClock: 0

+ Individual pipeline summary: 
  * Pipeline-0: initiation interval (II) = 1, depth = 3


============================================================
+ Verbose Summary: Schedule
============================================================
* Number of FSM states : 3
* Pipeline : 1
  Pipeline-0 : II = 1, D = 3, States = { 1 2 3 }
* Dataflow Pipeline: 0

* FSM state transitions: 
1 --> 2 
2 --> 3 
3 --> 

* FSM state operations: 

State 1 <SV = 0> <Delay = 4.99>
ST_1 : Operation 6 [1/1] (0.00ns)   --->   "%o_1 = alloca i32 1" [bnn_top.cpp:35]   --->   Operation 6 'alloca' 'o_1' <Predicate = true> <Delay = 0.00>
ST_1 : Operation 7 [1/1] (0.00ns)   --->   "%specaxissidechannel_ln0 = specaxissidechannel void @_ssdm_op_SpecAXISSideChannel, i32 %s_axis_input_V_data_V, i4 %s_axis_input_V_keep_V, i4 %s_axis_input_V_strb_V, i1 %s_axis_input_V_user_V, i1 %s_axis_input_V_last_V, i1 %s_axis_input_V_id_V, i1 %s_axis_input_V_dest_V, void @empty_5"   --->   Operation 7 'specaxissidechannel' 'specaxissidechannel_ln0' <Predicate = true> <Delay = 0.00>
ST_1 : Operation 8 [1/1] (0.00ns)   --->   "%specinterface_ln0 = specinterface void @_ssdm_op_SpecInterface, i1 %s_axis_input_V_dest_V, void @empty, i32 0, i32 0, void @empty_0, i32 0, i32 0, void @empty_1, void @empty_1, void @empty_1, i32 0, i32 0, i32 0, i32 0, void @empty_1, void @empty_1, i32 4294967295, i32 0, i32 0"   --->   Operation 8 'specinterface' 'specinterface_ln0' <Predicate = true> <Delay = 0.00>
ST_1 : Operation 9 [1/1] (0.00ns)   --->   "%specinterface_ln0 = specinterface void @_ssdm_op_SpecInterface, i1 %s_axis_input_V_id_V, void @empty, i32 0, i32 0, void @empty_0, i32 0, i32 0, void @empty_1, void @empty_1, void @empty_1, i32 0, i32 0, i32 0, i32 0, void @empty_1, void @empty_1, i32 4294967295, i32 0, i32 0"   --->   Operation 9 'specinterface' 'specinterface_ln0' <Predicate = true> <Delay = 0.00>
ST_1 : Operation 10 [1/1] (0.00ns)   --->   "%specinterface_ln0 = specinterface void @_ssdm_op_SpecInterface, i1 %s_axis_input_V_last_V, void @empty, i32 0, i32 0, void @empty_0, i32 0, i32 0, void @empty_1, void @empty_1, void @empty_1, i32 0, i32 0, i32 0, i32 0, void @empty_1, void @empty_1, i32 4294967295, i32 0, i32 0"   --->   Operation 10 'specinterface' 'specinterface_ln0' <Predicate = true> <Delay = 0.00>
ST_1 : Operation 11 [1/1] (0.00ns)   --->   "%specinterface_ln0 = specinterface void @_ssdm_op_SpecInterface, i1 %s_axis_input_V_user_V, void @empty, i32 0, i32 0, void @empty_0, i32 0, i32 0, void @empty_1, void @empty_1, void @empty_1, i32 0, i32 0, i32 0, i32 0, void @empty_1, void @empty_1, i32 4294967295, i32 0, i32 0"   --->   Operation 11 'specinterface' 'specinterface_ln0' <Predicate = true> <Delay = 0.00>
ST_1 : Operation 12 [1/1] (0.00ns)   --->   "%specinterface_ln0 = specinterface void @_ssdm_op_SpecInterface, i4 %s_axis_input_V_strb_V, void @empty, i32 0, i32 0, void @empty_0, i32 0, i32 0, void @empty_1, void @empty_1, void @empty_1, i32 0, i32 0, i32 0, i32 0, void @empty_1, void @empty_1, i32 4294967295, i32 0, i32 0"   --->   Operation 12 'specinterface' 'specinterface_ln0' <Predicate = true> <Delay = 0.00>
ST_1 : Operation 13 [1/1] (0.00ns)   --->   "%specinterface_ln0 = specinterface void @_ssdm_op_SpecInterface, i4 %s_axis_input_V_keep_V, void @empty, i32 0, i32 0, void @empty_0, i32 0, i32 0, void @empty_1, void @empty_1, void @empty_1, i32 0, i32 0, i32 0, i32 0, void @empty_1, void @empty_1, i32 4294967295, i32 0, i32 0"   --->   Operation 13 'specinterface' 'specinterface_ln0' <Predicate = true> <Delay = 0.00>
ST_1 : Operation 14 [1/1] (0.00ns)   --->   "%specinterface_ln0 = specinterface void @_ssdm_op_SpecInterface, i32 %s_axis_input_V_data_V, void @empty, i32 0, i32 0, void @empty_0, i32 0, i32 0, void @empty_1, void @empty_1, void @empty_1, i32 0, i32 0, i32 0, i32 0, void @empty_1, void @empty_1, i32 4294967295, i32 0, i32 0"   --->   Operation 14 'specinterface' 'specinterface_ln0' <Predicate = true> <Delay = 0.00>
ST_1 : Operation 15 [1/1] (1.58ns)   --->   "%store_ln35 = store i9 0, i9 %o_1" [bnn_top.cpp:35]   --->   Operation 15 'store' 'store_ln35' <Predicate = true> <Delay = 1.58>
ST_1 : Operation 16 [1/1] (0.00ns)   --->   "%br_ln35 = br void %for.body36" [bnn_top.cpp:35]   --->   Operation 16 'br' 'br_ln35' <Predicate = true> <Delay = 0.00>
ST_1 : Operation 17 [1/1] (0.00ns)   --->   "%o = load i9 %o_1" [bnn_top.cpp:35]   --->   Operation 17 'load' 'o' <Predicate = true> <Delay = 0.00>
ST_1 : Operation 18 [1/1] (1.82ns)   --->   "%icmp_ln35 = icmp_eq  i9 %o, i9 256" [bnn_top.cpp:35]   --->   Operation 18 'icmp' 'icmp_ln35' <Predicate = true> <Delay = 1.82> <CoreInst = "Cmp">   --->   Core 9 'Cmp' <Latency = 0> <II = 1> <Delay = 1.73> <FuncUnit> <Opcode : 'seteq' 'setne' 'setle' 'setge' 'setlt' 'setgt'> <InPorts = 2> <OutPorts = 1>
ST_1 : Operation 19 [1/1] (1.82ns)   --->   "%add_ln35 = add i9 %o, i9 1" [bnn_top.cpp:35]   --->   Operation 19 'add' 'add_ln35' <Predicate = true> <Delay = 1.82> <CoreInst = "Adder">   --->   Core 1 'Adder' <Latency = 0> <II = 1> <Delay = 1.82> <FuncUnit> <Opcode : 'add' 'sub'> <InPorts = 2> <OutPorts = 1>
ST_1 : Operation 20 [1/1] (0.00ns)   --->   "%br_ln35 = br i1 %icmp_ln35, void %for.body36.split, void %for.body67.preheader.exitStub" [bnn_top.cpp:35]   --->   Operation 20 'br' 'br_ln35' <Predicate = true> <Delay = 0.00>
ST_1 : Operation 21 [1/1] (0.00ns)   --->   "%zext_ln35 = zext i9 %o" [bnn_top.cpp:35]   --->   Operation 21 'zext' 'zext_ln35' <Predicate = (!icmp_ln35)> <Delay = 0.00>
ST_1 : Operation 22 [1/1] (0.00ns)   --->   "%act1_addr = getelementptr i16 %act1, i64 0, i64 %zext_ln35" [bnn_top.cpp:38]   --->   Operation 22 'getelementptr' 'act1_addr' <Predicate = (!icmp_ln35)> <Delay = 0.00>
ST_1 : Operation 23 [2/2] (3.25ns)   --->   "%act1_load = load i8 %act1_addr" [bnn_top.cpp:38]   --->   Operation 23 'load' 'act1_load' <Predicate = (!icmp_ln35)> <Delay = 3.25> <CoreInst = "RAM">   --->   Core 81 'RAM' <Latency = 1> <II = 1> <Delay = 3.25> <Storage> <Opcode : 'load' 'store'> <Ports = 2> <Width = 16> <Depth = 256> <RAM>
ST_1 : Operation 24 [1/1] (1.58ns)   --->   "%store_ln35 = store i9 %add_ln35, i9 %o_1" [bnn_top.cpp:35]   --->   Operation 24 'store' 'store_ln35' <Predicate = (!icmp_ln35)> <Delay = 1.58>

State 2 <SV = 1> <Delay = 5.62>
ST_2 : Operation 25 [1/1] (0.51ns)   --->   "%empty = read i44 @_ssdm_op_Read.axis.volatile.i32P0A.i4P0A.i4P0A.i1P0A.i1P0A.i1P0A.i1P0A, i32 %s_axis_input_V_data_V, i4 %s_axis_input_V_keep_V, i4 %s_axis_input_V_strb_V, i1 %s_axis_input_V_user_V, i1 %s_axis_input_V_last_V, i1 %s_axis_input_V_id_V, i1 %s_axis_input_V_dest_V" [bnn_top.cpp:37]   --->   Operation 25 'read' 'empty' <Predicate = true> <Delay = 0.51> <CoreInst = "regslice">   --->   Core 135 'regslice' <Latency = 0> <II = 1> <Delay = 1.86> <Adapter> <Opcode : 'read' 'write'>
ST_2 : Operation 26 [1/1] (0.00ns) (grouped into LUT with out node acc)   --->   "%p_s = extractvalue i44 %empty" [bnn_top.cpp:37]   --->   Operation 26 'extractvalue' 'p_s' <Predicate = true> <Delay = 0.00>
ST_2 : Operation 27 [1/2] ( I:3.25ns O:3.25ns )   --->   "%act1_load = load i8 %act1_addr" [bnn_top.cpp:38]   --->   Operation 27 'load' 'act1_load' <Predicate = true> <Delay = 3.25> <CoreInst = "RAM">   --->   Core 81 'RAM' <Latency = 1> <II = 1> <Delay = 3.25> <Storage> <Opcode : 'load' 'store'> <Ports = 2> <Width = 16> <Depth = 256> <RAM>
ST_2 : Operation 28 [1/1] (0.00ns) (grouped into LUT with out node acc)   --->   "%shl_ln1 = bitconcatenate i26 @_ssdm_op_BitConcatenate.i26.i16.i10, i16 %act1_load, i10 0" [bnn_top.cpp:38]   --->   Operation 28 'bitconcatenate' 'shl_ln1' <Predicate = true> <Delay = 0.00>
ST_2 : Operation 29 [1/1] (0.00ns) (grouped into LUT with out node acc)   --->   "%sext_ln38 = sext i26 %shl_ln1" [bnn_top.cpp:38]   --->   Operation 29 'sext' 'sext_ln38' <Predicate = true> <Delay = 0.00>
ST_2 : Operation 30 [1/1] (0.00ns) (grouped into LUT with out node acc)   --->   "%trunc_ln38 = trunc i32 %p_s" [bnn_top.cpp:38]   --->   Operation 30 'trunc' 'trunc_ln38' <Predicate = true> <Delay = 0.00>
ST_2 : Operation 31 [1/1] (0.00ns) (grouped into LUT with out node acc)   --->   "%shl_ln38_1 = bitconcatenate i26 @_ssdm_op_BitConcatenate.i26.i16.i10, i16 %trunc_ln38, i10 0" [bnn_top.cpp:38]   --->   Operation 31 'bitconcatenate' 'shl_ln38_1' <Predicate = true> <Delay = 0.00>
ST_2 : Operation 32 [1/1] (0.00ns) (grouped into LUT with out node acc)   --->   "%sext_ln38_1 = sext i26 %shl_ln38_1" [bnn_top.cpp:38]   --->   Operation 32 'sext' 'sext_ln38_1' <Predicate = true> <Delay = 0.00>
ST_2 : Operation 33 [1/1] (2.37ns) (out node of the LUT)   --->   "%acc = add i27 %sext_ln38, i27 %sext_ln38_1" [bnn_top.cpp:38]   --->   Operation 33 'add' 'acc' <Predicate = true> <Delay = 2.37> <CoreInst = "Adder">   --->   Core 1 'Adder' <Latency = 0> <II = 1> <Delay = 2.40> <FuncUnit> <Opcode : 'add' 'sub'> <InPorts = 2> <OutPorts = 1>
ST_2 : Operation 41 [1/1] (1.58ns)   --->   "%ret_ln0 = ret"   --->   Operation 41 'ret' 'ret_ln0' <Predicate = (icmp_ln35)> <Delay = 1.58>

State 3 <SV = 2> <Delay = 6.35>
ST_3 : Operation 34 [1/1] (0.00ns)   --->   "%specpipeline_ln36 = specpipeline void @_ssdm_op_SpecPipeline, i32 1, i32 0, i32 0, i32 0, void @empty_1" [bnn_top.cpp:36]   --->   Operation 34 'specpipeline' 'specpipeline_ln36' <Predicate = true> <Delay = 0.00>
ST_3 : Operation 35 [1/1] (0.00ns)   --->   "%speclooptripcount_ln35 = speclooptripcount void @_ssdm_op_SpecLoopTripCount, i64 256, i64 256, i64 256" [bnn_top.cpp:35]   --->   Operation 35 'speclooptripcount' 'speclooptripcount_ln35' <Predicate = true> <Delay = 0.00>
ST_3 : Operation 36 [1/1] (0.00ns)   --->   "%specloopname_ln35 = specloopname void @_ssdm_op_SpecLoopName, void @empty_11" [bnn_top.cpp:35]   --->   Operation 36 'specloopname' 'specloopname_ln35' <Predicate = true> <Delay = 0.00>
ST_3 : Operation 37 [1/1] (2.40ns)   --->   "%icmp_ln39 = icmp_sgt  i27 %acc, i27 0" [bnn_top.cpp:39]   --->   Operation 37 'icmp' 'icmp_ln39' <Predicate = true> <Delay = 2.40> <CoreInst = "Cmp">   --->   Core 9 'Cmp' <Latency = 0> <II = 1> <Delay = 2.40> <FuncUnit> <Opcode : 'seteq' 'setne' 'setle' 'setge' 'setlt' 'setgt'> <InPorts = 2> <OutPorts = 1>
ST_3 : Operation 38 [1/1] (0.69ns)   --->   "%select_ln39 = select i1 %icmp_ln39, i16 1024, i16 64512" [bnn_top.cpp:39]   --->   Operation 38 'select' 'select_ln39' <Predicate = true> <Delay = 0.69> <CoreInst = "Sel">   --->   Core 73 'Sel' <Latency = 0> <II = 1> <Delay = 0.69> <FuncUnit> <Opcode : 'select'> <InPorts = 3> <OutPorts = 1>
ST_3 : Operation 39 [1/1] ( I:3.25ns O:3.25ns )   --->   "%store_ln39 = store i16 %select_ln39, i8 %act1_addr" [bnn_top.cpp:39]   --->   Operation 39 'store' 'store_ln39' <Predicate = true> <Delay = 3.25> <CoreInst = "RAM">   --->   Core 81 'RAM' <Latency = 1> <II = 1> <Delay = 3.25> <Storage> <Opcode : 'load' 'store'> <Ports = 2> <Width = 16> <Depth = 256> <RAM>
ST_3 : Operation 40 [1/1] (0.00ns)   --->   "%br_ln35 = br void %for.body36" [bnn_top.cpp:35]   --->   Operation 40 'br' 'br_ln35' <Predicate = true> <Delay = 0.00>


============================================================
+ Verbose Summary: Binding
============================================================
STG Binding: 
---------------- STG Properties BEGIN ----------------
- Is combinational: 0
- Is one-state seq: 0
- Is datapath-only: 0
- Is pipelined: 0
- Is top level: 0
Port [ Return ] is wired: 1; IO mode=ap_ctrl_hs:ce=0
Port [ s_axis_input_V_data_V]:  wired=1; compound=1; hidden=0; nouse=0; global=0; static=0; extern=0; dir=0; type=0; pingpong=0; private_global=0; IO mode=axis:ce=0
Port [ s_axis_input_V_keep_V]:  wired=1; compound=1; hidden=0; nouse=0; global=0; static=0; extern=0; dir=0; type=0; pingpong=0; private_global=0; IO mode=axis:ce=0
Port [ s_axis_input_V_strb_V]:  wired=1; compound=1; hidden=0; nouse=0; global=0; static=0; extern=0; dir=0; type=0; pingpong=0; private_global=0; IO mode=axis:ce=0
Port [ s_axis_input_V_user_V]:  wired=1; compound=1; hidden=0; nouse=0; global=0; static=0; extern=0; dir=0; type=0; pingpong=0; private_global=0; IO mode=axis:ce=0
Port [ s_axis_input_V_last_V]:  wired=1; compound=1; hidden=0; nouse=0; global=0; static=0; extern=0; dir=0; type=0; pingpong=0; private_global=0; IO mode=axis:ce=0
Port [ s_axis_input_V_id_V]:  wired=1; compound=1; hidden=0; nouse=0; global=0; static=0; extern=0; dir=0; type=0; pingpong=0; private_global=0; IO mode=axis:ce=0
Port [ s_axis_input_V_dest_V]:  wired=1; compound=1; hidden=0; nouse=0; global=0; static=0; extern=0; dir=0; type=0; pingpong=0; private_global=0; IO mode=axis:ce=0
Port [ act1]:  wired=1; compound=1; hidden=0; nouse=0; global=0; static=0; extern=0; dir=2; type=1; pingpong=0; private_global=0; MemPort=[01]; IO mode=ap_memory:ce=0
---------------- STG Properties END ------------------

---------------- Datapath Model BEGIN ----------------

<LifeTime>
<method=bitvector/>
o_1                     (alloca             ) [ 0100]
specaxissidechannel_ln0 (specaxissidechannel) [ 0000]
specinterface_ln0       (specinterface      ) [ 0000]
specinterface_ln0       (specinterface      ) [ 0000]
specinterface_ln0       (specinterface      ) [ 0000]
specinterface_ln0       (specinterface      ) [ 0000]
specinterface_ln0       (specinterface      ) [ 0000]
specinterface_ln0       (specinterface      ) [ 0000]
specinterface_ln0       (specinterface      ) [ 0000]
store_ln35              (store              ) [ 0000]
br_ln35                 (br                 ) [ 0000]
o                       (load               ) [ 0000]
icmp_ln35               (icmp               ) [ 0110]
add_ln35                (add                ) [ 0000]
br_ln35                 (br                 ) [ 0000]
zext_ln35               (zext               ) [ 0000]
act1_addr               (getelementptr      ) [ 0111]
store_ln35              (store              ) [ 0000]
empty                   (read               ) [ 0000]
p_s                     (extractvalue       ) [ 0000]
act1_load               (load               ) [ 0000]
shl_ln1                 (bitconcatenate     ) [ 0000]
sext_ln38               (sext               ) [ 0000]
trunc_ln38              (trunc              ) [ 0000]
shl_ln38_1              (bitconcatenate     ) [ 0000]
sext_ln38_1             (sext               ) [ 0000]
acc                     (add                ) [ 0101]
specpipeline_ln36       (specpipeline       ) [ 0000]
speclooptripcount_ln35  (speclooptripcount  ) [ 0000]
specloopname_ln35       (specloopname       ) [ 0000]
icmp_ln39               (icmp               ) [ 0000]
select_ln39             (select             ) [ 0000]
store_ln39              (store              ) [ 0000]
br_ln35                 (br                 ) [ 0000]
ret_ln0                 (ret                ) [ 0000]
</LifeTime>

<model>

<comp_list>
<comp id="0" class="1000" name="s_axis_input_V_data_V">
<pin_list>
<pin id="1" dir="1" index="0" bw="1" slack="0"/>
</pin_list>
<bind>
<StgValue><ssdm name="s_axis_input_V_data_V"/></StgValue>
</bind>
</comp>

<comp id="2" class="1000" name="s_axis_input_V_keep_V">
<pin_list>
<pin id="3" dir="1" index="0" bw="1" slack="0"/>
</pin_list>
<bind>
<StgValue><ssdm name="s_axis_input_V_keep_V"/></StgValue>
</bind>
</comp>

<comp id="4" class="1000" name="s_axis_input_V_strb_V">
<pin_list>
<pin id="5" dir="1" index="0" bw="1" slack="0"/>
</pin_list>
<bind>
<StgValue><ssdm name="s_axis_input_V_strb_V"/></StgValue>
</bind>
</comp>

<comp id="6" class="1000" name="s_axis_input_V_user_V">
<pin_list>
<pin id="7" dir="1" index="0" bw="1" slack="0"/>
</pin_list>
<bind>
<StgValue><ssdm name="s_axis_input_V_user_V"/></StgValue>
</bind>
</comp>

<comp id="8" class="1000" name="s_axis_input_V_last_V">
<pin_list>
<pin id="9" dir="1" index="0" bw="1" slack="0"/>
</pin_list>
<bind>
<StgValue><ssdm name="s_axis_input_V_last_V"/></StgValue>
</bind>
</comp>

<comp id="10" class="1000" name="s_axis_input_V_id_V">
<pin_list>
<pin id="11" dir="1" index="0" bw="1" slack="0"/>
</pin_list>
<bind>
<StgValue><ssdm name="s_axis_input_V_id_V"/></StgValue>
</bind>
</comp>

<comp id="12" class="1000" name="s_axis_input_V_dest_V">
<pin_list>
<pin id="13" dir="1" index="0" bw="1" slack="0"/>
</pin_list>
<bind>
<StgValue><ssdm name="s_axis_input_V_dest_V"/></StgValue>
</bind>
</comp>

<comp id="14" class="1000" name="act1">
<pin_list>
<pin id="15" dir="1" index="0" bw="1" slack="0"/>
</pin_list>
<bind>
<StgValue><ssdm name="act1"/><MemPortTyVec>0 1 </MemPortTyVec>
</StgValue>
</bind>
</comp>

<comp id="16" class="1001" name="const_16">
<pin_list>
<pin id="17" dir="1" index="0" bw="1" slack="0"/>
</pin_list>
<bind>
<StgValue><ssdm name=""/></StgValue>
</bind>
</comp>

<comp id="18" class="1001" name="const_18">
<pin_list>
<pin id="19" dir="1" index="0" bw="1" slack="2147483647"/>
</pin_list>
<bind>
<StgValue><ssdm name="_ssdm_op_SpecAXISSideChannel"/></StgValue>
</bind>
</comp>

<comp id="20" class="1001" name="const_20">
<pin_list>
<pin id="21" dir="1" index="0" bw="1" slack="2147483647"/>
</pin_list>
<bind>
<StgValue><ssdm name="empty_5"/></StgValue>
</bind>
</comp>

<comp id="22" class="1001" name="const_22">
<pin_list>
<pin id="23" dir="1" index="0" bw="1" slack="2147483647"/>
</pin_list>
<bind>
<StgValue><ssdm name="_ssdm_op_SpecInterface"/></StgValue>
</bind>
</comp>

<comp id="24" class="1001" name="const_24">
<pin_list>
<pin id="25" dir="1" index="0" bw="1" slack="2147483647"/>
</pin_list>
<bind>
<StgValue><ssdm name="empty"/></StgValue>
</bind>
</comp>

<comp id="26" class="1001" name="const_26">
<pin_list>
<pin id="27" dir="1" index="0" bw="1" slack="2147483647"/>
</pin_list>
<bind>
<StgValue><ssdm name=""/></StgValue>
</bind>
</comp>

<comp id="28" class="1001" name="const_28">
<pin_list>
<pin id="29" dir="1" index="0" bw="1" slack="2147483647"/>
</pin_list>
<bind>
<StgValue><ssdm name="empty_0"/></StgValue>
</bind>
</comp>

<comp id="30" class="1001" name="const_30">
<pin_list>
<pin id="31" dir="1" index="0" bw="1" slack="2147483647"/>
</pin_list>
<bind>
<StgValue><ssdm name="empty_1"/></StgValue>
</bind>
</comp>

<comp id="32" class="1001" name="const_32">
<pin_list>
<pin id="33" dir="1" index="0" bw="1" slack="2147483647"/>
</pin_list>
<bind>
<StgValue><ssdm name=""/></StgValue>
</bind>
</comp>

<comp id="34" class="1001" name="const_34">
<pin_list>
<pin id="35" dir="1" index="0" bw="1" slack="0"/>
</pin_list>
<bind>
<StgValue><ssdm name=""/></StgValue>
</bind>
</comp>

<comp id="36" class="1001" name="const_36">
<pin_list>
<pin id="37" dir="1" index="0" bw="1" slack="0"/>
</pin_list>
<bind>
<StgValue><ssdm name=""/></StgValue>
</bind>
</comp>

<comp id="38" class="1001" name="const_38">
<pin_list>
<pin id="39" dir="1" index="0" bw="1" slack="0"/>
</pin_list>
<bind>
<StgValue><ssdm name=""/></StgValue>
</bind>
</comp>

<comp id="40" class="1001" name="const_40">
<pin_list>
<pin id="41" dir="1" index="0" bw="1" slack="0"/>
</pin_list>
<bind>
<StgValue><ssdm name=""/></StgValue>
</bind>
</comp>

<comp id="42" class="1001" name="const_42">
<pin_list>
<pin id="43" dir="1" index="0" bw="1" slack="0"/>
</pin_list>
<bind>
<StgValue><ssdm name="_ssdm_op_Read.axis.volatile.i32P0A.i4P0A.i4P0A.i1P0A.i1P0A.i1P0A.i1P0A"/></StgValue>
</bind>
</comp>

<comp id="44" class="1001" name="const_44">
<pin_list>
<pin id="45" dir="1" index="0" bw="1" slack="0"/>
</pin_list>
<bind>
<StgValue><ssdm name="_ssdm_op_BitConcatenate.i26.i16.i10"/></StgValue>
</bind>
</comp>

<comp id="46" class="1001" name="const_46">
<pin_list>
<pin id="47" dir="1" index="0" bw="1" slack="0"/>
</pin_list>
<bind>
<StgValue><ssdm name=""/></StgValue>
</bind>
</comp>

<comp id="48" class="1001" name="const_48">
<pin_list>
<pin id="49" dir="1" index="0" bw="1" slack="2147483647"/>
</pin_list>
<bind>
<StgValue><ssdm name="_ssdm_op_SpecPipeline"/></StgValue>
</bind>
</comp>

<comp id="50" class="1001" name="const_50">
<pin_list>
<pin id="51" dir="1" index="0" bw="1" slack="2147483647"/>
</pin_list>
<bind>
<StgValue><ssdm name="_ssdm_op_SpecLoopTripCount"/></StgValue>
</bind>
</comp>

<comp id="52" class="1001" name="const_52">
<pin_list>
<pin id="53" dir="1" index="0" bw="1" slack="2147483647"/>
</pin_list>
<bind>
<StgValue><ssdm name=""/></StgValue>
</bind>
</comp>

<comp id="54" class="1001" name="const_54">
<pin_list>
<pin id="55" dir="1" index="0" bw="1" slack="2147483647"/>
</pin_list>
<bind>
<StgValue><ssdm name="_ssdm_op_SpecLoopName"/></StgValue>
</bind>
</comp>

<comp id="56" class="1001" name="const_56">
<pin_list>
<pin id="57" dir="1" index="0" bw="1" slack="2147483647"/>
</pin_list>
<bind>
<StgValue><ssdm name="empty_11"/></StgValue>
</bind>
</comp>

<comp id="58" class="1001" name="const_58">
<pin_list>
<pin id="59" dir="1" index="0" bw="1" slack="0"/>
</pin_list>
<bind>
<StgValue><ssdm name=""/></StgValue>
</bind>
</comp>

<comp id="60" class="1001" name="const_60">
<pin_list>
<pin id="61" dir="1" index="0" bw="1" slack="0"/>
</pin_list>
<bind>
<StgValue><ssdm name=""/></StgValue>
</bind>
</comp>

<comp id="62" class="1001" name="const_62">
<pin_list>
<pin id="63" dir="1" index="0" bw="1" slack="0"/>
</pin_list>
<bind>
<StgValue><ssdm name=""/></StgValue>
</bind>
</comp>

<comp id="64" class="1004" name="o_1_fu_64">
<pin_list>
<pin id="65" dir="0" index="0" bw="1" slack="0"/>
<pin id="66" dir="1" index="1" bw="9" slack="0"/>
</pin_list>
<bind>
<opcode="alloca(26) " fcode="alloca"/>
<opset="o_1/1 "/>
</bind>
</comp>

<comp id="68" class="1004" name="empty_read_fu_68">
<pin_list>
<pin id="69" dir="0" index="0" bw="44" slack="0"/>
<pin id="70" dir="0" index="1" bw="32" slack="0"/>
<pin id="71" dir="0" index="2" bw="4" slack="0"/>
<pin id="72" dir="0" index="3" bw="4" slack="0"/>
<pin id="73" dir="0" index="4" bw="1" slack="0"/>
<pin id="74" dir="0" index="5" bw="1" slack="0"/>
<pin id="75" dir="0" index="6" bw="1" slack="0"/>
<pin id="76" dir="0" index="7" bw="1" slack="0"/>
<pin id="77" dir="1" index="8" bw="44" slack="0"/>
</pin_list>
<bind>
<opcode="read(1150) " fcode="read"/>
<opset="empty/2 "/>
</bind>
</comp>

<comp id="86" class="1004" name="act1_addr_gep_fu_86">
<pin_list>
<pin id="87" dir="0" index="0" bw="16" slack="0"/>
<pin id="88" dir="0" index="1" bw="1" slack="0"/>
<pin id="89" dir="0" index="2" bw="9" slack="0"/>
<pin id="90" dir="1" index="3" bw="8" slack="0"/>
</pin_list>
<bind>
<opcode="getelementptr(29) " fcode="getelementptr"/>
<opset="act1_addr/1 "/>
</bind>
</comp>

<comp id="93" class="1004" name="grp_access_fu_93">
<pin_list>
<pin id="94" dir="0" index="0" bw="8" slack="2"/>
<pin id="95" dir="0" index="1" bw="16" slack="0"/>
<pin id="96" dir="0" index="2" bw="0" slack="0"/>
<pin id="98" dir="0" index="4" bw="8" slack="2147483647"/>
<pin id="99" dir="0" index="5" bw="16" slack="2147483647"/>
<pin id="100" dir="0" index="6" bw="0" slack="2147483647"/>
<pin id="97" dir="1" index="3" bw="16" slack="2147483647"/>
<pin id="101" dir="1" index="7" bw="16" slack="0"/>
</pin_list>
<bind>
<opcode="load(27) store(28) " fcode="store"/>
<opset="act1_load/1 store_ln39/3 "/>
</bind>
</comp>

<comp id="103" class="1004" name="store_ln35_store_fu_103">
<pin_list>
<pin id="104" dir="0" index="0" bw="1" slack="0"/>
<pin id="105" dir="0" index="1" bw="9" slack="0"/>
<pin id="106" dir="1" index="2" bw="0" slack="2147483647"/>
</pin_list>
<bind>
<opcode="store(28) " fcode="store"/>
<opset="store_ln35/1 "/>
</bind>
</comp>

<comp id="108" class="1004" name="o_load_fu_108">
<pin_list>
<pin id="109" dir="0" index="0" bw="9" slack="0"/>
<pin id="110" dir="1" index="1" bw="9" slack="0"/>
</pin_list>
<bind>
<opcode="load(27) " fcode="load"/>
<opset="o/1 "/>
</bind>
</comp>

<comp id="111" class="1004" name="icmp_ln35_fu_111">
<pin_list>
<pin id="112" dir="0" index="0" bw="9" slack="0"/>
<pin id="113" dir="0" index="1" bw="9" slack="0"/>
<pin id="114" dir="1" index="2" bw="1" slack="1"/>
</pin_list>
<bind>
<opcode="icmp(45) " fcode="icmp"/>
<opset="icmp_ln35/1 "/>
</bind>
</comp>

<comp id="117" class="1004" name="add_ln35_fu_117">
<pin_list>
<pin id="118" dir="0" index="0" bw="9" slack="0"/>
<pin id="119" dir="0" index="1" bw="1" slack="0"/>
<pin id="120" dir="1" index="2" bw="9" slack="0"/>
</pin_list>
<bind>
<opcode="add(8) " fcode="add"/>
<opset="add_ln35/1 "/>
</bind>
</comp>

<comp id="123" class="1004" name="zext_ln35_fu_123">
<pin_list>
<pin id="124" dir="0" index="0" bw="9" slack="0"/>
<pin id="125" dir="1" index="1" bw="64" slack="0"/>
</pin_list>
<bind>
<opcode="zext(34) " fcode="zext"/>
<opset="zext_ln35/1 "/>
</bind>
</comp>

<comp id="128" class="1004" name="store_ln35_store_fu_128">
<pin_list>
<pin id="129" dir="0" index="0" bw="9" slack="0"/>
<pin id="130" dir="0" index="1" bw="9" slack="0"/>
<pin id="131" dir="1" index="2" bw="0" slack="2147483647"/>
</pin_list>
<bind>
<opcode="store(28) " fcode="store"/>
<opset="store_ln35/1 "/>
</bind>
</comp>

<comp id="133" class="1004" name="p_s_fu_133">
<pin_list>
<pin id="134" dir="0" index="0" bw="44" slack="0"/>
<pin id="135" dir="1" index="1" bw="32" slack="0"/>
</pin_list>
<bind>
<opcode="extractvalue(56) " fcode="extractvalue"/>
<opset="p_s/2 "/>
</bind>
</comp>

<comp id="137" class="1004" name="shl_ln1_fu_137">
<pin_list>
<pin id="138" dir="0" index="0" bw="26" slack="0"/>
<pin id="139" dir="0" index="1" bw="16" slack="0"/>
<pin id="140" dir="0" index="2" bw="1" slack="0"/>
<pin id="141" dir="1" index="3" bw="26" slack="0"/>
</pin_list>
<bind>
<opcode="bitconcatenate(1004) " fcode="bitconcatenate"/>
<opset="shl_ln1/2 "/>
</bind>
</comp>

<comp id="145" class="1004" name="sext_ln38_fu_145">
<pin_list>
<pin id="146" dir="0" index="0" bw="26" slack="0"/>
<pin id="147" dir="1" index="1" bw="27" slack="0"/>
</pin_list>
<bind>
<opcode="sext(35) " fcode="sext"/>
<opset="sext_ln38/2 "/>
</bind>
</comp>

<comp id="149" class="1004" name="trunc_ln38_fu_149">
<pin_list>
<pin id="150" dir="0" index="0" bw="32" slack="0"/>
<pin id="151" dir="1" index="1" bw="16" slack="0"/>
</pin_list>
<bind>
<opcode="trunc(33) " fcode="trunc"/>
<opset="trunc_ln38/2 "/>
</bind>
</comp>

<comp id="153" class="1004" name="shl_ln38_1_fu_153">
<pin_list>
<pin id="154" dir="0" index="0" bw="26" slack="0"/>
<pin id="155" dir="0" index="1" bw="16" slack="0"/>
<pin id="156" dir="0" index="2" bw="1" slack="0"/>
<pin id="157" dir="1" index="3" bw="26" slack="0"/>
</pin_list>
<bind>
<opcode="bitconcatenate(1004) " fcode="bitconcatenate"/>
<opset="shl_ln38_1/2 "/>
</bind>
</comp>

<comp id="161" class="1004" name="sext_ln38_1_fu_161">
<pin_list>
<pin id="162" dir="0" index="0" bw="26" slack="0"/>
<pin id="163" dir="1" index="1" bw="27" slack="0"/>
</pin_list>
<bind>
<opcode="sext(35) " fcode="sext"/>
<opset="sext_ln38_1/2 "/>
</bind>
</comp>

<comp id="165" class="1004" name="acc_fu_165">
<pin_list>
<pin id="166" dir="0" index="0" bw="26" slack="0"/>
<pin id="167" dir="0" index="1" bw="26" slack="0"/>
<pin id="168" dir="1" index="2" bw="27" slack="1"/>
</pin_list>
<bind>
<opcode="add(8) " fcode="add"/>
<opset="acc/2 "/>
</bind>
</comp>

<comp id="171" class="1004" name="icmp_ln39_fu_171">
<pin_list>
<pin id="172" dir="0" index="0" bw="27" slack="1"/>
<pin id="173" dir="0" index="1" bw="27" slack="0"/>
<pin id="174" dir="1" index="2" bw="1" slack="0"/>
</pin_list>
<bind>
<opcode="icmp(45) " fcode="icmp"/>
<opset="icmp_ln39/3 "/>
</bind>
</comp>

<comp id="176" class="1004" name="select_ln39_fu_176">
<pin_list>
<pin id="177" dir="0" index="0" bw="1" slack="0"/>
<pin id="178" dir="0" index="1" bw="16" slack="0"/>
<pin id="179" dir="0" index="2" bw="16" slack="0"/>
<pin id="180" dir="1" index="3" bw="16" slack="0"/>
</pin_list>
<bind>
<opcode="select(49) " fcode="select"/>
<opset="select_ln39/3 "/>
</bind>
</comp>

<comp id="185" class="1005" name="o_1_reg_185">
<pin_list>
<pin id="186" dir="0" index="0" bw="9" slack="0"/>
<pin id="187" dir="1" index="1" bw="9" slack="0"/>
</pin_list>
<bind>
<opset="o_1 "/>
</bind>
</comp>

<comp id="192" class="1005" name="icmp_ln35_reg_192">
<pin_list>
<pin id="193" dir="0" index="0" bw="1" slack="1"/>
<pin id="194" dir="1" index="1" bw="1" slack="2147483647"/>
</pin_list>
<bind>
<opset="icmp_ln35 "/>
</bind>
</comp>

<comp id="196" class="1005" name="act1_addr_reg_196">
<pin_list>
<pin id="197" dir="0" index="0" bw="8" slack="1"/>
<pin id="198" dir="1" index="1" bw="8" slack="1"/>
</pin_list>
<bind>
<opset="act1_addr "/>
</bind>
</comp>

<comp id="202" class="1005" name="acc_reg_202">
<pin_list>
<pin id="203" dir="0" index="0" bw="27" slack="1"/>
<pin id="204" dir="1" index="1" bw="27" slack="1"/>
</pin_list>
<bind>
<opset="acc "/>
</bind>
</comp>

</comp_list>

<net_list>
<net id="67"><net_src comp="16" pin="0"/><net_sink comp="64" pin=0"/></net>

<net id="78"><net_src comp="42" pin="0"/><net_sink comp="68" pin=0"/></net>

<net id="79"><net_src comp="0" pin="0"/><net_sink comp="68" pin=1"/></net>

<net id="80"><net_src comp="2" pin="0"/><net_sink comp="68" pin=2"/></net>

<net id="81"><net_src comp="4" pin="0"/><net_sink comp="68" pin=3"/></net>

<net id="82"><net_src comp="6" pin="0"/><net_sink comp="68" pin=4"/></net>

<net id="83"><net_src comp="8" pin="0"/><net_sink comp="68" pin=5"/></net>

<net id="84"><net_src comp="10" pin="0"/><net_sink comp="68" pin=6"/></net>

<net id="85"><net_src comp="12" pin="0"/><net_sink comp="68" pin=7"/></net>

<net id="91"><net_src comp="14" pin="0"/><net_sink comp="86" pin=0"/></net>

<net id="92"><net_src comp="40" pin="0"/><net_sink comp="86" pin=1"/></net>

<net id="102"><net_src comp="86" pin="3"/><net_sink comp="93" pin=2"/></net>

<net id="107"><net_src comp="34" pin="0"/><net_sink comp="103" pin=0"/></net>

<net id="115"><net_src comp="108" pin="1"/><net_sink comp="111" pin=0"/></net>

<net id="116"><net_src comp="36" pin="0"/><net_sink comp="111" pin=1"/></net>

<net id="121"><net_src comp="108" pin="1"/><net_sink comp="117" pin=0"/></net>

<net id="122"><net_src comp="38" pin="0"/><net_sink comp="117" pin=1"/></net>

<net id="126"><net_src comp="108" pin="1"/><net_sink comp="123" pin=0"/></net>

<net id="127"><net_src comp="123" pin="1"/><net_sink comp="86" pin=2"/></net>

<net id="132"><net_src comp="117" pin="2"/><net_sink comp="128" pin=0"/></net>

<net id="136"><net_src comp="68" pin="8"/><net_sink comp="133" pin=0"/></net>

<net id="142"><net_src comp="44" pin="0"/><net_sink comp="137" pin=0"/></net>

<net id="143"><net_src comp="93" pin="7"/><net_sink comp="137" pin=1"/></net>

<net id="144"><net_src comp="46" pin="0"/><net_sink comp="137" pin=2"/></net>

<net id="148"><net_src comp="137" pin="3"/><net_sink comp="145" pin=0"/></net>

<net id="152"><net_src comp="133" pin="1"/><net_sink comp="149" pin=0"/></net>

<net id="158"><net_src comp="44" pin="0"/><net_sink comp="153" pin=0"/></net>

<net id="159"><net_src comp="149" pin="1"/><net_sink comp="153" pin=1"/></net>

<net id="160"><net_src comp="46" pin="0"/><net_sink comp="153" pin=2"/></net>

<net id="164"><net_src comp="153" pin="3"/><net_sink comp="161" pin=0"/></net>

<net id="169"><net_src comp="145" pin="1"/><net_sink comp="165" pin=0"/></net>

<net id="170"><net_src comp="161" pin="1"/><net_sink comp="165" pin=1"/></net>

<net id="175"><net_src comp="58" pin="0"/><net_sink comp="171" pin=1"/></net>

<net id="181"><net_src comp="171" pin="2"/><net_sink comp="176" pin=0"/></net>

<net id="182"><net_src comp="60" pin="0"/><net_sink comp="176" pin=1"/></net>

<net id="183"><net_src comp="62" pin="0"/><net_sink comp="176" pin=2"/></net>

<net id="184"><net_src comp="176" pin="3"/><net_sink comp="93" pin=1"/></net>

<net id="188"><net_src comp="64" pin="1"/><net_sink comp="185" pin=0"/></net>

<net id="189"><net_src comp="185" pin="1"/><net_sink comp="103" pin=1"/></net>

<net id="190"><net_src comp="185" pin="1"/><net_sink comp="108" pin=0"/></net>

<net id="191"><net_src comp="185" pin="1"/><net_sink comp="128" pin=1"/></net>

<net id="195"><net_src comp="111" pin="2"/><net_sink comp="192" pin=0"/></net>

<net id="199"><net_src comp="86" pin="3"/><net_sink comp="196" pin=0"/></net>

<net id="200"><net_src comp="196" pin="1"/><net_sink comp="93" pin=2"/></net>

<net id="201"><net_src comp="196" pin="1"/><net_sink comp="93" pin=0"/></net>

<net id="205"><net_src comp="165" pin="2"/><net_sink comp="202" pin=0"/></net>

<net id="206"><net_src comp="202" pin="1"/><net_sink comp="171" pin=0"/></net>

</net_list>

</model> 
---------------- Datapath Model END ------------------

* FSMD analyzer results:
  - Output states:
	Port: s_axis_input_V_data_V | {}
	Port: s_axis_input_V_keep_V | {}
	Port: s_axis_input_V_strb_V | {}
	Port: s_axis_input_V_user_V | {}
	Port: s_axis_input_V_last_V | {}
	Port: s_axis_input_V_id_V | {}
	Port: s_axis_input_V_dest_V | {}
	Port: act1 | {3 }
 - Input state : 
	Port: bnn_top_Pipeline_L1_B : s_axis_input_V_data_V | {2 }
	Port: bnn_top_Pipeline_L1_B : s_axis_input_V_keep_V | {2 }
	Port: bnn_top_Pipeline_L1_B : s_axis_input_V_strb_V | {2 }
	Port: bnn_top_Pipeline_L1_B : s_axis_input_V_user_V | {2 }
	Port: bnn_top_Pipeline_L1_B : s_axis_input_V_last_V | {2 }
	Port: bnn_top_Pipeline_L1_B : s_axis_input_V_id_V | {2 }
	Port: bnn_top_Pipeline_L1_B : s_axis_input_V_dest_V | {2 }
	Port: bnn_top_Pipeline_L1_B : act1 | {1 2 }
  - Chain level:
	State 1
		store_ln35 : 1
		o : 1
		icmp_ln35 : 2
		add_ln35 : 2
		br_ln35 : 3
		zext_ln35 : 2
		act1_addr : 3
		act1_load : 4
		store_ln35 : 3
	State 2
		shl_ln1 : 1
		sext_ln38 : 2
		trunc_ln38 : 1
		shl_ln38_1 : 2
		sext_ln38_1 : 3
		acc : 4
	State 3
		select_ln39 : 1
		store_ln39 : 2


============================================================
+ Verbose Summary: Datapath Resource usage 
============================================================

* Functional unit list:
|----------|--------------------|---------|---------|
| Operation|   Functional Unit  |    FF   |   LUT   |
|----------|--------------------|---------|---------|
|   icmp   |  icmp_ln35_fu_111  |    0    |    14   |
|          |  icmp_ln39_fu_171  |    0    |    34   |
|----------|--------------------|---------|---------|
|    add   |   add_ln35_fu_117  |    0    |    14   |
|          |     acc_fu_165     |    0    |    33   |
|----------|--------------------|---------|---------|
|  select  | select_ln39_fu_176 |    0    |    16   |
|----------|--------------------|---------|---------|
|   read   |  empty_read_fu_68  |    0    |    0    |
|----------|--------------------|---------|---------|
|   zext   |  zext_ln35_fu_123  |    0    |    0    |
|----------|--------------------|---------|---------|
|extractvalue|     p_s_fu_133     |    0    |    0    |
|----------|--------------------|---------|---------|
|bitconcatenate|   shl_ln1_fu_137   |    0    |    0    |
|          |  shl_ln38_1_fu_153 |    0    |    0    |
|----------|--------------------|---------|---------|
|   sext   |  sext_ln38_fu_145  |    0    |    0    |
|          | sext_ln38_1_fu_161 |    0    |    0    |
|----------|--------------------|---------|---------|
|   trunc  |  trunc_ln38_fu_149 |    0    |    0    |
|----------|--------------------|---------|---------|
|   Total  |                    |    0    |   111   |
|----------|--------------------|---------|---------|

Memories:
N/A

* Register list:
+-----------------+--------+
|                 |   FF   |
+-----------------+--------+
|   acc_reg_202   |   27   |
|act1_addr_reg_196|    8   |
|icmp_ln35_reg_192|    1   |
|   o_1_reg_185   |    9   |
+-----------------+--------+
|      Total      |   45   |
+-----------------+--------+

* Multiplexer (MUX) list: 
|------------------|------|------|------|--------||---------||---------||---------|
|       Comp       |  Pin | Size |  BW  | S x BW ||  Delay  ||    FF   ||   LUT   |
|------------------|------|------|------|--------||---------||---------||---------|
| grp_access_fu_93 |  p2  |   2  |   0  |    0   ||    0    ||    9    |
|------------------|------|------|------|--------||---------||---------||---------|
|       Total      |      |      |      |    0   ||  1.588  ||    0    ||    9    |
|------------------|------|------|------|--------||---------||---------||---------|



* Summary:
+-----------+--------+--------+--------+
|           |  Delay |   FF   |   LUT  |
+-----------+--------+--------+--------+
|  Function |    -   |    0   |   111  |
|   Memory  |    -   |    -   |    -   |
|Multiplexer|    1   |    0   |    9   |
|  Register |    -   |   45   |    -   |
+-----------+--------+--------+--------+
|   Total   |    1   |   45   |   120  |
+-----------+--------+--------+--------+
