
*** Running vivado
    with args -log svm_accelerator_design_svm_accelerator_0_0.vds -m64 -product Vivado -mode batch -messageDb vivado.pb -notrace -source svm_accelerator_design_svm_accelerator_0_0.tcl


WARNING: Default location for XILINX_HLS not found

****** Vivado v2024.2 (64-bit)
  **** SW Build 5239630 on Fri Nov 08 22:35:27 MST 2024
  **** IP Build 5239520 on Sun Nov 10 16:12:51 MST 2024
  **** SharedData Build 5239561 on Fri Nov 08 14:39:27 MST 2024
  **** Start of session at: Sat May  9 00:57:56 2026
    ** Copyright 1986-2022 Xilinx, Inc. All Rights Reserved.
    ** Copyright 2022-2024 Advanced Micro Devices, Inc. All Rights Reserved.

source svm_accelerator_design_svm_accelerator_0_0.tcl -notrace
INFO: [IP_Flow 19-234] Refreshing IP repositories
INFO: [IP_Flow 19-1704] No user IP repositories specified
INFO: [IP_Flow 19-2313] Loaded Vivado IP repository 'C:/Vivado/2024.2/data/ip'.
Command: synth_design -top svm_accelerator_design_svm_accelerator_0_0 -part xc7z020clg400-1 -incremental_mode off -mode out_of_context
Starting synth_design
Attempting to get a license for feature 'Synthesis' and/or device 'xc7z020'
INFO: [Common 17-349] Got license for feature 'Synthesis' and/or device 'xc7z020'
INFO: [Device 21-403] Loading part xc7z020clg400-1
INFO: [Synth 8-7079] Multithreading enabled for synth_design using a maximum of 2 processes.
INFO: [Synth 8-7078] Launching helper process for spawning children vivado processes
INFO: [Synth 8-7075] Helper process launched with PID 31000
---------------------------------------------------------------------------------
Starting RTL Elaboration : Time (s): cpu = 00:00:12 ; elapsed = 00:00:13 . Memory (MB): peak = 1079.266 ; gain = 467.820
---------------------------------------------------------------------------------
INFO: [Synth 8-6157] synthesizing module 'svm_accelerator_design_svm_accelerator_0_0' [c:/Users/Chappidi Sai Sudheer/Desktop/svm_accelerator/svm_accelerator.gen/sources_1/bd/svm_accelerator_design/ip/svm_accelerator_design_svm_accelerator_0_0/synth/svm_accelerator_design_svm_accelerator_0_0.v:53]
INFO: [Synth 8-6157] synthesizing module 'svm_accelerator' [C:/Users/Chappidi Sai Sudheer/Downloads/svm_accelerator.v:7]
INFO: [Synth 8-155] case statement is not full and has no default [C:/Users/Chappidi Sai Sudheer/Downloads/svm_accelerator.v:70]
INFO: [Synth 8-6155] done synthesizing module 'svm_accelerator' (0#1) [C:/Users/Chappidi Sai Sudheer/Downloads/svm_accelerator.v:7]
INFO: [Synth 8-6155] done synthesizing module 'svm_accelerator_design_svm_accelerator_0_0' (0#1) [c:/Users/Chappidi Sai Sudheer/Desktop/svm_accelerator/svm_accelerator.gen/sources_1/bd/svm_accelerator_design/ip/svm_accelerator_design_svm_accelerator_0_0/synth/svm_accelerator_design_svm_accelerator_0_0.v:53]
WARNING: [Synth 8-6014] Unused sequential element decision_sum_reg was removed.  [C:/Users/Chappidi Sai Sudheer/Downloads/svm_accelerator.v:64]
WARNING: [Synth 8-6014] Unused sequential element input_features_reg[0] was removed.  [C:/Users/Chappidi Sai Sudheer/Downloads/svm_accelerator.v:77]
WARNING: [Synth 8-6014] Unused sequential element input_features_reg[1] was removed.  [C:/Users/Chappidi Sai Sudheer/Downloads/svm_accelerator.v:77]
WARNING: [Synth 8-6014] Unused sequential element input_features_reg[2] was removed.  [C:/Users/Chappidi Sai Sudheer/Downloads/svm_accelerator.v:77]
WARNING: [Synth 8-6014] Unused sequential element input_features_reg[3] was removed.  [C:/Users/Chappidi Sai Sudheer/Downloads/svm_accelerator.v:77]
WARNING: [Synth 8-6014] Unused sequential element input_features_reg[4] was removed.  [C:/Users/Chappidi Sai Sudheer/Downloads/svm_accelerator.v:77]
WARNING: [Synth 8-6014] Unused sequential element input_features_reg[5] was removed.  [C:/Users/Chappidi Sai Sudheer/Downloads/svm_accelerator.v:77]
WARNING: [Synth 8-6014] Unused sequential element input_features_reg[6] was removed.  [C:/Users/Chappidi Sai Sudheer/Downloads/svm_accelerator.v:77]
WARNING: [Synth 8-6014] Unused sequential element input_features_reg[7] was removed.  [C:/Users/Chappidi Sai Sudheer/Downloads/svm_accelerator.v:77]
WARNING: [Synth 8-6014] Unused sequential element input_features_reg[8] was removed.  [C:/Users/Chappidi Sai Sudheer/Downloads/svm_accelerator.v:77]
WARNING: [Synth 8-6014] Unused sequential element input_features_reg[9] was removed.  [C:/Users/Chappidi Sai Sudheer/Downloads/svm_accelerator.v:77]
WARNING: [Synth 8-7129] Port s_axis_tdata[31] in module svm_accelerator is either unconnected or has no load
WARNING: [Synth 8-7129] Port s_axis_tdata[30] in module svm_accelerator is either unconnected or has no load
WARNING: [Synth 8-7129] Port s_axis_tdata[29] in module svm_accelerator is either unconnected or has no load
WARNING: [Synth 8-7129] Port s_axis_tdata[28] in module svm_accelerator is either unconnected or has no load
WARNING: [Synth 8-7129] Port s_axis_tdata[27] in module svm_accelerator is either unconnected or has no load
WARNING: [Synth 8-7129] Port s_axis_tdata[26] in module svm_accelerator is either unconnected or has no load
WARNING: [Synth 8-7129] Port s_axis_tdata[25] in module svm_accelerator is either unconnected or has no load
WARNING: [Synth 8-7129] Port s_axis_tdata[24] in module svm_accelerator is either unconnected or has no load
WARNING: [Synth 8-7129] Port s_axis_tdata[23] in module svm_accelerator is either unconnected or has no load
WARNING: [Synth 8-7129] Port s_axis_tdata[22] in module svm_accelerator is either unconnected or has no load
WARNING: [Synth 8-7129] Port s_axis_tdata[21] in module svm_accelerator is either unconnected or has no load
WARNING: [Synth 8-7129] Port s_axis_tdata[20] in module svm_accelerator is either unconnected or has no load
WARNING: [Synth 8-7129] Port s_axis_tdata[19] in module svm_accelerator is either unconnected or has no load
WARNING: [Synth 8-7129] Port s_axis_tdata[18] in module svm_accelerator is either unconnected or has no load
WARNING: [Synth 8-7129] Port s_axis_tdata[17] in module svm_accelerator is either unconnected or has no load
WARNING: [Synth 8-7129] Port s_axis_tdata[16] in module svm_accelerator is either unconnected or has no load
WARNING: [Synth 8-7129] Port s_axis_tdata[15] in module svm_accelerator is either unconnected or has no load
WARNING: [Synth 8-7129] Port s_axis_tdata[14] in module svm_accelerator is either unconnected or has no load
WARNING: [Synth 8-7129] Port s_axis_tdata[13] in module svm_accelerator is either unconnected or has no load
WARNING: [Synth 8-7129] Port s_axis_tdata[12] in module svm_accelerator is either unconnected or has no load
WARNING: [Synth 8-7129] Port s_axis_tdata[11] in module svm_accelerator is either unconnected or has no load
WARNING: [Synth 8-7129] Port s_axis_tdata[10] in module svm_accelerator is either unconnected or has no load
WARNING: [Synth 8-7129] Port s_axis_tdata[9] in module svm_accelerator is either unconnected or has no load
WARNING: [Synth 8-7129] Port s_axis_tdata[8] in module svm_accelerator is either unconnected or has no load
WARNING: [Synth 8-7129] Port s_axis_tdata[7] in module svm_accelerator is either unconnected or has no load
WARNING: [Synth 8-7129] Port s_axis_tdata[6] in module svm_accelerator is either unconnected or has no load
WARNING: [Synth 8-7129] Port s_axis_tdata[5] in module svm_accelerator is either unconnected or has no load
WARNING: [Synth 8-7129] Port s_axis_tdata[4] in module svm_accelerator is either unconnected or has no load
WARNING: [Synth 8-7129] Port s_axis_tdata[3] in module svm_accelerator is either unconnected or has no load
WARNING: [Synth 8-7129] Port s_axis_tdata[2] in module svm_accelerator is either unconnected or has no load
WARNING: [Synth 8-7129] Port s_axis_tdata[1] in module svm_accelerator is either unconnected or has no load
WARNING: [Synth 8-7129] Port s_axis_tdata[0] in module svm_accelerator is either unconnected or has no load
WARNING: [Synth 8-7129] Port s_axis_tlast in module svm_accelerator is either unconnected or has no load
---------------------------------------------------------------------------------
Finished RTL Elaboration : Time (s): cpu = 00:00:18 ; elapsed = 00:00:20 . Memory (MB): peak = 1245.656 ; gain = 634.211
---------------------------------------------------------------------------------
---------------------------------------------------------------------------------
Start Handling Custom Attributes
---------------------------------------------------------------------------------
---------------------------------------------------------------------------------
Finished Handling Custom Attributes : Time (s): cpu = 00:00:18 ; elapsed = 00:00:21 . Memory (MB): peak = 1245.656 ; gain = 634.211
---------------------------------------------------------------------------------
---------------------------------------------------------------------------------
Finished RTL Optimization Phase 1 : Time (s): cpu = 00:00:18 ; elapsed = 00:00:21 . Memory (MB): peak = 1245.656 ; gain = 634.211
---------------------------------------------------------------------------------
Netlist sorting complete. Time (s): cpu = 00:00:00 ; elapsed = 00:00:00.003 . Memory (MB): peak = 1245.656 ; gain = 0.000
INFO: [Project 1-570] Preparing netlist for logic optimization

Processing XDC Constraints
Initializing timing engine
Completed Processing XDC Constraints

Netlist sorting complete. Time (s): cpu = 00:00:00 ; elapsed = 00:00:00 . Memory (MB): peak = 1282.918 ; gain = 0.000
INFO: [Project 1-111] Unisim Transformation Summary:
No Unisim elements were transformed.

Constraint Validation Runtime : Time (s): cpu = 00:00:00 ; elapsed = 00:00:00.305 . Memory (MB): peak = 1284.781 ; gain = 1.863
INFO: [Designutils 20-5008] Incremental synthesis strategy off
---------------------------------------------------------------------------------
Finished Constraint Validation : Time (s): cpu = 00:00:38 ; elapsed = 00:00:42 . Memory (MB): peak = 1284.781 ; gain = 673.336
---------------------------------------------------------------------------------
---------------------------------------------------------------------------------
Start Loading Part and Timing Information
---------------------------------------------------------------------------------
Loading part: xc7z020clg400-1
---------------------------------------------------------------------------------
Finished Loading Part and Timing Information : Time (s): cpu = 00:00:38 ; elapsed = 00:00:42 . Memory (MB): peak = 1284.781 ; gain = 673.336
---------------------------------------------------------------------------------
---------------------------------------------------------------------------------
Start Applying 'set_property' XDC Constraints
---------------------------------------------------------------------------------
---------------------------------------------------------------------------------
Finished applying 'set_property' XDC Constraints : Time (s): cpu = 00:00:38 ; elapsed = 00:00:42 . Memory (MB): peak = 1284.781 ; gain = 673.336
---------------------------------------------------------------------------------
INFO: [Synth 8-802] inferred FSM for state register 'state_reg' in module 'svm_accelerator'
---------------------------------------------------------------------------------------------------
                   State |                     New Encoding |                Previous Encoding 
---------------------------------------------------------------------------------------------------
                    IDLE |                              000 |                              000
               RECV_FEAT |                              001 |                              001
             COMPUTE_RBF |                              010 |                              010
              ACCUMULATE |                              011 |                              011
             SEND_RESULT |                              100 |                              100
---------------------------------------------------------------------------------------------------
INFO: [Synth 8-3354] encoded FSM with state register 'state_reg' using encoding 'sequential' in module 'svm_accelerator'
---------------------------------------------------------------------------------
Finished RTL Optimization Phase 2 : Time (s): cpu = 00:00:38 ; elapsed = 00:00:43 . Memory (MB): peak = 1284.781 ; gain = 673.336
---------------------------------------------------------------------------------
---------------------------------------------------------------------------------
Start RTL Component Statistics 
---------------------------------------------------------------------------------
Detailed RTL Component Info : 
+---Adders : 
	   2 Input   12 Bit       Adders := 1     
	   2 Input    4 Bit       Adders := 1     
+---Registers : 
	               32 Bit    Registers := 1     
	               12 Bit    Registers := 1     
	                4 Bit    Registers := 1     
	                1 Bit    Registers := 1     
+---Muxes : 
	   5 Input   12 Bit        Muxes := 1     
	   5 Input    4 Bit        Muxes := 1     
	   5 Input    3 Bit        Muxes := 1     
	   2 Input    3 Bit        Muxes := 1     
	   2 Input    1 Bit        Muxes := 3     
	   5 Input    1 Bit        Muxes := 6     
---------------------------------------------------------------------------------
Finished RTL Component Statistics 
---------------------------------------------------------------------------------
---------------------------------------------------------------------------------
Start Part Resource Summary
---------------------------------------------------------------------------------
Part Resources:
DSPs: 220 (col length:60)
BRAMs: 280 (col length: RAMB18 60 RAMB36 30)
---------------------------------------------------------------------------------
Finished Part Resource Summary
---------------------------------------------------------------------------------
---------------------------------------------------------------------------------
Start Cross Boundary and Area Optimization
---------------------------------------------------------------------------------
WARNING: [Synth 8-7080] Parallel synthesis criteria is not met
WARNING: [Synth 8-7129] Port s_axis_tdata[31] in module svm_accelerator_design_svm_accelerator_0_0 is either unconnected or has no load
WARNING: [Synth 8-7129] Port s_axis_tdata[30] in module svm_accelerator_design_svm_accelerator_0_0 is either unconnected or has no load
WARNING: [Synth 8-7129] Port s_axis_tdata[29] in module svm_accelerator_design_svm_accelerator_0_0 is either unconnected or has no load
WARNING: [Synth 8-7129] Port s_axis_tdata[28] in module svm_accelerator_design_svm_accelerator_0_0 is either unconnected or has no load
WARNING: [Synth 8-7129] Port s_axis_tdata[27] in module svm_accelerator_design_svm_accelerator_0_0 is either unconnected or has no load
WARNING: [Synth 8-7129] Port s_axis_tdata[26] in module svm_accelerator_design_svm_accelerator_0_0 is either unconnected or has no load
WARNING: [Synth 8-7129] Port s_axis_tdata[25] in module svm_accelerator_design_svm_accelerator_0_0 is either unconnected or has no load
WARNING: [Synth 8-7129] Port s_axis_tdata[24] in module svm_accelerator_design_svm_accelerator_0_0 is either unconnected or has no load
WARNING: [Synth 8-7129] Port s_axis_tdata[23] in module svm_accelerator_design_svm_accelerator_0_0 is either unconnected or has no load
WARNING: [Synth 8-7129] Port s_axis_tdata[22] in module svm_accelerator_design_svm_accelerator_0_0 is either unconnected or has no load
WARNING: [Synth 8-7129] Port s_axis_tdata[21] in module svm_accelerator_design_svm_accelerator_0_0 is either unconnected or has no load
WARNING: [Synth 8-7129] Port s_axis_tdata[20] in module svm_accelerator_design_svm_accelerator_0_0 is either unconnected or has no load
WARNING: [Synth 8-7129] Port s_axis_tdata[19] in module svm_accelerator_design_svm_accelerator_0_0 is either unconnected or has no load
WARNING: [Synth 8-7129] Port s_axis_tdata[18] in module svm_accelerator_design_svm_accelerator_0_0 is either unconnected or has no load
WARNING: [Synth 8-7129] Port s_axis_tdata[17] in module svm_accelerator_design_svm_accelerator_0_0 is either unconnected or has no load
WARNING: [Synth 8-7129] Port s_axis_tdata[16] in module svm_accelerator_design_svm_accelerator_0_0 is either unconnected or has no load
WARNING: [Synth 8-7129] Port s_axis_tdata[15] in module svm_accelerator_design_svm_accelerator_0_0 is either unconnected or has no load
WARNING: [Synth 8-7129] Port s_axis_tdata[14] in module svm_accelerator_design_svm_accelerator_0_0 is either unconnected or has no load
WARNING: [Synth 8-7129] Port s_axis_tdata[13] in module svm_accelerator_design_svm_accelerator_0_0 is either unconnected or has no load
WARNING: [Synth 8-7129] Port s_axis_tdata[12] in module svm_accelerator_design_svm_accelerator_0_0 is either unconnected or has no load
WARNING: [Synth 8-7129] Port s_axis_tdata[11] in module svm_accelerator_design_svm_accelerator_0_0 is either unconnected or has no load
WARNING: [Synth 8-7129] Port s_axis_tdata[10] in module svm_accelerator_design_svm_accelerator_0_0 is either unconnected or has no load
WARNING: [Synth 8-7129] Port s_axis_tdata[9] in module svm_accelerator_design_svm_accelerator_0_0 is either unconnected or has no load
WARNING: [Synth 8-7129] Port s_axis_tdata[8] in module svm_accelerator_design_svm_accelerator_0_0 is either unconnected or has no load
WARNING: [Synth 8-7129] Port s_axis_tdata[7] in module svm_accelerator_design_svm_accelerator_0_0 is either unconnected or has no load
WARNING: [Synth 8-7129] Port s_axis_tdata[6] in module svm_accelerator_design_svm_accelerator_0_0 is either unconnected or has no load
WARNING: [Synth 8-7129] Port s_axis_tdata[5] in module svm_accelerator_design_svm_accelerator_0_0 is either unconnected or has no load
WARNING: [Synth 8-7129] Port s_axis_tdata[4] in module svm_accelerator_design_svm_accelerator_0_0 is either unconnected or has no load
WARNING: [Synth 8-7129] Port s_axis_tdata[3] in module svm_accelerator_design_svm_accelerator_0_0 is either unconnected or has no load
WARNING: [Synth 8-7129] Port s_axis_tdata[2] in module svm_accelerator_design_svm_accelerator_0_0 is either unconnected or has no load
WARNING: [Synth 8-7129] Port s_axis_tdata[1] in module svm_accelerator_design_svm_accelerator_0_0 is either unconnected or has no load
WARNING: [Synth 8-7129] Port s_axis_tdata[0] in module svm_accelerator_design_svm_accelerator_0_0 is either unconnected or has no load
WARNING: [Synth 8-7129] Port s_axis_tlast in module svm_accelerator_design_svm_accelerator_0_0 is either unconnected or has no load
---------------------------------------------------------------------------------
Finished Cross Boundary and Area Optimization : Time (s): cpu = 00:00:42 ; elapsed = 00:00:47 . Memory (MB): peak = 1290.258 ; gain = 678.812
---------------------------------------------------------------------------------
---------------------------------------------------------------------------------
Start Applying XDC Timing Constraints
---------------------------------------------------------------------------------
---------------------------------------------------------------------------------
Finished Applying XDC Timing Constraints : Time (s): cpu = 00:00:55 ; elapsed = 00:01:02 . Memory (MB): peak = 1427.215 ; gain = 815.770
---------------------------------------------------------------------------------
---------------------------------------------------------------------------------
Start Timing Optimization
---------------------------------------------------------------------------------
---------------------------------------------------------------------------------
Finished Timing Optimization : Time (s): cpu = 00:00:55 ; elapsed = 00:01:02 . Memory (MB): peak = 1427.289 ; gain = 815.844
---------------------------------------------------------------------------------
---------------------------------------------------------------------------------
Start Technology Mapping
---------------------------------------------------------------------------------
---------------------------------------------------------------------------------
Finished Technology Mapping : Time (s): cpu = 00:00:55 ; elapsed = 00:01:02 . Memory (MB): peak = 1437.387 ; gain = 825.941
---------------------------------------------------------------------------------
---------------------------------------------------------------------------------
Start IO Insertion
---------------------------------------------------------------------------------
---------------------------------------------------------------------------------
Start Flattening Before IO Insertion
---------------------------------------------------------------------------------
---------------------------------------------------------------------------------
Finished Flattening Before IO Insertion
---------------------------------------------------------------------------------
---------------------------------------------------------------------------------
Start Final Netlist Cleanup
---------------------------------------------------------------------------------
---------------------------------------------------------------------------------
Finished Final Netlist Cleanup
---------------------------------------------------------------------------------
---------------------------------------------------------------------------------
Finished IO Insertion : Time (s): cpu = 00:01:02 ; elapsed = 00:01:10 . Memory (MB): peak = 1652.500 ; gain = 1041.055
---------------------------------------------------------------------------------
---------------------------------------------------------------------------------
Start Renaming Generated Instances
---------------------------------------------------------------------------------
---------------------------------------------------------------------------------
Finished Renaming Generated Instances : Time (s): cpu = 00:01:02 ; elapsed = 00:01:10 . Memory (MB): peak = 1652.500 ; gain = 1041.055
---------------------------------------------------------------------------------
---------------------------------------------------------------------------------
Start Rebuilding User Hierarchy
---------------------------------------------------------------------------------
---------------------------------------------------------------------------------
Finished Rebuilding User Hierarchy : Time (s): cpu = 00:01:02 ; elapsed = 00:01:10 . Memory (MB): peak = 1652.500 ; gain = 1041.055
---------------------------------------------------------------------------------
---------------------------------------------------------------------------------
Start Renaming Generated Ports
---------------------------------------------------------------------------------
---------------------------------------------------------------------------------
Finished Renaming Generated Ports : Time (s): cpu = 00:01:02 ; elapsed = 00:01:10 . Memory (MB): peak = 1652.500 ; gain = 1041.055
---------------------------------------------------------------------------------
---------------------------------------------------------------------------------
Start Handling Custom Attributes
---------------------------------------------------------------------------------
---------------------------------------------------------------------------------
Finished Handling Custom Attributes : Time (s): cpu = 00:01:02 ; elapsed = 00:01:10 . Memory (MB): peak = 1652.500 ; gain = 1041.055
---------------------------------------------------------------------------------
---------------------------------------------------------------------------------
Start Renaming Generated Nets
---------------------------------------------------------------------------------
---------------------------------------------------------------------------------
Finished Renaming Generated Nets : Time (s): cpu = 00:01:02 ; elapsed = 00:01:10 . Memory (MB): peak = 1652.500 ; gain = 1041.055
---------------------------------------------------------------------------------
---------------------------------------------------------------------------------
Start Writing Synthesis Report
---------------------------------------------------------------------------------

Report BlackBoxes: 
+-+--------------+----------+
| |BlackBox name |Instances |
+-+--------------+----------+
+-+--------------+----------+

Report Cell Usage: 
+------+-------+------+
|      |Cell   |Count |
+------+-------+------+
|1     |CARRY4 |     3|
|2     |LUT1   |     1|
|3     |LUT2   |    13|
|4     |LUT3   |     1|
|5     |LUT4   |     5|
|6     |LUT5   |     3|
|7     |LUT6   |     7|
|8     |FDRE   |    20|
+------+-------+------+
---------------------------------------------------------------------------------
Finished Writing Synthesis Report : Time (s): cpu = 00:01:02 ; elapsed = 00:01:10 . Memory (MB): peak = 1652.500 ; gain = 1041.055
---------------------------------------------------------------------------------
Synthesis finished with 0 errors, 0 critical warnings and 34 warnings.
Synthesis Optimization Runtime : Time (s): cpu = 00:00:39 ; elapsed = 00:01:04 . Memory (MB): peak = 1652.500 ; gain = 1001.930
Synthesis Optimization Complete : Time (s): cpu = 00:01:03 ; elapsed = 00:01:11 . Memory (MB): peak = 1652.500 ; gain = 1041.055
INFO: [Project 1-571] Translating synthesized netlist
Netlist sorting complete. Time (s): cpu = 00:00:00 ; elapsed = 00:00:00.001 . Memory (MB): peak = 1661.602 ; gain = 0.000
INFO: [Netlist 29-17] Analyzing 3 Unisim elements for replacement
INFO: [Netlist 29-28] Unisim Transformation completed in 0 CPU seconds
INFO: [Project 1-570] Preparing netlist for logic optimization
INFO: [Opt 31-138] Pushed 0 inverter(s) to 0 load pin(s).
Netlist sorting complete. Time (s): cpu = 00:00:00 ; elapsed = 00:00:00 . Memory (MB): peak = 1665.266 ; gain = 0.000
INFO: [Project 1-111] Unisim Transformation Summary:
No Unisim elements were transformed.

Synth Design complete | Checksum: d59ea4f9
INFO: [Common 17-83] Releasing license: Synthesis
25 Infos, 78 Warnings, 0 Critical Warnings and 0 Errors encountered.
synth_design completed successfully
synth_design: Time (s): cpu = 00:01:09 ; elapsed = 00:01:23 . Memory (MB): peak = 1665.266 ; gain = 1283.551
Write ShapeDB Complete: Time (s): cpu = 00:00:00 ; elapsed = 00:00:00.001 . Memory (MB): peak = 1665.266 ; gain = 0.000
INFO: [Common 17-1381] The checkpoint 'C:/Users/Chappidi Sai Sudheer/Desktop/svm_accelerator/svm_accelerator.runs/svm_accelerator_design_svm_accelerator_0_0_synth_1/svm_accelerator_design_svm_accelerator_0_0.dcp' has been generated.
INFO: [Vivado 12-24828] Executing command : report_utilization -file svm_accelerator_design_svm_accelerator_0_0_utilization_synth.rpt -pb svm_accelerator_design_svm_accelerator_0_0_utilization_synth.pb
INFO: [Common 17-206] Exiting Vivado at Sat May  9 00:59:28 2026...
