#-----------------------------------------------------------
# Vivado v2024.2 (64-bit)
# SW Build 5239630 on Fri Nov 08 22:35:27 MST 2024
# IP Build 5239520 on Sun Nov 10 16:12:51 MST 2024
# SharedData Build 5239561 on Fri Nov 08 14:39:27 MST 2024
# Start of session at: Sat May  9 00:10:13 2026
# Process ID         : 15452
# Current directory  : C:/Users/Chappidi Sai Sudheer/Desktop/bnn_accelerator/bnn_accelerator.runs/bnn_accelerator_design_processing_system7_0_0_synth_1
# Command line       : vivado.exe -log bnn_accelerator_design_processing_system7_0_0.vds -product Vivado -mode batch -messageDb vivado.pb -notrace -source bnn_accelerator_design_processing_system7_0_0.tcl
# Log file           : C:/Users/Chappidi Sai Sudheer/Desktop/bnn_accelerator/bnn_accelerator.runs/bnn_accelerator_design_processing_system7_0_0_synth_1/bnn_accelerator_design_processing_system7_0_0.vds
# Journal file       : C:/Users/Chappidi Sai Sudheer/Desktop/bnn_accelerator/bnn_accelerator.runs/bnn_accelerator_design_processing_system7_0_0_synth_1\vivado.jou
# Running On         : LAPTOP-VNMTQE0B
# Platform           : Windows Server 2016 or Windows 10
# Operating System   : 26200
# Processor Detail   : 13th Gen Intel(R) Core(TM) i5-13500H
# CPU Frequency      : 3187 MHz
# CPU Physical cores : 12
# CPU Logical cores  : 16
# Host memory        : 16794 MB
# Swap memory        : 23050 MB
# Total Virtual      : 39845 MB
# Available Virtual  : 16608 MB
#-----------------------------------------------------------
source bnn_accelerator_design_processing_system7_0_0.tcl -notrace
