
*** Running vivado
    with args -log cnn_system_axi_ic_hp1_imp_auto_us_0.vds -m64 -product Vivado -mode batch -messageDb vivado.pb -notrace -source cnn_system_axi_ic_hp1_imp_auto_us_0.tcl



****** Vivado v2025.1 (64-bit)
  **** SW Build 6140274 on Thu May 22 00:12:29 MDT 2025
  **** IP Build 6138677 on Thu May 22 03:10:11 MDT 2025
  **** SharedData Build 6139179 on Tue May 20 17:58:58 MDT 2025
  **** Start of session at: Sun Apr 19 23:17:48 2026
    ** Copyright 1986-2022 Xilinx, Inc. All Rights Reserved.
    ** Copyright 2022-2025 Advanced Micro Devices, Inc. All Rights Reserved.

source cnn_system_axi_ic_hp1_imp_auto_us_0.tcl -notrace
create_project: Time (s): cpu = 00:00:13 ; elapsed = 00:00:08 . Memory (MB): peak = 502.453 ; gain = 209.484
INFO: [IP_Flow 19-234] Refreshing IP repositories
INFO: [IP_Flow 19-1700] Loaded user IP repository 'c:/Users/Akshay/OneDrive/Desktop/FGPA-Based-Hardware-Accelerator/CNN/fpga/hls_ip'.
INFO: [IP_Flow 19-2313] Loaded Vivado IP repository 'C:/Xilinx/2025.1/Vivado/data/ip'.
WARNING: [IP_Flow 19-4995] The host OS only allows 260 characters in a normal path. The IP cache path is more than 80 characters. If you experience issues with IP caching, please consider changing the IP cache to a location with a shorter path. Alternately consider using the OS subst command to map part of the path to a drive letter. 
Current IP cache path is c:/Users/Akshay/OneDrive/Desktop/FGPA-Based-Hardware-Accelerator/CNN/fpga/vivado/proj_mnist_cnn/mnist_cnn.cache/ip 
Command: synth_design -top cnn_system_axi_ic_hp1_imp_auto_us_0 -part xc7z020clg400-1 -incremental_mode off -mode out_of_context
Starting synth_design
Attempting to get a license for feature 'Synthesis' and/or device 'xc7z020'
INFO: [Common 17-349] Got license for feature 'Synthesis' and/or device 'xc7z020'
INFO: [Device 21-403] Loading part xc7z020clg400-1
INFO: [Synth 8-7079] Multithreading enabled for synth_design using a maximum of 2 processes.
INFO: [Synth 8-7078] Launching helper process for spawning children vivado processes
INFO: [Synth 8-7075] Helper process launched with PID 25880
---------------------------------------------------------------------------------
Starting RTL Elaboration : Time (s): cpu = 00:00:10 ; elapsed = 00:00:11 . Memory (MB): peak = 1242.184 ; gain = 492.301
---------------------------------------------------------------------------------
INFO: [Synth 8-6157] synthesizing module 'cnn_system_axi_ic_hp1_imp_auto_us_0' [c:/Users/Akshay/OneDrive/Desktop/FGPA-Based-Hardware-Accelerator/CNN/fpga/vivado/proj_mnist_cnn/mnist_cnn.gen/sources_1/bd/cnn_system/ip/cnn_system_axi_ic_hp1_imp_auto_us_0/synth/cnn_system_axi_ic_hp1_imp_auto_us_0.v:53]
INFO: [Synth 8-6157] synthesizing module 'axi_dwidth_converter_v2_1_36_top' [c:/Users/Akshay/OneDrive/Desktop/FGPA-Based-Hardware-Accelerator/CNN/fpga/vivado/proj_mnist_cnn/mnist_cnn.gen/sources_1/bd/cnn_system/ipshared/db4c/hdl/axi_dwidth_converter_v2_1_vlsyn_rfs.v:14527]
INFO: [Synth 8-6157] synthesizing module 'axi_dwidth_converter_v2_1_36_axi_upsizer' [c:/Users/Akshay/OneDrive/Desktop/FGPA-Based-Hardware-Accelerator/CNN/fpga/vivado/proj_mnist_cnn/mnist_cnn.gen/sources_1/bd/cnn_system/ipshared/db4c/hdl/axi_dwidth_converter_v2_1_vlsyn_rfs.v:7025]
INFO: [Synth 8-6157] synthesizing module 'axi_dwidth_converter_v2_1_36_r_upsizer' [c:/Users/Akshay/OneDrive/Desktop/FGPA-Based-Hardware-Accelerator/CNN/fpga/vivado/proj_mnist_cnn/mnist_cnn.gen/sources_1/bd/cnn_system/ipshared/db4c/hdl/axi_dwidth_converter_v2_1_vlsyn_rfs.v:4643]
INFO: [Synth 8-6155] done synthesizing module 'axi_dwidth_converter_v2_1_36_r_upsizer' (0#1) [c:/Users/Akshay/OneDrive/Desktop/FGPA-Based-Hardware-Accelerator/CNN/fpga/vivado/proj_mnist_cnn/mnist_cnn.gen/sources_1/bd/cnn_system/ipshared/db4c/hdl/axi_dwidth_converter_v2_1_vlsyn_rfs.v:4643]
INFO: [Synth 8-6157] synthesizing module 'axi_register_slice_v2_1_35_axi_register_slice' [c:/Users/Akshay/OneDrive/Desktop/FGPA-Based-Hardware-Accelerator/CNN/fpga/vivado/proj_mnist_cnn/mnist_cnn.gen/sources_1/bd/cnn_system/ipshared/c5b7/hdl/axi_register_slice_v2_1_vl_rfs.v:3721]
INFO: [Synth 8-6157] synthesizing module 'axi_infrastructure_v1_1_0_axi2vector' [c:/Users/Akshay/OneDrive/Desktop/FGPA-Based-Hardware-Accelerator/CNN/fpga/vivado/proj_mnist_cnn/mnist_cnn.gen/sources_1/bd/cnn_system/ipshared/ec67/hdl/axi_infrastructure_v1_1_vl_rfs.v:59]
INFO: [Synth 8-6155] done synthesizing module 'axi_infrastructure_v1_1_0_axi2vector' (0#1) [c:/Users/Akshay/OneDrive/Desktop/FGPA-Based-Hardware-Accelerator/CNN/fpga/vivado/proj_mnist_cnn/mnist_cnn.gen/sources_1/bd/cnn_system/ipshared/ec67/hdl/axi_infrastructure_v1_1_vl_rfs.v:59]
INFO: [Synth 8-6157] synthesizing module 'axi_infrastructure_v1_1_0_vector2axi' [c:/Users/Akshay/OneDrive/Desktop/FGPA-Based-Hardware-Accelerator/CNN/fpga/vivado/proj_mnist_cnn/mnist_cnn.gen/sources_1/bd/cnn_system/ipshared/ec67/hdl/axi_infrastructure_v1_1_vl_rfs.v:473]
INFO: [Synth 8-6155] done synthesizing module 'axi_infrastructure_v1_1_0_vector2axi' (0#1) [c:/Users/Akshay/OneDrive/Desktop/FGPA-Based-Hardware-Accelerator/CNN/fpga/vivado/proj_mnist_cnn/mnist_cnn.gen/sources_1/bd/cnn_system/ipshared/ec67/hdl/axi_infrastructure_v1_1_vl_rfs.v:473]
INFO: [Synth 8-6157] synthesizing module 'axi_register_slice_v2_1_35_axic_register_slice' [c:/Users/Akshay/OneDrive/Desktop/FGPA-Based-Hardware-Accelerator/CNN/fpga/vivado/proj_mnist_cnn/mnist_cnn.gen/sources_1/bd/cnn_system/ipshared/c5b7/hdl/axi_register_slice_v2_1_vl_rfs.v:1492]
INFO: [Synth 8-6155] done synthesizing module 'axi_register_slice_v2_1_35_axic_register_slice' (0#1) [c:/Users/Akshay/OneDrive/Desktop/FGPA-Based-Hardware-Accelerator/CNN/fpga/vivado/proj_mnist_cnn/mnist_cnn.gen/sources_1/bd/cnn_system/ipshared/c5b7/hdl/axi_register_slice_v2_1_vl_rfs.v:1492]
INFO: [Synth 8-6157] synthesizing module 'axi_register_slice_v2_1_35_axic_register_slice__parameterized0' [c:/Users/Akshay/OneDrive/Desktop/FGPA-Based-Hardware-Accelerator/CNN/fpga/vivado/proj_mnist_cnn/mnist_cnn.gen/sources_1/bd/cnn_system/ipshared/c5b7/hdl/axi_register_slice_v2_1_vl_rfs.v:1492]
INFO: [Synth 8-6155] done synthesizing module 'axi_register_slice_v2_1_35_axic_register_slice__parameterized0' (0#1) [c:/Users/Akshay/OneDrive/Desktop/FGPA-Based-Hardware-Accelerator/CNN/fpga/vivado/proj_mnist_cnn/mnist_cnn.gen/sources_1/bd/cnn_system/ipshared/c5b7/hdl/axi_register_slice_v2_1_vl_rfs.v:1492]
INFO: [Synth 8-6157] synthesizing module 'axi_register_slice_v2_1_35_axic_register_slice__parameterized1' [c:/Users/Akshay/OneDrive/Desktop/FGPA-Based-Hardware-Accelerator/CNN/fpga/vivado/proj_mnist_cnn/mnist_cnn.gen/sources_1/bd/cnn_system/ipshared/c5b7/hdl/axi_register_slice_v2_1_vl_rfs.v:1492]
INFO: [Synth 8-6155] done synthesizing module 'axi_register_slice_v2_1_35_axic_register_slice__parameterized1' (0#1) [c:/Users/Akshay/OneDrive/Desktop/FGPA-Based-Hardware-Accelerator/CNN/fpga/vivado/proj_mnist_cnn/mnist_cnn.gen/sources_1/bd/cnn_system/ipshared/c5b7/hdl/axi_register_slice_v2_1_vl_rfs.v:1492]
INFO: [Synth 8-6157] synthesizing module 'axi_register_slice_v2_1_35_axic_register_slice__parameterized2' [c:/Users/Akshay/OneDrive/Desktop/FGPA-Based-Hardware-Accelerator/CNN/fpga/vivado/proj_mnist_cnn/mnist_cnn.gen/sources_1/bd/cnn_system/ipshared/c5b7/hdl/axi_register_slice_v2_1_vl_rfs.v:1492]
INFO: [Synth 8-6155] done synthesizing module 'axi_register_slice_v2_1_35_axic_register_slice__parameterized2' (0#1) [c:/Users/Akshay/OneDrive/Desktop/FGPA-Based-Hardware-Accelerator/CNN/fpga/vivado/proj_mnist_cnn/mnist_cnn.gen/sources_1/bd/cnn_system/ipshared/c5b7/hdl/axi_register_slice_v2_1_vl_rfs.v:1492]
INFO: [Synth 8-6155] done synthesizing module 'axi_register_slice_v2_1_35_axi_register_slice' (0#1) [c:/Users/Akshay/OneDrive/Desktop/FGPA-Based-Hardware-Accelerator/CNN/fpga/vivado/proj_mnist_cnn/mnist_cnn.gen/sources_1/bd/cnn_system/ipshared/c5b7/hdl/axi_register_slice_v2_1_vl_rfs.v:3721]
WARNING: [Synth 8-7071] port 'aclk2x' of module 'axi_register_slice_v2_1_35_axi_register_slice' is unconnected for instance 'mi_register_slice_inst' [c:/Users/Akshay/OneDrive/Desktop/FGPA-Based-Hardware-Accelerator/CNN/fpga/vivado/proj_mnist_cnn/mnist_cnn.gen/sources_1/bd/cnn_system/ipshared/db4c/hdl/axi_dwidth_converter_v2_1_vlsyn_rfs.v:8463]
WARNING: [Synth 8-7023] instance 'mi_register_slice_inst' of module 'axi_register_slice_v2_1_35_axi_register_slice' has 93 connections declared, but only 92 given [c:/Users/Akshay/OneDrive/Desktop/FGPA-Based-Hardware-Accelerator/CNN/fpga/vivado/proj_mnist_cnn/mnist_cnn.gen/sources_1/bd/cnn_system/ipshared/db4c/hdl/axi_dwidth_converter_v2_1_vlsyn_rfs.v:8463]
INFO: [Synth 8-6157] synthesizing module 'axi_dwidth_converter_v2_1_36_a_upsizer' [c:/Users/Akshay/OneDrive/Desktop/FGPA-Based-Hardware-Accelerator/CNN/fpga/vivado/proj_mnist_cnn/mnist_cnn.gen/sources_1/bd/cnn_system/ipshared/db4c/hdl/axi_dwidth_converter_v2_1_vlsyn_rfs.v:3594]
INFO: [Synth 8-6157] synthesizing module 'generic_baseblocks_v2_1_2_command_fifo' [c:/Users/Akshay/OneDrive/Desktop/FGPA-Based-Hardware-Accelerator/CNN/fpga/vivado/proj_mnist_cnn/mnist_cnn.gen/sources_1/bd/cnn_system/ipshared/0c28/hdl/generic_baseblocks_v2_1_vl_rfs.v:648]
INFO: [Synth 8-6155] done synthesizing module 'generic_baseblocks_v2_1_2_command_fifo' (0#1) [c:/Users/Akshay/OneDrive/Desktop/FGPA-Based-Hardware-Accelerator/CNN/fpga/vivado/proj_mnist_cnn/mnist_cnn.gen/sources_1/bd/cnn_system/ipshared/0c28/hdl/generic_baseblocks_v2_1_vl_rfs.v:648]
INFO: [Synth 8-6155] done synthesizing module 'axi_dwidth_converter_v2_1_36_a_upsizer' (0#1) [c:/Users/Akshay/OneDrive/Desktop/FGPA-Based-Hardware-Accelerator/CNN/fpga/vivado/proj_mnist_cnn/mnist_cnn.gen/sources_1/bd/cnn_system/ipshared/db4c/hdl/axi_dwidth_converter_v2_1_vlsyn_rfs.v:3594]
INFO: [Synth 8-6157] synthesizing module 'axi_register_slice_v2_1_35_axi_register_slice__parameterized0' [c:/Users/Akshay/OneDrive/Desktop/FGPA-Based-Hardware-Accelerator/CNN/fpga/vivado/proj_mnist_cnn/mnist_cnn.gen/sources_1/bd/cnn_system/ipshared/c5b7/hdl/axi_register_slice_v2_1_vl_rfs.v:3721]
INFO: [Synth 8-6157] synthesizing module 'axi_infrastructure_v1_1_0_axi2vector__parameterized0' [c:/Users/Akshay/OneDrive/Desktop/FGPA-Based-Hardware-Accelerator/CNN/fpga/vivado/proj_mnist_cnn/mnist_cnn.gen/sources_1/bd/cnn_system/ipshared/ec67/hdl/axi_infrastructure_v1_1_vl_rfs.v:59]
INFO: [Synth 8-6155] done synthesizing module 'axi_infrastructure_v1_1_0_axi2vector__parameterized0' (0#1) [c:/Users/Akshay/OneDrive/Desktop/FGPA-Based-Hardware-Accelerator/CNN/fpga/vivado/proj_mnist_cnn/mnist_cnn.gen/sources_1/bd/cnn_system/ipshared/ec67/hdl/axi_infrastructure_v1_1_vl_rfs.v:59]
INFO: [Synth 8-6157] synthesizing module 'axi_infrastructure_v1_1_0_vector2axi__parameterized0' [c:/Users/Akshay/OneDrive/Desktop/FGPA-Based-Hardware-Accelerator/CNN/fpga/vivado/proj_mnist_cnn/mnist_cnn.gen/sources_1/bd/cnn_system/ipshared/ec67/hdl/axi_infrastructure_v1_1_vl_rfs.v:473]
INFO: [Synth 8-6155] done synthesizing module 'axi_infrastructure_v1_1_0_vector2axi__parameterized0' (0#1) [c:/Users/Akshay/OneDrive/Desktop/FGPA-Based-Hardware-Accelerator/CNN/fpga/vivado/proj_mnist_cnn/mnist_cnn.gen/sources_1/bd/cnn_system/ipshared/ec67/hdl/axi_infrastructure_v1_1_vl_rfs.v:473]
INFO: [Synth 8-6157] synthesizing module 'axi_register_slice_v2_1_35_axic_register_slice__parameterized3' [c:/Users/Akshay/OneDrive/Desktop/FGPA-Based-Hardware-Accelerator/CNN/fpga/vivado/proj_mnist_cnn/mnist_cnn.gen/sources_1/bd/cnn_system/ipshared/c5b7/hdl/axi_register_slice_v2_1_vl_rfs.v:1492]
INFO: [Synth 8-6155] done synthesizing module 'axi_register_slice_v2_1_35_axic_register_slice__parameterized3' (0#1) [c:/Users/Akshay/OneDrive/Desktop/FGPA-Based-Hardware-Accelerator/CNN/fpga/vivado/proj_mnist_cnn/mnist_cnn.gen/sources_1/bd/cnn_system/ipshared/c5b7/hdl/axi_register_slice_v2_1_vl_rfs.v:1492]
INFO: [Synth 8-6157] synthesizing module 'axi_register_slice_v2_1_35_axic_register_slice__parameterized4' [c:/Users/Akshay/OneDrive/Desktop/FGPA-Based-Hardware-Accelerator/CNN/fpga/vivado/proj_mnist_cnn/mnist_cnn.gen/sources_1/bd/cnn_system/ipshared/c5b7/hdl/axi_register_slice_v2_1_vl_rfs.v:1492]
INFO: [Synth 8-6155] done synthesizing module 'axi_register_slice_v2_1_35_axic_register_slice__parameterized4' (0#1) [c:/Users/Akshay/OneDrive/Desktop/FGPA-Based-Hardware-Accelerator/CNN/fpga/vivado/proj_mnist_cnn/mnist_cnn.gen/sources_1/bd/cnn_system/ipshared/c5b7/hdl/axi_register_slice_v2_1_vl_rfs.v:1492]
INFO: [Synth 8-6157] synthesizing module 'axi_register_slice_v2_1_35_axic_register_slice__parameterized5' [c:/Users/Akshay/OneDrive/Desktop/FGPA-Based-Hardware-Accelerator/CNN/fpga/vivado/proj_mnist_cnn/mnist_cnn.gen/sources_1/bd/cnn_system/ipshared/c5b7/hdl/axi_register_slice_v2_1_vl_rfs.v:1492]
INFO: [Synth 8-6155] done synthesizing module 'axi_register_slice_v2_1_35_axic_register_slice__parameterized5' (0#1) [c:/Users/Akshay/OneDrive/Desktop/FGPA-Based-Hardware-Accelerator/CNN/fpga/vivado/proj_mnist_cnn/mnist_cnn.gen/sources_1/bd/cnn_system/ipshared/c5b7/hdl/axi_register_slice_v2_1_vl_rfs.v:1492]
INFO: [Synth 8-6157] synthesizing module 'axi_register_slice_v2_1_35_axic_register_slice__parameterized6' [c:/Users/Akshay/OneDrive/Desktop/FGPA-Based-Hardware-Accelerator/CNN/fpga/vivado/proj_mnist_cnn/mnist_cnn.gen/sources_1/bd/cnn_system/ipshared/c5b7/hdl/axi_register_slice_v2_1_vl_rfs.v:1492]
INFO: [Synth 8-6155] done synthesizing module 'axi_register_slice_v2_1_35_axic_register_slice__parameterized6' (0#1) [c:/Users/Akshay/OneDrive/Desktop/FGPA-Based-Hardware-Accelerator/CNN/fpga/vivado/proj_mnist_cnn/mnist_cnn.gen/sources_1/bd/cnn_system/ipshared/c5b7/hdl/axi_register_slice_v2_1_vl_rfs.v:1492]
INFO: [Synth 8-6155] done synthesizing module 'axi_register_slice_v2_1_35_axi_register_slice__parameterized0' (0#1) [c:/Users/Akshay/OneDrive/Desktop/FGPA-Based-Hardware-Accelerator/CNN/fpga/vivado/proj_mnist_cnn/mnist_cnn.gen/sources_1/bd/cnn_system/ipshared/c5b7/hdl/axi_register_slice_v2_1_vl_rfs.v:3721]
WARNING: [Synth 8-7071] port 'aclk2x' of module 'axi_register_slice_v2_1_35_axi_register_slice' is unconnected for instance 'si_register_slice_inst' [c:/Users/Akshay/OneDrive/Desktop/FGPA-Based-Hardware-Accelerator/CNN/fpga/vivado/proj_mnist_cnn/mnist_cnn.gen/sources_1/bd/cnn_system/ipshared/db4c/hdl/axi_dwidth_converter_v2_1_vlsyn_rfs.v:7367]
WARNING: [Synth 8-7023] instance 'si_register_slice_inst' of module 'axi_register_slice_v2_1_35_axi_register_slice' has 93 connections declared, but only 92 given [c:/Users/Akshay/OneDrive/Desktop/FGPA-Based-Hardware-Accelerator/CNN/fpga/vivado/proj_mnist_cnn/mnist_cnn.gen/sources_1/bd/cnn_system/ipshared/db4c/hdl/axi_dwidth_converter_v2_1_vlsyn_rfs.v:7367]
INFO: [Synth 8-6155] done synthesizing module 'axi_dwidth_converter_v2_1_36_axi_upsizer' (0#1) [c:/Users/Akshay/OneDrive/Desktop/FGPA-Based-Hardware-Accelerator/CNN/fpga/vivado/proj_mnist_cnn/mnist_cnn.gen/sources_1/bd/cnn_system/ipshared/db4c/hdl/axi_dwidth_converter_v2_1_vlsyn_rfs.v:7025]
INFO: [Synth 8-6155] done synthesizing module 'axi_dwidth_converter_v2_1_36_top' (0#1) [c:/Users/Akshay/OneDrive/Desktop/FGPA-Based-Hardware-Accelerator/CNN/fpga/vivado/proj_mnist_cnn/mnist_cnn.gen/sources_1/bd/cnn_system/ipshared/db4c/hdl/axi_dwidth_converter_v2_1_vlsyn_rfs.v:14527]
INFO: [Synth 8-6155] done synthesizing module 'cnn_system_axi_ic_hp1_imp_auto_us_0' (0#1) [c:/Users/Akshay/OneDrive/Desktop/FGPA-Based-Hardware-Accelerator/CNN/fpga/vivado/proj_mnist_cnn/mnist_cnn.gen/sources_1/bd/cnn_system/ip/cnn_system_axi_ic_hp1_imp_auto_us_0/synth/cnn_system_axi_ic_hp1_imp_auto_us_0.v:53]
WARNING: [Synth 8-7129] Port ACLK in module axi_register_slice_v2_1_35_axic_register_slice__parameterized3 is either unconnected or has no load
WARNING: [Synth 8-7129] Port ARESET in module axi_register_slice_v2_1_35_axic_register_slice__parameterized3 is either unconnected or has no load
WARNING: [Synth 8-7129] Port m_axi_buser[0] in module axi_infrastructure_v1_1_0_vector2axi__parameterized0 is either unconnected or has no load
WARNING: [Synth 8-7129] Port m_axi_ruser[0] in module axi_infrastructure_v1_1_0_vector2axi__parameterized0 is either unconnected or has no load
WARNING: [Synth 8-7129] Port s_axi_awregion[3] in module axi_infrastructure_v1_1_0_axi2vector__parameterized0 is either unconnected or has no load
WARNING: [Synth 8-7129] Port s_axi_awregion[2] in module axi_infrastructure_v1_1_0_axi2vector__parameterized0 is either unconnected or has no load
WARNING: [Synth 8-7129] Port s_axi_awregion[1] in module axi_infrastructure_v1_1_0_axi2vector__parameterized0 is either unconnected or has no load
WARNING: [Synth 8-7129] Port s_axi_awregion[0] in module axi_infrastructure_v1_1_0_axi2vector__parameterized0 is either unconnected or has no load
WARNING: [Synth 8-7129] Port s_axi_awuser[0] in module axi_infrastructure_v1_1_0_axi2vector__parameterized0 is either unconnected or has no load
WARNING: [Synth 8-7129] Port s_axi_wuser[0] in module axi_infrastructure_v1_1_0_axi2vector__parameterized0 is either unconnected or has no load
WARNING: [Synth 8-7129] Port s_axi_arregion[3] in module axi_infrastructure_v1_1_0_axi2vector__parameterized0 is either unconnected or has no load
WARNING: [Synth 8-7129] Port s_axi_arregion[2] in module axi_infrastructure_v1_1_0_axi2vector__parameterized0 is either unconnected or has no load
WARNING: [Synth 8-7129] Port s_axi_arregion[1] in module axi_infrastructure_v1_1_0_axi2vector__parameterized0 is either unconnected or has no load
WARNING: [Synth 8-7129] Port s_axi_arregion[0] in module axi_infrastructure_v1_1_0_axi2vector__parameterized0 is either unconnected or has no load
WARNING: [Synth 8-7129] Port s_axi_aruser[0] in module axi_infrastructure_v1_1_0_axi2vector__parameterized0 is either unconnected or has no load
WARNING: [Synth 8-7129] Port aclk2x in module axi_register_slice_v2_1_35_axi_register_slice__parameterized0 is either unconnected or has no load
WARNING: [Synth 8-7129] Port cmd_id_ready in module axi_dwidth_converter_v2_1_36_a_upsizer is either unconnected or has no load
WARNING: [Synth 8-7129] Port S_AXI_AID[0] in module axi_dwidth_converter_v2_1_36_a_upsizer is either unconnected or has no load
WARNING: [Synth 8-7129] Port m_axi_buser[0] in module axi_infrastructure_v1_1_0_vector2axi is either unconnected or has no load
WARNING: [Synth 8-7129] Port m_axi_ruser[0] in module axi_infrastructure_v1_1_0_vector2axi is either unconnected or has no load
WARNING: [Synth 8-7129] Port s_axi_awuser[0] in module axi_infrastructure_v1_1_0_axi2vector is either unconnected or has no load
WARNING: [Synth 8-7129] Port s_axi_wid[0] in module axi_infrastructure_v1_1_0_axi2vector is either unconnected or has no load
WARNING: [Synth 8-7129] Port s_axi_wuser[0] in module axi_infrastructure_v1_1_0_axi2vector is either unconnected or has no load
WARNING: [Synth 8-7129] Port s_axi_aruser[0] in module axi_infrastructure_v1_1_0_axi2vector is either unconnected or has no load
WARNING: [Synth 8-7129] Port aclk2x in module axi_register_slice_v2_1_35_axi_register_slice is either unconnected or has no load
WARNING: [Synth 8-7129] Port s_axi_awlen[7] in module axi_dwidth_converter_v2_1_36_axi_upsizer is either unconnected or has no load
WARNING: [Synth 8-7129] Port s_axi_awlen[6] in module axi_dwidth_converter_v2_1_36_axi_upsizer is either unconnected or has no load
WARNING: [Synth 8-7129] Port s_axi_awlen[5] in module axi_dwidth_converter_v2_1_36_axi_upsizer is either unconnected or has no load
WARNING: [Synth 8-7129] Port s_axi_awlen[4] in module axi_dwidth_converter_v2_1_36_axi_upsizer is either unconnected or has no load
WARNING: [Synth 8-7129] Port s_axi_wdata[31] in module axi_dwidth_converter_v2_1_36_axi_upsizer is either unconnected or has no load
WARNING: [Synth 8-7129] Port s_axi_wdata[30] in module axi_dwidth_converter_v2_1_36_axi_upsizer is either unconnected or has no load
WARNING: [Synth 8-7129] Port s_axi_wdata[29] in module axi_dwidth_converter_v2_1_36_axi_upsizer is either unconnected or has no load
WARNING: [Synth 8-7129] Port s_axi_wdata[28] in module axi_dwidth_converter_v2_1_36_axi_upsizer is either unconnected or has no load
WARNING: [Synth 8-7129] Port s_axi_wdata[27] in module axi_dwidth_converter_v2_1_36_axi_upsizer is either unconnected or has no load
WARNING: [Synth 8-7129] Port s_axi_wdata[26] in module axi_dwidth_converter_v2_1_36_axi_upsizer is either unconnected or has no load
WARNING: [Synth 8-7129] Port s_axi_wdata[25] in module axi_dwidth_converter_v2_1_36_axi_upsizer is either unconnected or has no load
WARNING: [Synth 8-7129] Port s_axi_wdata[24] in module axi_dwidth_converter_v2_1_36_axi_upsizer is either unconnected or has no load
WARNING: [Synth 8-7129] Port s_axi_wdata[23] in module axi_dwidth_converter_v2_1_36_axi_upsizer is either unconnected or has no load
WARNING: [Synth 8-7129] Port s_axi_wdata[22] in module axi_dwidth_converter_v2_1_36_axi_upsizer is either unconnected or has no load
WARNING: [Synth 8-7129] Port s_axi_wdata[21] in module axi_dwidth_converter_v2_1_36_axi_upsizer is either unconnected or has no load
WARNING: [Synth 8-7129] Port s_axi_wdata[20] in module axi_dwidth_converter_v2_1_36_axi_upsizer is either unconnected or has no load
WARNING: [Synth 8-7129] Port s_axi_wdata[19] in module axi_dwidth_converter_v2_1_36_axi_upsizer is either unconnected or has no load
WARNING: [Synth 8-7129] Port s_axi_wdata[18] in module axi_dwidth_converter_v2_1_36_axi_upsizer is either unconnected or has no load
WARNING: [Synth 8-7129] Port s_axi_wdata[17] in module axi_dwidth_converter_v2_1_36_axi_upsizer is either unconnected or has no load
WARNING: [Synth 8-7129] Port s_axi_wdata[16] in module axi_dwidth_converter_v2_1_36_axi_upsizer is either unconnected or has no load
WARNING: [Synth 8-7129] Port s_axi_wdata[15] in module axi_dwidth_converter_v2_1_36_axi_upsizer is either unconnected or has no load
WARNING: [Synth 8-7129] Port s_axi_wdata[14] in module axi_dwidth_converter_v2_1_36_axi_upsizer is either unconnected or has no load
WARNING: [Synth 8-7129] Port s_axi_wdata[13] in module axi_dwidth_converter_v2_1_36_axi_upsizer is either unconnected or has no load
WARNING: [Synth 8-7129] Port s_axi_wdata[12] in module axi_dwidth_converter_v2_1_36_axi_upsizer is either unconnected or has no load
WARNING: [Synth 8-7129] Port s_axi_wdata[11] in module axi_dwidth_converter_v2_1_36_axi_upsizer is either unconnected or has no load
WARNING: [Synth 8-7129] Port s_axi_wdata[10] in module axi_dwidth_converter_v2_1_36_axi_upsizer is either unconnected or has no load
WARNING: [Synth 8-7129] Port s_axi_wdata[9] in module axi_dwidth_converter_v2_1_36_axi_upsizer is either unconnected or has no load
WARNING: [Synth 8-7129] Port s_axi_wdata[8] in module axi_dwidth_converter_v2_1_36_axi_upsizer is either unconnected or has no load
WARNING: [Synth 8-7129] Port s_axi_wdata[7] in module axi_dwidth_converter_v2_1_36_axi_upsizer is either unconnected or has no load
WARNING: [Synth 8-7129] Port s_axi_wdata[6] in module axi_dwidth_converter_v2_1_36_axi_upsizer is either unconnected or has no load
WARNING: [Synth 8-7129] Port s_axi_wdata[5] in module axi_dwidth_converter_v2_1_36_axi_upsizer is either unconnected or has no load
WARNING: [Synth 8-7129] Port s_axi_wdata[4] in module axi_dwidth_converter_v2_1_36_axi_upsizer is either unconnected or has no load
WARNING: [Synth 8-7129] Port s_axi_wdata[3] in module axi_dwidth_converter_v2_1_36_axi_upsizer is either unconnected or has no load
WARNING: [Synth 8-7129] Port s_axi_wdata[2] in module axi_dwidth_converter_v2_1_36_axi_upsizer is either unconnected or has no load
WARNING: [Synth 8-7129] Port s_axi_wdata[1] in module axi_dwidth_converter_v2_1_36_axi_upsizer is either unconnected or has no load
WARNING: [Synth 8-7129] Port s_axi_wdata[0] in module axi_dwidth_converter_v2_1_36_axi_upsizer is either unconnected or has no load
WARNING: [Synth 8-7129] Port s_axi_wstrb[3] in module axi_dwidth_converter_v2_1_36_axi_upsizer is either unconnected or has no load
WARNING: [Synth 8-7129] Port s_axi_wstrb[2] in module axi_dwidth_converter_v2_1_36_axi_upsizer is either unconnected or has no load
WARNING: [Synth 8-7129] Port s_axi_wstrb[1] in module axi_dwidth_converter_v2_1_36_axi_upsizer is either unconnected or has no load
WARNING: [Synth 8-7129] Port s_axi_wstrb[0] in module axi_dwidth_converter_v2_1_36_axi_upsizer is either unconnected or has no load
WARNING: [Synth 8-7129] Port s_axi_wlast in module axi_dwidth_converter_v2_1_36_axi_upsizer is either unconnected or has no load
WARNING: [Synth 8-7129] Port s_axi_wvalid in module axi_dwidth_converter_v2_1_36_axi_upsizer is either unconnected or has no load
WARNING: [Synth 8-7129] Port s_axi_bready in module axi_dwidth_converter_v2_1_36_axi_upsizer is either unconnected or has no load
WARNING: [Synth 8-7129] Port s_axi_arlen[7] in module axi_dwidth_converter_v2_1_36_axi_upsizer is either unconnected or has no load
WARNING: [Synth 8-7129] Port s_axi_arlen[6] in module axi_dwidth_converter_v2_1_36_axi_upsizer is either unconnected or has no load
WARNING: [Synth 8-7129] Port s_axi_arlen[5] in module axi_dwidth_converter_v2_1_36_axi_upsizer is either unconnected or has no load
WARNING: [Synth 8-7129] Port s_axi_arlen[4] in module axi_dwidth_converter_v2_1_36_axi_upsizer is either unconnected or has no load
WARNING: [Synth 8-7129] Port m_axi_aresetn in module axi_dwidth_converter_v2_1_36_axi_upsizer is either unconnected or has no load
WARNING: [Synth 8-7129] Port m_axi_aclk in module axi_dwidth_converter_v2_1_36_axi_upsizer is either unconnected or has no load
WARNING: [Synth 8-7129] Port m_axi_awready in module axi_dwidth_converter_v2_1_36_axi_upsizer is either unconnected or has no load
WARNING: [Synth 8-7129] Port m_axi_wready in module axi_dwidth_converter_v2_1_36_axi_upsizer is either unconnected or has no load
WARNING: [Synth 8-7129] Port m_axi_bresp[1] in module axi_dwidth_converter_v2_1_36_axi_upsizer is either unconnected or has no load
WARNING: [Synth 8-7129] Port m_axi_bresp[0] in module axi_dwidth_converter_v2_1_36_axi_upsizer is either unconnected or has no load
WARNING: [Synth 8-7129] Port m_axi_bvalid in module axi_dwidth_converter_v2_1_36_axi_upsizer is either unconnected or has no load
WARNING: [Synth 8-7129] Port s_axi_awregion[3] in module axi_dwidth_converter_v2_1_36_top is either unconnected or has no load
WARNING: [Synth 8-7129] Port s_axi_awregion[2] in module axi_dwidth_converter_v2_1_36_top is either unconnected or has no load
WARNING: [Synth 8-7129] Port s_axi_awregion[1] in module axi_dwidth_converter_v2_1_36_top is either unconnected or has no load
WARNING: [Synth 8-7129] Port s_axi_awregion[0] in module axi_dwidth_converter_v2_1_36_top is either unconnected or has no load
WARNING: [Synth 8-7129] Port s_axi_arregion[3] in module axi_dwidth_converter_v2_1_36_top is either unconnected or has no load
WARNING: [Synth 8-7129] Port s_axi_arregion[2] in module axi_dwidth_converter_v2_1_36_top is either unconnected or has no load
WARNING: [Synth 8-7129] Port s_axi_arregion[1] in module axi_dwidth_converter_v2_1_36_top is either unconnected or has no load
WARNING: [Synth 8-7129] Port s_axi_arregion[0] in module axi_dwidth_converter_v2_1_36_top is either unconnected or has no load
---------------------------------------------------------------------------------
Finished RTL Elaboration : Time (s): cpu = 00:00:18 ; elapsed = 00:00:20 . Memory (MB): peak = 1498.215 ; gain = 748.332
---------------------------------------------------------------------------------
---------------------------------------------------------------------------------
Start Handling Custom Attributes
---------------------------------------------------------------------------------
---------------------------------------------------------------------------------
Finished Handling Custom Attributes : Time (s): cpu = 00:00:18 ; elapsed = 00:00:20 . Memory (MB): peak = 1498.215 ; gain = 748.332
---------------------------------------------------------------------------------
---------------------------------------------------------------------------------
Finished RTL Optimization Phase 1 : Time (s): cpu = 00:00:18 ; elapsed = 00:00:20 . Memory (MB): peak = 1498.215 ; gain = 748.332
---------------------------------------------------------------------------------
Netlist sorting complete. Time (s): cpu = 00:00:00 ; elapsed = 00:00:00.058 . Memory (MB): peak = 1498.215 ; gain = 0.000
INFO: [Project 1-570] Preparing netlist for logic optimization

Processing XDC Constraints
Initializing timing engine
Parsing XDC File [c:/Users/Akshay/OneDrive/Desktop/FGPA-Based-Hardware-Accelerator/CNN/fpga/vivado/proj_mnist_cnn/mnist_cnn.gen/sources_1/bd/cnn_system/ip/cnn_system_axi_ic_hp1_imp_auto_us_0/cnn_system_axi_ic_hp1_imp_auto_us_0_ooc.xdc] for cell 'inst'
Finished Parsing XDC File [c:/Users/Akshay/OneDrive/Desktop/FGPA-Based-Hardware-Accelerator/CNN/fpga/vivado/proj_mnist_cnn/mnist_cnn.gen/sources_1/bd/cnn_system/ip/cnn_system_axi_ic_hp1_imp_auto_us_0/cnn_system_axi_ic_hp1_imp_auto_us_0_ooc.xdc] for cell 'inst'
Parsing XDC File [C:/Users/Akshay/OneDrive/Desktop/FGPA-Based-Hardware-Accelerator/CNN/fpga/vivado/proj_mnist_cnn/mnist_cnn.runs/cnn_system_axi_ic_hp1_imp_auto_us_0_synth_1/dont_touch.xdc]
Finished Parsing XDC File [C:/Users/Akshay/OneDrive/Desktop/FGPA-Based-Hardware-Accelerator/CNN/fpga/vivado/proj_mnist_cnn/mnist_cnn.runs/cnn_system_axi_ic_hp1_imp_auto_us_0_synth_1/dont_touch.xdc]
Completed Processing XDC Constraints

Netlist sorting complete. Time (s): cpu = 00:00:00 ; elapsed = 00:00:00 . Memory (MB): peak = 1536.332 ; gain = 0.000
INFO: [Project 1-111] Unisim Transformation Summary:
No Unisim elements were transformed.

Constraint Validation Runtime : Time (s): cpu = 00:00:00 ; elapsed = 00:00:00.052 . Memory (MB): peak = 1537.027 ; gain = 0.695
INFO: [Designutils 20-5008] Incremental synthesis strategy off
---------------------------------------------------------------------------------
Finished Constraint Validation : Time (s): cpu = 00:00:28 ; elapsed = 00:00:30 . Memory (MB): peak = 1537.027 ; gain = 787.145
---------------------------------------------------------------------------------
---------------------------------------------------------------------------------
Start Loading Part and Timing Information
---------------------------------------------------------------------------------
Loading part: xc7z020clg400-1
---------------------------------------------------------------------------------
Finished Loading Part and Timing Information : Time (s): cpu = 00:00:28 ; elapsed = 00:00:30 . Memory (MB): peak = 1537.027 ; gain = 787.145
---------------------------------------------------------------------------------
---------------------------------------------------------------------------------
Start Applying 'set_property' XDC Constraints
---------------------------------------------------------------------------------
---------------------------------------------------------------------------------
Finished applying 'set_property' XDC Constraints : Time (s): cpu = 00:00:28 ; elapsed = 00:00:30 . Memory (MB): peak = 1537.027 ; gain = 787.145
---------------------------------------------------------------------------------
---------------------------------------------------------------------------------
Finished RTL Optimization Phase 2 : Time (s): cpu = 00:00:28 ; elapsed = 00:00:31 . Memory (MB): peak = 1537.027 ; gain = 787.145
---------------------------------------------------------------------------------
---------------------------------------------------------------------------------
Start RTL Component Statistics 
---------------------------------------------------------------------------------
Detailed RTL Component Info : 
+---Adders : 
	   2 Input    8 Bit       Adders := 2     
	   2 Input    5 Bit       Adders := 1     
	   2 Input    4 Bit       Adders := 1     
	   2 Input    3 Bit       Adders := 2     
+---Registers : 
	               73 Bit    Registers := 2     
	               68 Bit    Registers := 2     
	               64 Bit    Registers := 1     
	               62 Bit    Registers := 2     
	               55 Bit    Registers := 1     
	               38 Bit    Registers := 2     
	               36 Bit    Registers := 2     
	               30 Bit    Registers := 1     
	                8 Bit    Registers := 1     
	                5 Bit    Registers := 1     
	                3 Bit    Registers := 4     
	                2 Bit    Registers := 10    
	                1 Bit    Registers := 26    
+---Muxes : 
	   2 Input   73 Bit        Muxes := 2     
	   2 Input   68 Bit        Muxes := 2     
	   2 Input   38 Bit        Muxes := 2     
	   2 Input   36 Bit        Muxes := 2     
	   2 Input   32 Bit        Muxes := 6     
	   2 Input    8 Bit        Muxes := 3     
	   8 Input    8 Bit        Muxes := 2     
	   2 Input    3 Bit        Muxes := 5     
	   8 Input    3 Bit        Muxes := 3     
	   2 Input    2 Bit        Muxes := 4     
	   2 Input    1 Bit        Muxes := 13    
---------------------------------------------------------------------------------
Finished RTL Component Statistics 
---------------------------------------------------------------------------------
---------------------------------------------------------------------------------
Start Part Resource Summary
---------------------------------------------------------------------------------
Part Resources:
DSPs: 220 (col length:60)
BRAMs: 280 (col length: RAMB18 60 RAMB36 30)
---------------------------------------------------------------------------------
Finished Part Resource Summary
---------------------------------------------------------------------------------
---------------------------------------------------------------------------------
Start Cross Boundary and Area Optimization
---------------------------------------------------------------------------------
WARNING: [Synth 8-7080] Parallel synthesis criteria is not met
INFO: [Synth 8-3936] Found unconnected internal register 'gen_upsizer.gen_full_upsizer.axi_upsizer_inst/USE_READ.gen_non_fifo_r_upsizer.mi_register_slice_inst/r.r_pipe/m_payload_i_reg' and it is trimmed from '68' to '67' bits. [c:/Users/Akshay/OneDrive/Desktop/FGPA-Based-Hardware-Accelerator/CNN/fpga/vivado/proj_mnist_cnn/mnist_cnn.gen/sources_1/bd/cnn_system/ipshared/c5b7/hdl/axi_register_slice_v2_1_vl_rfs.v:1726]
WARNING: [Synth 8-7129] Port s_axi_awid[0] in module axi_dwidth_converter_v2_1_36_top is either unconnected or has no load
WARNING: [Synth 8-7129] Port s_axi_awaddr[31] in module axi_dwidth_converter_v2_1_36_top is either unconnected or has no load
WARNING: [Synth 8-7129] Port s_axi_awaddr[30] in module axi_dwidth_converter_v2_1_36_top is either unconnected or has no load
WARNING: [Synth 8-7129] Port s_axi_awaddr[29] in module axi_dwidth_converter_v2_1_36_top is either unconnected or has no load
WARNING: [Synth 8-7129] Port s_axi_awaddr[28] in module axi_dwidth_converter_v2_1_36_top is either unconnected or has no load
WARNING: [Synth 8-7129] Port s_axi_awaddr[27] in module axi_dwidth_converter_v2_1_36_top is either unconnected or has no load
WARNING: [Synth 8-7129] Port s_axi_awaddr[26] in module axi_dwidth_converter_v2_1_36_top is either unconnected or has no load
WARNING: [Synth 8-7129] Port s_axi_awaddr[25] in module axi_dwidth_converter_v2_1_36_top is either unconnected or has no load
WARNING: [Synth 8-7129] Port s_axi_awaddr[24] in module axi_dwidth_converter_v2_1_36_top is either unconnected or has no load
WARNING: [Synth 8-7129] Port s_axi_awaddr[23] in module axi_dwidth_converter_v2_1_36_top is either unconnected or has no load
WARNING: [Synth 8-7129] Port s_axi_awaddr[22] in module axi_dwidth_converter_v2_1_36_top is either unconnected or has no load
WARNING: [Synth 8-7129] Port s_axi_awaddr[21] in module axi_dwidth_converter_v2_1_36_top is either unconnected or has no load
WARNING: [Synth 8-7129] Port s_axi_awaddr[20] in module axi_dwidth_converter_v2_1_36_top is either unconnected or has no load
INFO: [Common 17-14] Message 'Synth 8-7129' appears 100 times and further instances of the messages will be disabled. Use the Tcl command set_msg_config to change the current settings.
---------------------------------------------------------------------------------
Finished Cross Boundary and Area Optimization : Time (s): cpu = 00:00:32 ; elapsed = 00:00:34 . Memory (MB): peak = 1537.027 ; gain = 787.145
---------------------------------------------------------------------------------
---------------------------------------------------------------------------------
Start Applying XDC Timing Constraints
---------------------------------------------------------------------------------
---------------------------------------------------------------------------------
Finished Applying XDC Timing Constraints : Time (s): cpu = 00:00:38 ; elapsed = 00:00:41 . Memory (MB): peak = 1580.148 ; gain = 830.266
---------------------------------------------------------------------------------
---------------------------------------------------------------------------------
Start Timing Optimization
---------------------------------------------------------------------------------
---------------------------------------------------------------------------------
Finished Timing Optimization : Time (s): cpu = 00:00:39 ; elapsed = 00:00:42 . Memory (MB): peak = 1604.336 ; gain = 854.453
---------------------------------------------------------------------------------
---------------------------------------------------------------------------------
Start Technology Mapping
---------------------------------------------------------------------------------
---------------------------------------------------------------------------------
Finished Technology Mapping : Time (s): cpu = 00:00:39 ; elapsed = 00:00:42 . Memory (MB): peak = 1604.336 ; gain = 854.453
---------------------------------------------------------------------------------
---------------------------------------------------------------------------------
Start IO Insertion
---------------------------------------------------------------------------------
---------------------------------------------------------------------------------
Start Flattening Before IO Insertion
---------------------------------------------------------------------------------
---------------------------------------------------------------------------------
Finished Flattening Before IO Insertion
---------------------------------------------------------------------------------
---------------------------------------------------------------------------------
Start Final Netlist Cleanup
---------------------------------------------------------------------------------
---------------------------------------------------------------------------------
Finished Final Netlist Cleanup
---------------------------------------------------------------------------------
---------------------------------------------------------------------------------
Finished IO Insertion : Time (s): cpu = 00:00:43 ; elapsed = 00:00:47 . Memory (MB): peak = 1826.176 ; gain = 1076.293
---------------------------------------------------------------------------------
---------------------------------------------------------------------------------
Start Renaming Generated Instances
---------------------------------------------------------------------------------
---------------------------------------------------------------------------------
Finished Renaming Generated Instances : Time (s): cpu = 00:00:43 ; elapsed = 00:00:47 . Memory (MB): peak = 1826.176 ; gain = 1076.293
---------------------------------------------------------------------------------
---------------------------------------------------------------------------------
Start Rebuilding User Hierarchy
---------------------------------------------------------------------------------
---------------------------------------------------------------------------------
Finished Rebuilding User Hierarchy : Time (s): cpu = 00:00:43 ; elapsed = 00:00:47 . Memory (MB): peak = 1826.176 ; gain = 1076.293
---------------------------------------------------------------------------------
---------------------------------------------------------------------------------
Start Renaming Generated Ports
---------------------------------------------------------------------------------
---------------------------------------------------------------------------------
Finished Renaming Generated Ports : Time (s): cpu = 00:00:43 ; elapsed = 00:00:47 . Memory (MB): peak = 1826.176 ; gain = 1076.293
---------------------------------------------------------------------------------
---------------------------------------------------------------------------------
Start Handling Custom Attributes
---------------------------------------------------------------------------------
---------------------------------------------------------------------------------
Finished Handling Custom Attributes : Time (s): cpu = 00:00:43 ; elapsed = 00:00:47 . Memory (MB): peak = 1826.176 ; gain = 1076.293
---------------------------------------------------------------------------------
---------------------------------------------------------------------------------
Start Renaming Generated Nets
---------------------------------------------------------------------------------
---------------------------------------------------------------------------------
Finished Renaming Generated Nets : Time (s): cpu = 00:00:43 ; elapsed = 00:00:47 . Memory (MB): peak = 1826.176 ; gain = 1076.293
---------------------------------------------------------------------------------
---------------------------------------------------------------------------------
Start ROM, RAM, DSP, Shift Register and Retiming Reporting
---------------------------------------------------------------------------------

Dynamic Shift Register Report:
+------------+-------------------------------+--------+------------+--------+---------+--------+--------+--------+
|Module Name | RTL Name                      | Length | Data Width | SRL16E | SRLC32E | Mux F7 | Mux F8 | Mux F9 | 
+------------+-------------------------------+--------+------------+--------+---------+--------+--------+--------+
|dsrl        | USE_RTL_FIFO.data_srl_reg[31] | 30     | 30         | 0      | 30      | 0      | 0      | 0      | 
|dsrl__1     | USE_RTL_FIFO.data_srl_reg[31] | 30     | 30         | 0      | 30      | 0      | 0      | 0      | 
+------------+-------------------------------+--------+------------+--------+---------+--------+--------+--------+

---------------------------------------------------------------------------------
Finished ROM, RAM, DSP, Shift Register and Retiming Reporting
---------------------------------------------------------------------------------
---------------------------------------------------------------------------------
Start Writing Synthesis Report
---------------------------------------------------------------------------------

Report BlackBoxes: 
+-+--------------+----------+
| |BlackBox name |Instances |
+-+--------------+----------+
+-+--------------+----------+

Report Cell Usage: 
+------+--------+------+
|      |Cell    |Count |
+------+--------+------+
|1     |LUT1    |     4|
|2     |LUT2    |    12|
|3     |LUT3    |    84|
|4     |LUT4    |    19|
|5     |LUT5    |    28|
|6     |LUT6    |    81|
|7     |SRLC32E |    24|
|8     |FDRE    |   309|
|9     |FDSE    |     2|
+------+--------+------+
---------------------------------------------------------------------------------
Finished Writing Synthesis Report : Time (s): cpu = 00:00:43 ; elapsed = 00:00:47 . Memory (MB): peak = 1826.176 ; gain = 1076.293
---------------------------------------------------------------------------------
Synthesis finished with 0 errors, 0 critical warnings and 109 warnings.
Synthesis Optimization Runtime : Time (s): cpu = 00:00:22 ; elapsed = 00:00:44 . Memory (MB): peak = 1826.176 ; gain = 1037.480
Synthesis Optimization Complete : Time (s): cpu = 00:00:43 ; elapsed = 00:00:47 . Memory (MB): peak = 1826.176 ; gain = 1076.293
INFO: [Project 1-571] Translating synthesized netlist
Netlist sorting complete. Time (s): cpu = 00:00:00 ; elapsed = 00:00:00.019 . Memory (MB): peak = 1826.176 ; gain = 0.000
INFO: [Project 1-570] Preparing netlist for logic optimization
INFO: [Opt 31-138] Pushed 0 inverter(s) to 0 load pin(s).
Netlist sorting complete. Time (s): cpu = 00:00:00 ; elapsed = 00:00:00 . Memory (MB): peak = 1828.602 ; gain = 0.000
INFO: [Project 1-111] Unisim Transformation Summary:
No Unisim elements were transformed.

Synth Design complete | Checksum: 34f2f50a
INFO: [Common 17-83] Releasing license: Synthesis
58 Infos, 106 Warnings, 0 Critical Warnings and 0 Errors encountered.
synth_design completed successfully
synth_design: Time (s): cpu = 00:00:48 ; elapsed = 00:00:53 . Memory (MB): peak = 1828.602 ; gain = 1306.910
Write ShapeDB Complete: Time (s): cpu = 00:00:00 ; elapsed = 00:00:00.003 . Memory (MB): peak = 1828.602 ; gain = 0.000
INFO: [Common 17-1381] The checkpoint 'C:/Users/Akshay/OneDrive/Desktop/FGPA-Based-Hardware-Accelerator/CNN/fpga/vivado/proj_mnist_cnn/mnist_cnn.runs/cnn_system_axi_ic_hp1_imp_auto_us_0_synth_1/cnn_system_axi_ic_hp1_imp_auto_us_0.dcp' has been generated.
INFO: [Coretcl 2-1648] Added synthesis output to IP cache for IP cnn_system_axi_ic_hp1_imp_auto_us_0, cache-ID = 2243c3b032993dfb
INFO: [Coretcl 2-1174] Renamed 9 cell refs.
Write ShapeDB Complete: Time (s): cpu = 00:00:00 ; elapsed = 00:00:00.002 . Memory (MB): peak = 1828.602 ; gain = 0.000
INFO: [Common 17-1381] The checkpoint 'C:/Users/Akshay/OneDrive/Desktop/FGPA-Based-Hardware-Accelerator/CNN/fpga/vivado/proj_mnist_cnn/mnist_cnn.runs/cnn_system_axi_ic_hp1_imp_auto_us_0_synth_1/cnn_system_axi_ic_hp1_imp_auto_us_0.dcp' has been generated.
INFO: [Vivado 12-24828] Executing command : report_utilization -file cnn_system_axi_ic_hp1_imp_auto_us_0_utilization_synth.rpt -pb cnn_system_axi_ic_hp1_imp_auto_us_0_utilization_synth.pb
INFO: [Common 17-206] Exiting Vivado at Sun Apr 19 23:18:56 2026...
