

================================================================
== Vitis HLS Report for 'bnn_top'
================================================================
* Date:           Sat May  9 04:49:40 2026

* Version:        2025.1 (Build 6135595 on May 21 2025)
* Project:        bnn_top
* Solution:       solution (Vivado IP Flow Target)
* Product family: zynq
* Target device:  xc7z020-clg400-1


================================================================
== Performance Estimates
================================================================
+ Timing: 
    * Summary: 
    +--------+----------+-----------+------------+
    |  Clock |  Target  | Estimated | Uncertainty|
    +--------+----------+-----------+------------+
    |ap_clk  |  10.00 ns|  10.703 ns|     2.70 ns|
    +--------+----------+-----------+------------+

+ Latency: 
    * Summary: 
    +---------+---------+----------+----------+--------+--------+---------+
    |  Latency (cycles) |  Latency (absolute) |     Interval    | Pipeline|
    |   min   |   max   |    min   |    max   |   min  |   max  |   Type  |
    +---------+---------+----------+----------+--------+--------+---------+
    |   148860|   148860|  1.593 ms|  1.593 ms|  148861|  148861|       no|
    +---------+---------+----------+----------+--------+--------+---------+

    + Detail: 
        * Instance: 
        +----------------------------------------+-----------------------------+---------+---------+-----------+-----------+-------+-------+------------------------------------------------+
        |                                        |                             |  Latency (cycles) |   Latency (absolute)  |    Interval   |                    Pipeline                    |
        |                Instance                |            Module           |   min   |   max   |    min    |    max    |  min  |  max  |                      Type                      |
        +----------------------------------------+-----------------------------+---------+---------+-----------+-----------+-------+-------+------------------------------------------------+
        |grp_bnn_top_Pipeline_RD_IN_fu_104       |bnn_top_Pipeline_RD_IN       |       66|       66|   0.660 us|   0.660 us|     65|     65|  loop auto-rewind stp (delay=0 clock cycles(s))|
        |grp_bnn_top_Pipeline_L1_W_L1_IN_fu_123  |bnn_top_Pipeline_L1_W_L1_IN  |    16389|    16389|   0.175 ms|   0.175 ms|  16385|  16385|  loop auto-rewind stp (delay=0 clock cycles(s))|
        |grp_bnn_top_Pipeline_L1_B_fu_143        |bnn_top_Pipeline_L1_B        |      259|      259|   2.590 us|   2.590 us|    257|    257|  loop auto-rewind stp (delay=0 clock cycles(s))|
        |grp_bnn_top_Pipeline_L2_W_L2_IN_fu_162  |bnn_top_Pipeline_L2_W_L2_IN  |    65541|    65541|   0.701 ms|   0.701 ms|  65537|  65537|  loop auto-rewind stp (delay=0 clock cycles(s))|
        |grp_bnn_top_Pipeline_L2_B_fu_182        |bnn_top_Pipeline_L2_B        |      259|      259|   2.590 us|   2.590 us|    257|    257|  loop auto-rewind stp (delay=0 clock cycles(s))|
        |grp_bnn_top_Pipeline_L3_W_L3_IN_fu_201  |bnn_top_Pipeline_L3_W_L3_IN  |    65541|    65541|   0.701 ms|   0.701 ms|  65537|  65537|  loop auto-rewind stp (delay=0 clock cycles(s))|
        |grp_bnn_top_Pipeline_L3_B_fu_221        |bnn_top_Pipeline_L3_B        |      259|      259|   2.590 us|   2.590 us|    257|    257|  loop auto-rewind stp (delay=0 clock cycles(s))|
        |grp_bnn_top_Pipeline_L4_W_L4_IN_fu_240  |bnn_top_Pipeline_L4_W_L4_IN  |      516|      516|   5.523 us|   5.523 us|    513|    513|  loop auto-rewind stp (delay=0 clock cycles(s))|
        |grp_bnn_top_Pipeline_L4_B_fu_261        |bnn_top_Pipeline_L4_B        |        5|        5|  50.000 ns|  50.000 ns|      3|      3|  loop auto-rewind stp (delay=0 clock cycles(s))|
        |grp_bnn_top_Pipeline_WR_OUT_fu_281      |bnn_top_Pipeline_WR_OUT      |        4|        4|  40.000 ns|  40.000 ns|      3|      3|  loop auto-rewind stp (delay=0 clock cycles(s))|
        +----------------------------------------+-----------------------------+---------+---------+-----------+-----------+-------+-------+------------------------------------------------+

        * Loop: 
        N/A



================================================================
== Utilization Estimates
================================================================
* Summary: 
+-----------------+---------+-----+--------+-------+-----+
|       Name      | BRAM_18K| DSP |   FF   |  LUT  | URAM|
+-----------------+---------+-----+--------+-------+-----+
|DSP              |        -|    -|       -|      -|    -|
|Expression       |        -|    -|       0|      2|    -|
|FIFO             |        -|    -|       -|      -|    -|
|Instance         |        0|   12|    1421|   3838|    -|
|Memory           |        4|    -|       0|      0|    0|
|Multiplexer      |        -|    -|       0|    515|    -|
|Register         |        -|    -|     108|      -|    -|
+-----------------+---------+-----+--------+-------+-----+
|Total            |        4|   12|    1529|   4355|    0|
+-----------------+---------+-----+--------+-------+-----+
|Available        |      280|  220|  106400|  53200|    0|
+-----------------+---------+-----+--------+-------+-----+
|Utilization (%)  |        1|    5|       1|      8|    0|
+-----------------+---------+-----+--------+-------+-----+

+ Detail: 
    * Instance: 
    +----------------------------------------+-----------------------------+---------+----+-----+-----+-----+
    |                Instance                |            Module           | BRAM_18K| DSP|  FF | LUT | URAM|
    +----------------------------------------+-----------------------------+---------+----+-----+-----+-----+
    |grp_bnn_top_Pipeline_L1_B_fu_143        |bnn_top_Pipeline_L1_B        |        0|   0|   47|  156|    0|
    |grp_bnn_top_Pipeline_L1_W_L1_IN_fu_123  |bnn_top_Pipeline_L1_W_L1_IN  |        0|   3|  333|  739|    0|
    |grp_bnn_top_Pipeline_L2_B_fu_182        |bnn_top_Pipeline_L2_B        |        0|   0|   47|  156|    0|
    |grp_bnn_top_Pipeline_L2_W_L2_IN_fu_162  |bnn_top_Pipeline_L2_W_L2_IN  |        0|   3|  339|  743|    0|
    |grp_bnn_top_Pipeline_L3_B_fu_221        |bnn_top_Pipeline_L3_B        |        0|   0|   47|  156|    0|
    |grp_bnn_top_Pipeline_L3_W_L3_IN_fu_201  |bnn_top_Pipeline_L3_W_L3_IN  |        0|   3|  339|  743|    0|
    |grp_bnn_top_Pipeline_L4_B_fu_261        |bnn_top_Pipeline_L4_B        |        0|   0|   29|  275|    0|
    |grp_bnn_top_Pipeline_L4_W_L4_IN_fu_240  |bnn_top_Pipeline_L4_W_L4_IN  |        0|   3|  181|  656|    0|
    |grp_bnn_top_Pipeline_RD_IN_fu_104       |bnn_top_Pipeline_RD_IN       |        0|   0|   17|   78|    0|
    |grp_bnn_top_Pipeline_WR_OUT_fu_281      |bnn_top_Pipeline_WR_OUT      |        0|   0|    6|   96|    0|
    |ctrl_s_axi_U                            |ctrl_s_axi                   |        0|   0|   36|   40|    0|
    +----------------------------------------+-----------------------------+---------+----+-----+-----+-----+
    |Total                                   |                             |        0|  12| 1421| 3838|    0|
    +----------------------------------------+-----------------------------+---------+----+-----+-----+-----+

    * DSP: 
    N/A

    * Memory: 
    +---------+---------------------+---------+---+----+-----+------+-----+------+-------------+
    |  Memory |        Module       | BRAM_18K| FF| LUT| URAM| Words| Bits| Banks| W*Bits*Banks|
    +---------+---------------------+---------+---+----+-----+------+-----+------+-------------+
    |act1_U   |act1_RAM_AUTO_1R1W   |        1|  0|   0|    0|   256|   16|     1|         4096|
    |act2_U   |act1_RAM_AUTO_1R1W   |        1|  0|   0|    0|   256|   16|     1|         4096|
    |act3_U   |act1_RAM_AUTO_1R1W   |        1|  0|   0|    0|   256|   16|     1|         4096|
    |input_U  |input_RAM_AUTO_1R1W  |        1|  0|   0|    0|    64|   16|     1|         1024|
    +---------+---------------------+---------+---+----+-----+------+-----+------+-------------+
    |Total    |                     |        4|  0|   0|    0|   832|   64|     4|        13312|
    +---------+---------------------+---------+---+----+-----+------+-----+------+-------------+

    * FIFO: 
    N/A

    * Expression: 
    +---------------------------------------------------------+----------+----+---+----+------------+------------+
    |                      Variable Name                      | Operation| DSP| FF| LUT| Bitwidth P0| Bitwidth P1|
    +---------------------------------------------------------+----------+----+---+----+------------+------------+
    |grp_bnn_top_Pipeline_WR_OUT_fu_281_m_axis_output_TREADY  |       and|   0|  0|   2|           1|           1|
    +---------------------------------------------------------+----------+----+---+----+------------+------------+
    |Total                                                    |          |   0|  0|   2|           1|           1|
    +---------------------------------------------------------+----------+----+---+----+------------+------------+

    * Multiplexer: 
    +----------------------------------+-----+-----------+-----+-----------+
    |               Name               | LUT | Input Size| Bits| Total Bits|
    +----------------------------------+-----+-----------+-----+-----------+
    |act1_address0                     |   20|          4|    8|         32|
    |act1_ce0                          |   20|          4|    1|          4|
    |act1_ce1                          |    9|          2|    1|          2|
    |act1_d0                           |   14|          3|   16|         48|
    |act1_we0                          |   14|          3|    1|          3|
    |act2_address0                     |   20|          4|    8|         32|
    |act2_ce0                          |   20|          4|    1|          4|
    |act2_ce1                          |    9|          2|    1|          2|
    |act2_d0                           |   14|          3|   16|         48|
    |act2_we0                          |   14|          3|    1|          3|
    |act3_address0                     |   20|          4|    8|         32|
    |act3_ce0                          |   20|          4|    1|          4|
    |act3_ce1                          |    9|          2|    1|          2|
    |act3_d0                           |   14|          3|   16|         48|
    |act3_we0                          |   14|          3|    1|          3|
    |act4_1_fu_100                     |    9|          2|   16|         32|
    |act4_fu_96                        |    9|          2|   16|         32|
    |ap_NS_fsm                         |  113|         23|    1|         23|
    |input_address0                    |   14|          3|    6|         18|
    |input_ce0                         |   14|          3|    1|          3|
    |input_we0                         |    9|          2|    1|          2|
    |m_axis_output_TDATA_int_regslice  |    9|          2|   32|         64|
    |m_axis_output_TDEST_int_regslice  |    9|          2|    1|          2|
    |m_axis_output_TID_int_regslice    |    9|          2|    1|          2|
    |m_axis_output_TKEEP_int_regslice  |    9|          2|    4|          8|
    |m_axis_output_TLAST_int_regslice  |    9|          2|    1|          2|
    |m_axis_output_TSTRB_int_regslice  |    9|          2|    4|          8|
    |m_axis_output_TUSER_int_regslice  |    9|          2|    1|          2|
    |s_axis_input_TREADY_int_regslice  |   53|         10|    1|         10|
    +----------------------------------+-----+-----------+-----+-----------+
    |Total                             |  515|        107|  167|        475|
    +----------------------------------+-----+-----------+-----+-----------+

    * Register: 
    +-----------------------------------------------------+----+----+-----+-----------+
    |                         Name                        | FF | LUT| Bits| Const Bits|
    +-----------------------------------------------------+----+----+-----+-----------+
    |act4_1_fu_100                                        |  16|   0|   16|          0|
    |act4_fu_96                                           |  16|   0|   16|          0|
    |ap_CS_fsm                                            |  22|   0|   22|          0|
    |grp_bnn_top_Pipeline_L1_B_fu_143_ap_start_reg        |   1|   0|    1|          0|
    |grp_bnn_top_Pipeline_L1_W_L1_IN_fu_123_ap_start_reg  |   1|   0|    1|          0|
    |grp_bnn_top_Pipeline_L2_B_fu_182_ap_start_reg        |   1|   0|    1|          0|
    |grp_bnn_top_Pipeline_L2_W_L2_IN_fu_162_ap_start_reg  |   1|   0|    1|          0|
    |grp_bnn_top_Pipeline_L3_B_fu_221_ap_start_reg        |   1|   0|    1|          0|
    |grp_bnn_top_Pipeline_L3_W_L3_IN_fu_201_ap_start_reg  |   1|   0|    1|          0|
    |grp_bnn_top_Pipeline_L4_B_fu_261_ap_start_reg        |   1|   0|    1|          0|
    |grp_bnn_top_Pipeline_L4_W_L4_IN_fu_240_ap_start_reg  |   1|   0|    1|          0|
    |grp_bnn_top_Pipeline_RD_IN_fu_104_ap_start_reg       |   1|   0|    1|          0|
    |grp_bnn_top_Pipeline_WR_OUT_fu_281_ap_start_reg      |   1|   0|    1|          0|
    |m_axis_output_TDATA_reg                              |  32|   0|   32|          0|
    |m_axis_output_TDEST_reg                              |   1|   0|    1|          0|
    |m_axis_output_TID_reg                                |   1|   0|    1|          0|
    |m_axis_output_TKEEP_reg                              |   4|   0|    4|          0|
    |m_axis_output_TLAST_reg                              |   1|   0|    1|          0|
    |m_axis_output_TSTRB_reg                              |   4|   0|    4|          0|
    |m_axis_output_TUSER_reg                              |   1|   0|    1|          0|
    +-----------------------------------------------------+----+----+-----+-----------+
    |Total                                                | 108|   0|  108|          0|
    +-----------------------------------------------------+----+----+-----+-----------+



================================================================
== Interface
================================================================
* Summary: 
+----------------------+-----+-----+------------+------------------------+--------------+
|       RTL Ports      | Dir | Bits|  Protocol  |      Source Object     |    C Type    |
+----------------------+-----+-----+------------+------------------------+--------------+
|s_axi_ctrl_AWVALID    |   in|    1|       s_axi|                    ctrl|   return void|
|s_axi_ctrl_AWREADY    |  out|    1|       s_axi|                    ctrl|   return void|
|s_axi_ctrl_AWADDR     |   in|    4|       s_axi|                    ctrl|   return void|
|s_axi_ctrl_WVALID     |   in|    1|       s_axi|                    ctrl|   return void|
|s_axi_ctrl_WREADY     |  out|    1|       s_axi|                    ctrl|   return void|
|s_axi_ctrl_WDATA      |   in|   32|       s_axi|                    ctrl|   return void|
|s_axi_ctrl_WSTRB      |   in|    4|       s_axi|                    ctrl|   return void|
|s_axi_ctrl_ARVALID    |   in|    1|       s_axi|                    ctrl|   return void|
|s_axi_ctrl_ARREADY    |  out|    1|       s_axi|                    ctrl|   return void|
|s_axi_ctrl_ARADDR     |   in|    4|       s_axi|                    ctrl|   return void|
|s_axi_ctrl_RVALID     |  out|    1|       s_axi|                    ctrl|   return void|
|s_axi_ctrl_RREADY     |   in|    1|       s_axi|                    ctrl|   return void|
|s_axi_ctrl_RDATA      |  out|   32|       s_axi|                    ctrl|   return void|
|s_axi_ctrl_RRESP      |  out|    2|       s_axi|                    ctrl|   return void|
|s_axi_ctrl_BVALID     |  out|    1|       s_axi|                    ctrl|   return void|
|s_axi_ctrl_BREADY     |   in|    1|       s_axi|                    ctrl|   return void|
|s_axi_ctrl_BRESP      |  out|    2|       s_axi|                    ctrl|   return void|
|ap_clk                |   in|    1|  ap_ctrl_hs|                 bnn_top|  return value|
|ap_rst_n              |   in|    1|  ap_ctrl_hs|                 bnn_top|  return value|
|interrupt             |  out|    1|  ap_ctrl_hs|                 bnn_top|  return value|
|s_axis_input_TDATA    |   in|   32|        axis|   s_axis_input_V_data_V|       pointer|
|s_axis_input_TVALID   |   in|    1|        axis|   s_axis_input_V_dest_V|       pointer|
|s_axis_input_TREADY   |  out|    1|        axis|   s_axis_input_V_dest_V|       pointer|
|s_axis_input_TDEST    |   in|    1|        axis|   s_axis_input_V_dest_V|       pointer|
|s_axis_input_TKEEP    |   in|    4|        axis|   s_axis_input_V_keep_V|       pointer|
|s_axis_input_TSTRB    |   in|    4|        axis|   s_axis_input_V_strb_V|       pointer|
|s_axis_input_TUSER    |   in|    1|        axis|   s_axis_input_V_user_V|       pointer|
|s_axis_input_TLAST    |   in|    1|        axis|   s_axis_input_V_last_V|       pointer|
|s_axis_input_TID      |   in|    1|        axis|     s_axis_input_V_id_V|       pointer|
|m_axis_output_TDATA   |  out|   32|        axis|  m_axis_output_V_data_V|       pointer|
|m_axis_output_TVALID  |  out|    1|        axis|  m_axis_output_V_dest_V|       pointer|
|m_axis_output_TREADY  |   in|    1|        axis|  m_axis_output_V_dest_V|       pointer|
|m_axis_output_TDEST   |  out|    1|        axis|  m_axis_output_V_dest_V|       pointer|
|m_axis_output_TKEEP   |  out|    4|        axis|  m_axis_output_V_keep_V|       pointer|
|m_axis_output_TSTRB   |  out|    4|        axis|  m_axis_output_V_strb_V|       pointer|
|m_axis_output_TUSER   |  out|    1|        axis|  m_axis_output_V_user_V|       pointer|
|m_axis_output_TLAST   |  out|    1|        axis|  m_axis_output_V_last_V|       pointer|
|m_axis_output_TID     |  out|    1|        axis|    m_axis_output_V_id_V|       pointer|
+----------------------+-----+-----+------------+------------------------+--------------+

