================================================================
== Design Size Report
================================================================

* Total Instructions per Compilation Phase
+---------------+-----------------------------+--------------+----------------------------------------------------------------------------------------+
| Phase         | Step                        | Instructions | Description                                                                            |
+---------------+-----------------------------+--------------+----------------------------------------------------------------------------------------+
| Compile/Link  |                             | 14,513       | After all functions are compiled and linked into a single design                       |
|               |                             |              |                                                                                        |
| Unroll/Inline |                             |              | After user unroll and inline pragmas are applied                                       |
|               | (1) unroll                  |  3,304       | user unroll pragmas are applied                                                        |
|               | (2) simplification          |  2,056       | simplification of applied user unroll pragmas                                          |
|               | (3) inline                  |  1,081       | user inline pragmas are applied                                                        |
|               | (4) simplification          |  1,009       | simplification of applied user inline pragmas                                          |
|               |                             |              |                                                                                        |
| Array/Struct  |                             |              | After user array partition and struct aggregate/disaggregate pragmas are applied       |
|               | (1) array partition         |  1,009       | user array partition pragmas are applied                                               |
|               | (2) simplification          |  1,009       | simplification of applied user array partition & struct aggregate/disaggregate pragmas |
|               | (3) aggregate/disaggregate  |  1,009       | user struct aggregate/disaggregate pragmas are applied                                 |
|               | (4) array reshape           |  1,009       | apply array reshape pragmas                                                            |
|               | (5) access patterns         |  1,121       | array access pattern optmizations                                                      |
|               |                             |              |                                                                                        |
| Performance   |                             |              | After transformations are applied to meet performance pragma targets                   |
|               | (1) loop simplification     |  1,119       | loop and instruction simplification                                                    |
|               | (2) parallelization         |  1,097       | loops are unrolled or pipelined to meet performance targets                            |
|               | (3) array partition         |  1,031       | arrays are partitioned to meet performance targets                                     |
|               | (4) simplification          |  1,033       | simplification of design after performance transformations                             |
|               |                             |              |                                                                                        |
| HW Transforms |                             |              | After hardware transfomations                                                          |
|               | (1) lowering                |    971       | initial conversion to HW specific instructions                                         |
|               | (2) optimizations           |    794       | high level synthesis optimizations                                                     |
+---------------+-----------------------------+--------------+----------------------------------------------------------------------------------------+

* Instructions per Function for each Compilation Phase
+-----------+---------------+--------------+---------------+--------------+-------------+---------------+
| Function  | Location      | Compile/Link | Unroll/Inline | Array/Struct | Performance | HW Transforms |
+-----------+---------------+--------------+---------------+--------------+-------------+---------------+
|   bnn_top | bnn_top.cpp:7 | 14,513       | 1,009         | 1,121        | 1,033       | 794           |
+-----------+---------------+--------------+---------------+--------------+-------------+---------------+

* Design Size Message Settings
+---------------------------------------------+--------+------------------------------------------------------------------+
| Message Setting                             | Value  | Description                                                      |
+---------------------------------------------+--------+------------------------------------------------------------------+
| config_compile -design_size_maximum_warning | 100000 | Show a warning when total design instructions exceeds this value |
+---------------------------------------------+--------+------------------------------------------------------------------+


