

================================================================
== Synthesis Summary Report of 'bnn_top'
================================================================
+ General Information: 
    * Date:           Sat May  9 04:49:41 2026
    * Version:        2025.1 (Build 6135595 on May 21 2025)
    * Project:        bnn_top
    * Solution:       solution (Vivado IP Flow Target)
    * Product family: zynq
    * Target device:  xc7z020-clg400-1
    

+ Performance & Resource Estimates: 
    
    PS: '+' for module; 'o' for loop; '*' for dataflow
    +--------------------------------+---------+-------+---------+-----------+----------+---------+-------+----------+--------+---------+-----------+-----------+-----+
    |             Modules            |  Issue  |       |       Latency       | Iteration|         |  Trip |          |        |         |           |           |     |
    |             & Loops            |   Type  | Slack | (cycles)|    (ns)   |  Latency | Interval| Count | Pipelined|  BRAM  |   DSP   |     FF    |    LUT    | URAM|
    +--------------------------------+---------+-------+---------+-----------+----------+---------+-------+----------+--------+---------+-----------+-----------+-----+
    |+ bnn_top                       |   Timing|  -3.40|   148860|  1.593e+06|         -|   148861|      -|        no|  4 (1%)|  12 (5%)|  1529 (1%)|  4355 (8%)|    -|
    | + bnn_top_Pipeline_RD_IN       |        -|   2.25|       66|    660.000|         -|       65|      -|    rewind|       -|        -|   17 (~0%)|   78 (~0%)|    -|
    |  o RD_IN                       |        -|   7.30|       64|    640.000|         2|        1|     64|       yes|       -|        -|          -|          -|    -|
    | + bnn_top_Pipeline_L1_W_L1_IN  |   Timing|  -3.40|    16389|  1.754e+05|         -|    16385|      -|    rewind|       -|   3 (1%)|  333 (~0%)|   739 (1%)|    -|
    |  o L1_W_L1_IN                  |        -|   7.30|    16387|  1.754e+05|         5|        1|  16384|       yes|       -|        -|          -|          -|    -|
    | + bnn_top_Pipeline_L1_B        |        -|   0.94|      259|  2.590e+03|         -|      257|      -|    rewind|       -|        -|   47 (~0%)|  156 (~0%)|    -|
    |  o L1_B                        |        -|   7.30|      257|  2.570e+03|         3|        1|    256|       yes|       -|        -|          -|          -|    -|
    | + bnn_top_Pipeline_L2_W_L2_IN  |   Timing|  -3.40|    65541|  7.015e+05|         -|    65537|      -|    rewind|       -|   3 (1%)|  339 (~0%)|   743 (1%)|    -|
    |  o L2_W_L2_IN                  |        -|   7.30|    65539|  7.014e+05|         5|        1|  65536|       yes|       -|        -|          -|          -|    -|
    | + bnn_top_Pipeline_L2_B        |        -|   0.94|      259|  2.590e+03|         -|      257|      -|    rewind|       -|        -|   47 (~0%)|  156 (~0%)|    -|
    |  o L2_B                        |        -|   7.30|      257|  2.570e+03|         3|        1|    256|       yes|       -|        -|          -|          -|    -|
    | + bnn_top_Pipeline_L3_W_L3_IN  |   Timing|  -3.40|    65541|  7.015e+05|         -|    65537|      -|    rewind|       -|   3 (1%)|  339 (~0%)|   743 (1%)|    -|
    |  o L3_W_L3_IN                  |        -|   7.30|    65539|  7.014e+05|         5|        1|  65536|       yes|       -|        -|          -|          -|    -|
    | + bnn_top_Pipeline_L3_B        |        -|   0.94|      259|  2.590e+03|         -|      257|      -|    rewind|       -|        -|   47 (~0%)|  156 (~0%)|    -|
    |  o L3_B                        |        -|   7.30|      257|  2.570e+03|         3|        1|    256|       yes|       -|        -|          -|          -|    -|
    | + bnn_top_Pipeline_L4_W_L4_IN  |   Timing|  -3.40|      516|  5.523e+03|         -|      513|      -|    rewind|       -|   3 (1%)|  181 (~0%)|   656 (1%)|    -|
    |  o L4_W_L4_IN                  |        -|   7.30|      514|  5.501e+03|         4|        1|    512|       yes|       -|        -|          -|          -|    -|
    | + bnn_top_Pipeline_L4_B        |        -|   0.09|        5|     50.000|         -|        3|      -|    rewind|       -|        -|   29 (~0%)|  275 (~0%)|    -|
    |  o L4_B                        |        -|   7.30|        3|     30.000|         3|        1|      2|       yes|       -|        -|          -|          -|    -|
    | + bnn_top_Pipeline_WR_OUT      |        -|   2.56|        4|     40.000|         -|        3|      -|    rewind|       -|        -|    6 (~0%)|   96 (~0%)|    -|
    |  o WR_OUT                      |        -|   7.30|        2|     20.000|         2|        1|      2|       yes|       -|        -|          -|          -|    -|
    +--------------------------------+---------+-------+---------+-----------+----------+---------+-------+----------+--------+---------+-----------+-----------+-----+


================================================================
== HW Interfaces
================================================================
* S_AXILITE Interfaces
+------------+------------+---------------+
| Interface  | Data Width | Address Width |
+------------+------------+---------------+
| s_axi_ctrl | 32         | 4             |
+------------+------------+---------------+

* S_AXILITE Registers
+------------+----------+--------+-------+--------+----------------------------------+----------------------------------------------------------------------+
| Interface  | Register | Offset | Width | Access | Description                      | Bit Fields                                                           |
+------------+----------+--------+-------+--------+----------------------------------+----------------------------------------------------------------------+
| s_axi_ctrl | CTRL     | 0x00   | 32    | RW     | Control signals                  | 0=AP_START 1=AP_DONE 2=AP_IDLE 3=AP_READY 7=AUTO_RESTART 9=INTERRUPT |
| s_axi_ctrl | GIER     | 0x04   | 32    | RW     | Global Interrupt Enable Register | 0=Enable                                                             |
| s_axi_ctrl | IP_IER   | 0x08   | 32    | RW     | IP Interrupt Enable Register     | 0=CHAN0_INT_EN 1=CHAN1_INT_EN                                        |
| s_axi_ctrl | IP_ISR   | 0x0c   | 32    | RW     | IP Interrupt Status Register     | 0=CHAN0_INT_ST 1=CHAN1_INT_ST                                        |
+------------+----------+--------+-------+--------+----------------------------------+----------------------------------------------------------------------+

* AXIS
+---------------+-----------+---------------+-------+-------+-----+-------+-------+--------+-------+-------+--------+
| Interface     | Direction | Register Mode | TDATA | TDEST | TID | TKEEP | TLAST | TREADY | TSTRB | TUSER | TVALID |
+---------------+-----------+---------------+-------+-------+-----+-------+-------+--------+-------+-------+--------+
| m_axis_output | out       | both          | 32    | 1     | 1   | 4     | 1     | 1      | 4     | 1     | 1      |
| s_axis_input  | in        | both          | 32    | 1     | 1   | 4     | 1     | 1      | 4     | 1     | 1      |
+---------------+-----------+---------------+-------+-------+-----+-------+-------+--------+-------+-------+--------+

* TOP LEVEL CONTROL
+-----------+------------+-----------+
| Interface | Type       | Ports     |
+-----------+------------+-----------+
| ap_clk    | clock      | ap_clk    |
| ap_rst_n  | reset      | ap_rst_n  |
| interrupt | interrupt  | interrupt |
| ap_ctrl   | ap_ctrl_hs |           |
+-----------+------------+-----------+


================================================================
== SW I/O Information
================================================================
* Top Function Arguments
+---------------+-----------+---------------------------------------------------------+
| Argument      | Direction | Datatype                                                |
+---------------+-----------+---------------------------------------------------------+
| s_axis_input  | in        | stream<hls::axis<ap_uint<32>, 1, 1, 1, '8', false>, 0>& |
| m_axis_output | out       | stream<hls::axis<ap_uint<32>, 1, 1, 1, '8', false>, 0>& |
+---------------+-----------+---------------------------------------------------------+

* SW-to-HW Mapping
+---------------+---------------+-----------+
| Argument      | HW Interface  | HW Type   |
+---------------+---------------+-----------+
| s_axis_input  | s_axis_input  | interface |
| m_axis_output | m_axis_output | interface |
+---------------+---------------+-----------+


================================================================
== Bind Op Report
================================================================
+--------------------------------+-----+--------+---------------+--------+----------+---------+
| Name                           | DSP | Pragma | Variable      | Op     | Impl     | Latency |
+--------------------------------+-----+--------+---------------+--------+----------+---------+
| + bnn_top                      | 12  |        |               |        |          |         |
|  + bnn_top_Pipeline_RD_IN      | 0   |        |               |        |          |         |
|    icmp_ln17_fu_97_p2          |     |        | icmp_ln17     | seteq  | auto     | 0       |
|    add_ln17_fu_103_p2          |     |        | add_ln17      | add    | fabric   | 0       |
|  + bnn_top_Pipeline_L1_W_L1_IN | 3   |        |               |        |          |         |
|    icmp_ln26_fu_215_p2         |     |        | icmp_ln26     | seteq  | auto     | 0       |
|    add_ln26_fu_221_p2          |     |        | add_ln26      | add    | fabric   | 0       |
|    icmp_ln28_fu_230_p2         |     |        | icmp_ln28     | seteq  | auto     | 0       |
|    select_ln26_fu_236_p3       |     |        | select_ln26   | select | auto_sel | 0       |
|    add_ln26_1_fu_704_p2        |     |        | add_ln26_1    | add    | fabric   | 0       |
|    select_ln26_1_fu_710_p3     |     |        | select_ln26_1 | select | auto_sel | 0       |
|    mul_26s_26s_52_1_1_U9       | 3   |        | mul_ln31      | mul    | auto     | 0       |
|    select_ln26_2_fu_307_p3     |     |        | select_ln26_2 | select | auto_sel | 0       |
|    add_ln31_1_fu_329_p2        |     |        | add_ln31_1    | add    | fabric   | 0       |
|    add_ln31_fu_334_p2          |     |        | add_ln31      | add    | fabric   | 0       |
|    and_ln31_fu_373_p2          |     |        | and_ln31      | and    | auto     | 0       |
|    acc_fu_383_p2               |     |        | acc           | add    | fabric   | 0       |
|    xor_ln31_fu_397_p2          |     |        | xor_ln31      | xor    | auto     | 0       |
|    and_ln31_1_fu_403_p2        |     |        | and_ln31_1    | and    | auto     | 0       |
|    xor_ln31_2_fu_409_p2        |     |        | xor_ln31_2    | xor    | auto     | 0       |
|    or_ln31_fu_415_p2           |     |        | or_ln31       | or     | auto     | 0       |
|    xor_ln31_1_fu_421_p2        |     |        | xor_ln31_1    | xor    | auto     | 0       |
|    xor_ln31_4_fu_427_p2        |     |        | xor_ln31_4    | xor    | auto     | 0       |
|    xor_ln31_3_fu_433_p2        |     |        | xor_ln31_3    | xor    | auto     | 0       |
|    or_ln31_1_fu_439_p2         |     |        | or_ln31_1     | or     | auto     | 0       |
|    and_ln31_2_fu_445_p2        |     |        | and_ln31_2    | and    | auto     | 0       |
|    or_ln31_3_fu_451_p2         |     |        | or_ln31_3     | or     | auto     | 0       |
|    xor_ln31_5_fu_457_p2        |     |        | xor_ln31_5    | xor    | auto     | 0       |
|    and_ln31_3_fu_463_p2        |     |        | and_ln31_3    | and    | auto     | 0       |
|    select_ln31_fu_469_p3       |     |        | select_ln31   | select | auto_sel | 0       |
|    or_ln31_2_fu_477_p2         |     |        | or_ln31_2     | or     | auto     | 0       |
|    acc_9_fu_483_p3             |     |        | acc_9         | select | auto_sel | 0       |
|    add_ln28_fu_249_p2          |     |        | add_ln28      | add    | fabric   | 0       |
|    icmp_ln28_1_fu_299_p2       |     |        | icmp_ln28_1   | seteq  | auto     | 0       |
|    icmp_ln33_fu_540_p2         |     |        | icmp_ln33     | setne  | auto     | 0       |
|    or_ln33_fu_552_p2           |     |        | or_ln33       | or     | auto     | 0       |
|    and_ln33_fu_557_p2          |     |        | and_ln33      | and    | auto     | 0       |
|    add_ln33_fu_567_p2          |     |        | add_ln33      | add    | fabric   | 0       |
|    xor_ln33_fu_581_p2          |     |        | xor_ln33      | xor    | auto     | 0       |
|    and_ln33_1_fu_587_p2        |     |        | and_ln33_1    | and    | auto     | 0       |
|    icmp_ln33_1_fu_600_p2       |     |        | icmp_ln33_1   | seteq  | auto     | 0       |
|    icmp_ln33_2_fu_605_p2       |     |        | icmp_ln33_2   | seteq  | auto     | 0       |
|    icmp_ln33_3_fu_610_p2       |     |        | icmp_ln33_3   | seteq  | auto     | 0       |
|    select_ln33_fu_615_p3       |     |        | select_ln33   | select | auto_sel | 0       |
|    xor_ln33_1_fu_623_p2        |     |        | xor_ln33_1    | xor    | auto     | 0       |
|    and_ln33_2_fu_629_p2        |     |        | and_ln33_2    | and    | auto     | 0       |
|    select_ln33_1_fu_635_p3     |     |        | select_ln33_1 | select | auto_sel | 0       |
|    and_ln33_3_fu_643_p2        |     |        | and_ln33_3    | and    | auto     | 0       |
|    xor_ln33_2_fu_649_p2        |     |        | xor_ln33_2    | xor    | auto     | 0       |
|    or_ln33_1_fu_655_p2         |     |        | or_ln33_1     | or     | auto     | 0       |
|    xor_ln33_3_fu_661_p2        |     |        | xor_ln33_3    | xor    | auto     | 0       |
|    and_ln33_4_fu_666_p2        |     |        | and_ln33_4    | and    | auto     | 0       |
|    and_ln33_5_fu_672_p2        |     |        | and_ln33_5    | and    | auto     | 0       |
|    or_ln33_3_fu_678_p2         |     |        | or_ln33_3     | or     | auto     | 0       |
|    xor_ln33_4_fu_684_p2        |     |        | xor_ln33_4    | xor    | auto     | 0       |
|    and_ln33_6_fu_690_p2        |     |        | and_ln33_6    | and    | auto     | 0       |
|    select_ln33_2_fu_722_p3     |     |        | select_ln33_2 | select | auto_sel | 0       |
|    or_ln33_2_fu_695_p2         |     |        | or_ln33_2     | or     | auto     | 0       |
|    select_ln33_3_fu_729_p3     |     |        | select_ln33_3 | select | auto_sel | 0       |
|  + bnn_top_Pipeline_L1_B       | 0   |        |               |        |          |         |
|    icmp_ln35_fu_111_p2         |     |        | icmp_ln35     | seteq  | auto     | 0       |
|    add_ln35_fu_117_p2          |     |        | add_ln35      | add    | fabric   | 0       |
|    acc_fu_165_p2               |     |        | acc           | add    | fabric   | 0       |
|    icmp_ln39_fu_171_p2         |     |        | icmp_ln39     | setgt  | auto     | 0       |
|    select_ln39_fu_176_p3       |     |        | select_ln39   | select | auto_sel | 0       |
|  + bnn_top_Pipeline_L2_W_L2_IN | 3   |        |               |        |          |         |
|    icmp_ln44_fu_211_p2         |     |        | icmp_ln44     | seteq  | auto     | 0       |
|    add_ln44_fu_217_p2          |     |        | add_ln44      | add    | fabric   | 0       |
|    icmp_ln46_fu_226_p2         |     |        | icmp_ln46     | seteq  | auto     | 0       |
|    select_ln44_fu_232_p3       |     |        | select_ln44   | select | auto_sel | 0       |
|    add_ln44_1_fu_700_p2        |     |        | add_ln44_1    | add    | fabric   | 0       |
|    select_ln44_1_fu_706_p3     |     |        | select_ln44_1 | select | auto_sel | 0       |
|    mul_26s_26s_52_1_1_U28      | 3   |        | mul_ln49      | mul    | auto     | 0       |
|    select_ln44_2_fu_303_p3     |     |        | select_ln44_2 | select | auto_sel | 0       |
|    add_ln49_1_fu_325_p2        |     |        | add_ln49_1    | add    | fabric   | 0       |
|    add_ln49_fu_330_p2          |     |        | add_ln49      | add    | fabric   | 0       |
|    and_ln49_fu_369_p2          |     |        | and_ln49      | and    | auto     | 0       |
|    acc_7_fu_379_p2             |     |        | acc_7         | add    | fabric   | 0       |
|    xor_ln49_fu_393_p2          |     |        | xor_ln49      | xor    | auto     | 0       |
|    and_ln49_1_fu_399_p2        |     |        | and_ln49_1    | and    | auto     | 0       |
|    xor_ln49_2_fu_405_p2        |     |        | xor_ln49_2    | xor    | auto     | 0       |
|    or_ln49_fu_411_p2           |     |        | or_ln49       | or     | auto     | 0       |
|    xor_ln49_1_fu_417_p2        |     |        | xor_ln49_1    | xor    | auto     | 0       |
|    xor_ln49_4_fu_423_p2        |     |        | xor_ln49_4    | xor    | auto     | 0       |
|    xor_ln49_3_fu_429_p2        |     |        | xor_ln49_3    | xor    | auto     | 0       |
|    or_ln49_1_fu_435_p2         |     |        | or_ln49_1     | or     | auto     | 0       |
|    and_ln49_2_fu_441_p2        |     |        | and_ln49_2    | and    | auto     | 0       |
|    or_ln49_3_fu_447_p2         |     |        | or_ln49_3     | or     | auto     | 0       |
|    xor_ln49_5_fu_453_p2        |     |        | xor_ln49_5    | xor    | auto     | 0       |
|    and_ln49_3_fu_459_p2        |     |        | and_ln49_3    | and    | auto     | 0       |
|    select_ln49_fu_465_p3       |     |        | select_ln49   | select | auto_sel | 0       |
|    or_ln49_2_fu_473_p2         |     |        | or_ln49_2     | or     | auto     | 0       |
|    acc_8_fu_479_p3             |     |        | acc_8         | select | auto_sel | 0       |
|    add_ln46_fu_245_p2          |     |        | add_ln46      | add    | fabric   | 0       |
|    icmp_ln46_1_fu_295_p2       |     |        | icmp_ln46_1   | seteq  | auto     | 0       |
|    icmp_ln51_fu_536_p2         |     |        | icmp_ln51     | setne  | auto     | 0       |
|    or_ln51_fu_548_p2           |     |        | or_ln51       | or     | auto     | 0       |
|    and_ln51_fu_553_p2          |     |        | and_ln51      | and    | auto     | 0       |
|    add_ln51_fu_563_p2          |     |        | add_ln51      | add    | fabric   | 0       |
|    xor_ln51_fu_577_p2          |     |        | xor_ln51      | xor    | auto     | 0       |
|    and_ln51_1_fu_583_p2        |     |        | and_ln51_1    | and    | auto     | 0       |
|    icmp_ln51_1_fu_596_p2       |     |        | icmp_ln51_1   | seteq  | auto     | 0       |
|    icmp_ln51_2_fu_601_p2       |     |        | icmp_ln51_2   | seteq  | auto     | 0       |
|    icmp_ln51_3_fu_606_p2       |     |        | icmp_ln51_3   | seteq  | auto     | 0       |
|    select_ln51_fu_611_p3       |     |        | select_ln51   | select | auto_sel | 0       |
|    xor_ln51_1_fu_619_p2        |     |        | xor_ln51_1    | xor    | auto     | 0       |
|    and_ln51_2_fu_625_p2        |     |        | and_ln51_2    | and    | auto     | 0       |
|    select_ln51_1_fu_631_p3     |     |        | select_ln51_1 | select | auto_sel | 0       |
|    and_ln51_3_fu_639_p2        |     |        | and_ln51_3    | and    | auto     | 0       |
|    xor_ln51_2_fu_645_p2        |     |        | xor_ln51_2    | xor    | auto     | 0       |
|    or_ln51_1_fu_651_p2         |     |        | or_ln51_1     | or     | auto     | 0       |
|    xor_ln51_3_fu_657_p2        |     |        | xor_ln51_3    | xor    | auto     | 0       |
|    and_ln51_4_fu_662_p2        |     |        | and_ln51_4    | and    | auto     | 0       |
|    and_ln51_5_fu_668_p2        |     |        | and_ln51_5    | and    | auto     | 0       |
|    or_ln51_3_fu_674_p2         |     |        | or_ln51_3     | or     | auto     | 0       |
|    xor_ln51_4_fu_680_p2        |     |        | xor_ln51_4    | xor    | auto     | 0       |
|    and_ln51_6_fu_686_p2        |     |        | and_ln51_6    | and    | auto     | 0       |
|    select_ln51_2_fu_718_p3     |     |        | select_ln51_2 | select | auto_sel | 0       |
|    or_ln51_2_fu_691_p2         |     |        | or_ln51_2     | or     | auto     | 0       |
|    select_ln51_3_fu_725_p3     |     |        | select_ln51_3 | select | auto_sel | 0       |
|  + bnn_top_Pipeline_L2_B       | 0   |        |               |        |          |         |
|    icmp_ln53_fu_111_p2         |     |        | icmp_ln53     | seteq  | auto     | 0       |
|    add_ln53_fu_117_p2          |     |        | add_ln53      | add    | fabric   | 0       |
|    acc_fu_165_p2               |     |        | acc           | add    | fabric   | 0       |
|    icmp_ln57_fu_171_p2         |     |        | icmp_ln57     | setgt  | auto     | 0       |
|    select_ln57_fu_176_p3       |     |        | select_ln57   | select | auto_sel | 0       |
|  + bnn_top_Pipeline_L3_W_L3_IN | 3   |        |               |        |          |         |
|    icmp_ln62_fu_211_p2         |     |        | icmp_ln62     | seteq  | auto     | 0       |
|    add_ln62_fu_217_p2          |     |        | add_ln62      | add    | fabric   | 0       |
|    icmp_ln64_fu_226_p2         |     |        | icmp_ln64     | seteq  | auto     | 0       |
|    select_ln62_fu_232_p3       |     |        | select_ln62   | select | auto_sel | 0       |
|    add_ln62_1_fu_700_p2        |     |        | add_ln62_1    | add    | fabric   | 0       |
|    select_ln62_1_fu_706_p3     |     |        | select_ln62_1 | select | auto_sel | 0       |
|    mul_26s_26s_52_1_1_U46      | 3   |        | mul_ln67      | mul    | auto     | 0       |
|    select_ln62_2_fu_303_p3     |     |        | select_ln62_2 | select | auto_sel | 0       |
|    add_ln67_1_fu_325_p2        |     |        | add_ln67_1    | add    | fabric   | 0       |
|    add_ln67_fu_330_p2          |     |        | add_ln67      | add    | fabric   | 0       |
|    and_ln67_fu_369_p2          |     |        | and_ln67      | and    | auto     | 0       |
|    acc_5_fu_379_p2             |     |        | acc_5         | add    | fabric   | 0       |
|    xor_ln67_fu_393_p2          |     |        | xor_ln67      | xor    | auto     | 0       |
|    and_ln67_1_fu_399_p2        |     |        | and_ln67_1    | and    | auto     | 0       |
|    xor_ln67_2_fu_405_p2        |     |        | xor_ln67_2    | xor    | auto     | 0       |
|    or_ln67_fu_411_p2           |     |        | or_ln67       | or     | auto     | 0       |
|    xor_ln67_1_fu_417_p2        |     |        | xor_ln67_1    | xor    | auto     | 0       |
|    xor_ln67_4_fu_423_p2        |     |        | xor_ln67_4    | xor    | auto     | 0       |
|    xor_ln67_3_fu_429_p2        |     |        | xor_ln67_3    | xor    | auto     | 0       |
|    or_ln67_1_fu_435_p2         |     |        | or_ln67_1     | or     | auto     | 0       |
|    and_ln67_2_fu_441_p2        |     |        | and_ln67_2    | and    | auto     | 0       |
|    or_ln67_3_fu_447_p2         |     |        | or_ln67_3     | or     | auto     | 0       |
|    xor_ln67_5_fu_453_p2        |     |        | xor_ln67_5    | xor    | auto     | 0       |
|    and_ln67_3_fu_459_p2        |     |        | and_ln67_3    | and    | auto     | 0       |
|    select_ln67_fu_465_p3       |     |        | select_ln67   | select | auto_sel | 0       |
|    or_ln67_2_fu_473_p2         |     |        | or_ln67_2     | or     | auto     | 0       |
|    acc_6_fu_479_p3             |     |        | acc_6         | select | auto_sel | 0       |
|    add_ln64_fu_245_p2          |     |        | add_ln64      | add    | fabric   | 0       |
|    icmp_ln64_1_fu_295_p2       |     |        | icmp_ln64_1   | seteq  | auto     | 0       |
|    icmp_ln69_fu_536_p2         |     |        | icmp_ln69     | setne  | auto     | 0       |
|    or_ln69_fu_548_p2           |     |        | or_ln69       | or     | auto     | 0       |
|    and_ln69_fu_553_p2          |     |        | and_ln69      | and    | auto     | 0       |
|    add_ln69_fu_563_p2          |     |        | add_ln69      | add    | fabric   | 0       |
|    xor_ln69_fu_577_p2          |     |        | xor_ln69      | xor    | auto     | 0       |
|    and_ln69_1_fu_583_p2        |     |        | and_ln69_1    | and    | auto     | 0       |
|    icmp_ln69_1_fu_596_p2       |     |        | icmp_ln69_1   | seteq  | auto     | 0       |
|    icmp_ln69_2_fu_601_p2       |     |        | icmp_ln69_2   | seteq  | auto     | 0       |
|    icmp_ln69_3_fu_606_p2       |     |        | icmp_ln69_3   | seteq  | auto     | 0       |
|    select_ln69_fu_611_p3       |     |        | select_ln69   | select | auto_sel | 0       |
|    xor_ln69_1_fu_619_p2        |     |        | xor_ln69_1    | xor    | auto     | 0       |
|    and_ln69_2_fu_625_p2        |     |        | and_ln69_2    | and    | auto     | 0       |
|    select_ln69_1_fu_631_p3     |     |        | select_ln69_1 | select | auto_sel | 0       |
|    and_ln69_3_fu_639_p2        |     |        | and_ln69_3    | and    | auto     | 0       |
|    xor_ln69_2_fu_645_p2        |     |        | xor_ln69_2    | xor    | auto     | 0       |
|    or_ln69_1_fu_651_p2         |     |        | or_ln69_1     | or     | auto     | 0       |
|    xor_ln69_3_fu_657_p2        |     |        | xor_ln69_3    | xor    | auto     | 0       |
|    and_ln69_4_fu_662_p2        |     |        | and_ln69_4    | and    | auto     | 0       |
|    and_ln69_5_fu_668_p2        |     |        | and_ln69_5    | and    | auto     | 0       |
|    or_ln69_3_fu_674_p2         |     |        | or_ln69_3     | or     | auto     | 0       |
|    xor_ln69_4_fu_680_p2        |     |        | xor_ln69_4    | xor    | auto     | 0       |
|    and_ln69_6_fu_686_p2        |     |        | and_ln69_6    | and    | auto     | 0       |
|    select_ln69_2_fu_718_p3     |     |        | select_ln69_2 | select | auto_sel | 0       |
|    or_ln69_2_fu_691_p2         |     |        | or_ln69_2     | or     | auto     | 0       |
|    select_ln69_3_fu_725_p3     |     |        | select_ln69_3 | select | auto_sel | 0       |
|  + bnn_top_Pipeline_L3_B       | 0   |        |               |        |          |         |
|    icmp_ln71_fu_111_p2         |     |        | icmp_ln71     | seteq  | auto     | 0       |
|    add_ln71_fu_117_p2          |     |        | add_ln71      | add    | fabric   | 0       |
|    acc_fu_165_p2               |     |        | acc           | add    | fabric   | 0       |
|    icmp_ln75_fu_171_p2         |     |        | icmp_ln75     | setgt  | auto     | 0       |
|    select_ln75_fu_176_p3       |     |        | select_ln75   | select | auto_sel | 0       |
|  + bnn_top_Pipeline_L4_W_L4_IN | 3   |        |               |        |          |         |
|    icmp_ln80_fu_218_p2         |     |        | icmp_ln80     | seteq  | auto     | 0       |
|    add_ln80_fu_224_p2          |     |        | add_ln80      | add    | fabric   | 0       |
|    icmp_ln82_fu_233_p2         |     |        | icmp_ln82     | seteq  | auto     | 0       |
|    select_ln80_fu_239_p3       |     |        | select_ln80   | select | auto_sel | 0       |
|    add_ln80_1_fu_271_p2        |     |        | add_ln80_1    | add    | fabric   | 0       |
|    select_ln80_1_fu_277_p3     |     |        | select_ln80_1 | select | auto_sel | 0       |
|    mul_26s_26s_52_1_1_U64      | 3   |        | mul_ln85      | mul    | auto     | 0       |
|    select_ln80_2_fu_337_p3     |     |        | select_ln80_2 | select | auto_sel | 0       |
|    add_ln85_1_fu_359_p2        |     |        | add_ln85_1    | add    | fabric   | 0       |
|    add_ln85_fu_364_p2          |     |        | add_ln85      | add    | fabric   | 0       |
|    and_ln85_fu_403_p2          |     |        | and_ln85      | and    | auto     | 0       |
|    acc_2_fu_413_p2             |     |        | acc_2         | add    | fabric   | 0       |
|    xor_ln85_fu_427_p2          |     |        | xor_ln85      | xor    | auto     | 0       |
|    and_ln85_1_fu_433_p2        |     |        | and_ln85_1    | and    | auto     | 0       |
|    xor_ln85_2_fu_439_p2        |     |        | xor_ln85_2    | xor    | auto     | 0       |
|    or_ln85_fu_445_p2           |     |        | or_ln85       | or     | auto     | 0       |
|    xor_ln85_1_fu_451_p2        |     |        | xor_ln85_1    | xor    | auto     | 0       |
|    xor_ln85_4_fu_457_p2        |     |        | xor_ln85_4    | xor    | auto     | 0       |
|    xor_ln85_3_fu_463_p2        |     |        | xor_ln85_3    | xor    | auto     | 0       |
|    or_ln85_1_fu_469_p2         |     |        | or_ln85_1     | or     | auto     | 0       |
|    and_ln85_2_fu_475_p2        |     |        | and_ln85_2    | and    | auto     | 0       |
|    or_ln85_3_fu_481_p2         |     |        | or_ln85_3     | or     | auto     | 0       |
|    xor_ln85_5_fu_487_p2        |     |        | xor_ln85_5    | xor    | auto     | 0       |
|    and_ln85_3_fu_493_p2        |     |        | and_ln85_3    | and    | auto     | 0       |
|    select_ln85_fu_499_p3       |     |        | select_ln85   | select | auto_sel | 0       |
|    or_ln85_2_fu_507_p2         |     |        | or_ln85_2     | or     | auto     | 0       |
|    acc_3_fu_513_p3             |     |        | acc_3         | select | auto_sel | 0       |
|    add_ln82_fu_252_p2          |     |        | add_ln82      | add    | fabric   | 0       |
|    icmp_ln82_1_fu_318_p2       |     |        | icmp_ln82_1   | seteq  | auto     | 0       |
|    icmp_ln87_fu_570_p2         |     |        | icmp_ln87     | setne  | auto     | 0       |
|    or_ln87_fu_582_p2           |     |        | or_ln87       | or     | auto     | 0       |
|    and_ln87_fu_587_p2          |     |        | and_ln87      | and    | auto     | 0       |
|    add_ln87_fu_597_p2          |     |        | add_ln87      | add    | fabric   | 0       |
|    xor_ln87_fu_611_p2          |     |        | xor_ln87      | xor    | auto     | 0       |
|    and_ln87_1_fu_617_p2        |     |        | and_ln87_1    | and    | auto     | 0       |
|    icmp_ln87_1_fu_630_p2       |     |        | icmp_ln87_1   | seteq  | auto     | 0       |
|    icmp_ln87_2_fu_635_p2       |     |        | icmp_ln87_2   | seteq  | auto     | 0       |
|    icmp_ln87_3_fu_640_p2       |     |        | icmp_ln87_3   | seteq  | auto     | 0       |
|    select_ln87_fu_645_p3       |     |        | select_ln87   | select | auto_sel | 0       |
|    xor_ln87_1_fu_653_p2        |     |        | xor_ln87_1    | xor    | auto     | 0       |
|    and_ln87_2_fu_659_p2        |     |        | and_ln87_2    | and    | auto     | 0       |
|    select_ln87_1_fu_665_p3     |     |        | select_ln87_1 | select | auto_sel | 0       |
|    and_ln87_3_fu_673_p2        |     |        | and_ln87_3    | and    | auto     | 0       |
|    xor_ln87_2_fu_679_p2        |     |        | xor_ln87_2    | xor    | auto     | 0       |
|    or_ln87_1_fu_685_p2         |     |        | or_ln87_1     | or     | auto     | 0       |
|    xor_ln87_3_fu_691_p2        |     |        | xor_ln87_3    | xor    | auto     | 0       |
|    and_ln87_4_fu_696_p2        |     |        | and_ln87_4    | and    | auto     | 0       |
|    and_ln87_5_fu_702_p2        |     |        | and_ln87_5    | and    | auto     | 0       |
|    or_ln87_3_fu_708_p2         |     |        | or_ln87_3     | or     | auto     | 0       |
|    xor_ln87_4_fu_714_p2        |     |        | xor_ln87_4    | xor    | auto     | 0       |
|    and_ln87_6_fu_720_p2        |     |        | and_ln87_6    | and    | auto     | 0       |
|    select_ln87_2_fu_725_p3     |     |        | select_ln87_2 | select | auto_sel | 0       |
|    or_ln87_2_fu_733_p2         |     |        | or_ln87_2     | or     | auto     | 0       |
|    act4_2_fu_739_p3            |     |        | act4_2        | select | auto_sel | 0       |
|    icmp_ln87_4_fu_323_p2       |     |        | icmp_ln87_4   | seteq  | auto     | 0       |
|  + bnn_top_Pipeline_L4_B       | 0   |        |               |        |          |         |
|    icmp_ln89_fu_142_p2         |     |        | icmp_ln89     | seteq  | auto     | 0       |
|    add_ln89_fu_148_p2          |     |        | add_ln89      | add    | fabric   | 0       |
|    icmp_ln92_fu_154_p2         |     |        | icmp_ln92     | seteq  | auto     | 0       |
|    select_ln92_fu_175_p3       |     |        | select_ln92   | select | auto_sel | 0       |
|    add_ln92_fu_210_p2          |     |        | add_ln92      | add    | fabric   | 0       |
|    acc_fu_216_p2               |     |        | acc           | add    | fabric   | 0       |
|    and_ln93_fu_256_p2          |     |        | and_ln93      | and    | auto     | 0       |
|    add_ln93_fu_266_p2          |     |        | add_ln93      | add    | fabric   | 0       |
|    xor_ln93_fu_280_p2          |     |        | xor_ln93      | xor    | auto     | 0       |
|    and_ln93_1_fu_286_p2        |     |        | and_ln93_1    | and    | auto     | 0       |
|    xor_ln93_3_fu_292_p2        |     |        | xor_ln93_3    | xor    | auto     | 0       |
|    or_ln93_fu_298_p2           |     |        | or_ln93       | or     | auto     | 0       |
|    xor_ln93_4_fu_304_p2        |     |        | xor_ln93_4    | xor    | auto     | 0       |
|    xor_ln93_1_fu_310_p2        |     |        | xor_ln93_1    | xor    | auto     | 0       |
|    xor_ln93_2_fu_316_p2        |     |        | xor_ln93_2    | xor    | auto     | 0       |
|    or_ln93_1_fu_322_p2         |     |        | or_ln93_1     | or     | auto     | 0       |
|    and_ln93_2_fu_328_p2        |     |        | and_ln93_2    | and    | auto     | 0       |
|    or_ln93_3_fu_334_p2         |     |        | or_ln93_3     | or     | auto     | 0       |
|    xor_ln93_5_fu_340_p2        |     |        | xor_ln93_5    | xor    | auto     | 0       |
|    and_ln93_3_fu_346_p2        |     |        | and_ln93_3    | and    | auto     | 0       |
|    select_ln93_fu_358_p3       |     |        | select_ln93   | select | auto_sel | 0       |
|    or_ln93_2_fu_352_p2         |     |        | or_ln93_2     | or     | auto     | 0       |
|    act4_3_fu_365_p3            |     |        | act4_3        | select | auto_sel | 0       |
|    icmp_ln93_fu_160_p2         |     |        | icmp_ln93     | seteq  | auto     | 0       |
|  + bnn_top_Pipeline_WR_OUT     | 0   |        |               |        |          |         |
|    icmp_ln97_fu_116_p2         |     |        | icmp_ln97     | seteq  | auto     | 0       |
|    add_ln97_fu_122_p2          |     |        | add_ln97      | add    | fabric   | 0       |
|    pkt_last_fu_128_p2          |     |        | pkt_last      | seteq  | auto     | 0       |
|    pkt_data_fu_139_p3          |     |        | pkt_data      | select | auto_sel | 0       |
+--------------------------------+-----+--------+---------------+--------+----------+---------+


================================================================
== Storage Report
================================================================
+----------------+--------------+-----------+------+------+--------+----------+------+---------+------------------+
| Name           | Usage        | Type      | BRAM | URAM | Pragma | Variable | Impl | Latency | Bitwidth, Depth, |
|                |              |           |      |      |        |          |      |         | Banks            |
+----------------+--------------+-----------+------+------+--------+----------+------+---------+------------------+
| + bnn_top      |              |           | 4    | 0    |        |          |      |         |                  |
|   ctrl_s_axi_U | interface    | s_axilite |      |      |        |          |      |         |                  |
|   input_U      | ram_1p array |           | 1    |      |        | input    | auto | 1       | 16, 64, 1        |
|   act1_U       | ram_2p array |           | 1    |      |        | act1     | auto | 1       | 16, 256, 1       |
|   act2_U       | ram_2p array |           | 1    |      |        | act2     | auto | 1       | 16, 256, 1       |
|   act3_U       | ram_2p array |           | 1    |      |        | act3     | auto | 1       | 16, 256, 1       |
+----------------+--------------+-----------+------+------+--------+----------+------+---------+------------------+


================================================================
== Pragma Report
================================================================
* Valid Pragma Syntax
+-----------+-----------------------------------+------------------------------------------+
| Type      | Options                           | Location                                 |
+-----------+-----------------------------------+------------------------------------------+
| INTERFACE | axis port=s_axis_input register   | bnn_top.cpp:11 in bnn_top, s_axis_input  |
| INTERFACE | axis port=m_axis_output register  | bnn_top.cpp:12 in bnn_top, m_axis_output |
| INTERFACE | s_axilite port=return bundle=ctrl | bnn_top.cpp:13 in bnn_top, return        |
| PIPELINE  | ii=1                              | bnn_top.cpp:18 in bnn_top                |
| PIPELINE  | ii=1                              | bnn_top.cpp:29 in bnn_top                |
| PIPELINE  | ii=1                              | bnn_top.cpp:36 in bnn_top                |
| PIPELINE  | ii=1                              | bnn_top.cpp:47 in bnn_top                |
| PIPELINE  | ii=1                              | bnn_top.cpp:54 in bnn_top                |
| PIPELINE  | ii=1                              | bnn_top.cpp:65 in bnn_top                |
| PIPELINE  | ii=1                              | bnn_top.cpp:72 in bnn_top                |
| PIPELINE  | ii=1                              | bnn_top.cpp:83 in bnn_top                |
| PIPELINE  | ii=1                              | bnn_top.cpp:90 in bnn_top                |
| PIPELINE  | ii=1                              | bnn_top.cpp:98 in bnn_top                |
+-----------+-----------------------------------+------------------------------------------+


