
*** Running vivado
    with args -log cnn_accelerator_design_cnn_accelerator_0_0.vds -m64 -product Vivado -mode batch -messageDb vivado.pb -notrace -source cnn_accelerator_design_cnn_accelerator_0_0.tcl


WARNING: Default location for XILINX_HLS not found

****** Vivado v2024.2 (64-bit)
  **** SW Build 5239630 on Fri Nov 08 22:35:27 MST 2024
  **** IP Build 5239520 on Sun Nov 10 16:12:51 MST 2024
  **** SharedData Build 5239561 on Fri Nov 08 14:39:27 MST 2024
  **** Start of session at: Sat May  9 06:43:49 2026
    ** Copyright 1986-2022 Xilinx, Inc. All Rights Reserved.
    ** Copyright 2022-2024 Advanced Micro Devices, Inc. All Rights Reserved.

source cnn_accelerator_design_cnn_accelerator_0_0.tcl -notrace
INFO: [IP_Flow 19-234] Refreshing IP repositories
INFO: [IP_Flow 19-1704] No user IP repositories specified
INFO: [IP_Flow 19-2313] Loaded Vivado IP repository 'C:/Vivado/2024.2/data/ip'.
Command: synth_design -top cnn_accelerator_design_cnn_accelerator_0_0 -part xc7z020clg400-1 -incremental_mode off -mode out_of_context
Starting synth_design
Attempting to get a license for feature 'Synthesis' and/or device 'xc7z020'
INFO: [Common 17-349] Got license for feature 'Synthesis' and/or device 'xc7z020'
INFO: [Device 21-403] Loading part xc7z020clg400-1
INFO: [Synth 8-7079] Multithreading enabled for synth_design using a maximum of 2 processes.
INFO: [Synth 8-7078] Launching helper process for spawning children vivado processes
INFO: [Synth 8-7075] Helper process launched with PID 27196
---------------------------------------------------------------------------------
Starting RTL Elaboration : Time (s): cpu = 00:00:04 ; elapsed = 00:00:05 . Memory (MB): peak = 1079.598 ; gain = 466.758
---------------------------------------------------------------------------------
INFO: [Synth 8-6157] synthesizing module 'cnn_accelerator_design_cnn_accelerator_0_0' [c:/Users/Chappidi Sai Sudheer/Desktop/cnn_accelerator/cnn_accelerator.gen/sources_1/bd/cnn_accelerator_design/ip/cnn_accelerator_design_cnn_accelerator_0_0/synth/cnn_accelerator_design_cnn_accelerator_0_0.v:53]
INFO: [Synth 8-6157] synthesizing module 'cnn_accelerator' [C:/Users/Chappidi Sai Sudheer/Downloads/major_project_repo 3/major_project_repo/verilog_modules/cnn_accelerator.v:7]
INFO: [Synth 8-3876] $readmem data file 'conv_weights.mem' is read successfully [C:/Users/Chappidi Sai Sudheer/Downloads/major_project_repo 3/major_project_repo/verilog_modules/cnn_accelerator.v:36]
INFO: [Synth 8-155] case statement is not full and has no default [C:/Users/Chappidi Sai Sudheer/Downloads/major_project_repo 3/major_project_repo/verilog_modules/cnn_accelerator.v:113]
INFO: [Synth 8-6155] done synthesizing module 'cnn_accelerator' (0#1) [C:/Users/Chappidi Sai Sudheer/Downloads/major_project_repo 3/major_project_repo/verilog_modules/cnn_accelerator.v:7]
INFO: [Synth 8-6155] done synthesizing module 'cnn_accelerator_design_cnn_accelerator_0_0' (0#1) [c:/Users/Chappidi Sai Sudheer/Desktop/cnn_accelerator/cnn_accelerator.gen/sources_1/bd/cnn_accelerator_design/ip/cnn_accelerator_design_cnn_accelerator_0_0/synth/cnn_accelerator_design_cnn_accelerator_0_0.v:53]
WARNING: [Synth 8-7129] Port s_axis_tdata[31] in module cnn_accelerator is either unconnected or has no load
WARNING: [Synth 8-7129] Port s_axis_tdata[30] in module cnn_accelerator is either unconnected or has no load
WARNING: [Synth 8-7129] Port s_axis_tdata[29] in module cnn_accelerator is either unconnected or has no load
WARNING: [Synth 8-7129] Port s_axis_tdata[28] in module cnn_accelerator is either unconnected or has no load
WARNING: [Synth 8-7129] Port s_axis_tdata[27] in module cnn_accelerator is either unconnected or has no load
WARNING: [Synth 8-7129] Port s_axis_tdata[26] in module cnn_accelerator is either unconnected or has no load
WARNING: [Synth 8-7129] Port s_axis_tdata[25] in module cnn_accelerator is either unconnected or has no load
WARNING: [Synth 8-7129] Port s_axis_tdata[24] in module cnn_accelerator is either unconnected or has no load
WARNING: [Synth 8-7129] Port s_axis_tdata[23] in module cnn_accelerator is either unconnected or has no load
WARNING: [Synth 8-7129] Port s_axis_tdata[22] in module cnn_accelerator is either unconnected or has no load
WARNING: [Synth 8-7129] Port s_axis_tdata[21] in module cnn_accelerator is either unconnected or has no load
WARNING: [Synth 8-7129] Port s_axis_tdata[20] in module cnn_accelerator is either unconnected or has no load
WARNING: [Synth 8-7129] Port s_axis_tdata[19] in module cnn_accelerator is either unconnected or has no load
WARNING: [Synth 8-7129] Port s_axis_tdata[18] in module cnn_accelerator is either unconnected or has no load
WARNING: [Synth 8-7129] Port s_axis_tdata[17] in module cnn_accelerator is either unconnected or has no load
WARNING: [Synth 8-7129] Port s_axis_tdata[16] in module cnn_accelerator is either unconnected or has no load
WARNING: [Synth 8-7129] Port s_axis_tlast in module cnn_accelerator is either unconnected or has no load
---------------------------------------------------------------------------------
Finished RTL Elaboration : Time (s): cpu = 00:00:06 ; elapsed = 00:00:08 . Memory (MB): peak = 1213.398 ; gain = 600.559
---------------------------------------------------------------------------------
---------------------------------------------------------------------------------
Start Handling Custom Attributes
---------------------------------------------------------------------------------
---------------------------------------------------------------------------------
Finished Handling Custom Attributes : Time (s): cpu = 00:00:06 ; elapsed = 00:00:08 . Memory (MB): peak = 1213.398 ; gain = 600.559
---------------------------------------------------------------------------------
---------------------------------------------------------------------------------
Finished RTL Optimization Phase 1 : Time (s): cpu = 00:00:06 ; elapsed = 00:00:08 . Memory (MB): peak = 1213.398 ; gain = 600.559
---------------------------------------------------------------------------------
Netlist sorting complete. Time (s): cpu = 00:00:00 ; elapsed = 00:00:00.008 . Memory (MB): peak = 1213.398 ; gain = 0.000
INFO: [Project 1-570] Preparing netlist for logic optimization

Processing XDC Constraints
Initializing timing engine
Completed Processing XDC Constraints

Netlist sorting complete. Time (s): cpu = 00:00:00 ; elapsed = 00:00:00 . Memory (MB): peak = 1303.730 ; gain = 0.000
INFO: [Project 1-111] Unisim Transformation Summary:
No Unisim elements were transformed.

Constraint Validation Runtime : Time (s): cpu = 00:00:00 ; elapsed = 00:00:00.040 . Memory (MB): peak = 1303.836 ; gain = 0.105
INFO: [Designutils 20-5008] Incremental synthesis strategy off
---------------------------------------------------------------------------------
Finished Constraint Validation : Time (s): cpu = 00:00:13 ; elapsed = 00:00:16 . Memory (MB): peak = 1303.836 ; gain = 690.996
---------------------------------------------------------------------------------
---------------------------------------------------------------------------------
Start Loading Part and Timing Information
---------------------------------------------------------------------------------
Loading part: xc7z020clg400-1
---------------------------------------------------------------------------------
Finished Loading Part and Timing Information : Time (s): cpu = 00:00:13 ; elapsed = 00:00:16 . Memory (MB): peak = 1303.836 ; gain = 690.996
---------------------------------------------------------------------------------
---------------------------------------------------------------------------------
Start Applying 'set_property' XDC Constraints
---------------------------------------------------------------------------------
---------------------------------------------------------------------------------
Finished applying 'set_property' XDC Constraints : Time (s): cpu = 00:00:13 ; elapsed = 00:00:16 . Memory (MB): peak = 1303.836 ; gain = 690.996
---------------------------------------------------------------------------------
WARNING: [Synth 8-6430] The Block RAM "cnn_accelerator:/bram_pool2_reg" may get memory collision error if read and write address collide. Use attribute (* rw_addr_collision= "yes" *) to avoid collision 
---------------------------------------------------------------------------------
Finished RTL Optimization Phase 2 : Time (s): cpu = 00:00:14 ; elapsed = 00:00:17 . Memory (MB): peak = 1303.836 ; gain = 690.996
---------------------------------------------------------------------------------
---------------------------------------------------------------------------------
Start RTL Component Statistics 
---------------------------------------------------------------------------------
Detailed RTL Component Info : 
+---Adders : 
	   2 Input   14 Bit       Adders := 1     
	   2 Input   13 Bit       Adders := 1     
	   2 Input   12 Bit       Adders := 5     
	   2 Input   11 Bit       Adders := 1     
	   2 Input    6 Bit       Adders := 4     
	   2 Input    5 Bit       Adders := 4     
	   2 Input    4 Bit       Adders := 2     
+---Registers : 
	               32 Bit    Registers := 1     
	               16 Bit    Registers := 2     
	               12 Bit    Registers := 1     
	               11 Bit    Registers := 1     
	                6 Bit    Registers := 4     
	                5 Bit    Registers := 12    
	                4 Bit    Registers := 5     
	                2 Bit    Registers := 2     
+---RAMs : 
	             256K Bit	(16384 X 16 bit)          RAMs := 1     
	             128K Bit	(8192 X 16 bit)          RAMs := 1     
	              64K Bit	(4096 X 16 bit)          RAMs := 1     
	              48K Bit	(3072 X 16 bit)          RAMs := 1     
	              32K Bit	(2048 X 16 bit)          RAMs := 1     
+---Muxes : 
	  27 Input   32 Bit        Muxes := 1     
	   2 Input   16 Bit        Muxes := 3     
	  27 Input   16 Bit        Muxes := 2     
	  27 Input   12 Bit        Muxes := 2     
	   2 Input    6 Bit        Muxes := 4     
	  27 Input    5 Bit        Muxes := 3     
	   2 Input    5 Bit        Muxes := 8     
	   4 Input    5 Bit        Muxes := 2     
	  27 Input    4 Bit        Muxes := 2     
	   2 Input    4 Bit        Muxes := 4     
	   4 Input    4 Bit        Muxes := 1     
	   4 Input    3 Bit        Muxes := 2     
	  27 Input    2 Bit        Muxes := 3     
	  27 Input    1 Bit        Muxes := 17    
	   2 Input    1 Bit        Muxes := 24    
	   4 Input    1 Bit        Muxes := 1     
	   3 Input    1 Bit        Muxes := 1     
---------------------------------------------------------------------------------
Finished RTL Component Statistics 
---------------------------------------------------------------------------------
---------------------------------------------------------------------------------
Start Part Resource Summary
---------------------------------------------------------------------------------
Part Resources:
DSPs: 220 (col length:60)
BRAMs: 280 (col length: RAMB18 60 RAMB36 30)
---------------------------------------------------------------------------------
Finished Part Resource Summary
---------------------------------------------------------------------------------
---------------------------------------------------------------------------------
Start Cross Boundary and Area Optimization
---------------------------------------------------------------------------------
WARNING: [Synth 8-7080] Parallel synthesis criteria is not met
DSP Report: Generating DSP sum0, operation Mode is: C+A2*B2.
DSP Report: register wgt_val_reg is absorbed into DSP sum0.
DSP Report: register img_val_reg is absorbed into DSP sum0.
DSP Report: operator sum0 is absorbed into DSP sum0.
DSP Report: operator sum1 is absorbed into DSP sum0.
WARNING: [Synth 8-7129] Port s_axis_tdata[31] in module cnn_accelerator is either unconnected or has no load
WARNING: [Synth 8-7129] Port s_axis_tdata[30] in module cnn_accelerator is either unconnected or has no load
WARNING: [Synth 8-7129] Port s_axis_tdata[29] in module cnn_accelerator is either unconnected or has no load
WARNING: [Synth 8-7129] Port s_axis_tdata[28] in module cnn_accelerator is either unconnected or has no load
WARNING: [Synth 8-7129] Port s_axis_tdata[27] in module cnn_accelerator is either unconnected or has no load
WARNING: [Synth 8-7129] Port s_axis_tdata[26] in module cnn_accelerator is either unconnected or has no load
WARNING: [Synth 8-7129] Port s_axis_tdata[25] in module cnn_accelerator is either unconnected or has no load
WARNING: [Synth 8-7129] Port s_axis_tdata[24] in module cnn_accelerator is either unconnected or has no load
WARNING: [Synth 8-7129] Port s_axis_tdata[23] in module cnn_accelerator is either unconnected or has no load
WARNING: [Synth 8-7129] Port s_axis_tdata[22] in module cnn_accelerator is either unconnected or has no load
WARNING: [Synth 8-7129] Port s_axis_tdata[21] in module cnn_accelerator is either unconnected or has no load
WARNING: [Synth 8-7129] Port s_axis_tdata[20] in module cnn_accelerator is either unconnected or has no load
WARNING: [Synth 8-7129] Port s_axis_tdata[19] in module cnn_accelerator is either unconnected or has no load
WARNING: [Synth 8-7129] Port s_axis_tdata[18] in module cnn_accelerator is either unconnected or has no load
WARNING: [Synth 8-7129] Port s_axis_tdata[17] in module cnn_accelerator is either unconnected or has no load
WARNING: [Synth 8-7129] Port s_axis_tdata[16] in module cnn_accelerator is either unconnected or has no load
WARNING: [Synth 8-7129] Port s_axis_tlast in module cnn_accelerator is either unconnected or has no load
RAM Pipeline Warning: Read Address Register Found For RAM bram_pool2_reg. We will not be able to pipeline it. This may degrade performance. 
RAM Pipeline Warning: Read Address Register Found For RAM bram_pool2_reg. We will not be able to pipeline it. This may degrade performance. 
RAM Pipeline Warning: Read Address Register Found For RAM bram_pool2_reg. We will not be able to pipeline it. This may degrade performance. 
WARNING: [Synth 8-6430] The Block RAM "inst/bram_pool2_reg" may get memory collision error if read and write address collide. Use attribute (* rw_addr_collision= "yes" *) to avoid collision 
WARNING: [Synth 8-6849] Infeasible attribute ram_style = "block" set for RAM "inst/bram_conv1_reg",trying to implement using LUTRAM
WARNING: [Synth 8-6849] Infeasible attribute ram_style = "block" set for RAM "inst/bram_conv1_reg",trying to implement using LUTRAM
WARNING: [Synth 8-6849] Infeasible attribute ram_style = "block" set for RAM "inst/bram_conv1_reg",trying to implement using LUTRAM
WARNING: [Synth 8-6849] Infeasible attribute ram_style = "block" set for RAM "inst/bram_conv1_reg",trying to implement using LUTRAM
WARNING: [Synth 8-6849] Infeasible attribute ram_style = "block" set for RAM "inst/bram_img_reg",trying to implement using LUTRAM
WARNING: [Synth 8-6849] Infeasible attribute ram_style = "block" set for RAM "inst/bram_img_reg",trying to implement using LUTRAM
WARNING: [Synth 8-6849] Infeasible attribute ram_style = "block" set for RAM "inst/bram_img_reg",trying to implement using LUTRAM
WARNING: [Synth 8-6849] Infeasible attribute ram_style = "block" set for RAM "inst/bram_img_reg",trying to implement using LUTRAM
WARNING: [Synth 8-6849] Infeasible attribute ram_style = "block" set for RAM "inst/bram_pool1_reg",trying to implement using LUTRAM
WARNING: [Synth 8-6849] Infeasible attribute ram_style = "block" set for RAM "inst/bram_pool1_reg",trying to implement using LUTRAM
WARNING: [Synth 8-6849] Infeasible attribute ram_style = "block" set for RAM "inst/bram_pool1_reg",trying to implement using LUTRAM
WARNING: [Synth 8-6849] Infeasible attribute ram_style = "block" set for RAM "inst/bram_pool1_reg",trying to implement using LUTRAM
WARNING: [Synth 8-6849] Infeasible attribute ram_style = "block" set for RAM "inst/bram_conv2_reg",trying to implement using LUTRAM
WARNING: [Synth 8-6849] Infeasible attribute ram_style = "block" set for RAM "inst/bram_conv2_reg",trying to implement using LUTRAM
WARNING: [Synth 8-6849] Infeasible attribute ram_style = "block" set for RAM "inst/bram_conv2_reg",trying to implement using LUTRAM
WARNING: [Synth 8-6849] Infeasible attribute ram_style = "block" set for RAM "inst/bram_conv2_reg",trying to implement using LUTRAM
RAM Pipeline Warning: Read Address Register Found For RAM bram_pool2_reg. We will not be able to pipeline it. This may degrade performance. 
---------------------------------------------------------------------------------
Finished Cross Boundary and Area Optimization : Time (s): cpu = 00:00:41 ; elapsed = 00:00:48 . Memory (MB): peak = 1584.797 ; gain = 971.957
---------------------------------------------------------------------------------
 Sort Area is  sum0_0 : 0 0 : 2064 2064 : Used 1 time 0
---------------------------------------------------------------------------------
Start ROM, RAM, DSP, Shift Register and Retiming Reporting
---------------------------------------------------------------------------------

ROM: Preliminary Mapping Report
+----------------+------------+---------------+----------------+
|Module Name     | RTL Object | Depth x Width | Implemented As | 
+----------------+------------+---------------+----------------+
|cnn_accelerator | bram_wgt   | 32x8          | LUT            | 
|cnn_accelerator | bram_wgt   | 8192x16       | LUT            | 
|cnn_accelerator | bram_wgt   | 32x7          | LUT            | 
|cnn_accelerator | p_0_out    | 32x8          | LUT            | 
|cnn_accelerator | p_0_out    | 8192x16       | LUT            | 
|cnn_accelerator | p_0_out    | 32x7          | LUT            | 
+----------------+------------+---------------+----------------+


Block RAM: Preliminary Mapping Report (see note below)
+------------+----------------+------------------------+---+---+------------------------+---+---+------------------+--------+--------+
|Module Name | RTL Object     | PORT A (Depth x Width) | W | R | PORT B (Depth x Width) | W | R | Ports driving FF | RAMB18 | RAMB36 | 
+------------+----------------+------------------------+---+---+------------------------+---+---+------------------+--------+--------+
|inst        | bram_pool2_reg | 2 K x 16(READ_FIRST)   | W |   | 2 K x 16(WRITE_FIRST)  |   | R | Port A and B     | 0      | 1      | 
+------------+----------------+------------------------+---+---+------------------------+---+---+------------------+--------+--------+

Note: The table above is a preliminary report that shows the Block RAMs at the current stage of the synthesis flow. Some Block RAMs may be reimplemented as non Block RAM primitives later in the synthesis flow. Multiple instantiated Block RAMs are reported only once. 

Distributed RAM: Preliminary Mapping Report (see note below)
+------------+----------------+-----------+----------------------+----------------+
|Module Name | RTL Object     | Inference | Size (Depth x Width) | Primitives     | 
+------------+----------------+-----------+----------------------+----------------+
|inst        | bram_conv1_reg | Implied   | 16 K x 16            | RAM64M x 1536  | 
|inst        | bram_img_reg   | Implied   | 4 K x 16             | RAM64M x 288   | 
|inst        | bram_pool1_reg | Implied   | 4 K x 16             | RAM64M x 384   | 
|inst        | bram_conv2_reg | Implied   | 8 K x 16             | RAM64M x 768   | 
+------------+----------------+-----------+----------------------+----------------+

Note: The table above is a preliminary report that shows the Distributed RAMs at the current stage of the synthesis flow. Some Distributed RAMs may be reimplemented as non Distributed RAM primitives later in the synthesis flow. Multiple instantiated RAMs are reported only once.

DSP: Preliminary Mapping Report (see note below. The ' indicates corresponding REG is set)
+----------------+-------------+--------+--------+--------+--------+--------+------+------+------+------+-------+------+------+
|Module Name     | DSP Mapping | A Size | B Size | C Size | D Size | P Size | AREG | BREG | CREG | DREG | ADREG | MREG | PREG | 
+----------------+-------------+--------+--------+--------+--------+--------+------+------+------+------+-------+------+------+
|cnn_accelerator | C+A2*B2     | 16     | 16     | 32     | -      | 32     | 1    | 1    | 0    | -    | -     | 0    | 0    | 
+----------------+-------------+--------+--------+--------+--------+--------+------+------+------+------+-------+------+------+

Note: The table above is a preliminary report that shows the DSPs inferred at the current stage of the synthesis flow. Some DSP may be reimplemented as non DSP primitives later in the synthesis flow. Multiple instantiated DSPs are reported only once.
---------------------------------------------------------------------------------
Finished ROM, RAM, DSP, Shift Register and Retiming Reporting
---------------------------------------------------------------------------------
---------------------------------------------------------------------------------
Start Applying XDC Timing Constraints
---------------------------------------------------------------------------------
---------------------------------------------------------------------------------
Finished Applying XDC Timing Constraints : Time (s): cpu = 00:00:49 ; elapsed = 00:00:57 . Memory (MB): peak = 1584.797 ; gain = 971.957
---------------------------------------------------------------------------------
---------------------------------------------------------------------------------
Start Timing Optimization
---------------------------------------------------------------------------------
---------------------------------------------------------------------------------
Finished Timing Optimization : Time (s): cpu = 00:00:50 ; elapsed = 00:00:58 . Memory (MB): peak = 1584.797 ; gain = 971.957
---------------------------------------------------------------------------------
---------------------------------------------------------------------------------
Start ROM, RAM, DSP, Shift Register and Retiming Reporting
---------------------------------------------------------------------------------

Block RAM: Final Mapping Report
+------------+----------------+------------------------+---+---+------------------------+---+---+------------------+--------+--------+
|Module Name | RTL Object     | PORT A (Depth x Width) | W | R | PORT B (Depth x Width) | W | R | Ports driving FF | RAMB18 | RAMB36 | 
+------------+----------------+------------------------+---+---+------------------------+---+---+------------------+--------+--------+
|inst        | bram_pool2_reg | 2 K x 16(READ_FIRST)   | W |   | 2 K x 16(WRITE_FIRST)  |   | R | Port A and B     | 0      | 1      | 
+------------+----------------+------------------------+---+---+------------------------+---+---+------------------+--------+--------+


Distributed RAM: Final Mapping Report
+------------+----------------+-----------+----------------------+----------------+
|Module Name | RTL Object     | Inference | Size (Depth x Width) | Primitives     | 
+------------+----------------+-----------+----------------------+----------------+
|inst        | bram_conv1_reg | Implied   | 16 K x 16            | RAM64M x 1536  | 
|inst        | bram_img_reg   | Implied   | 4 K x 16             | RAM64M x 288   | 
|inst        | bram_pool1_reg | Implied   | 4 K x 16             | RAM64M x 384   | 
|inst        | bram_conv2_reg | Implied   | 8 K x 16             | RAM64M x 768   | 
+------------+----------------+-----------+----------------------+----------------+

---------------------------------------------------------------------------------
Finished ROM, RAM, DSP, Shift Register and Retiming Reporting
---------------------------------------------------------------------------------
---------------------------------------------------------------------------------
Start Technology Mapping
---------------------------------------------------------------------------------
INFO: [Synth 8-7052] The timing for the instance inst/bram_pool2_reg (implemented as a Block RAM) might be sub-optimal as no optional output register could be merged into the ram block. Providing additional output register may help in improving timing.
---------------------------------------------------------------------------------
Finished Technology Mapping : Time (s): cpu = 00:00:52 ; elapsed = 00:01:00 . Memory (MB): peak = 1584.797 ; gain = 971.957
---------------------------------------------------------------------------------
---------------------------------------------------------------------------------
Start IO Insertion
---------------------------------------------------------------------------------
---------------------------------------------------------------------------------
Start Flattening Before IO Insertion
---------------------------------------------------------------------------------
---------------------------------------------------------------------------------
Finished Flattening Before IO Insertion
---------------------------------------------------------------------------------
---------------------------------------------------------------------------------
Start Final Netlist Cleanup
---------------------------------------------------------------------------------
---------------------------------------------------------------------------------
Finished Final Netlist Cleanup
---------------------------------------------------------------------------------
---------------------------------------------------------------------------------
Finished IO Insertion : Time (s): cpu = 00:00:56 ; elapsed = 00:01:05 . Memory (MB): peak = 1679.723 ; gain = 1066.883
---------------------------------------------------------------------------------
---------------------------------------------------------------------------------
Start Renaming Generated Instances
---------------------------------------------------------------------------------
---------------------------------------------------------------------------------
Finished Renaming Generated Instances : Time (s): cpu = 00:00:57 ; elapsed = 00:01:05 . Memory (MB): peak = 1679.723 ; gain = 1066.883
---------------------------------------------------------------------------------
---------------------------------------------------------------------------------
Start Rebuilding User Hierarchy
---------------------------------------------------------------------------------
---------------------------------------------------------------------------------
Finished Rebuilding User Hierarchy : Time (s): cpu = 00:00:57 ; elapsed = 00:01:05 . Memory (MB): peak = 1679.723 ; gain = 1066.883
---------------------------------------------------------------------------------
---------------------------------------------------------------------------------
Start Renaming Generated Ports
---------------------------------------------------------------------------------
---------------------------------------------------------------------------------
Finished Renaming Generated Ports : Time (s): cpu = 00:00:57 ; elapsed = 00:01:05 . Memory (MB): peak = 1679.723 ; gain = 1066.883
---------------------------------------------------------------------------------
---------------------------------------------------------------------------------
Start Handling Custom Attributes
---------------------------------------------------------------------------------
---------------------------------------------------------------------------------
Finished Handling Custom Attributes : Time (s): cpu = 00:00:57 ; elapsed = 00:01:06 . Memory (MB): peak = 1684.832 ; gain = 1071.992
---------------------------------------------------------------------------------
---------------------------------------------------------------------------------
Start Renaming Generated Nets
---------------------------------------------------------------------------------
---------------------------------------------------------------------------------
Finished Renaming Generated Nets : Time (s): cpu = 00:00:57 ; elapsed = 00:01:06 . Memory (MB): peak = 1684.832 ; gain = 1071.992
---------------------------------------------------------------------------------
---------------------------------------------------------------------------------
Start Writing Synthesis Report
---------------------------------------------------------------------------------

DSP Final Report (the ' indicates corresponding REG is set)
+----------------+-------------+--------+--------+--------+--------+--------+------+------+------+------+-------+------+------+
|Module Name     | DSP Mapping | A Size | B Size | C Size | D Size | P Size | AREG | BREG | CREG | DREG | ADREG | MREG | PREG | 
+----------------+-------------+--------+--------+--------+--------+--------+------+------+------+------+-------+------+------+
|cnn_accelerator | C'+A'*B'    | 30     | 18     | 48     | -      | 32     | 1    | 1    | 1    | -    | -     | 0    | 0    | 
+----------------+-------------+--------+--------+--------+--------+--------+------+------+------+------+-------+------+------+


Report BlackBoxes: 
+-+--------------+----------+
| |BlackBox name |Instances |
+-+--------------+----------+
+-+--------------+----------+

Report Cell Usage: 
+------+---------+------+
|      |Cell     |Count |
+------+---------+------+
|1     |CARRY4   |    59|
|2     |DSP48E1  |     1|
|3     |LUT1     |    12|
|4     |LUT2     |   174|
|5     |LUT3     |   179|
|6     |LUT4     |   117|
|7     |LUT5     |   204|
|8     |LUT6     |  3842|
|9     |MUXF7    |  1508|
|10    |MUXF8    |   693|
|11    |RAM64M   |  2480|
|12    |RAM64X1D |   496|
|13    |RAMB36E1 |     1|
|14    |FDRE     |   260|
+------+---------+------+
---------------------------------------------------------------------------------
Finished Writing Synthesis Report : Time (s): cpu = 00:00:57 ; elapsed = 00:01:06 . Memory (MB): peak = 1684.832 ; gain = 1071.992
---------------------------------------------------------------------------------
Synthesis finished with 0 errors, 0 critical warnings and 36 warnings.
Synthesis Optimization Runtime : Time (s): cpu = 00:00:49 ; elapsed = 00:01:04 . Memory (MB): peak = 1684.832 ; gain = 981.555
Synthesis Optimization Complete : Time (s): cpu = 00:00:57 ; elapsed = 00:01:06 . Memory (MB): peak = 1684.832 ; gain = 1071.992
INFO: [Project 1-571] Translating synthesized netlist
Netlist sorting complete. Time (s): cpu = 00:00:00 ; elapsed = 00:00:00.164 . Memory (MB): peak = 1694.184 ; gain = 0.000
INFO: [Netlist 29-17] Analyzing 5238 Unisim elements for replacement
INFO: [Netlist 29-28] Unisim Transformation completed in 2 CPU seconds
WARNING: [Netlist 29-101] Netlist 'cnn_accelerator_design_cnn_accelerator_0_0' is not ideal for floorplanning, since the cellview 'cnn_accelerator' contains a large number of primitives.  Please consider enabling hierarchy in synthesis if you want to do floorplanning.
INFO: [Project 1-570] Preparing netlist for logic optimization
INFO: [Opt 31-138] Pushed 0 inverter(s) to 0 load pin(s).
Netlist sorting complete. Time (s): cpu = 00:00:00 ; elapsed = 00:00:00.007 . Memory (MB): peak = 1709.535 ; gain = 0.000
INFO: [Project 1-111] Unisim Transformation Summary:
  A total of 2976 instances were transformed.
  RAM64M => RAM64M (RAMD64E(x4)): 2480 instances
  RAM64X1D => RAM64X1D (RAMD64E(x2)): 496 instances

Synth Design complete | Checksum: 3e5898e3
INFO: [Common 17-83] Releasing license: Synthesis
25 Infos, 54 Warnings, 0 Critical Warnings and 0 Errors encountered.
synth_design completed successfully
synth_design: Time (s): cpu = 00:01:05 ; elapsed = 00:01:18 . Memory (MB): peak = 1709.535 ; gain = 1326.973
Write ShapeDB Complete: Time (s): cpu = 00:00:00 ; elapsed = 00:00:00.050 . Memory (MB): peak = 1709.535 ; gain = 0.000
INFO: [Common 17-1381] The checkpoint 'C:/Users/Chappidi Sai Sudheer/Desktop/cnn_accelerator/cnn_accelerator.runs/cnn_accelerator_design_cnn_accelerator_0_0_synth_1/cnn_accelerator_design_cnn_accelerator_0_0.dcp' has been generated.
INFO: [Vivado 12-24828] Executing command : report_utilization -file cnn_accelerator_design_cnn_accelerator_0_0_utilization_synth.rpt -pb cnn_accelerator_design_cnn_accelerator_0_0_utilization_synth.pb
INFO: [Common 17-206] Exiting Vivado at Sat May  9 06:45:19 2026...
